{"context": " More than 1 year has passed since last update.[\u53c2\u8003]\nhttp://qiita.com/marutanm/items/0ac6183ff5affef0de84\nclone\u3057\u3066\u521d\u671f\u8a2d\u5b9a\u3002\n\u57fa\u672c\u7684\u306b\u306fREADME.md \u306b\u66f8\u3044\u3066\u3042\u308b\u901a\u308a\u306b\u5b9f\u65bd\u3060\u304c\u3001\n\u30bf\u30b0\u3092\u5207\u308a\u66ff\u3048\u308b\u3053\u3068\u3067\u30d0\u30fc\u30b8\u30e7\u30f3\u6307\u5b9a\u3067\u304d\u308b\u3088\u3046\u306b\u3059\u308b\u3002\nhttps://github.com/cocos2d/cocos2d-x\n$ cd ~/Library\n$ git clone https://github.com/cocos2d/cocos2d-x.git\n$ cd cocos2d-x\n$ \n\n\u30d0\u30fc\u30b8\u30e7\u30f33.3\u3092\u30c1\u30a7\u30c3\u30af\u30a2\u30a6\u30c8\n$ git tag | grep 3.3\ncocos2d-x-3.3\ncocos2d-x-3.3alpha0\ncocos2d-x-3.3beta0\ncocos2d-x-3.3rc0\ncocos2d-x-3.3rc1\ncocos2d-x-3.3rc2\n\n$ git checkout cocos2d-x-3.3\nNote: checking out 'cocos2d-x-3.3'.\n\nYou are in 'detached HEAD' state. You can look around, make experimental\nchanges and commit them, and you can discard any commits you make in this\nstate without impacting any branches by performing another checkout.\n\nIf you want to create a new branch to retain commits you create, you may\ndo so (now or later) by using -b with the checkout command again. Example:\n\n  git checkout -b new_branch_name\n\nHEAD is now at e060360... Merge pull request #9483 from cocoscodeide/v3\n\n$ git status\nHEAD detached at cocos2d-x-3.3\nnothing to commit, working directory clean\n\n\u4f9d\u5b58\u30fb\u30b5\u30d6\u30e2\u30b8\u30e5\u30fc\u30eb\u3092\u843d\u3068\u3057\u3066\u3001setup.py\u3067\u30d1\u30b9\u3092\u901a\u3059\u3002\n$ python download-deps.py\n$ git submodule update --init\n$\n$./setup.py\n\n\n[\u53c2\u8003]\nhttp://qiita.com/marutanm/items/0ac6183ff5affef0de84\n\nclone\u3057\u3066\u521d\u671f\u8a2d\u5b9a\u3002\n\u57fa\u672c\u7684\u306b\u306fREADME.md \u306b\u66f8\u3044\u3066\u3042\u308b\u901a\u308a\u306b\u5b9f\u65bd\u3060\u304c\u3001\n\u30bf\u30b0\u3092\u5207\u308a\u66ff\u3048\u308b\u3053\u3068\u3067\u30d0\u30fc\u30b8\u30e7\u30f3\u6307\u5b9a\u3067\u304d\u308b\u3088\u3046\u306b\u3059\u308b\u3002\n\nhttps://github.com/cocos2d/cocos2d-x\n\n```\n$ cd ~/Library\n$ git clone https://github.com/cocos2d/cocos2d-x.git\n$ cd cocos2d-x\n$ \n```\n\n\u30d0\u30fc\u30b8\u30e7\u30f33.3\u3092\u30c1\u30a7\u30c3\u30af\u30a2\u30a6\u30c8\n\n```\n$ git tag | grep 3.3\ncocos2d-x-3.3\ncocos2d-x-3.3alpha0\ncocos2d-x-3.3beta0\ncocos2d-x-3.3rc0\ncocos2d-x-3.3rc1\ncocos2d-x-3.3rc2\n\n$ git checkout cocos2d-x-3.3\nNote: checking out 'cocos2d-x-3.3'.\n\nYou are in 'detached HEAD' state. You can look around, make experimental\nchanges and commit them, and you can discard any commits you make in this\nstate without impacting any branches by performing another checkout.\n\nIf you want to create a new branch to retain commits you create, you may\ndo so (now or later) by using -b with the checkout command again. Example:\n\n  git checkout -b new_branch_name\n\nHEAD is now at e060360... Merge pull request #9483 from cocoscodeide/v3\n\n$ git status\nHEAD detached at cocos2d-x-3.3\nnothing to commit, working directory clean\n```\n\n\u4f9d\u5b58\u30fb\u30b5\u30d6\u30e2\u30b8\u30e5\u30fc\u30eb\u3092\u843d\u3068\u3057\u3066\u3001setup.py\u3067\u30d1\u30b9\u3092\u901a\u3059\u3002\n\n\n```\n$ python download-deps.py\n$ git submodule update --init\n$\n$./setup.py\n```\n\n\n\n\n", "tags": ["cocos2dx"]}