{"context": "petalinux-v2014.4-final\n[images]$ petalinux-boot --qemu --prebuilt 3\nINFO: The image provided is a zImage\nINFO: TCP PORT is free \nINFO: Starting arm QEMU\nINFO:  qemu-system-arm -L /opt/pkg/petalinux-v2014.4-final/etc/qemu -M arm-generic-fdt -smp 2 -machine linux=on   --serial /dev/null --serial mon:stdio --nographic -kernel /tmp/tmp.4j1KJFSkhf -gdb tcp::9000 -dtb /home/administrator/petaLinux/workspace/Avnet-Digilent-ZedBoard-2014.4/pre-built/linux/images/system.dtb -tftp /tftpboot \nBooting Linux on physical CPU 0x0\nLinux version 3.17.0-xilinx (xbrbbot@xbrlab05) (gcc version 4.8.3 20140320 (prerelease) (Sourcery CodeBench Lite 2014.05-23) ) #2 SMP PREEMPT Mon
Nov 24 12:39:44 EST 2014\nCPU: ARMv7 Processor [410fc090] revision 0 (ARMv7), cr=10c5387d\nCPU: PIPT / VIPT nonaliasing data cache, VIPT nonaliasing instruction cache\nMachine model: Avnet-Digilent-ZedBoard-2014.4\ncma: Reserved 128 MiB at 18000000\nMemory policy: Data cache writealloc\nPERCPU: Embedded 8 pages/cpu @57b9d000 s8704 r8192 d15872 u32768\nBuilt 1 zonelists in Zone order, mobility grouping on.  Total pages: 130048\nKernel command line: console=ttyPS0,115200 earlyprintk\nPID hash table entries: 2048 (order: 1, 8192 bytes)\nDentry cache hash table entries: 65536 (order: 6, 262144 bytes)\nInode-cache hash table entries: 32768 (order: 5, 131072 bytes)\nMemory: 378008K/524288K available (4623K kernel code, 239K rwdata, 1588K rodata, 3580K init, 210K bss, 146280K reserved, 0K highmem)\nVirtual kernel memory layout:\n    vector  : 0xffff0000 - 0xffff1000   (   4 kB)\n    fixmap  : 0xffc00000 - 0xffe00000   (2048 kB)\n    vmalloc : 0x60800000 - 0xff000000   (2536 MB)\n    lowmem  : 0x40000000 - 0x60000000   ( 512 MB)\n    pkmap   : 0x3fe00000 - 0x40000000   (   2 MB)\n    modules : 0x3f000000 - 0x3fe00000   (  14 MB)\n      .text : 0x40008000 - 0x406190f8   (6213 kB)\n      .init : 0x4061a000 - 0x40999200   (3581 kB)\n      .data : 0x4099a000 - 0x409d5de0   ( 240 kB)\n       .bss : 0x409d5de0 - 0x40a0a6ec   ( 211 kB)\nPreemptible hierarchical RCU implementation.\n    Dump stacks of tasks blocking RCU-preempt GP.\n    RCU restricting CPUs from NR_CPUS=4 to nr_cpu_ids=2.\nRCU: Adjusting geometry for rcu_fanout_leaf=16, nr_cpu_ids=2\nNR_IRQS:16 nr_irqs:16 16\nL2C: platform modifies aux control register: 0x00000000 -> 0x02000000\nL2C: DT/platform modifies aux control register: 0x00000000 -> 0x02000000\nL2C-310 errata 588369 769419 enabled\nL2C-310 full line of zeros enabled for Cortex-A9\nL2C-310 cache controller enabled, 8 ways, 64 kB\nL2C-310: CACHE_ID 0x00000000, AUX_CTRL 0x00000000\nslcr mapped to 60804000\nzynq_clock_init: clkc starts at 60804100\nZynq clock init\nsched_clock: 16 bits at 54kHz, resolution 18432ns, wraps every 1207951633ns\ntimer #0 at 60806000, irq=43\nConsole: colour dummy device 80x30\nCalibrating delay loop... 3070.36 BogoMIPS (lpj=15351808)\npid_max: default: 32768 minimum: 301\nMount-cache hash table entries: 1024 (order: 0, 4096 bytes)\nMountpoint-cache hash table entries: 1024 (order: 0, 4096 bytes)\nCPU: Testing write buffer coherency: ok\nCPU0: thread -1, cpu 0, socket 0, mpidr 80000000\nSetting up static identity map for 0x45eb00 - 0x45eb58\nCPU1: Booted secondary processor\nCPU1: thread -1, cpu 1, socket 0, mpidr 80000001\nBrought up 2 CPUs\nSMP: Total of 2 processors activated.\nCPU: All CPU(s) started in SVC mode.\ndevtmpfs: initialized\nVFP support v0.3: implementor 41 architecture 3 part 30 variant 9 rev 0\nregulator-dummy: no parameters\nNET: Registered protocol family 16\nDMA: preallocated 256 KiB pool for atomic coherent allocations\ncpuidle: using governor ladder\ncpuidle: using governor menu\nzynq_get_revision: no devcfg node found\nhw-breakpoint: debug architecture 0x0 unsupported.\nvgaarb: loaded\nSCSI subsystem initialized\nusbcore: registered new interface driver usbfs\nusbcore: registered new interface driver hub\nusbcore: registered new device driver usb\nmedia: Linux media interface: v0.10\nLinux video capture interface: v2.00\npps_core: LinuxPPS API ver. 1 registered\npps_core: Software ver. 5.3.6 - Copyright 2005-2007 Rodolfo Giometti <giometti@linux.it>\nPTP clock support registered\nEDAC MC: Ver: 3.0.0\nAdvanced Linux Sound Architecture Driver Initialized.\nSwitched to clocksource ttc_clocksource\nNET: Registered protocol family 2\nTCP established hash table entries: 4096 (order: 2, 16384 bytes)\nTCP bind hash table entries: 4096 (order: 3, 32768 bytes)\nTCP: Hash tables configured (established 4096 bind 4096)\nTCP: reno registered\nUDP hash table entries: 256 (order: 1, 8192 bytes)\nUDP-Lite hash table entries: 256 (order: 1, 8192 bytes)\nNET: Registered protocol family 1\nRPC: Registered named UNIX socket transport module.\nRPC: Registered udp transport module.\nRPC: Registered tcp transport module.\nRPC: Registered tcp NFSv4.1 backchannel transport module.\nfutex hash table entries: 512 (order: 3, 32768 bytes)\njffs2: version 2.2. (NAND) (SUMMARY)  \u00a9 2001-2006 Red Hat, Inc.\nmsgmni has been set to 994\nio scheduler noop registered\nio scheduler deadline registered\nio scheduler cfq registered (default)\ndma-pl330 f8003000.dmac: Loaded driver for PL330 DMAC-2364208\ndma-pl330 f8003000.dmac:    DBUFF-128x8bytes Num_Chans-8 Num_Peri-4 Num_Events-16\ne0001000.serial: ttyPS0 at MMIO 0xe0001000 (irq = 82, base_baud = 992063) is a xuartps\nconsole [ttyPS0] enabled\n[drm] Initialized drm 1.1.0 20060810\nbrd: module loaded\nloop: module loaded\nm25p80 spi32766.0: s25fl256s1 (32768 Kbytes)\n4 ofpart partitions found on MTD device spi32766.0\nCreating 4 MTD partitions on \"spi32766.0\":\n0x000000000000-0x000000500000 : \"boot\"\n0x000000500000-0x000000520000 : \"bootenv\"\n0x000000520000-0x000000fa0000 : \"kernel\"\n0x000000fa0000-0x000002000000 : \"spare\"\nCAN device driver interface\ne1000e: Intel(R) PRO/1000 Network Driver - 2.3.2-k\ne1000e: Copyright(c) 1999 - 2014 Intel Corporation.\nlibphy: XEMACPS mii bus: probed\nxemacps e000b000.ethernet: invalid address, use assigned\nxemacps e000b000.ethernet: MAC updated 92:3f:60:f2:a2:2a\nxemacps e000b000.ethernet: pdev->id -1, baseaddr 0xe000b000, irq 54\nehci_hcd: USB 2.0 'Enhanced' Host Controller (EHCI) Driver\nehci-pci: EHCI PCI platform driver\nzynq-ehci zynq-ehci.0: Xilinx Zynq USB EHCI Host Controller\nzynq-ehci zynq-ehci.0: new USB bus registered, assigned bus number 1\nzynq-ehci zynq-ehci.0: irq 53, io mem 0x00000000\nzynq-ehci zynq-ehci.0: USB 2.0 started, EHCI 1.00\nhub 1-0:1.0: USB hub found\nhub 1-0:1.0: 6 ports detected\nusbcore: registered new interface driver usb-storage\nmousedev: PS/2 mouse device common for all mice\ni2c /dev entries driver\nplatform cpufreq-cpu0.0: Driver cpufreq-cpu0 requests probe deferral\nXilinx Zynq CpuIdle Driver started\nsdhci: Secure Digital Host Controller Interface driver\nsdhci: Copyright(c) Pierre Ossman\nsdhci-pltfm: SDHCI platform and OF driver helper\nledtrig-cpu: registered to indicate activity on CPUs\nusbcore: registered new interface driver usbhid\nusbhid: USB HID core driver\nTCP: cubic registered\nNET: Registered protocol family 17\ncan: controller area network core (rev 20120528 abi 9)\nNET: Registered protocol family 29\ncan: raw protocol (rev 20120528)\ncan: broadcast manager protocol (rev 20120528 t)\ncan: netlink gateway (rev 20130117) max_hops=1\nzynq_pm_ioremap: no compatible node found for 'xlnx,zynq-ddrc-1.0'\nzynq_pm_late_init: Unable to map DDRC IO memory.\nzynq_pm_remap_ocm: no compatible node found for 'xlnx,zynq-ocmc-1.0'\nzynq_pm_suspend_init: Unable to map OCM.\nRegistering SWP/SWPB emulation handler\nplatform cpufreq-cpu0.0: Driver cpufreq-cpu0 requests probe deferral\n/proj/petalinux/petalinux-v2014.4_1124_1/petalinux-v2014.4-final/components/linux-kernel/xlnx-3.17/drivers/rtc/hctosys.c: unable to open rtc device (rtc0)\nALSA device list:\n  No soundcards found.\nFreeing unused kernel memory: 3580K (4061a000 - 40999000)\nINIT: version 2.88 booting\nCreating /dev/flash/* device nodes\nrandom: dd urandom read with 46 bits of entropy available\nstarting Busybox inet Daemon: inetd... done.\nrandom: nonblocking pool is initialized\nStarting uWeb server:\nNET: Registered protocol family 10\nupdate-rc.d: /etc/init.d/run-postinsts exists during rc.d purge (continuing)\n Removing any system startup links for run-postinsts ...\n  /etc/rcS.d/S99run-postinsts\nINIT: Entering runlevel: 5\nConfiguring network interfaces... udhcpc (v1.22.1) started\nSending discover...\nSending select for 10.0.2.15...\nLease of 10.0.2.15 obtained, lease time 86400\n/etc/udhcpc.d/50default: Adding DNS 10.0.2.3\ndone.\n\nBuilt with PetaLinux v2014.4 (Yocto 1.7) Avnet-Digilent-ZedBoard-2014_4 /dev/ttyPS0\nAvnet-Digilent-ZedBoard-2014_4 login: xemacps e000b000.ethernet: Set clk to 124999999 Hz\nxemacps e000b000.ethernet: link up (1000/FULL)\n\nBuilt with PetaLinux v2014.4 (Yocto 1.7) Avnet-Digilent-ZedBoard-2014_4 /dev/ttyPS0\nAvnet-Digilent-ZedBoard-2014_4 login: \nBuilt with PetaLinux v2014.4 (Yocto 1.7) Avnet-Digilent-ZedBoard-2014_4 /dev/ttyPS0\nAvnet-Digilent-ZedBoard-2014_4 login: root\nPassword: \nlogin[848]: root login on 'ttyPS0'\nroot@Avnet-Digilent-ZedBoard-2014_4:~# \n\n\n\npetalinux-v2014.4-final\n\n\n```\n[images]$ petalinux-boot --qemu --prebuilt 3\nINFO: The image provided is a zImage\nINFO: TCP PORT is free \nINFO: Starting arm QEMU\nINFO:  qemu-system-arm -L /opt/pkg/petalinux-v2014.4-final/etc/qemu -M arm-generic-fdt -smp 2 -machine linux=on   --serial /dev/null --serial mon:stdio --nographic -kernel /tmp/tmp.4j1KJFSkhf -gdb tcp::9000 -dtb /home/administrator/petaLinux/workspace/Avnet-Digilent-ZedBoard-2014.4/pre-built/linux/images/system.dtb -tftp /tftpboot \nBooting Linux on physical CPU 0x0\nLinux version 3.17.0-xilinx (xbrbbot@xbrlab05) (gcc version 4.8.3 20140320 (prerelease) (Sourcery CodeBench Lite 2014.05-23) ) #2 SMP PREEMPT Mon
Nov 24 12:39:44 EST 2014\nCPU: ARMv7 Processor [410fc090] revision 0 (ARMv7), cr=10c5387d\nCPU: PIPT / VIPT nonaliasing data cache, VIPT nonaliasing instruction cache\nMachine model: Avnet-Digilent-ZedBoard-2014.4\ncma: Reserved 128 MiB at 18000000\nMemory policy: Data cache writealloc\nPERCPU: Embedded 8 pages/cpu @57b9d000 s8704 r8192 d15872 u32768\nBuilt 1 zonelists in Zone order, mobility grouping on.  Total pages: 130048\nKernel command line: console=ttyPS0,115200 earlyprintk\nPID hash table entries: 2048 (order: 1, 8192 bytes)\nDentry cache hash table entries: 65536 (order: 6, 262144 bytes)\nInode-cache hash table entries: 32768 (order: 5, 131072 bytes)\nMemory: 378008K/524288K available (4623K kernel code, 239K rwdata, 1588K rodata, 3580K init, 210K bss, 146280K reserved, 0K highmem)\nVirtual kernel memory layout:\n    vector  : 0xffff0000 - 0xffff1000   (   4 kB)\n    fixmap  : 0xffc00000 - 0xffe00000   (2048 kB)\n    vmalloc : 0x60800000 - 0xff000000   (2536 MB)\n    lowmem  : 0x40000000 - 0x60000000   ( 512 MB)\n    pkmap   : 0x3fe00000 - 0x40000000   (   2 MB)\n    modules : 0x3f000000 - 0x3fe00000   (  14 MB)\n      .text : 0x40008000 - 0x406190f8   (6213 kB)\n      .init : 0x4061a000 - 0x40999200   (3581 kB)\n      .data : 0x4099a000 - 0x409d5de0   ( 240 kB)\n       .bss : 0x409d5de0 - 0x40a0a6ec   ( 211 kB)\nPreemptible hierarchical RCU implementation.\n\tDump stacks of tasks blocking RCU-preempt GP.\n\tRCU restricting CPUs from NR_CPUS=4 to nr_cpu_ids=2.\nRCU: Adjusting geometry for rcu_fanout_leaf=16, nr_cpu_ids=2\nNR_IRQS:16 nr_irqs:16 16\nL2C: platform modifies aux control register: 0x00000000 -> 0x02000000\nL2C: DT/platform modifies aux control register: 0x00000000 -> 0x02000000\nL2C-310 errata 588369 769419 enabled\nL2C-310 full line of zeros enabled for Cortex-A9\nL2C-310 cache controller enabled, 8 ways, 64 kB\nL2C-310: CACHE_ID 0x00000000, AUX_CTRL 0x00000000\nslcr mapped to 60804000\nzynq_clock_init: clkc starts at 60804100\nZynq clock init\nsched_clock: 16 bits at 54kHz, resolution 18432ns, wraps every 1207951633ns\ntimer #0 at 60806000, irq=43\nConsole: colour dummy device 80x30\nCalibrating delay loop... 3070.36 BogoMIPS (lpj=15351808)\npid_max: default: 32768 minimum: 301\nMount-cache hash table entries: 1024 (order: 0, 4096 bytes)\nMountpoint-cache hash table entries: 1024 (order: 0, 4096 bytes)\nCPU: Testing write buffer coherency: ok\nCPU0: thread -1, cpu 0, socket 0, mpidr 80000000\nSetting up static identity map for 0x45eb00 - 0x45eb58\nCPU1: Booted secondary processor\nCPU1: thread -1, cpu 1, socket 0, mpidr 80000001\nBrought up 2 CPUs\nSMP: Total of 2 processors activated.\nCPU: All CPU(s) started in SVC mode.\ndevtmpfs: initialized\nVFP support v0.3: implementor 41 architecture 3 part 30 variant 9 rev 0\nregulator-dummy: no parameters\nNET: Registered protocol family 16\nDMA: preallocated 256 KiB pool for atomic coherent allocations\ncpuidle: using governor ladder\ncpuidle: using governor menu\nzynq_get_revision: no devcfg node found\nhw-breakpoint: debug architecture 0x0 unsupported.\nvgaarb: loaded\nSCSI subsystem initialized\nusbcore: registered new interface driver usbfs\nusbcore: registered new interface driver hub\nusbcore: registered new device driver usb\nmedia: Linux media interface: v0.10\nLinux video capture interface: v2.00\npps_core: LinuxPPS API ver. 1 registered\npps_core: Software ver. 5.3.6 - Copyright 2005-2007 Rodolfo Giometti <giometti@linux.it>\nPTP clock support registered\nEDAC MC: Ver: 3.0.0\nAdvanced Linux Sound Architecture Driver Initialized.\nSwitched to clocksource ttc_clocksource\nNET: Registered protocol family 2\nTCP established hash table entries: 4096 (order: 2, 16384 bytes)\nTCP bind hash table entries: 4096 (order: 3, 32768 bytes)\nTCP: Hash tables configured (established 4096 bind 4096)\nTCP: reno registered\nUDP hash table entries: 256 (order: 1, 8192 bytes)\nUDP-Lite hash table entries: 256 (order: 1, 8192 bytes)\nNET: Registered protocol family 1\nRPC: Registered named UNIX socket transport module.\nRPC: Registered udp transport module.\nRPC: Registered tcp transport module.\nRPC: Registered tcp NFSv4.1 backchannel transport module.\nfutex hash table entries: 512 (order: 3, 32768 bytes)\njffs2: version 2.2. (NAND) (SUMMARY)  \u00a9 2001-2006 Red Hat, Inc.\nmsgmni has been set to 994\nio scheduler noop registered\nio scheduler deadline registered\nio scheduler cfq registered (default)\ndma-pl330 f8003000.dmac: Loaded driver for PL330 DMAC-2364208\ndma-pl330 f8003000.dmac: \tDBUFF-128x8bytes Num_Chans-8 Num_Peri-4 Num_Events-16\ne0001000.serial: ttyPS0 at MMIO 0xe0001000 (irq = 82, base_baud = 992063) is a xuartps\nconsole [ttyPS0] enabled\n[drm] Initialized drm 1.1.0 20060810\nbrd: module loaded\nloop: module loaded\nm25p80 spi32766.0: s25fl256s1 (32768 Kbytes)\n4 ofpart partitions found on MTD device spi32766.0\nCreating 4 MTD partitions on \"spi32766.0\":\n0x000000000000-0x000000500000 : \"boot\"\n0x000000500000-0x000000520000 : \"bootenv\"\n0x000000520000-0x000000fa0000 : \"kernel\"\n0x000000fa0000-0x000002000000 : \"spare\"\nCAN device driver interface\ne1000e: Intel(R) PRO/1000 Network Driver - 2.3.2-k\ne1000e: Copyright(c) 1999 - 2014 Intel Corporation.\nlibphy: XEMACPS mii bus: probed\nxemacps e000b000.ethernet: invalid address, use assigned\nxemacps e000b000.ethernet: MAC updated 92:3f:60:f2:a2:2a\nxemacps e000b000.ethernet: pdev->id -1, baseaddr 0xe000b000, irq 54\nehci_hcd: USB 2.0 'Enhanced' Host Controller (EHCI) Driver\nehci-pci: EHCI PCI platform driver\nzynq-ehci zynq-ehci.0: Xilinx Zynq USB EHCI Host Controller\nzynq-ehci zynq-ehci.0: new USB bus registered, assigned bus number 1\nzynq-ehci zynq-ehci.0: irq 53, io mem 0x00000000\nzynq-ehci zynq-ehci.0: USB 2.0 started, EHCI 1.00\nhub 1-0:1.0: USB hub found\nhub 1-0:1.0: 6 ports detected\nusbcore: registered new interface driver usb-storage\nmousedev: PS/2 mouse device common for all mice\ni2c /dev entries driver\nplatform cpufreq-cpu0.0: Driver cpufreq-cpu0 requests probe deferral\nXilinx Zynq CpuIdle Driver started\nsdhci: Secure Digital Host Controller Interface driver\nsdhci: Copyright(c) Pierre Ossman\nsdhci-pltfm: SDHCI platform and OF driver helper\nledtrig-cpu: registered to indicate activity on CPUs\nusbcore: registered new interface driver usbhid\nusbhid: USB HID core driver\nTCP: cubic registered\nNET: Registered protocol family 17\ncan: controller area network core (rev 20120528 abi 9)\nNET: Registered protocol family 29\ncan: raw protocol (rev 20120528)\ncan: broadcast manager protocol (rev 20120528 t)\ncan: netlink gateway (rev 20130117) max_hops=1\nzynq_pm_ioremap: no compatible node found for 'xlnx,zynq-ddrc-1.0'\nzynq_pm_late_init: Unable to map DDRC IO memory.\nzynq_pm_remap_ocm: no compatible node found for 'xlnx,zynq-ocmc-1.0'\nzynq_pm_suspend_init: Unable to map OCM.\nRegistering SWP/SWPB emulation handler\nplatform cpufreq-cpu0.0: Driver cpufreq-cpu0 requests probe deferral\n/proj/petalinux/petalinux-v2014.4_1124_1/petalinux-v2014.4-final/components/linux-kernel/xlnx-3.17/drivers/rtc/hctosys.c: unable to open rtc device (rtc0)\nALSA device list:\n  No soundcards found.\nFreeing unused kernel memory: 3580K (4061a000 - 40999000)\nINIT: version 2.88 booting\nCreating /dev/flash/* device nodes\nrandom: dd urandom read with 46 bits of entropy available\nstarting Busybox inet Daemon: inetd... done.\nrandom: nonblocking pool is initialized\nStarting uWeb server:\nNET: Registered protocol family 10\nupdate-rc.d: /etc/init.d/run-postinsts exists during rc.d purge (continuing)\n Removing any system startup links for run-postinsts ...\n  /etc/rcS.d/S99run-postinsts\nINIT: Entering runlevel: 5\nConfiguring network interfaces... udhcpc (v1.22.1) started\nSending discover...\nSending select for 10.0.2.15...\nLease of 10.0.2.15 obtained, lease time 86400\n/etc/udhcpc.d/50default: Adding DNS 10.0.2.3\ndone.\n\nBuilt with PetaLinux v2014.4 (Yocto 1.7) Avnet-Digilent-ZedBoard-2014_4 /dev/ttyPS0\nAvnet-Digilent-ZedBoard-2014_4 login: xemacps e000b000.ethernet: Set clk to 124999999 Hz\nxemacps e000b000.ethernet: link up (1000/FULL)\n\nBuilt with PetaLinux v2014.4 (Yocto 1.7) Avnet-Digilent-ZedBoard-2014_4 /dev/ttyPS0\nAvnet-Digilent-ZedBoard-2014_4 login: \nBuilt with PetaLinux v2014.4 (Yocto 1.7) Avnet-Digilent-ZedBoard-2014_4 /dev/ttyPS0\nAvnet-Digilent-ZedBoard-2014_4 login: root\nPassword: \nlogin[848]: root login on 'ttyPS0'\nroot@Avnet-Digilent-ZedBoard-2014_4:~# \n\n```\n", "tags": ["petalinux"]}