{"context": "\n\u52d5\u4f5c\u74b0\u5883\nPetaLinux 2014.4\nMicroZed\n\n\n2014\u5e74\u306e\u81ea\u5206\u306e\u30e1\u30e2\u3088\u308a\nQ-1. SD\u306e\u4e2d\u8eab\u3092RAM\u306b\u30b3\u30d4\u30fc\u3057\u3066\u8d77\u52d5\u3057\u3066\u3044\u308b\u4f8b\n\n\nU-Boot 2013.01-dirty (Jun 14 2013 - 16:25:48)\n\nDRAM:  512 MiB\nWARNING: Caches not enabled\nMMC:   zynq_sdhci: 0\nSF: Detected S25FL129P_64K with page size 64 KiB, total 16 MiB\n*** Warning - bad CRC, using default environment\n\nIn:    serial\nOut:   serial\nErr:   serial\nNet:   Gem.e000b000\nHit any key to stop autoboot:  3  2  1  0 \nCopying Linux from SD to RAM...\nDevice: zynq_sdhci\nManufacturer ID: 13\nOEM: 4b47\nName: SD02G \nTran Speed: 50000000\nRd Block Len: 512\nSD version 2.0\nHigh Capacity: No\nCapacity: 1.8 GiB\nBus Width: 4-bit\nLoading bitstream from SD/MMC/eMMC to RAM..\nDevice: zynq_sdhci\nManufacturer ID: 13\nOEM: 4b47\nName: SD02G \nTran Speed: 50000000\nRd Block Len: 512\nSD version 2.0\nHigh Capacity: No\nCapacity: 1.8 GiB\nBus Width: 4-bit\nreading system.bit.bin\n2083740 bytes read in 318 ms (6.2 MiB/s)\nreading uImage\n2964856 bytes read in 436 ms (6.5 MiB/s)\nreading devicetree.dtb\n7370 bytes read in 38 ms (188.5 KiB/s)\nreading uramdisk.image.gz\n5310018 bytes read in 747 ms (6.8 MiB/s)\n## Booting kernel from Legacy Image at 03000000 ...\n   Image Name:   Linux-3.8.0-xilinx\n   Image Type:   ARM Linux Kernel Image (uncompressed)\n   Data Size:    2964792 Bytes = 2.8 MiB\n   Load Address: 00008000\n   Entry Point:  00008000\n   Verifying Checksum ... OK\n## Loading init Ramdisk from Legacy Image at 02000000 ...\n   Image Name:   \n   Image Type:   ARM Linux RAMDisk Image (gzip compressed)\n   Data Size:    5309954 Bytes = 5.1 MiB\n   Load Address: 00000000\n   Entry Point:  00000000\n   Verifying Checksum ... OK\n## Flattened Device Tree blob at 02a00000\n   Booting using the fdt blob at 0x02a00000\n   Loading Kernel Image ... OK\nOK\n   Loading Ramdisk to 1f645000, end 1fb55602 ... OK\n   Loading Device Tree to 1f640000, end 1f644cc9 ... OK\n\nStarting kernel ...\n\nBooting Linux on physical CPU 0x0\nLinux version 3.8.0-xilinx (training@localhost.localdomain) (gcc version 4.7.2 (Sourcery CodeBench Lite 2012.09-104) ) #2 SMP PREEMPT Thu
Jun 13 10:25:52 PDT 2013\nCPU: ARMv7 Processor [413fc090] revision 0 (ARMv7), cr=18c5387d\nCPU: PIPT / VIPT nonaliasing data cache, VIPT aliasing instruction cache\nMachine: Xilinx Zynq Platform, model: Xilinx Zynq\nbootconsole [earlycon0] enabled\ncma: CMA: reserved 16 MiB at 2e800000\nMemory policy: ECC disabled, Data cache writealloc\nPERCPU: Embedded 7 pages/cpu @c0de0000 s7616 r8192 d12864 u32768\nBuilt 1 zonelists in Zone order, mobility grouping on.  Total pages: 260096\nKernel command line: console=ttyPS0,115200 root=/dev/ram rw ip=192.168.1.10 earlyprintk\nPID hash table entries: 4096 (order: 2, 16384 bytes)\nDentry cache hash table entries: 131072 (order: 7, 524288 bytes)\nInode-cache hash table entries: 65536 (order: 6, 262144 bytes)\n__ex_table already sorted, skipping sort\nMemory: 1024MB = 1024MB total\nMemory: 1011868k/1011868k available, 36708k reserved, 270336K highmem\nVirtual kernel memory layout:\n    vector  : 0xffff0000 - 0xffff1000   (   4 kB)\n    fixmap  : 0xfff00000 - 0xfffe0000   ( 896 kB)\n    vmalloc : 0xf0000000 - 0xff000000   ( 240 MB)\n    lowmem  : 0xc0000000 - 0xef800000   ( 760 MB)\n    pkmap   : 0xbfe00000 - 0xc0000000   (   2 MB)\n    modules : 0xbf000000 - 0xbfe00000   (  14 MB)\n      .text : 0xc0008000 - 0xc0546e48   (5372 kB)\n      .init : 0xc0547000 - 0xc0570dc0   ( 168 kB)\n      .data : 0xc0572000 - 0xc05aacb0   ( 228 kB)\n       .bss : 0xc05aacb0 - 0xc05d56d8   ( 171 kB)\nPreemptible hierarchical RCU implementation.\n    Dump stacks of tasks blocking RCU-preempt GP.\n    RCU restricting CPUs from NR_CPUS=4 to nr_cpu_ids=2.\nNR_IRQS:16 nr_irqs:16 16\nxslcr mapped to f0002000\nZynq clock init\nps7-ttc #0 at f0004000, irq=43\nsched_clock: 32 bits at 100 Hz, resolution 10000000ns, wraps every 4294967286ms\nConsole: colour dummy device 80x30\nCalibrating delay loop... 1332.01 BogoMIPS (lpj=6660096)\npid_max: default: 32768 minimum: 301\nMount-cache hash table entries: 512\nCPU: Testing write buffer coherency: ok\nCPU0: thread -1, cpu 0, socket 0, mpidr 80000000\nSetting up static identity map for 0x3d7440 - 0x3d7474\nL310 cache controller enabled\nl2x0: 8 ways, CACHE_ID 0x000000c0, AUX_CTRL 0x72360000, Cache size: 524288 B\nCPU1: Booted secondary processor\nCPU1: thread -1, cpu 1, socket 0, mpidr 80000001\nBrought up 2 CPUs\nSMP: Total of 2 processors activated (2664.03 BogoMIPS).\ndevtmpfs: initialized\nNET: Registered protocol family 16\nDMA: preallocated 256 KiB pool for atomic coherent allocations\nxgpiops e000a000.ps7-gpio: gpio at 0xe000a000 mapped to 0xf000c000\nhw-breakpoint: found 5 (+1 reserved) breakpoint and 1 watchpoint registers.\nhw-breakpoint: maximum watchpoint size is 4 bytes.\nbio: create slab <bio-0> at 0\nvgaarb: loaded\nSCSI subsystem initialized\nusbcore: registered new interface driver usbfs\nusbcore: registered new interface driver hub\nusbcore: registered new device driver usb\npps_core: LinuxPPS API ver. 1 registered\npps_core: Software ver. 5.3.6 - Copyright 2005-2007 Rodolfo Giometti <giometti@linux.it>\nPTP clock support registered\nSwitching to clocksource xttcps_clocksource\nNET: Registered protocol family 2\nTCP established hash table entries: 8192 (order: 4, 65536 bytes)\nTCP bind hash table entries: 8192 (order: 4, 65536 bytes)\nTCP: Hash tables configured (established 8192 bind 8192)\nTCP: reno registered\nUDP hash table entries: 512 (order: 2, 16384 bytes)\nUDP-Lite hash table entries: 512 (order: 2, 16384 bytes)\nNET: Registered protocol family 1\nRPC: Registered named UNIX socket transport module.\nRPC: Registered udp transport module.\nRPC: Registered tcp transport module.\nRPC: Registered tcp NFSv4.1 backchannel transport module.\nTrying to unpack rootfs image as initramfs...\nrootfs image is not initramfs (no cpio magic); looks like an initrd\nFreeing initrd memory: 5184K\nhw perfevents: enabled with ARMv7 Cortex-A9 PMU driver, 7 counters available\nbounce pool size: 64 pages\nNTFS driver 2.1.30 [Flags: R/W].\njffs2: version 2.2. (NAND) (SUMMARY)  c 2001-2006 Red Hat, Inc.\nmsgmni has been set to 1490\nio scheduler noop registered\nio scheduler deadline registered\nio scheduler cfq registered (default)\ndma-pl330 f8003000.ps7-dma: Loaded driver for PL330 DMAC-267056\ndma-pl330 f8003000.ps7-dma:     DBUFF-128x8bytes Num_Chans-8 Num_Peri-4 Num_Events-16\ne0001console [ttyPS0] enabled, bootconsole disabled\nconsole [ttyPS0] enabled, bootconsole disabled\nxdevcfg f8007000.ps7-dev-cfg: ioremap f8007000 to f0062000 with size 1000\nbrd: module loaded\nloop: module loaded\nxqspips e000d000.ps7-qspi: master is unqueued, this is deprecated\nm25p80 spi0.0: found s25fl129p1, expected n25q128\nm25p80 spi0.0: s25fl129p1 (16384 Kbytes)\n5 ofpart partitions found on MTD device spi0.0\nCreating 5 MTD partitions on \"spi0.0\":\n0x000000000000-0x000000100000 : \"qspi-fsbl-uboot\"\n0x000000100000-0x000000600000 : \"qspi-linux\"\n0x000000600000-0x000000620000 : \"qspi-device-tree\"\n0x000000620000-0x000000c00000 : \"qspi-rootfs\"\n0x000000c00000-0x000001000000 : \"qspi-bitstream\"\nxqspips e000d000.ps7-qspi: at 0xE000D000 mapped to 0xF0064000, irq=51\ne1000e: Intel(R) PRO/1000 Network Driver - 2.1.4-k\ne1000e: Copyright(c) 1999 - 2012 Intel Corporation.\nlibphy: XEMACPS mii bus: probed\nxemacps e000b000.ps7-ethernet: pdev->id -1, baseaddr 0xe000b000, irq 54\nehci_hcd: USB 2.0 'Enhanced' Host Controller (EHCI) Driver\nehci-pci: EHCI PCI platform driver\nULPI transceiver vendor/product ID 0x0424/0x0007\nFound SMSC USB3320 ULPI transceiver.\nULPI integrity check: passed.\nxusbps-ehci xusbps-ehci.0: Xilinx PS USB EHCI Host Controller\nxusbps-ehci xusbps-ehci.0: new USB bus registered, assigned bus number 1\nxusbps-ehci xusbps-ehci.0: irq 53, io mem 0x00000000\nxusbps-ehci xusbps-ehci.0: USB 2.0 started, EHCI 1.00\nhub 1-0:1.0: USB hub found\nhub 1-0:1.0: 1 port detected\nInitializing USB Mass Storage driver...\nusbcore: registered new interface driver usb-storage\nUSB Mass Storage support registered.\nmousedev: PS/2 mouse device common for all mice\ni2c /dev entries driver\nxadcps f8007100.ps7-xadc: Failed to request memory region\nsdhci: Secure Digital Host Controller Interface driver\nsdhci: Copyright(c) Pierre Ossman\nsdhci-pltfm: SDHCI platform and OF driver helper\nmmc0: SDHCI controller on e0100000.ps7-sdio [e0100000.ps7-sdio] using ADMA\nusbcore: registered new interface driver usbhid\nusbhid: USB HID core driver\nTCP: cubic registered\nNET: Registered protocol family 17\nVFP support v0.3: implementor 41 architecture 3 part 30 variant 9 rev 4\nRegistering SWP/SWPB emulation handler\ndmatest: Started 1 threads using dma0chan0\ndmatest: Started 1 threads using dma0chan1\ndmatest: Started 1 threads using dma0chan2\ndmatest: Started 1 threads using dma0chan3\ndmatest: Started 1 threads using dma0chan4\ndmatest: Started 1 threads using dma0chan5\ndmatest: Started 1 threads using dma0chan6\ndmatest: Started 1 threads using dma0chan7\nmmc0: new high speed SD card at address b368\ndrivers/rtc/hctosys.c: unable to open rtc device (rtc0)\nIP-Config: Guessing netmask 255.255.255.0\nIP-Config: Complete:\n     device=eth0, hwaddr=00:0a:35:00:01:22, ipaddr=192.168.1.10, mask=255.255.255.0, gw=255.255.255.255\n     host=192.168.1.10, domain=, nis-domain=(none)\n     bootserver=255.255.255.255, rootserver=255.255.255.255, rootpath=mmcblk0: mmc0:b368 SD02G 1.81 GiB \n mmcblk0: p1\n\nRAMDISK: gzip image found at block 0\nVFS: Mounted root (ext2 filesystem) on device 1:0.\ndevtmpfs: mounted\nFreeing init memory: 164K\nStarting rcS...\n++ Mounting filesystem\n++ Setting up mdev\n++ Starting telnet daemon\n++ Starting http daemon\n++ Starting ftp daemon\n++ Starting ssh daemon\nrcS Complete\nzynq> \n\nRAMDISK\u95a2\u9023\u306e\u30e1\u30c3\u30bb\u30fc\u30b8\u306f\u4ee5\u4e0b\u306e\u3088\u3046\n\nCopying Linux from SD to RAM...\nreading uramdisk.image.gz\nrootfs image is not initramfs (no cpio magic); looks like an initrd\nRAMDISK: gzip image found at block 0\n\n```txt:\u52d5\u4f5c\u74b0\u5883\nPetaLinux 2014.4\nMicroZed\n```\n\n2014\u5e74\u306e\u81ea\u5206\u306e\u30e1\u30e2\u3088\u308a\n\nQ-1. SD\u306e\u4e2d\u8eab\u3092RAM\u306b\u30b3\u30d4\u30fc\u3057\u3066\u8d77\u52d5\u3057\u3066\u3044\u308b\u4f8b\n\n```\n\n\nU-Boot 2013.01-dirty (Jun 14 2013 - 16:25:48)\n\nDRAM:  512 MiB\nWARNING: Caches not enabled\nMMC:   zynq_sdhci: 0\nSF: Detected S25FL129P_64K with page size 64 KiB, total 16 MiB\n*** Warning - bad CRC, using default environment\n\nIn:    serial\nOut:   serial\nErr:   serial\nNet:   Gem.e000b000\nHit any key to stop autoboot:  3  2  1  0 \nCopying Linux from SD to RAM...\nDevice: zynq_sdhci\nManufacturer ID: 13\nOEM: 4b47\nName: SD02G \nTran Speed: 50000000\nRd Block Len: 512\nSD version 2.0\nHigh Capacity: No\nCapacity: 1.8 GiB\nBus Width: 4-bit\nLoading bitstream from SD/MMC/eMMC to RAM..\nDevice: zynq_sdhci\nManufacturer ID: 13\nOEM: 4b47\nName: SD02G \nTran Speed: 50000000\nRd Block Len: 512\nSD version 2.0\nHigh Capacity: No\nCapacity: 1.8 GiB\nBus Width: 4-bit\nreading system.bit.bin\n2083740 bytes read in 318 ms (6.2 MiB/s)\nreading uImage\n2964856 bytes read in 436 ms (6.5 MiB/s)\nreading devicetree.dtb\n7370 bytes read in 38 ms (188.5 KiB/s)\nreading uramdisk.image.gz\n5310018 bytes read in 747 ms (6.8 MiB/s)\n## Booting kernel from Legacy Image at 03000000 ...\n   Image Name:   Linux-3.8.0-xilinx\n   Image Type:   ARM Linux Kernel Image (uncompressed)\n   Data Size:    2964792 Bytes = 2.8 MiB\n   Load Address: 00008000\n   Entry Point:  00008000\n   Verifying Checksum ... OK\n## Loading init Ramdisk from Legacy Image at 02000000 ...\n   Image Name:   \n   Image Type:   ARM Linux RAMDisk Image (gzip compressed)\n   Data Size:    5309954 Bytes = 5.1 MiB\n   Load Address: 00000000\n   Entry Point:  00000000\n   Verifying Checksum ... OK\n## Flattened Device Tree blob at 02a00000\n   Booting using the fdt blob at 0x02a00000\n   Loading Kernel Image ... OK\nOK\n   Loading Ramdisk to 1f645000, end 1fb55602 ... OK\n   Loading Device Tree to 1f640000, end 1f644cc9 ... OK\n\nStarting kernel ...\n\nBooting Linux on physical CPU 0x0\nLinux version 3.8.0-xilinx (training@localhost.localdomain) (gcc version 4.7.2 (Sourcery CodeBench Lite 2012.09-104) ) #2 SMP PREEMPT Thu
Jun 13 10:25:52 PDT 2013\nCPU: ARMv7 Processor [413fc090] revision 0 (ARMv7), cr=18c5387d\nCPU: PIPT / VIPT nonaliasing data cache, VIPT aliasing instruction cache\nMachine: Xilinx Zynq Platform, model: Xilinx Zynq\nbootconsole [earlycon0] enabled\ncma: CMA: reserved 16 MiB at 2e800000\nMemory policy: ECC disabled, Data cache writealloc\nPERCPU: Embedded 7 pages/cpu @c0de0000 s7616 r8192 d12864 u32768\nBuilt 1 zonelists in Zone order, mobility grouping on.  Total pages: 260096\nKernel command line: console=ttyPS0,115200 root=/dev/ram rw ip=192.168.1.10 earlyprintk\nPID hash table entries: 4096 (order: 2, 16384 bytes)\nDentry cache hash table entries: 131072 (order: 7, 524288 bytes)\nInode-cache hash table entries: 65536 (order: 6, 262144 bytes)\n__ex_table already sorted, skipping sort\nMemory: 1024MB = 1024MB total\nMemory: 1011868k/1011868k available, 36708k reserved, 270336K highmem\nVirtual kernel memory layout:\n    vector  : 0xffff0000 - 0xffff1000   (   4 kB)\n    fixmap  : 0xfff00000 - 0xfffe0000   ( 896 kB)\n    vmalloc : 0xf0000000 - 0xff000000   ( 240 MB)\n    lowmem  : 0xc0000000 - 0xef800000   ( 760 MB)\n    pkmap   : 0xbfe00000 - 0xc0000000   (   2 MB)\n    modules : 0xbf000000 - 0xbfe00000   (  14 MB)\n      .text : 0xc0008000 - 0xc0546e48   (5372 kB)\n      .init : 0xc0547000 - 0xc0570dc0   ( 168 kB)\n      .data : 0xc0572000 - 0xc05aacb0   ( 228 kB)\n       .bss : 0xc05aacb0 - 0xc05d56d8   ( 171 kB)\nPreemptible hierarchical RCU implementation.\n\tDump stacks of tasks blocking RCU-preempt GP.\n\tRCU restricting CPUs from NR_CPUS=4 to nr_cpu_ids=2.\nNR_IRQS:16 nr_irqs:16 16\nxslcr mapped to f0002000\nZynq clock init\nps7-ttc #0 at f0004000, irq=43\nsched_clock: 32 bits at 100 Hz, resolution 10000000ns, wraps every 4294967286ms\nConsole: colour dummy device 80x30\nCalibrating delay loop... 1332.01 BogoMIPS (lpj=6660096)\npid_max: default: 32768 minimum: 301\nMount-cache hash table entries: 512\nCPU: Testing write buffer coherency: ok\nCPU0: thread -1, cpu 0, socket 0, mpidr 80000000\nSetting up static identity map for 0x3d7440 - 0x3d7474\nL310 cache controller enabled\nl2x0: 8 ways, CACHE_ID 0x000000c0, AUX_CTRL 0x72360000, Cache size: 524288 B\nCPU1: Booted secondary processor\nCPU1: thread -1, cpu 1, socket 0, mpidr 80000001\nBrought up 2 CPUs\nSMP: Total of 2 processors activated (2664.03 BogoMIPS).\ndevtmpfs: initialized\nNET: Registered protocol family 16\nDMA: preallocated 256 KiB pool for atomic coherent allocations\nxgpiops e000a000.ps7-gpio: gpio at 0xe000a000 mapped to 0xf000c000\nhw-breakpoint: found 5 (+1 reserved) breakpoint and 1 watchpoint registers.\nhw-breakpoint: maximum watchpoint size is 4 bytes.\nbio: create slab <bio-0> at 0\nvgaarb: loaded\nSCSI subsystem initialized\nusbcore: registered new interface driver usbfs\nusbcore: registered new interface driver hub\nusbcore: registered new device driver usb\npps_core: LinuxPPS API ver. 1 registered\npps_core: Software ver. 5.3.6 - Copyright 2005-2007 Rodolfo Giometti <giometti@linux.it>\nPTP clock support registered\nSwitching to clocksource xttcps_clocksource\nNET: Registered protocol family 2\nTCP established hash table entries: 8192 (order: 4, 65536 bytes)\nTCP bind hash table entries: 8192 (order: 4, 65536 bytes)\nTCP: Hash tables configured (established 8192 bind 8192)\nTCP: reno registered\nUDP hash table entries: 512 (order: 2, 16384 bytes)\nUDP-Lite hash table entries: 512 (order: 2, 16384 bytes)\nNET: Registered protocol family 1\nRPC: Registered named UNIX socket transport module.\nRPC: Registered udp transport module.\nRPC: Registered tcp transport module.\nRPC: Registered tcp NFSv4.1 backchannel transport module.\nTrying to unpack rootfs image as initramfs...\nrootfs image is not initramfs (no cpio magic); looks like an initrd\nFreeing initrd memory: 5184K\nhw perfevents: enabled with ARMv7 Cortex-A9 PMU driver, 7 counters available\nbounce pool size: 64 pages\nNTFS driver 2.1.30 [Flags: R/W].\njffs2: version 2.2. (NAND) (SUMMARY)  c 2001-2006 Red Hat, Inc.\nmsgmni has been set to 1490\nio scheduler noop registered\nio scheduler deadline registered\nio scheduler cfq registered (default)\ndma-pl330 f8003000.ps7-dma: Loaded driver for PL330 DMAC-267056\ndma-pl330 f8003000.ps7-dma: \tDBUFF-128x8bytes Num_Chans-8 Num_Peri-4 Num_Events-16\ne0001console [ttyPS0] enabled, bootconsole disabled\nconsole [ttyPS0] enabled, bootconsole disabled\nxdevcfg f8007000.ps7-dev-cfg: ioremap f8007000 to f0062000 with size 1000\nbrd: module loaded\nloop: module loaded\nxqspips e000d000.ps7-qspi: master is unqueued, this is deprecated\nm25p80 spi0.0: found s25fl129p1, expected n25q128\nm25p80 spi0.0: s25fl129p1 (16384 Kbytes)\n5 ofpart partitions found on MTD device spi0.0\nCreating 5 MTD partitions on \"spi0.0\":\n0x000000000000-0x000000100000 : \"qspi-fsbl-uboot\"\n0x000000100000-0x000000600000 : \"qspi-linux\"\n0x000000600000-0x000000620000 : \"qspi-device-tree\"\n0x000000620000-0x000000c00000 : \"qspi-rootfs\"\n0x000000c00000-0x000001000000 : \"qspi-bitstream\"\nxqspips e000d000.ps7-qspi: at 0xE000D000 mapped to 0xF0064000, irq=51\ne1000e: Intel(R) PRO/1000 Network Driver - 2.1.4-k\ne1000e: Copyright(c) 1999 - 2012 Intel Corporation.\nlibphy: XEMACPS mii bus: probed\nxemacps e000b000.ps7-ethernet: pdev->id -1, baseaddr 0xe000b000, irq 54\nehci_hcd: USB 2.0 'Enhanced' Host Controller (EHCI) Driver\nehci-pci: EHCI PCI platform driver\nULPI transceiver vendor/product ID 0x0424/0x0007\nFound SMSC USB3320 ULPI transceiver.\nULPI integrity check: passed.\nxusbps-ehci xusbps-ehci.0: Xilinx PS USB EHCI Host Controller\nxusbps-ehci xusbps-ehci.0: new USB bus registered, assigned bus number 1\nxusbps-ehci xusbps-ehci.0: irq 53, io mem 0x00000000\nxusbps-ehci xusbps-ehci.0: USB 2.0 started, EHCI 1.00\nhub 1-0:1.0: USB hub found\nhub 1-0:1.0: 1 port detected\nInitializing USB Mass Storage driver...\nusbcore: registered new interface driver usb-storage\nUSB Mass Storage support registered.\nmousedev: PS/2 mouse device common for all mice\ni2c /dev entries driver\nxadcps f8007100.ps7-xadc: Failed to request memory region\nsdhci: Secure Digital Host Controller Interface driver\nsdhci: Copyright(c) Pierre Ossman\nsdhci-pltfm: SDHCI platform and OF driver helper\nmmc0: SDHCI controller on e0100000.ps7-sdio [e0100000.ps7-sdio] using ADMA\nusbcore: registered new interface driver usbhid\nusbhid: USB HID core driver\nTCP: cubic registered\nNET: Registered protocol family 17\nVFP support v0.3: implementor 41 architecture 3 part 30 variant 9 rev 4\nRegistering SWP/SWPB emulation handler\ndmatest: Started 1 threads using dma0chan0\ndmatest: Started 1 threads using dma0chan1\ndmatest: Started 1 threads using dma0chan2\ndmatest: Started 1 threads using dma0chan3\ndmatest: Started 1 threads using dma0chan4\ndmatest: Started 1 threads using dma0chan5\ndmatest: Started 1 threads using dma0chan6\ndmatest: Started 1 threads using dma0chan7\nmmc0: new high speed SD card at address b368\ndrivers/rtc/hctosys.c: unable to open rtc device (rtc0)\nIP-Config: Guessing netmask 255.255.255.0\nIP-Config: Complete:\n     device=eth0, hwaddr=00:0a:35:00:01:22, ipaddr=192.168.1.10, mask=255.255.255.0, gw=255.255.255.255\n     host=192.168.1.10, domain=, nis-domain=(none)\n     bootserver=255.255.255.255, rootserver=255.255.255.255, rootpath=mmcblk0: mmc0:b368 SD02G 1.81 GiB \n mmcblk0: p1\n\nRAMDISK: gzip image found at block 0\nVFS: Mounted root (ext2 filesystem) on device 1:0.\ndevtmpfs: mounted\nFreeing init memory: 164K\nStarting rcS...\n++ Mounting filesystem\n++ Setting up mdev\n++ Starting telnet daemon\n++ Starting http daemon\n++ Starting ftp daemon\n++ Starting ssh daemon\nrcS Complete\nzynq> \n```\n\nRAMDISK\u95a2\u9023\u306e\u30e1\u30c3\u30bb\u30fc\u30b8\u306f\u4ee5\u4e0b\u306e\u3088\u3046\n\n- Copying Linux from SD to RAM...\n- reading uramdisk.image.gz\n- rootfs image is not initramfs (no cpio magic); looks like an initrd\n- RAMDISK: gzip image found at block 0\n \n", "tags": ["petalinux"]}