{"context": "\n\u52d5\u4f5c\u78ba\u8a8d\nCentOS 6.5\nPetaLinux v2014.4\n\n\n\u95a2\u9023 http://qiita.com/7of9/items/ffcf537a8d5cfbf31b40\n\nBSP (Board Support Package)\nPetaLinux v2014.4\u306eMicrozed\u7528BSP\u306f\u4ee5\u4e0b\u304b\u3089\u5165\u624b (\u4f1a\u54e1\u767b\u9332\u304c\u5fc5\u8981)\nhttp://microzed.org/reference-designs-categories/petalinux-board-support-packages\n\u4f5c\u696d\u3059\u308b\u30d5\u30a9\u30eb\u30c0\u306b\u79fb\u52d5\u3057\u3066\u3001\u89e3\u51cd\u3057\u305fmz_7z010.bsp\u30d5\u30a1\u30a4\u30eb\u3092\u7f6e\u304f\u3002\n\u4ee5\u4e0b\u306e\u30b3\u30de\u30f3\u30c9\u3067\u30d7\u30ed\u30b8\u30a7\u30af\u30c8\u30d5\u30a9\u30eb\u30c0\u3092\u4f5c\u6210\n$ petalinux-create -t project -s mz_7z010.bsp\n$ ls\n$ mz-7z010 mz_7z010.bsp\n\n\n\u30e1\u30e2\u30ea\u8a2d\u5b9a\u5909\u66f4\n\u8272\u3005\u898b\u305f\u60c5\u5831\u3092\u8a66\u3057\u3066\u3082\u3001\u8d77\u52d5\u6642\u306e\u30e1\u30e2\u30ea\u30b5\u30a4\u30ba\u5909\u66f4\u306f\u6210\u529f\u3057\u306a\u304b\u3063\u305f\u3002\n\u3075\u3068\u898b\u3064\u3051\u305f\u306e\u304c system-conf.dtsi \u3068\u3044\u3046\u30d5\u30a1\u30a4\u30eb\u3002\u3053\u308c\u306fsystem-top.dts\u30d5\u30a1\u30a4\u30eb\u304b\u3089include\u3055\u308c\u3066\u3044\u308b (/include/ \"system-conf.dtsi\")\u3002\nsystem-top.dtsi\u30d5\u30a1\u30a4\u30eb\u306b\u306f\u4ee5\u4e0b\u306e\u8a18\u8f09\u304c\u898b\u3064\u304b\u3063\u305f\u3002\u4ee5\u4e0b\u306e0x40000000\u30920x20000000\u306b\u3057\u3066\u307f\u305f\u3002\n    memory {\n        device_type = \"memory\";\n        reg = <0x0 0x40000000>;\n    };\n\n\n\u30d3\u30eb\u30c9\u3001QEMU\u5b9f\u884c\n\n\u30d3\u30eb\u30c9\n$ petalinux-build\n\n\nQEMU\u5b9f\u884c\n$ petalinux-boot --qemu --kernel\n\n\u30e1\u30e2\u30ea\u30b5\u30a4\u30ba\u78ba\u8a8d\n$ cat /proc/meminfo\n\nMemTotal:         512664 kB\nMemFree:          495512 kB\nMemAvailable:     492268 kB\nBuffers:               0 kB\nCached:             9240 kB\nSwapCached:            0 kB\nActive:             4020 kB\nInactive:           5580 kB\nActive(anon):       4020 kB\nInactive(anon):     5580 kB\nActive(file):          0 kB\nInactive(file):        0 kB\nUnevictable:           0 kB\nMlocked:               0 kB\nHighTotal:             0 kB\nHighFree:              0 kB\nLowTotal:         512664 kB\nLowFree:          495512 kB\nSwapTotal:             0 kB\nSwapFree:              0 kB\nDirty:                 0 kB\nWriteback:             0 kB\nAnonPages:           348 kB\nMapped:             2408 kB\nShmem:              9240 kB\nSlab:               4240 kB\nSReclaimable:       1152 kB\nSUnreclaim:         3088 kB\nKernelStack:         312 kB\nPageTables:           80 kB\nNFS_Unstable:          0 kB\nBounce:                0 kB\nWritebackTmp:          0 kB\nCommitLimit:      256332 kB\nCommitted_AS:      11212 kB\nVmallocTotal:    2596864 kB\nVmallocUsed:        2464 kB\nVmallocChunk:    2496568 kB\n\n\u3068\u308a\u3042\u3048\u305a512MB\u306b\u3059\u308b\u3053\u3068\u306f\u3067\u304d\u305f\u3002\nsystem-conf.dtsi\u306f\u300cDO NOT modify this file\u300d\u3068\u3044\u3046\u8a18\u8f09\u304c\u3042\u308b\u306e\u3067\u3001\u6b63\u3057\u3044\u3084\u308a\u65b9\u3067\u306f\u306a\u3044\u304b\u3082\u3057\u308c\u306a\u3044\u3002\n\u5b9f\u6a5f\u3067\u3082\u52d5\u4f5c\u78ba\u8a8d\u3067\u304d\u305f\u3002\n```txt:\u52d5\u4f5c\u78ba\u8a8d\nCentOS 6.5\nPetaLinux v2014.4\n```\n\n\u95a2\u9023 http://qiita.com/7of9/items/ffcf537a8d5cfbf31b40\n\n## BSP (Board Support Package)\n\nPetaLinux v2014.4\u306eMicrozed\u7528BSP\u306f\u4ee5\u4e0b\u304b\u3089\u5165\u624b (\u4f1a\u54e1\u767b\u9332\u304c\u5fc5\u8981)\nhttp://microzed.org/reference-designs-categories/petalinux-board-support-packages\n\n\u4f5c\u696d\u3059\u308b\u30d5\u30a9\u30eb\u30c0\u306b\u79fb\u52d5\u3057\u3066\u3001\u89e3\u51cd\u3057\u305fmz_7z010.bsp\u30d5\u30a1\u30a4\u30eb\u3092\u7f6e\u304f\u3002\n\u4ee5\u4e0b\u306e\u30b3\u30de\u30f3\u30c9\u3067\u30d7\u30ed\u30b8\u30a7\u30af\u30c8\u30d5\u30a9\u30eb\u30c0\u3092\u4f5c\u6210\n\n```\n$ petalinux-create -t project -s mz_7z010.bsp\n$ ls\n$ mz-7z010 mz_7z010.bsp\n```\n\n## \u30e1\u30e2\u30ea\u8a2d\u5b9a\u5909\u66f4\n\n\u8272\u3005\u898b\u305f\u60c5\u5831\u3092\u8a66\u3057\u3066\u3082\u3001\u8d77\u52d5\u6642\u306e\u30e1\u30e2\u30ea\u30b5\u30a4\u30ba\u5909\u66f4\u306f\u6210\u529f\u3057\u306a\u304b\u3063\u305f\u3002\n\n\u3075\u3068\u898b\u3064\u3051\u305f\u306e\u304c system-conf.dtsi \u3068\u3044\u3046\u30d5\u30a1\u30a4\u30eb\u3002\u3053\u308c\u306fsystem-top.dts\u30d5\u30a1\u30a4\u30eb\u304b\u3089include\u3055\u308c\u3066\u3044\u308b (`/include/ \"system-conf.dtsi\"`)\u3002\n\n`system-top.dtsi`\u30d5\u30a1\u30a4\u30eb\u306b\u306f\u4ee5\u4e0b\u306e\u8a18\u8f09\u304c\u898b\u3064\u304b\u3063\u305f\u3002\u4ee5\u4e0b\u306e0x40000000\u30920x20000000\u306b\u3057\u3066\u307f\u305f\u3002\n\n```\n    memory {\n        device_type = \"memory\";\n        reg = <0x0 0x40000000>;\n    };\n```\n\n## \u30d3\u30eb\u30c9\u3001QEMU\u5b9f\u884c\n\n### \u30d3\u30eb\u30c9\n\n```\n$ petalinux-build\n```\n\n### QEMU\u5b9f\u884c\n\n```\n$ petalinux-boot --qemu --kernel\n```\n\n\u30e1\u30e2\u30ea\u30b5\u30a4\u30ba\u78ba\u8a8d\n\n```\n$ cat /proc/meminfo\n\nMemTotal:         512664 kB\nMemFree:          495512 kB\nMemAvailable:     492268 kB\nBuffers:               0 kB\nCached:             9240 kB\nSwapCached:            0 kB\nActive:             4020 kB\nInactive:           5580 kB\nActive(anon):       4020 kB\nInactive(anon):     5580 kB\nActive(file):          0 kB\nInactive(file):        0 kB\nUnevictable:           0 kB\nMlocked:               0 kB\nHighTotal:             0 kB\nHighFree:              0 kB\nLowTotal:         512664 kB\nLowFree:          495512 kB\nSwapTotal:             0 kB\nSwapFree:              0 kB\nDirty:                 0 kB\nWriteback:             0 kB\nAnonPages:           348 kB\nMapped:             2408 kB\nShmem:              9240 kB\nSlab:               4240 kB\nSReclaimable:       1152 kB\nSUnreclaim:         3088 kB\nKernelStack:         312 kB\nPageTables:           80 kB\nNFS_Unstable:          0 kB\nBounce:                0 kB\nWritebackTmp:          0 kB\nCommitLimit:      256332 kB\nCommitted_AS:      11212 kB\nVmallocTotal:    2596864 kB\nVmallocUsed:        2464 kB\nVmallocChunk:    2496568 kB\n```\n\n\u3068\u308a\u3042\u3048\u305a512MB\u306b\u3059\u308b\u3053\u3068\u306f\u3067\u304d\u305f\u3002\n\nsystem-conf.dtsi\u306f\u300cDO NOT modify this file\u300d\u3068\u3044\u3046\u8a18\u8f09\u304c\u3042\u308b\u306e\u3067\u3001\u6b63\u3057\u3044\u3084\u308a\u65b9\u3067\u306f\u306a\u3044\u304b\u3082\u3057\u308c\u306a\u3044\u3002\n\n\u5b9f\u6a5f\u3067\u3082\u52d5\u4f5c\u78ba\u8a8d\u3067\u304d\u305f\u3002\n\n\n\n\n\n\n\n", "tags": ["petalinux"]}