{"context": "\u30d7\u30ed\u30b0\u30e9\u30df\u30f3\u30b0\u3092\u3057\u3066\u3044\u3066\u3042\u307e\u308a\u306b\u3082\u52b9\u7387\u304c\u60aa\u3044\u3068\u611f\u3058\u305f\u306e\u3067\u74b0\u5883\u3092\u4e00\u304b\u3089\u898b\u76f4\u3057\u305f\u3002\n\u3053\u306e\u8a18\u4e8b\u306fvim\u30fbGit\u30fbGitHub\u30fbterminal\u306e4\u90e8\u69cb\u6210\u306b\u306a\u3063\u3066\u3044\u308b\u3002\n\u74b0\u5883\u306fPython2.7 + Ubuntu15.10\u3067\u3042\u308b\u3002\n\nvim\n\n\n\u73fe\u72b6\nvim\u306eversion\u306f7.4.712\u3067\u3042\u308a\u3001\u4f7f\u7528\u3057\u59cb\u3081\u3066\u304b\u30891\u30f6\u6708\u304c\u7d4c\u904e\u3057\u305f(\u305d\u306e\u524d\u306fTerapad\u3092\u4f7f\u7528\u3057\u3066\u3044\u305f)\u3002\nvimtutor\u306f\u3044\u307e\u307e\u3067\u306b3\u56de\u884c\u3063\u305f\u3002\nvim\u3067\u666e\u6bb5\u4f7f\u3046\u30b3\u30de\u30f3\u30c9\u306a\u3069\u306f\u4ee5\u4e0b\u306e\u901a\u308a\n\ni \u633f\u5165\u3059\u308b\uff08\u30ce\u30fc\u30de\u30eb\u30e2\u30fc\u30c9\u304b\u3089\u5165\u529b\u30e2\u30fc\u30c9\u306b\u5207\u308a\u66ff\u308f\u308b\uff09\nvim \"filename.py\" \"filename\"\u3068\u3044\u3046\u540d\u524d\u306ePython\u306e\u30d5\u30a1\u30a4\u30eb\u3092\u751f\u6210\u3057\u3001\u305d\u306e\u4e2d\u8eab\u3092vim\u3067\u7de8\u96c6\u3059\u308b\n:wq vim\u3067\u306e\u30d5\u30a1\u30a4\u30eb\u7de8\u96c6\u3092\u4fdd\u5b58\u3057\u3066\u7d42\u4e86\u3059\u308b\nESC \u5165\u529b\u30e2\u30fc\u30c9\u30fb\u30d3\u30b8\u30e5\u30a2\u30eb\u30e2\u30fc\u30c9\u30fb\u30b3\u30de\u30f3\u30c9\u30e9\u30a4\u30f3\u30e2\u30fc\u30c9\u306e3\u3064\u306e\u30e2\u30fc\u30c9\u304b\u3089\u30ce\u30fc\u30de\u30eb\u30e2\u30fc\u30c9\u306b\u5207\u308a\u66ff\u3048\u308b\nv \u30d3\u30b8\u30e5\u30a2\u30eb\u30e2\u30fc\u30c9\u306b\u5207\u308a\u66ff\u3048\u308b\n: \u30b3\u30de\u30f3\u30c9\u30e9\u30a4\u30f3\u30e2\u30fc\u30c9\u306b\u5207\u308a\u66ff\u3048\u308b\nCtrl + v \u77e9\u5f62\u30d3\u30b8\u30e5\u30a2\u30eb\u30e2\u30fc\u30c9\ngg \u30d5\u30a1\u30a4\u30eb\u306e\u5148\u982d\u307e\u3067\u30ab\u30fc\u30bd\u30eb\u3092\u79fb\u52d5\u3059\u308b\n*g *\u884c\u76ee\u306bjump\u3059\u308b\nr \u30ce\u30fc\u30de\u30eb\u30e2\u30fc\u30c9\u30671\u6587\u5b57\u3060\u3051\u7f6e\u63db\u3067\u304d\u308b\n:%s/\u308a\u3093\u3054/\u3070\u306a\u306a/g \u6587\u66f8\u5168\u4f53\u306e\u308a\u3093\u3054\u3092\u3070\u306a\u306a\u306b\u7f6e\u304d\u63db\u3048\u308b\nu 1\u56de\u5dfb\u304d\u623b\u3057\ndw \u30ce\u30fc\u30de\u30eb\u30e2\u30fc\u30c9\u30671\u5358\u8a9e\u3092\u524a\u9664\u3059\u308b\n$ \u884c\u306e\u6700\u5f8c\u306b\u30ab\u30fc\u30bd\u30eb\u3092\u79fb\u52d5\u3059\u308b\ndd \u30ce\u30fc\u30de\u30eb\u30e2\u30fc\u30c9\u30671\u884c\u524a\u9664\u3059\u308b\ny \u30e4\u30f3\u30af(\u30b3\u30d4\u30fc)\np \u30da\u30fc\u30b9\u30c8\n\u30ab\u30fc\u30bd\u30eb\u79fb\u52d5\u306fhjkl\u3067\u306f\u306a\u304f\u2190\u2193\u2191\u2192\u3092\u4f7f\u7528\u3057\u3066\u3044\u308b\n\n\n\u7406\u60f3\n\n\u73fe\u72b6\u3067\u306f\u30bf\u30d6\u3092\u62bc\u3057\u305f\u6642\u306b8\u30de\u30b9\u79fb\u52d5\u3059\u308b\u304c2\u30de\u30b9\u79fb\u52d5\u3059\u308b\u3088\u3046\u306b\u3057\u305f\u3044(\u73fe\u72b6\u3067\u306f\u30a4\u30f3\u30c7\u30f3\u30c8\u306f\u30b9\u30da\u30fc\u30b9\u3092\u3061\u307e\u3061\u307e\u3046\u3063\u3066\u3044\u308b)\nPython\u306e\u30a4\u30f3\u30c7\u30f3\u30c8\u3092\u308f\u304b\u308a\u3084\u3059\u304f\u8868\u793a\u3059\u308b\u3088\u3046\u306b\u3057\u305f\u3044\n\u8907\u6570\u884c\u540c\u6642\u306b\u7e26\u306b\u7a7a\u767d\u3092\u633f\u5165\u3057\u305f\u3044\n\n\n\u3053\u3046\u76f4\u3057\u307e\u3057\u305f\n1.\u73fe\u72b6\u3067\u306f\u30bf\u30d6\u3092\u62bc\u3057\u305f\u6642\u306b8\u30de\u30b9\u79fb\u52d5\u3059\u308b\u304c2\u30de\u30b9\u306b\u3057\u305f\u3044\u306b\u95a2\u3057\u3066\n\u53c2\u8003\u8cc7\u65992\u306b\u3088\u308b\u3068.vimrc\u3092\u7de8\u96c6\u3057\u3066set tabstop=2\u3068\u3059\u308c\u3070\u3088\u3044\u3068\u306e\u3053\u3068\u3002\u3057\u304b\u3057\u3001\u305d\u3082\u305d\u3082.vimrc\u304c\u306a\u306b\u304b\u3055\u3048\u77e5\u3089\u306a\u3044\u3002\n\u53c2\u8003\u8cc7\u65991\u304b\u3089.vimrc\u306fvim\u306e\u8a2d\u5b9a\u30d5\u30a1\u30a4\u30eb\u306e\u3053\u3068\u3067/home/\u30e6\u30fc\u30b6\u30fc\u540d/.vimrc\u306b\u3042\u308b\u3068\u77e5\u3063\u305f\u3002\u53c2\u8003\u8cc7\u65993\u3092\u307f\u3066terminal\u3067\u30b3\u30de\u30f3\u30c9\u3092\u5165\u529b\u3057.vimrc\u3092\u7de8\u96c6\u3057\u305f(\u4ee5\u4e0b\u306b\u8a18\u3059)\u3002\n\u3053\u308c\u3067\u30bf\u30d6\u3092\u62bc\u3057\u305f\u6642\u306b2\u30de\u30b9\u79fb\u52d5\u3059\u308b\u3088\u3046\u306b\u306a\u3063\u305f\u3002\n\n.vimrc\u306e\u7de8\u96c6\u3092\u3059\u308b\u307e\u3067\nharuka@ubuntu:~$ echo $HOME\n/home/haruka\nharuka@ubuntu:~$ cd /home/haruka\nharuka@ubuntu:~$ vim .vimrc\n\n\n\n.vimrc\nset tabstop=2 \"\u753b\u9762\u4e0a\u3067\u30bf\u30d6\u6587\u5b57\u304c\u5360\u3081\u308b\u5e45\n\n\n2.Python\u306e\u30a4\u30f3\u30c7\u30f3\u30c8\u3092\u308f\u304b\u308a\u3084\u3059\u304f\u8868\u793a\u3059\u308b\u3088\u3046\u306b\u3057\u305f\u3044\u306b\u95a2\u3057\u3066\n\u30a4\u30f3\u30c7\u30f3\u30c8\u3092\u7dba\u9e97\u306b\u8868\u793a\u3059\u308b\u591a\u6570\u306evim\u30d7\u30e9\u30b0\u30a4\u30f3\u304c\u5b58\u5728\u3059\u308b\u3002\u3057\u304b\u3057\u3001vim\u30d7\u30e9\u30b0\u30a4\u30f3\u304c\u306a\u306b\u304b\u3055\u3048\u77e5\u3089\u306a\u3044\u3002\n\u53c2\u8003\u8cc7\u65997\u306b\u3088\u308b\u3068vim\u30d7\u30e9\u30b0\u30a4\u30f3\u3068\u306fvim\u306e\u6a5f\u80fd\u3092\u62e1\u5f35\u3059\u308b\u4ed5\u7d44\u307f\u306e\u3053\u3068\u3089\u3057\u3044\u3002\n\u307e\u305f\u3001\u53c2\u8003\u8cc7\u65994\u30fb\u53c2\u8003\u8cc7\u65995\u304b\u3089dein.vim\u3068\u3044\u3046vim\u30d7\u30e9\u30b0\u30a4\u30f3\u3092\u7ba1\u7406\u3059\u308bvim\u30d7\u30e9\u30b0\u30a4\u30f3\u30de\u30cd\u30fc\u30b8\u30e3\u3092\u77e5\u308a\u5c0e\u5165\u3092\u8a66\u307f\u305f\u3002\u3057\u304b\u3057\u3001.vimrc\u3084dein\u306e\u8a2d\u5b9a\u4e2d\u306b\u30a8\u30e9\u30fc\u304c\u51fa\u308b\u3088\u3046\u306b\u306a\u308a\u3001\u5c0e\u5165\u3059\u308b\u3053\u3068\u304c\u51fa\u6765\u306a\u304b\u3063\u305f\u3002\u5931\u6557\n\nvim\u30d7\u30e9\u30b0\u30a4\u30f3\u30de\u30cd\u30fc\u30b8\u30e3\u3092\u77e5\u308a\u5c0e\u5165\u3092\u8a66\u307f\u3066\u5931\u6557\u3057\u305f\u3084\u3064\nharuka@ubuntu:~$ git clone https://github.com/Shougo/dein.vim.git \\\n ~/.vim/dein/repos/github.com/Shougo/dein.vim\nCloning into '/home/haruka/.vim/dein/repos/github.com/Shougo/dein.vim'...\nremote: Counting objects: 3227, done.\nremote: Compressing objects: 100% (30/30), done.\nremote: Total 3227 (delta 10), reused 0 (delta 0), pack-reused 3194\nReceiving objects: 100% (3227/3227), 533.97 KiB | 227.00 KiB/s, done.\nResolving deltas: 100% (1867/1867), done.\nChecking connectivity... done.\nharuka@ubuntu:~$ vim .vimrc\nharuka@ubuntu:~$ cd ~/.vim\nharuka@ubuntu:~/.vim$ ls\ndein\nharuka@ubuntu:~/.vim$ vim dein\n:!git clone https://github.com/Shougo/dein.vim /home/haruka/.cache/dein/repos/github.com/Shougo/dein.vim\nCloning into '/home/haruka/.cache/dein/repos/github.com/Shougo/dein.vim'...\nremote: Counting objects: 3227, done.\nremote: Compressing objects: 100% (30/30), done.\nremote: Total 3227 (delta 10), reused 0 (delta 0), pack-reused 3194\nReceiving objects: 100% (3227/3227), 533.97 KiB | 229.00 KiB/s, done.\nResolving deltas: 100% (1867/1867), done.\nChecking connectivity... done.\n\u7d9a\u3051\u308b\u306b\u306fENTER\u3092\u62bc\u3059\u304b\u30b3\u30de\u30f3\u30c9\u3092\u5165\u529b\u3057\u3066\u304f\u3060\u3055\u3044\n[1]+  \u505c\u6b62                  vim dein\nharuka@ubuntu:~/.vim$ mkdir rc\nharuka@ubuntu:~/.vim$ cd rc\nharuka@ubuntu:~/.vim/rc$ vim dein.toml\n/home/haruka/.vimrc \u306e\u51e6\u7406\u4e2d\u306b\u30a8\u30e9\u30fc\u304c\u691c\u51fa\u3055\u308c\u307e\u3057\u305f:\n\u884c   21:\nE121: \u672a\u5b9a\u7fa9\u306e\u5909\u6570\u3067\u3059: g:rc_dir\nE15: \u7121\u52b9\u306a\u5f0f\u3067\u3059: g:rc_dir . '/dein.toml'\n\u7d9a\u3051\u308b\u306b\u306fENTER\u3092\u62bc\u3059\u304b\u30b3\u30de\u30f3\u30c9\u3092\u5165\u529b\u3057\u3066\u304f\u3060\u3055\u3044\nharuka@ubuntu:~$ vim .vimrc\nfunction dein#add..dein#parse#_add..dein#parse#_init \u306e\u51e6\u7406\u4e2d\u306b\u30a8\u30e9\u30fc\u304c\u691c\u51fa\u3055\u308c\u307e\u3057\u305f:\n\u884c    1:\nE715: \u8f9e\u66f8\u578b\u304c\u5fc5\u8981\u3067\u3059\nfunction dein#add..dein#parse#_add..dein#parse#_init..1..2 \u306e\u51e6\u7406\u4e2d\u306b\u30a8\u30e9\u30fc\u304c\u691c\u51fa\u3055\u308c\u307e\u3057\u305f:\n\u884c   17:\nE712: get() \u306e\u5f15\u6570\u306f\u30ea\u30b9\u30c8\u578b\u307e\u305f\u306f\u8f9e\u66f8\u578b\u3067\u306a\u3051\u308c\u3070\u306a\u308a\u307e\u305b\u3093\nfunction dein#add..dein#parse#_add..dein#parse#_dict \u306e\u51e6\u7406\u4e2d\u306b\u30a8\u30e9\u30fc\u304c\u691c\u51fa\u3055\u308c\u307e\u3057\u305f:\n\u884c    6:\nE712: extend() \u306e\u5f15\u6570\u306f\u30ea\u30b9\u30c8\u578b\u307e\u305f\u306f\u8f9e\u66f8\u578b\u3067\u306a\u3051\u308c\u3070\u306a\u308a\u307e\u305b\u3093\n\n\n\n.vimrc\nset tabstop=2 \"\u753b\u9762\u4e0a\u3067\u30bf\u30d6\u6587\u5b57\u304c\u5360\u3081\u308b\u5e45\n\nif &compatible\n  set nocompatible\nendif\nset runtimepath+=~/.vim/dein/repos/github.com/Shougo/dein.vim\n\ncall dein#begin(expand('~/.vim/dein'))\n\ncall dein#add('Shougo/dein.vim')\ncall dein#add('Shougo/vimproc.vim', 'make')\n\ncall dein#add('Shougo/neocomplete.vim')\ncall dein#add('Shougo/neomru.vim')\ncall dein#add('Shougo/neosnippet')\n\ncall dein#end()\n\n\n3.\u8907\u6570\u884c\u540c\u6642\u306b\u7e26\u306b\u7a7a\u767d\u3092\u633f\u5165\u3057\u305f\u3044\u306b\u95a2\u3057\u3066\n\u53c2\u8003\u8cc7\u65996\u3088\u308a Ctrl + v \u2192 Shift + i \u2192 \u7a7a\u767d(\u30b9\u30da\u30fc\u30b9) \u2192 ESC \u3067\u8907\u6570\u884c\u540c\u6642\u306b\u7e26\u306b\u7a7a\u767d\u3092\u633f\u5165\u3067\u304d\u305f\n\n\u7406\u60f3\u306e\u72b6\u614b\u306b\u306a\u3063\u305f\u304b\n1.\u30bf\u30d6\u3092\u62bc\u3057\u305f\u6642\u306b2\u30de\u30b9\u79fb\u52d5\u3059\u308b\u3068\u3044\u3046\u7406\u60f3\u306e\u72b6\u614b\u306b\u306a\u3063\u305f\n2.Python\u306e\u30a4\u30f3\u30c7\u30f3\u30c8\u3092\u308f\u304b\u308a\u3084\u3059\u304f\u8868\u793a\u3059\u308b\u305f\u3081\u306bvim\u30d7\u30e9\u30b0\u30a4\u30f3\u3092\u3044\u308c\u305f\u3044\u2192\u305d\u306e\u524d\u306bvim\u30d7\u30e9\u30b0\u30a4\u30f3\u30de\u30cd\u30fc\u30b8\u30e3\u3092\u5c0e\u5165\u3057\u3088\u3046\u2192\u5931\u6557\n3.\u8907\u6570\u884c\u540c\u6642\u306b\u7e26\u306b\u7a7a\u767d\u3092\u633f\u5165\u3067\u304d\u308b\u3068\u3044\u3046\u30b3\u30de\u30f3\u30c9\u3092\u899a\u3048\u3001\u7406\u60f3\u306e\u72b6\u614b\u306b\u306a\u3063\u305f\n\n\u53c2\u8003\u8cc7\u6599\n1.Vim \u306e\u30ab\u30b9\u30bf\u30de\u30a4\u30ba \u301c\u5c0e\u5165\u7de8\u301c\n2.Vim \u306e\u30ab\u30b9\u30bf\u30de\u30a4\u30ba \u301c \u30bf\u30d6/\u30a4\u30f3\u30c7\u30f3\u30c8\u306e\u8a2d\u5b9a \u301c\n3.Vim\u306e\u8a2d\u5b9a\u30d5\u30a1\u30a4\u30eb\u3092\u4f5c\u308b\n4.NeoBundle \u304b\u3089 dein.vim \u306b\u4e57\u308a\u63db\u3048\u305f\u3089\u7206\u901f\u3060\u3063\u305f\u8a71\n5.dein.vim\u3092\u4f7f\u3063\u3066\u307f\u308b\n6.\u8907\u6570\u884c\u306b\u5bfe\u3057\u3066\u77e9\u5f62\u9078\u629e\u304b\u3089\u306e\u633f\u5165\n7.\u30d1\u30ef\u30fc\u30e9\u30f3\u30c1\uff082010/04/09\uff09 Vim\u306e\u8a71\n\nGit\n\n\n\u73fe\u72b6\nCUI\u306e\u64cd\u4f5c\u306fGit\u304b\u3089GitHub\u306bpush\u3059\u308b\u307e\u3067\u306e\u4e00\u9023\u306e\u52d5\u4f5c(git init, git add \"Filename\", git status, git commit -m \"commit comment\", git log, git remote add origin \"URL\", git push origin master, git config --list)\u306f\u77e5\u3063\u3066\u3044\u308b\u3002\u30d6\u30e9\u30f3\u30c1\u306f\u540d\u524d\u3092\u805e\u3044\u305f\u3053\u3068\u304c\u3042\u308b\u7a0b\u5ea6\u3002\n\u30b3\u30de\u30f3\u30c9\u3092\u4f55\u56de\u3082\u5165\u529b\u3057\u305f\u308aGitHub\u3078push\u3059\u308b\u3068\u304d\u306b\u3044\u3061\u3044\u3061username\u3068Password\u3092\u5165\u529b\u3059\u308b\u306e\u304c\u3081\u3093\u3069\u304f\u3055\u304f\u3066\u5c0e\u5165\u3092\u3042\u304d\u3089\u3081\u3066\u3057\u307e\u3063\u305f\u3002\u73fe\u5728\u306fGit\u3092\u4f7f\u7528\u3057\u3066\u3044\u306a\u3044\u3002\n\n\u7406\u60f3\nGit\u3092\u5229\u7528\u3057\u3066\u30d5\u30a1\u30a4\u30eb\u306e\u30d0\u30fc\u30b8\u30e7\u30f3\u7ba1\u7406\u3092\u3067\u304d\u308b\u3088\u3046\u306b\u3059\u308b\u3002\u7279\u306b\u30d5\u30a1\u30a4\u30eb\u30921\u3064\u524d\u306e\u30d0\u30fc\u30b8\u30e7\u30f3\u306b\u3059\u3050\u623b\u308c\u308b\u3088\u3046\u306a\u74b0\u5883\u306b\u6574\u3048\u305f\u3044\u3002\n\n\u3053\u3046\u76f4\u3057\u307e\u3057\u305f\n\"\u30d5\u30a1\u30a4\u30eb\u30921\u3064\u524d\u306e\u30d0\u30fc\u30b8\u30e7\u30f3\u306b\u3059\u3050\u623b\u308c\u308b\u3088\u3046\u306a\u74b0\u5883\" = 1\u3064\u524d\u306e\u30b3\u30df\u30c3\u30c8\u306b\u623b\u3059\u3068\u3044\u3046\u3053\u3068\u3089\u3057\u3044\u3002\u53c2\u8003\u8cc7\u65991\u3092\u898b\u305f\u304cHEAD\u3068\u304bhard\u3068\u304bsoft\u3068\u304b\u5168\u7136\u8a33\u304c\u308f\u304b\u3089\u306a\u304b\u3063\u305f\u306e\u3067\u3001\u3068\u308a\u3042\u3048\u305a\u4f7f\u3063\u3066\u307f\u305f\u3002\n\nreset\u30671\u3064\u524d\u306e\u30b3\u30df\u30c3\u30c8\u306b\u623b\u305d\u3046\u3068\u3057\u3066\u5931\u6557\nharuka@ubuntu:~/git$ git init\nInitialized empty Git repository in /home/haruka/git/.git/\nharuka@ubuntu:~/git$ vim test.txt\u3000#\u3053\u306e\u6642test.txt\u306b\u306finuneko\u3068\u6587\u5b57\u5217\u3092\u66f8\u304d\u8fbc\u3093\u3060\nharuka@ubuntu:~/git$ git add \"test.txt\"\nharuka@ubuntu:~/git$ git status\nOn branch master\nChanges to be committed:\n  (use \"git reset HEAD <file>...\" to unstage)\n    new file:   test.txt\nharuka@ubuntu:~/git$ git commit -m \"inuneko\"\n[master a4f6bee] inuneko\n 1 file changed, 1 insertion(+)\n create mode 100644 test.txt\nharuka@ubuntu:~/git$ vim test.txt\u3000#\u3055\u304d\u307b\u3069\u306einuneko\u3068\u66f8\u304d\u8fbc\u3093\u3060\u30d5\u30a1\u30a4\u30eb\u3092inu\u3068\u6587\u5b57\u5217\u3092\u7de8\u96c6\u3057\u3066\u4fdd\u5b58\u3057\u3066\u7d42\u4e86\u3057\u305f\nharuka@ubuntu:~/git$ git add \"test.txt\"\nharuka@ubuntu:~/git$ git commit -m \"inu\"\n[master f1f17ab] inu\n 1 file changed, 1 insertion(+), 1 deletion(-)\nharuka@ubuntu:~/git$ git reset \"test.txt\" #reset\u3057\u30661\u3064\u524d\u306ecommit\u306einukeko\u3068\u66f8\u304d\u8fbc\u3093\u3060\u30d5\u30a1\u30a4\u30eb\u306b\u623b\u308b\u306e\u304b\u306a\u30fc\nharuka@ubuntu:~/git$ vim test.txt\u3000#test.txt\u3092\u958b\u304f\u3068\u3000inu\u3000\u3068\u8868\u793a\u3055\u308c\u308b\u3000\u5931\u6557\nharuka@ubuntu:~/git$ git reset #\u30aa\u30d7\u30b7\u30e7\u30f3\u306a\u3057\u3067reset\u3057\u3066\u307f\u308b\nharuka@ubuntu:~/git$ vim test.txt\u3000#test.txt\u3092\u958b\u304f\u3068\u3000inu\u3000\u3068\u8868\u793a\u3055\u308c\u308b\u3000\u5931\u6557\n\n\n\u3053\u3053\u3067\u53c2\u8003\u8cc7\u65992\u306eLeval3-6\u3092\u3084\u3063\u3066\u307f\u308b\u3002\n\ncheckout_Revision\u30671\u3064\u524d\u306e\u30b3\u30df\u30c3\u30c8\u306b\u623b\u3059\u306e\u6210\u529f\u3057\u305f\u3084\u3064\nharuka@ubuntu:~/git$ git log\ncommit f1f17abd8276d1414aaec7df0dc01567e927b0d2\nAuthor: ___ <_@_>\nDate:   Sat May 21 16:47:30 2016 +0900\n    inu\ncommit a4f6bee1a5677bd2b2c1219feeb83aa4f79eea67\nAuthor: ___ <_@_>\nDate:   Sat May 21 16:46:22 2016 +0900\n    inuneko\nharuka@ubuntu:~/git$ git checkout a4f6bee1a5677bd2b2c1219feeb83aa4f79eea67 \"test.txt\" #inuneko\u6642\u306etest.txt\u306b\u623b\u3059\u305f\u3081inuneko\u6642\u306ecommit\u306eRevision\u3092\u6307\u5b9a\u3057\u3066checkout\u30b3\u30de\u30f3\u30c9\u3092\u5165\u529b\nharuka@ubuntu:~/git$ vim test.txt #inuneko\u306b\u623b\u3063\u305f\u3000\u6210\u529f\n\n\n\n\u7406\u60f3\u306e\u72b6\u614b\u306b\u306a\u3063\u305f\u304b\n\u30d5\u30a1\u30a4\u30eb\u30921\u3064\u524d\u306e\u30d0\u30fc\u30b8\u30e7\u30f3\u306b\u3059\u3050\u623b\u308c\u308b\u3088\u3046\u306a\u74b0\u5883\u306b\u6574\u3048\u308b\u3053\u3068\u306f\u3067\u304d\u305f\u304c\u3001\u3084\u3063\u3071\u308a\u3081\u3093\u3069\u304f\u3055\u3044\u3002Git\u3092\u5229\u7528\u3057\u3066\u30d5\u30a1\u30a4\u30eb\u306e\u30d0\u30fc\u30b8\u30e7\u30f3\u7ba1\u7406\u3092\u3067\u304d\u308b\u307e\u3067\u306b\u306f\u3044\u305f\u3063\u3066\u3044\u306a\u3044\u3002\n\n\u53c2\u8003\u8cc7\u6599\n1.git-reset\u306f\u7d50\u5c40\u4f55\u3092\u623b\u3059\u306e\u304b\n2.yatemmma/git-lesson.md\n\nGitHub\n\n\n\u73fe\u72b6\nGit\u304b\u3089GitHub\u306bpush\u3059\u308bCUI\u306e\u64cd\u4f5c\u306f\u4e00\u901a\u308a\u77e5\u3063\u3066\u3044\u308b\u304c\u3001\u73fe\u72b6\u306fGitHub\u306e\u30db\u30fc\u30e0\u30da\u30fc\u30b8(GUI)\u3067UploadFile\u30dc\u30bf\u30f3\u3092\u62bc\u3057\u30c9\u30e9\u30c3\u30b0\uff06\u30c9\u30ed\u30c3\u30d7\u3092\u3057\u3066\u30d5\u30a1\u30a4\u30eb\u3092\u30a2\u30c3\u30d7\u30ed\u30fc\u30c9\u3057\u3066\u3044\u308b\u3002\n\n\u7406\u60f3\nGitHub\u306bCUI\u3067\u30d5\u30a1\u30a4\u30eb\u3092\u30a2\u30c3\u30d7\u30ed\u30fc\u30c9\u3059\u308b(push)\n\n\u3053\u3046\u76f4\u3057\u307e\u3057\u305f\nGitHub\u306bpush\u3059\u308bCUI\u306e\u64cd\u4f5c\u306f\u4e00\u901a\u308a\u77e5\u3063\u3066\u3044\u308b\u306e\u3067\u3001\u305d\u308c\u3092\u601d\u3044\u51fa\u3057\u3066\u8a66\u3057\u3066\u307f\u308b\u3002\n\nGitHub\u306bpush\u3059\u308b\u307e\u3067\nharuka@ubuntu:~/newfolder$ git commit -m \"newfile.py\"\n[master (root-commit) 703bbfc] newfile.py\n 1 file changed, 1 insertion(+)\n create mode 100644 newfolder/newfile.py\nharuka@ubuntu:~/newfolder$ git remote add origin \"https://github.com/***/***\"\nharuka@ubuntu:~/newfolder$ git push origin master\nUsername for 'https://github.com': ___\nPassword for 'https://___@github.com': \nCounting objects: 4, done.\nWriting objects: 100% (4/4), 276 bytes | 0 bytes/s, done.\nTotal 4 (delta 0), reused 0 (delta 0)\nTo https://github.com/___/___\n * [new branch]      master -> master\n\n\nGitHub\u3067repository\u3092\u4f5c\u6210\u3057\u305f\u308a\u3001\u3069\u306e\u30d5\u30a9\u30eb\u30c0\u306bpush\u3067\u304d\u305f\u306e\u304b\u3092\u78ba\u8a8d\u3059\u308b\u306e\u3082\u3053\u308c\u304b\u3089\u306fCUI\u3067\u884c\u3063\u3066\u3044\u304d\u305f\u3044\u3002\n\u53c2\u8003\u8cc7\u65991\u306b\u3088\u308b\u3068GitHub\u4e0a\u306e\u64cd\u4f5c\u3092CUI\u304b\u3089\u884c\u3046\u3053\u3068\u304c\u3067\u304d\u308bhub\u30b3\u30de\u30f3\u30c9\u3068\u3044\u3046\u306e\u3082\u3042\u308b\u3089\u3057\u3044\u3002\n\n\u7406\u60f3\u306e\u72b6\u614b\u306b\u306a\u3063\u305f\u304b\nGitHub\u306bCUI\u3067\u30d5\u30a1\u30a4\u30eb\u3092\u30a2\u30c3\u30d7\u30ed\u30fc\u30c9\u3059\u308b(push)\u3068\u3044\u3046\u7406\u60f3\u306e\u72b6\u614b\u306b\u306a\u3063\u305f\n\n\u53c2\u8003\u8cc7\u6599\n1.GitHub\u3092\u4f7f\u3063\u3066\u308b\u306a\u3089hub\u30b3\u30de\u30f3\u30c9\u3092\u4f7f\u3046\u3079\u3057\n\nterminal\n\n\n\u73fe\u72b6\n\u73fe\u72b6\u3001terminal\u3067\u65b0\u3057\u3044Python\u30d5\u30a1\u30a4\u30eb\u3092\u4f5c\u308a2\u56de\u5b9f\u884c\u3059\u308b\u307e\u3067\u306e\u624b\u9806\u3092\u4ee5\u4e0b\u306b\u793a\u3059\u3002\n\n1.vim newfile.py\u3068\u5165\u529b\u3057\u30a8\u30f3\u30bf\u30fc\u3092\u62bc\u3059(vim\u3067\u306e\u7de8\u96c6\u306b\u5207\u308a\u66ff\u308f\u308b)\n2.newfile.py\u3092vim\u3067\u7de8\u96c6\u3057\u3066\u4fdd\u5b58\u3057\u3066\u7d42\u4e86\u30b3\u30de\u30f3\u30c9\u3092\u5165\u529b\u3057\u30a8\u30f3\u30bf\u30fc\u3092\u62bc\u3059(terminal\u3067\u306e\u7de8\u96c6\u306b\u5207\u308a\u66ff\u308f\u308b)\n3.python newfile.py\u3068\u5165\u529b\u3057\u30a8\u30f3\u30bf\u30fc\u3092\u62bc\u3057\u5b9f\u884c\u7d50\u679c\u3092\u78ba\u8a8d\u3059\u308b\n4.\u2191\u30922\u56de\u62bc\u3057(vim newfile.py\u3068\u5165\u529b\u3055\u308c\u3066\u3044\u308b\u72b6\u614b\u306b\u306a\u308b)\u30a8\u30f3\u30bf\u30fc\u3092\u62bc\u3059(vim\u3067\u306e\u7de8\u96c6\u306b\u5207\u308a\u66ff\u308f\u308b)\n5.newfile.py\u3092vim\u3067\u7de8\u96c6\u3057\u3066\u4fdd\u5b58\u3057\u3066\u7d42\u4e86\u30b3\u30de\u30f3\u30c9\u3092\u5165\u529b\u3057\u30a8\u30f3\u30bf\u30fc\u3092\u62bc\u3059(terminal\u3067\u306e\u7de8\u96c6\u306b\u5207\u308a\u66ff\u308f\u308b)\n6.\u2191\u30922\u56de\u62bc\u3057(python newfile.py\u3068\u5165\u529b\u3055\u308c\u3066\u3044\u308b\u72b6\u614b\u306b\u306a\u308b)\u30a8\u30f3\u30bf\u30fc\u3092\u62bc\u3057\u5b9f\u884c\u7d50\u679c\u3092\u78ba\u8a8d\u3059\u308b\n\n\u7121\u99c4\u306a\u6642\u9593\u304c\u591a\u3059\u304e\u308b\u3002\u3053\u306e\u624b\u9806\u3060\u3068terminal\u304bvim\u3001\u3069\u3061\u3089\u304b\u7247\u65b9\u306e\u753b\u9762\u3057\u304b\u8868\u793a\u3067\u304d\u306a\u3044\u3002\n\n\n\u7406\u60f3\n\u30d5\u30a1\u30a4\u30eb\u306e\u5b9f\u884c(terminal)\u3068\u7de8\u96c6(vim)\u30921\u753b\u9762\u3067\u8868\u793a\u3067\u304d\u308b\u3088\u3046\u306b\u3057\u305f\u3044\n\n\u3053\u3046\u76f4\u3057\u307e\u3057\u305f\n\u53c2\u8003\u8cc7\u65991\u3092\u53c2\u8003\u306b\u7aef\u672b\u591a\u91cd\u5316\u30bd\u30d5\u30c8\u30a6\u30a7\u30a2\u3067\u3042\u308btmux\u3092\u5c0e\u5165\u3057\u305f\u3002\ntmux\u5c0e\u5165\u5f8c\u306eterminal\u3067\u65b0\u3057\u3044Python\u30d5\u30a1\u30a4\u30eb\u3092\u4f5c\u308a2\u56de\u5b9f\u884c\u3059\u308b\u307e\u3067\u306e\u624b\u9806\u3092\u4ee5\u4e0b\u306b\u793a\u3059\u3002\n\n1.tmux\u3068\u5165\u529b\u3057\u30a8\u30f3\u30bf\u30fc\u3092\u62bc\u3059\n2.vim newfile.py\u3068\u5165\u529b\u3057\u30a8\u30f3\u30bf\u30fc\u3092\u62bc\u3059(vim\u3067\u306e\u7de8\u96c6\u306b\u5207\u308a\u66ff\u308f\u308b)\n3.newfile.py\u3092vim\u3067\u7de8\u96c6\u3057\u3066\u4fdd\u5b58\u30b3\u30de\u30f3\u30c9\u3092\u5165\u529b\u3059\u308b\n4.Ctrl + b \u2192 Shift + 2 \u3092\u62bc\u3057\u30da\u30a4\u30f3\u3092\u6a2a\u5206\u5272\n5.python newfile.py\u3068\u5165\u529b\u3057\u30a8\u30f3\u30bf\u30fc\u3092\u62bc\u3057\u5b9f\u884c\u7d50\u679c\u3092\u78ba\u8a8d\u3059\u308b\n6.Ctrl + b \u2192 o \u3092\u62bc\u3057terminal\u304b\u3089vim\u306b\u79fb\u52d5\n7.newfile.py\u3092vim\u3067\u7de8\u96c6\u3057\u3066\u4fdd\u5b58\u30b3\u30de\u30f3\u30c9\u3092\u5165\u529b\u3059\u308b\n8.Ctrl + b \u2192 o \u3092\u62bc\u3057vim\u304b\u3089terminal\u306b\u79fb\u52d5\n9.\u2191\u30921\u56de\u62bc\u3057(python newfile.py\u3068\u5165\u529b\u3055\u308c\u3066\u3044\u308b\u72b6\u614b\u306b\u306a\u308b)\u30a8\u30f3\u30bf\u30fc\u3092\u62bc\u3057\u5b9f\u884c\u7d50\u679c\u3092\u78ba\u8a8d\u3059\u308b\n\n\u624b\u9806\u6570\u306f\u3075\u3048\u305f\u304c\u3001\u30d5\u30a1\u30a4\u30eb\u306e\u5b9f\u884c(terminal)\u3068\u7de8\u96c6(vim)\u30921\u753b\u9762\u3067\u8868\u793a\u3067\u304d\u308b\u3088\u3046\u306b\u306a\u308a\u3001\u5b9f\u884c\u7d50\u679c\u3092\u307f\u306a\u304c\u3089\u30d5\u30a1\u30a4\u30eb\u306e\u7de8\u96c6\u3092\u884c\u3048\u308b\u3088\u3046\u306b\u306a\u3063\u305f\u3002\n\n\n\u7406\u60f3\u306e\u72b6\u614b\u306b\u306a\u3063\u305f\u304b\n\u30d5\u30a1\u30a4\u30eb\u306e\u5b9f\u884c(terminal)\u3068\u7de8\u96c6(vim)\u30921\u753b\u9762\u3067\u8868\u793a\u3067\u304d\u308b\u3088\u3046\u306b\u306a\u308a\u7406\u60f3\u306e\u72b6\u614b\u306b\u306a\u3063\u305f\n\n\u53c2\u8003\u8cc7\u6599\n1.tmux\u306e\u57fa\u672c\u7684\u306a\u4f7f\u3044\u65b9\u3068\u30b3\u30de\u30f3\u30c9\u306e\u307e\u3068\u3081\n\n\u611f\u60f3\nVim\u3082Git\u3082GitHub\u3082tmux\u3082\u307e\u3060\u307e\u3060\u6163\u308c\u306a\u304f\u3066\u96e3\u3057\u3044\u3002\n\u305d\u3093\u306a\u8a71\u306f\u7f6e\u3044\u3068\u3044\u3066\u3059\u3053\u3057\u4fbf\u5229\u306b\u306a\u308a\u307e\u3057\u305f( \uff3e\u03c9\uff3e )\n\n\u30d7\u30ed\u30b0\u30e9\u30df\u30f3\u30b0\u3092\u3057\u3066\u3044\u3066\u3042\u307e\u308a\u306b\u3082\u52b9\u7387\u304c\u60aa\u3044\u3068\u611f\u3058\u305f\u306e\u3067\u74b0\u5883\u3092\u4e00\u304b\u3089\u898b\u76f4\u3057\u305f\u3002\n\n\u3053\u306e\u8a18\u4e8b\u306fvim\u30fbGit\u30fbGitHub\u30fbterminal\u306e4\u90e8\u69cb\u6210\u306b\u306a\u3063\u3066\u3044\u308b\u3002\n\u74b0\u5883\u306fPython2.7 + Ubuntu15.10\u3067\u3042\u308b\u3002\n\n#**vim**\n##\u73fe\u72b6\nvim\u306eversion\u306f7.4.712\u3067\u3042\u308a\u3001\u4f7f\u7528\u3057\u59cb\u3081\u3066\u304b\u30891\u30f6\u6708\u304c\u7d4c\u904e\u3057\u305f(\u305d\u306e\u524d\u306fTerapad\u3092\u4f7f\u7528\u3057\u3066\u3044\u305f)\u3002\nvimtutor\u306f\u3044\u307e\u307e\u3067\u306b3\u56de\u884c\u3063\u305f\u3002\nvim\u3067\u666e\u6bb5\u4f7f\u3046\u30b3\u30de\u30f3\u30c9\u306a\u3069\u306f\u4ee5\u4e0b\u306e\u901a\u308a\n>\n`i` \u633f\u5165\u3059\u308b\uff08\u30ce\u30fc\u30de\u30eb\u30e2\u30fc\u30c9\u304b\u3089\u5165\u529b\u30e2\u30fc\u30c9\u306b\u5207\u308a\u66ff\u308f\u308b\uff09\n`vim \"filename.py\"` \"filename\"\u3068\u3044\u3046\u540d\u524d\u306ePython\u306e\u30d5\u30a1\u30a4\u30eb\u3092\u751f\u6210\u3057\u3001\u305d\u306e\u4e2d\u8eab\u3092vim\u3067\u7de8\u96c6\u3059\u308b\n`:wq` vim\u3067\u306e\u30d5\u30a1\u30a4\u30eb\u7de8\u96c6\u3092\u4fdd\u5b58\u3057\u3066\u7d42\u4e86\u3059\u308b\n`ESC` \u5165\u529b\u30e2\u30fc\u30c9\u30fb\u30d3\u30b8\u30e5\u30a2\u30eb\u30e2\u30fc\u30c9\u30fb\u30b3\u30de\u30f3\u30c9\u30e9\u30a4\u30f3\u30e2\u30fc\u30c9\u306e3\u3064\u306e\u30e2\u30fc\u30c9\u304b\u3089\u30ce\u30fc\u30de\u30eb\u30e2\u30fc\u30c9\u306b\u5207\u308a\u66ff\u3048\u308b\n`v` \u30d3\u30b8\u30e5\u30a2\u30eb\u30e2\u30fc\u30c9\u306b\u5207\u308a\u66ff\u3048\u308b\n`:` \u30b3\u30de\u30f3\u30c9\u30e9\u30a4\u30f3\u30e2\u30fc\u30c9\u306b\u5207\u308a\u66ff\u3048\u308b\n`Ctrl + v` \u77e9\u5f62\u30d3\u30b8\u30e5\u30a2\u30eb\u30e2\u30fc\u30c9\n`gg` \u30d5\u30a1\u30a4\u30eb\u306e\u5148\u982d\u307e\u3067\u30ab\u30fc\u30bd\u30eb\u3092\u79fb\u52d5\u3059\u308b\n`*g` *\u884c\u76ee\u306bjump\u3059\u308b\n`r` \u30ce\u30fc\u30de\u30eb\u30e2\u30fc\u30c9\u30671\u6587\u5b57\u3060\u3051\u7f6e\u63db\u3067\u304d\u308b\n`:%s/\u308a\u3093\u3054/\u3070\u306a\u306a/g` \u6587\u66f8\u5168\u4f53\u306e\u308a\u3093\u3054\u3092\u3070\u306a\u306a\u306b\u7f6e\u304d\u63db\u3048\u308b\n`u` 1\u56de\u5dfb\u304d\u623b\u3057\n`dw` \u30ce\u30fc\u30de\u30eb\u30e2\u30fc\u30c9\u30671\u5358\u8a9e\u3092\u524a\u9664\u3059\u308b\n`$` \u884c\u306e\u6700\u5f8c\u306b\u30ab\u30fc\u30bd\u30eb\u3092\u79fb\u52d5\u3059\u308b\n`dd` \u30ce\u30fc\u30de\u30eb\u30e2\u30fc\u30c9\u30671\u884c\u524a\u9664\u3059\u308b\n`y` \u30e4\u30f3\u30af(\u30b3\u30d4\u30fc)\n`p` \u30da\u30fc\u30b9\u30c8\n\u30ab\u30fc\u30bd\u30eb\u79fb\u52d5\u306fhjkl\u3067\u306f\u306a\u304f\u2190\u2193\u2191\u2192\u3092\u4f7f\u7528\u3057\u3066\u3044\u308b\n\n##\u7406\u60f3\n1. \u73fe\u72b6\u3067\u306f\u30bf\u30d6\u3092\u62bc\u3057\u305f\u6642\u306b8\u30de\u30b9\u79fb\u52d5\u3059\u308b\u304c2\u30de\u30b9\u79fb\u52d5\u3059\u308b\u3088\u3046\u306b\u3057\u305f\u3044(\u73fe\u72b6\u3067\u306f\u30a4\u30f3\u30c7\u30f3\u30c8\u306f\u30b9\u30da\u30fc\u30b9\u3092\u3061\u307e\u3061\u307e\u3046\u3063\u3066\u3044\u308b)\n2. Python\u306e\u30a4\u30f3\u30c7\u30f3\u30c8\u3092\u308f\u304b\u308a\u3084\u3059\u304f\u8868\u793a\u3059\u308b\u3088\u3046\u306b\u3057\u305f\u3044\n3. \u8907\u6570\u884c\u540c\u6642\u306b\u7e26\u306b\u7a7a\u767d\u3092\u633f\u5165\u3057\u305f\u3044\n\n##\u3053\u3046\u76f4\u3057\u307e\u3057\u305f\n1.\u73fe\u72b6\u3067\u306f\u30bf\u30d6\u3092\u62bc\u3057\u305f\u6642\u306b8\u30de\u30b9\u79fb\u52d5\u3059\u308b\u304c2\u30de\u30b9\u306b\u3057\u305f\u3044\u306b\u95a2\u3057\u3066\n\n[\u53c2\u8003\u8cc7\u65992](http://vimblog.hatenablog.com/entry/vimrc_set_tab_indent_options)\u306b\u3088\u308b\u3068.vimrc\u3092\u7de8\u96c6\u3057\u3066set tabstop=2\u3068\u3059\u308c\u3070\u3088\u3044\u3068\u306e\u3053\u3068\u3002\u3057\u304b\u3057\u3001\u305d\u3082\u305d\u3082.vimrc\u304c\u306a\u306b\u304b\u3055\u3048\u77e5\u3089\u306a\u3044\u3002\n[\u53c2\u8003\u8cc7\u65991](http://vimblog.hatenablog.com/entry/vimrc_introduction)\u304b\u3089.vimrc\u306fvim\u306e\u8a2d\u5b9a\u30d5\u30a1\u30a4\u30eb\u306e\u3053\u3068\u3067/home/\u30e6\u30fc\u30b6\u30fc\u540d/.vimrc\u306b\u3042\u308b\u3068\u77e5\u3063\u305f\u3002[\u53c2\u8003\u8cc7\u65993](http://qiita.com/tetsuya/items/75987487ffac42250d3b)\u3092\u307f\u3066terminal\u3067\u30b3\u30de\u30f3\u30c9\u3092\u5165\u529b\u3057.vimrc\u3092\u7de8\u96c6\u3057\u305f(\u4ee5\u4e0b\u306b\u8a18\u3059)\u3002\n\u3053\u308c\u3067\u30bf\u30d6\u3092\u62bc\u3057\u305f\u6642\u306b2\u30de\u30b9\u79fb\u52d5\u3059\u308b\u3088\u3046\u306b\u306a\u3063\u305f\u3002\n\n```text:.vimrc\u306e\u7de8\u96c6\u3092\u3059\u308b\u307e\u3067\nharuka@ubuntu:~$ echo $HOME\n/home/haruka\nharuka@ubuntu:~$ cd /home/haruka\nharuka@ubuntu:~$ vim .vimrc\n```\n\n```vim:.vimrc\nset tabstop=2 \"\u753b\u9762\u4e0a\u3067\u30bf\u30d6\u6587\u5b57\u304c\u5360\u3081\u308b\u5e45\n```\n\n2.Python\u306e\u30a4\u30f3\u30c7\u30f3\u30c8\u3092\u308f\u304b\u308a\u3084\u3059\u304f\u8868\u793a\u3059\u308b\u3088\u3046\u306b\u3057\u305f\u3044\u306b\u95a2\u3057\u3066\n\n\u30a4\u30f3\u30c7\u30f3\u30c8\u3092\u7dba\u9e97\u306b\u8868\u793a\u3059\u308b\u591a\u6570\u306evim\u30d7\u30e9\u30b0\u30a4\u30f3\u304c\u5b58\u5728\u3059\u308b\u3002\u3057\u304b\u3057\u3001vim\u30d7\u30e9\u30b0\u30a4\u30f3\u304c\u306a\u306b\u304b\u3055\u3048\u77e5\u3089\u306a\u3044\u3002\n[\u53c2\u8003\u8cc7\u65997](http://nanasi.jp/articles/howto/note/powerlaunch-20100409.html#id2)\u306b\u3088\u308b\u3068vim\u30d7\u30e9\u30b0\u30a4\u30f3\u3068\u306fvim\u306e\u6a5f\u80fd\u3092\u62e1\u5f35\u3059\u308b\u4ed5\u7d44\u307f\u306e\u3053\u3068\u3089\u3057\u3044\u3002\n\u307e\u305f\u3001[\u53c2\u8003\u8cc7\u65994](http://qiita.com/delphinus35/items/00ff2c0ba972c6e41542)\u30fb[\u53c2\u8003\u8cc7\u65995](http://qiita.com/yoza/items/2f8bd33a18225754f346)\u304b\u3089dein.vim\u3068\u3044\u3046vim\u30d7\u30e9\u30b0\u30a4\u30f3\u3092\u7ba1\u7406\u3059\u308bvim\u30d7\u30e9\u30b0\u30a4\u30f3\u30de\u30cd\u30fc\u30b8\u30e3\u3092\u77e5\u308a\u5c0e\u5165\u3092\u8a66\u307f\u305f\u3002\u3057\u304b\u3057\u3001.vimrc\u3084dein\u306e\u8a2d\u5b9a\u4e2d\u306b\u30a8\u30e9\u30fc\u304c\u51fa\u308b\u3088\u3046\u306b\u306a\u308a\u3001\u5c0e\u5165\u3059\u308b\u3053\u3068\u304c\u51fa\u6765\u306a\u304b\u3063\u305f\u3002\u5931\u6557\n\n```text:vim\u30d7\u30e9\u30b0\u30a4\u30f3\u30de\u30cd\u30fc\u30b8\u30e3\u3092\u77e5\u308a\u5c0e\u5165\u3092\u8a66\u307f\u3066\u5931\u6557\u3057\u305f\u3084\u3064\nharuka@ubuntu:~$ git clone https://github.com/Shougo/dein.vim.git \\\n ~/.vim/dein/repos/github.com/Shougo/dein.vim\nCloning into '/home/haruka/.vim/dein/repos/github.com/Shougo/dein.vim'...\nremote: Counting objects: 3227, done.\nremote: Compressing objects: 100% (30/30), done.\nremote: Total 3227 (delta 10), reused 0 (delta 0), pack-reused 3194\nReceiving objects: 100% (3227/3227), 533.97 KiB | 227.00 KiB/s, done.\nResolving deltas: 100% (1867/1867), done.\nChecking connectivity... done.\nharuka@ubuntu:~$ vim .vimrc\nharuka@ubuntu:~$ cd ~/.vim\nharuka@ubuntu:~/.vim$ ls\ndein\nharuka@ubuntu:~/.vim$ vim dein\n:!git clone https://github.com/Shougo/dein.vim /home/haruka/.cache/dein/repos/github.com/Shougo/dein.vim\nCloning into '/home/haruka/.cache/dein/repos/github.com/Shougo/dein.vim'...\nremote: Counting objects: 3227, done.\nremote: Compressing objects: 100% (30/30), done.\nremote: Total 3227 (delta 10), reused 0 (delta 0), pack-reused 3194\nReceiving objects: 100% (3227/3227), 533.97 KiB | 229.00 KiB/s, done.\nResolving deltas: 100% (1867/1867), done.\nChecking connectivity... done.\n\u7d9a\u3051\u308b\u306b\u306fENTER\u3092\u62bc\u3059\u304b\u30b3\u30de\u30f3\u30c9\u3092\u5165\u529b\u3057\u3066\u304f\u3060\u3055\u3044\n[1]+  \u505c\u6b62                  vim dein\nharuka@ubuntu:~/.vim$ mkdir rc\nharuka@ubuntu:~/.vim$ cd rc\nharuka@ubuntu:~/.vim/rc$ vim dein.toml\n/home/haruka/.vimrc \u306e\u51e6\u7406\u4e2d\u306b\u30a8\u30e9\u30fc\u304c\u691c\u51fa\u3055\u308c\u307e\u3057\u305f:\n\u884c   21:\nE121: \u672a\u5b9a\u7fa9\u306e\u5909\u6570\u3067\u3059: g:rc_dir\nE15: \u7121\u52b9\u306a\u5f0f\u3067\u3059: g:rc_dir . '/dein.toml'\n\u7d9a\u3051\u308b\u306b\u306fENTER\u3092\u62bc\u3059\u304b\u30b3\u30de\u30f3\u30c9\u3092\u5165\u529b\u3057\u3066\u304f\u3060\u3055\u3044\nharuka@ubuntu:~$ vim .vimrc\nfunction dein#add..dein#parse#_add..dein#parse#_init \u306e\u51e6\u7406\u4e2d\u306b\u30a8\u30e9\u30fc\u304c\u691c\u51fa\u3055\u308c\u307e\u3057\u305f:\n\u884c    1:\nE715: \u8f9e\u66f8\u578b\u304c\u5fc5\u8981\u3067\u3059\nfunction dein#add..dein#parse#_add..dein#parse#_init..1..2 \u306e\u51e6\u7406\u4e2d\u306b\u30a8\u30e9\u30fc\u304c\u691c\u51fa\u3055\u308c\u307e\u3057\u305f:\n\u884c   17:\nE712: get() \u306e\u5f15\u6570\u306f\u30ea\u30b9\u30c8\u578b\u307e\u305f\u306f\u8f9e\u66f8\u578b\u3067\u306a\u3051\u308c\u3070\u306a\u308a\u307e\u305b\u3093\nfunction dein#add..dein#parse#_add..dein#parse#_dict \u306e\u51e6\u7406\u4e2d\u306b\u30a8\u30e9\u30fc\u304c\u691c\u51fa\u3055\u308c\u307e\u3057\u305f:\n\u884c    6:\nE712: extend() \u306e\u5f15\u6570\u306f\u30ea\u30b9\u30c8\u578b\u307e\u305f\u306f\u8f9e\u66f8\u578b\u3067\u306a\u3051\u308c\u3070\u306a\u308a\u307e\u305b\u3093\n```\n\n```vim:.vimrc\nset tabstop=2 \"\u753b\u9762\u4e0a\u3067\u30bf\u30d6\u6587\u5b57\u304c\u5360\u3081\u308b\u5e45\n\nif &compatible\n  set nocompatible\nendif\nset runtimepath+=~/.vim/dein/repos/github.com/Shougo/dein.vim\n\ncall dein#begin(expand('~/.vim/dein'))\n\ncall dein#add('Shougo/dein.vim')\ncall dein#add('Shougo/vimproc.vim', 'make')\n\ncall dein#add('Shougo/neocomplete.vim')\ncall dein#add('Shougo/neomru.vim')\ncall dein#add('Shougo/neosnippet')\n\ncall dein#end()\n```\n\n3.\u8907\u6570\u884c\u540c\u6642\u306b\u7e26\u306b\u7a7a\u767d\u3092\u633f\u5165\u3057\u305f\u3044\u306b\u95a2\u3057\u3066\n\n[\u53c2\u8003\u8cc7\u65996](http://qiita.com/ebisu7/items/f43beb322d0dd1bbe3e4)\u3088\u308a Ctrl + v \u2192 Shift + i \u2192 \u7a7a\u767d(\u30b9\u30da\u30fc\u30b9) \u2192 ESC \u3067\u8907\u6570\u884c\u540c\u6642\u306b\u7e26\u306b\u7a7a\u767d\u3092\u633f\u5165\u3067\u304d\u305f\n\n##\u7406\u60f3\u306e\u72b6\u614b\u306b\u306a\u3063\u305f\u304b\n1.\u30bf\u30d6\u3092\u62bc\u3057\u305f\u6642\u306b2\u30de\u30b9\u79fb\u52d5\u3059\u308b\u3068\u3044\u3046\u7406\u60f3\u306e\u72b6\u614b\u306b\u306a\u3063\u305f\n2.Python\u306e\u30a4\u30f3\u30c7\u30f3\u30c8\u3092\u308f\u304b\u308a\u3084\u3059\u304f\u8868\u793a\u3059\u308b\u305f\u3081\u306bvim\u30d7\u30e9\u30b0\u30a4\u30f3\u3092\u3044\u308c\u305f\u3044\u2192\u305d\u306e\u524d\u306bvim\u30d7\u30e9\u30b0\u30a4\u30f3\u30de\u30cd\u30fc\u30b8\u30e3\u3092\u5c0e\u5165\u3057\u3088\u3046\u2192\u5931\u6557\n3.\u8907\u6570\u884c\u540c\u6642\u306b\u7e26\u306b\u7a7a\u767d\u3092\u633f\u5165\u3067\u304d\u308b\u3068\u3044\u3046\u30b3\u30de\u30f3\u30c9\u3092\u899a\u3048\u3001\u7406\u60f3\u306e\u72b6\u614b\u306b\u306a\u3063\u305f\n\n##\u53c2\u8003\u8cc7\u6599\n1.[Vim \u306e\u30ab\u30b9\u30bf\u30de\u30a4\u30ba \u301c\u5c0e\u5165\u7de8\u301c](http://vimblog.hatenablog.com/entry/vimrc_introduction)\n2.[Vim \u306e\u30ab\u30b9\u30bf\u30de\u30a4\u30ba \u301c \u30bf\u30d6/\u30a4\u30f3\u30c7\u30f3\u30c8\u306e\u8a2d\u5b9a \u301c](http://vimblog.hatenablog.com/entry/vimrc_set_tab_indent_options)\n3.[Vim\u306e\u8a2d\u5b9a\u30d5\u30a1\u30a4\u30eb\u3092\u4f5c\u308b](http://qiita.com/tetsuya/items/75987487ffac42250d3b)\n4.[NeoBundle \u304b\u3089 dein.vim \u306b\u4e57\u308a\u63db\u3048\u305f\u3089\u7206\u901f\u3060\u3063\u305f\u8a71](http://qiita.com/delphinus35/items/00ff2c0ba972c6e41542)\n5.[dein.vim\u3092\u4f7f\u3063\u3066\u307f\u308b](http://qiita.com/yoza/items/2f8bd33a18225754f346)\n6.[\u8907\u6570\u884c\u306b\u5bfe\u3057\u3066\u77e9\u5f62\u9078\u629e\u304b\u3089\u306e\u633f\u5165](http://qiita.com/ebisu7/items/f43beb322d0dd1bbe3e4)\n7.[\u30d1\u30ef\u30fc\u30e9\u30f3\u30c1\uff082010/04/09\uff09 Vim\u306e\u8a71](http://nanasi.jp/articles/howto/note/powerlaunch-20100409.html#id2)\n\n#**Git**\n##\u73fe\u72b6\nCUI\u306e\u64cd\u4f5c\u306fGit\u304b\u3089GitHub\u306bpush\u3059\u308b\u307e\u3067\u306e\u4e00\u9023\u306e\u52d5\u4f5c(git init, git add \"Filename\", git status, git commit -m \"commit comment\", git log, git remote add origin \"URL\", git push origin master, git config --list)\u306f\u77e5\u3063\u3066\u3044\u308b\u3002\u30d6\u30e9\u30f3\u30c1\u306f\u540d\u524d\u3092\u805e\u3044\u305f\u3053\u3068\u304c\u3042\u308b\u7a0b\u5ea6\u3002\n\u30b3\u30de\u30f3\u30c9\u3092\u4f55\u56de\u3082\u5165\u529b\u3057\u305f\u308aGitHub\u3078push\u3059\u308b\u3068\u304d\u306b\u3044\u3061\u3044\u3061username\u3068Password\u3092\u5165\u529b\u3059\u308b\u306e\u304c\u3081\u3093\u3069\u304f\u3055\u304f\u3066\u5c0e\u5165\u3092\u3042\u304d\u3089\u3081\u3066\u3057\u307e\u3063\u305f\u3002\u73fe\u5728\u306fGit\u3092\u4f7f\u7528\u3057\u3066\u3044\u306a\u3044\u3002\n##\u7406\u60f3\nGit\u3092\u5229\u7528\u3057\u3066\u30d5\u30a1\u30a4\u30eb\u306e\u30d0\u30fc\u30b8\u30e7\u30f3\u7ba1\u7406\u3092\u3067\u304d\u308b\u3088\u3046\u306b\u3059\u308b\u3002\u7279\u306b\u30d5\u30a1\u30a4\u30eb\u30921\u3064\u524d\u306e\u30d0\u30fc\u30b8\u30e7\u30f3\u306b\u3059\u3050\u623b\u308c\u308b\u3088\u3046\u306a\u74b0\u5883\u306b\u6574\u3048\u305f\u3044\u3002\n##\u3053\u3046\u76f4\u3057\u307e\u3057\u305f\n\"\u30d5\u30a1\u30a4\u30eb\u30921\u3064\u524d\u306e\u30d0\u30fc\u30b8\u30e7\u30f3\u306b\u3059\u3050\u623b\u308c\u308b\u3088\u3046\u306a\u74b0\u5883\" = 1\u3064\u524d\u306e\u30b3\u30df\u30c3\u30c8\u306b\u623b\u3059\u3068\u3044\u3046\u3053\u3068\u3089\u3057\u3044\u3002[\u53c2\u8003\u8cc7\u65991](http://qiita.com/fnobi/items/ec036c1b5d7ee5a8517c)\u3092\u898b\u305f\u304cHEAD\u3068\u304bhard\u3068\u304bsoft\u3068\u304b\u5168\u7136\u8a33\u304c\u308f\u304b\u3089\u306a\u304b\u3063\u305f\u306e\u3067\u3001\u3068\u308a\u3042\u3048\u305a\u4f7f\u3063\u3066\u307f\u305f\u3002\n\n```text:reset\u30671\u3064\u524d\u306e\u30b3\u30df\u30c3\u30c8\u306b\u623b\u305d\u3046\u3068\u3057\u3066\u5931\u6557\nharuka@ubuntu:~/git$ git init\nInitialized empty Git repository in /home/haruka/git/.git/\nharuka@ubuntu:~/git$ vim test.txt\u3000#\u3053\u306e\u6642test.txt\u306b\u306finuneko\u3068\u6587\u5b57\u5217\u3092\u66f8\u304d\u8fbc\u3093\u3060\nharuka@ubuntu:~/git$ git add \"test.txt\"\nharuka@ubuntu:~/git$ git status\nOn branch master\nChanges to be committed:\n  (use \"git reset HEAD <file>...\" to unstage)\n\tnew file:   test.txt\nharuka@ubuntu:~/git$ git commit -m \"inuneko\"\n[master a4f6bee] inuneko\n 1 file changed, 1 insertion(+)\n create mode 100644 test.txt\nharuka@ubuntu:~/git$ vim test.txt\u3000#\u3055\u304d\u307b\u3069\u306einuneko\u3068\u66f8\u304d\u8fbc\u3093\u3060\u30d5\u30a1\u30a4\u30eb\u3092inu\u3068\u6587\u5b57\u5217\u3092\u7de8\u96c6\u3057\u3066\u4fdd\u5b58\u3057\u3066\u7d42\u4e86\u3057\u305f\nharuka@ubuntu:~/git$ git add \"test.txt\"\nharuka@ubuntu:~/git$ git commit -m \"inu\"\n[master f1f17ab] inu\n 1 file changed, 1 insertion(+), 1 deletion(-)\nharuka@ubuntu:~/git$ git reset \"test.txt\" #reset\u3057\u30661\u3064\u524d\u306ecommit\u306einukeko\u3068\u66f8\u304d\u8fbc\u3093\u3060\u30d5\u30a1\u30a4\u30eb\u306b\u623b\u308b\u306e\u304b\u306a\u30fc\nharuka@ubuntu:~/git$ vim test.txt\u3000#test.txt\u3092\u958b\u304f\u3068\u3000inu\u3000\u3068\u8868\u793a\u3055\u308c\u308b\u3000\u5931\u6557\nharuka@ubuntu:~/git$ git reset #\u30aa\u30d7\u30b7\u30e7\u30f3\u306a\u3057\u3067reset\u3057\u3066\u307f\u308b\nharuka@ubuntu:~/git$ vim test.txt\u3000#test.txt\u3092\u958b\u304f\u3068\u3000inu\u3000\u3068\u8868\u793a\u3055\u308c\u308b\u3000\u5931\u6557\n```\n\n\u3053\u3053\u3067[\u53c2\u8003\u8cc7\u65992](https://gist.github.com/yatemmma/6486028)\u306eLeval3-6\u3092\u3084\u3063\u3066\u307f\u308b\u3002\n\n```text:checkout_Revision\u30671\u3064\u524d\u306e\u30b3\u30df\u30c3\u30c8\u306b\u623b\u3059\u306e\u6210\u529f\u3057\u305f\u3084\u3064\nharuka@ubuntu:~/git$ git log\ncommit f1f17abd8276d1414aaec7df0dc01567e927b0d2\nAuthor: ___ <_@_>\nDate:   Sat May 21 16:47:30 2016 +0900\n    inu\ncommit a4f6bee1a5677bd2b2c1219feeb83aa4f79eea67\nAuthor: ___ <_@_>\nDate:   Sat May 21 16:46:22 2016 +0900\n    inuneko\nharuka@ubuntu:~/git$ git checkout a4f6bee1a5677bd2b2c1219feeb83aa4f79eea67 \"test.txt\" #inuneko\u6642\u306etest.txt\u306b\u623b\u3059\u305f\u3081inuneko\u6642\u306ecommit\u306eRevision\u3092\u6307\u5b9a\u3057\u3066checkout\u30b3\u30de\u30f3\u30c9\u3092\u5165\u529b\nharuka@ubuntu:~/git$ vim test.txt #inuneko\u306b\u623b\u3063\u305f\u3000\u6210\u529f\n```\n\n##\u7406\u60f3\u306e\u72b6\u614b\u306b\u306a\u3063\u305f\u304b\n\u30d5\u30a1\u30a4\u30eb\u30921\u3064\u524d\u306e\u30d0\u30fc\u30b8\u30e7\u30f3\u306b\u3059\u3050\u623b\u308c\u308b\u3088\u3046\u306a\u74b0\u5883\u306b\u6574\u3048\u308b\u3053\u3068\u306f\u3067\u304d\u305f\u304c\u3001\u3084\u3063\u3071\u308a\u3081\u3093\u3069\u304f\u3055\u3044\u3002Git\u3092\u5229\u7528\u3057\u3066\u30d5\u30a1\u30a4\u30eb\u306e\u30d0\u30fc\u30b8\u30e7\u30f3\u7ba1\u7406\u3092\u3067\u304d\u308b\u307e\u3067\u306b\u306f\u3044\u305f\u3063\u3066\u3044\u306a\u3044\u3002\n##\u53c2\u8003\u8cc7\u6599\n1.[git-reset\u306f\u7d50\u5c40\u4f55\u3092\u623b\u3059\u306e\u304b](http://qiita.com/fnobi/items/ec036c1b5d7ee5a8517c)\n2.[yatemmma/git-lesson.md](https://gist.github.com/yatemmma/6486028)\n\n#**GitHub**\n##\u73fe\u72b6\nGit\u304b\u3089GitHub\u306bpush\u3059\u308bCUI\u306e\u64cd\u4f5c\u306f\u4e00\u901a\u308a\u77e5\u3063\u3066\u3044\u308b\u304c\u3001\u73fe\u72b6\u306fGitHub\u306e\u30db\u30fc\u30e0\u30da\u30fc\u30b8(GUI)\u3067UploadFile\u30dc\u30bf\u30f3\u3092\u62bc\u3057\u30c9\u30e9\u30c3\u30b0\uff06\u30c9\u30ed\u30c3\u30d7\u3092\u3057\u3066\u30d5\u30a1\u30a4\u30eb\u3092\u30a2\u30c3\u30d7\u30ed\u30fc\u30c9\u3057\u3066\u3044\u308b\u3002\n##\u7406\u60f3\nGitHub\u306bCUI\u3067\u30d5\u30a1\u30a4\u30eb\u3092\u30a2\u30c3\u30d7\u30ed\u30fc\u30c9\u3059\u308b(push)\n##\u3053\u3046\u76f4\u3057\u307e\u3057\u305f\nGitHub\u306bpush\u3059\u308bCUI\u306e\u64cd\u4f5c\u306f\u4e00\u901a\u308a\u77e5\u3063\u3066\u3044\u308b\u306e\u3067\u3001\u305d\u308c\u3092\u601d\u3044\u51fa\u3057\u3066\u8a66\u3057\u3066\u307f\u308b\u3002\n\n```text:GitHub\u306bpush\u3059\u308b\u307e\u3067\nharuka@ubuntu:~/newfolder$ git commit -m \"newfile.py\"\n[master (root-commit) 703bbfc] newfile.py\n 1 file changed, 1 insertion(+)\n create mode 100644 newfolder/newfile.py\nharuka@ubuntu:~/newfolder$ git remote add origin \"https://github.com/***/***\"\nharuka@ubuntu:~/newfolder$ git push origin master\nUsername for 'https://github.com': ___\nPassword for 'https://___@github.com': \nCounting objects: 4, done.\nWriting objects: 100% (4/4), 276 bytes | 0 bytes/s, done.\nTotal 4 (delta 0), reused 0 (delta 0)\nTo https://github.com/___/___\n * [new branch]      master -> master\n```\n\nGitHub\u3067repository\u3092\u4f5c\u6210\u3057\u305f\u308a\u3001\u3069\u306e\u30d5\u30a9\u30eb\u30c0\u306bpush\u3067\u304d\u305f\u306e\u304b\u3092\u78ba\u8a8d\u3059\u308b\u306e\u3082\u3053\u308c\u304b\u3089\u306fCUI\u3067\u884c\u3063\u3066\u3044\u304d\u305f\u3044\u3002\n[\u53c2\u8003\u8cc7\u65991](http://shoma2da.hatenablog.com/entry/2014/03/26/222802)\u306b\u3088\u308b\u3068GitHub\u4e0a\u306e\u64cd\u4f5c\u3092CUI\u304b\u3089\u884c\u3046\u3053\u3068\u304c\u3067\u304d\u308bhub\u30b3\u30de\u30f3\u30c9\u3068\u3044\u3046\u306e\u3082\u3042\u308b\u3089\u3057\u3044\u3002\n##\u7406\u60f3\u306e\u72b6\u614b\u306b\u306a\u3063\u305f\u304b\nGitHub\u306bCUI\u3067\u30d5\u30a1\u30a4\u30eb\u3092\u30a2\u30c3\u30d7\u30ed\u30fc\u30c9\u3059\u308b(push)\u3068\u3044\u3046\u7406\u60f3\u306e\u72b6\u614b\u306b\u306a\u3063\u305f\n##\u53c2\u8003\u8cc7\u6599\n1.[GitHub\u3092\u4f7f\u3063\u3066\u308b\u306a\u3089hub\u30b3\u30de\u30f3\u30c9\u3092\u4f7f\u3046\u3079\u3057](http://shoma2da.hatenablog.com/entry/2014/03/26/222802)\n\n#**terminal**\n##\u73fe\u72b6\n\u73fe\u72b6\u3001terminal\u3067\u65b0\u3057\u3044Python\u30d5\u30a1\u30a4\u30eb\u3092\u4f5c\u308a2\u56de\u5b9f\u884c\u3059\u308b\u307e\u3067\u306e\u624b\u9806\u3092\u4ee5\u4e0b\u306b\u793a\u3059\u3002\n>\n1.vim newfile.py\u3068\u5165\u529b\u3057\u30a8\u30f3\u30bf\u30fc\u3092\u62bc\u3059(vim\u3067\u306e\u7de8\u96c6\u306b\u5207\u308a\u66ff\u308f\u308b)\n2.newfile.py\u3092vim\u3067\u7de8\u96c6\u3057\u3066\u4fdd\u5b58\u3057\u3066\u7d42\u4e86\u30b3\u30de\u30f3\u30c9\u3092\u5165\u529b\u3057\u30a8\u30f3\u30bf\u30fc\u3092\u62bc\u3059(terminal\u3067\u306e\u7de8\u96c6\u306b\u5207\u308a\u66ff\u308f\u308b)\n3.python newfile.py\u3068\u5165\u529b\u3057\u30a8\u30f3\u30bf\u30fc\u3092\u62bc\u3057\u5b9f\u884c\u7d50\u679c\u3092\u78ba\u8a8d\u3059\u308b\n4.\u2191\u30922\u56de\u62bc\u3057(vim newfile.py\u3068\u5165\u529b\u3055\u308c\u3066\u3044\u308b\u72b6\u614b\u306b\u306a\u308b)\u30a8\u30f3\u30bf\u30fc\u3092\u62bc\u3059(vim\u3067\u306e\u7de8\u96c6\u306b\u5207\u308a\u66ff\u308f\u308b)\n5.newfile.py\u3092vim\u3067\u7de8\u96c6\u3057\u3066\u4fdd\u5b58\u3057\u3066\u7d42\u4e86\u30b3\u30de\u30f3\u30c9\u3092\u5165\u529b\u3057\u30a8\u30f3\u30bf\u30fc\u3092\u62bc\u3059(terminal\u3067\u306e\u7de8\u96c6\u306b\u5207\u308a\u66ff\u308f\u308b)\n6.\u2191\u30922\u56de\u62bc\u3057(python newfile.py\u3068\u5165\u529b\u3055\u308c\u3066\u3044\u308b\u72b6\u614b\u306b\u306a\u308b)\u30a8\u30f3\u30bf\u30fc\u3092\u62bc\u3057\u5b9f\u884c\u7d50\u679c\u3092\u78ba\u8a8d\u3059\u308b\n![Screenshot from 2016-05-21 19-01-41.png](https://qiita-image-store.s3.amazonaws.com/0/124324/f75c5076-7bc0-c40b-3b40-60b1143ec025.png)\n\u7121\u99c4\u306a\u6642\u9593\u304c\u591a\u3059\u304e\u308b\u3002\u3053\u306e\u624b\u9806\u3060\u3068terminal\u304bvim\u3001\u3069\u3061\u3089\u304b\u7247\u65b9\u306e\u753b\u9762\u3057\u304b\u8868\u793a\u3067\u304d\u306a\u3044\u3002\n\n##\u7406\u60f3\n\u30d5\u30a1\u30a4\u30eb\u306e\u5b9f\u884c(terminal)\u3068\u7de8\u96c6(vim)\u30921\u753b\u9762\u3067\u8868\u793a\u3067\u304d\u308b\u3088\u3046\u306b\u3057\u305f\u3044\n##\u3053\u3046\u76f4\u3057\u307e\u3057\u305f\n[\u53c2\u8003\u8cc7\u65991](http://www.task-notes.com/entry/20150711/1436583600)\u3092\u53c2\u8003\u306b\u7aef\u672b\u591a\u91cd\u5316\u30bd\u30d5\u30c8\u30a6\u30a7\u30a2\u3067\u3042\u308btmux\u3092\u5c0e\u5165\u3057\u305f\u3002\ntmux\u5c0e\u5165\u5f8c\u306eterminal\u3067\u65b0\u3057\u3044Python\u30d5\u30a1\u30a4\u30eb\u3092\u4f5c\u308a2\u56de\u5b9f\u884c\u3059\u308b\u307e\u3067\u306e\u624b\u9806\u3092\u4ee5\u4e0b\u306b\u793a\u3059\u3002\n>\n1.tmux\u3068\u5165\u529b\u3057\u30a8\u30f3\u30bf\u30fc\u3092\u62bc\u3059\n2.vim newfile.py\u3068\u5165\u529b\u3057\u30a8\u30f3\u30bf\u30fc\u3092\u62bc\u3059(vim\u3067\u306e\u7de8\u96c6\u306b\u5207\u308a\u66ff\u308f\u308b)\n3.newfile.py\u3092vim\u3067\u7de8\u96c6\u3057\u3066\u4fdd\u5b58\u30b3\u30de\u30f3\u30c9\u3092\u5165\u529b\u3059\u308b\n4.Ctrl + b \u2192 Shift + 2 \u3092\u62bc\u3057\u30da\u30a4\u30f3\u3092\u6a2a\u5206\u5272\n5.python newfile.py\u3068\u5165\u529b\u3057\u30a8\u30f3\u30bf\u30fc\u3092\u62bc\u3057\u5b9f\u884c\u7d50\u679c\u3092\u78ba\u8a8d\u3059\u308b\n6.Ctrl + b \u2192 o \u3092\u62bc\u3057terminal\u304b\u3089vim\u306b\u79fb\u52d5\n7.newfile.py\u3092vim\u3067\u7de8\u96c6\u3057\u3066\u4fdd\u5b58\u30b3\u30de\u30f3\u30c9\u3092\u5165\u529b\u3059\u308b\n8.Ctrl + b \u2192 o \u3092\u62bc\u3057vim\u304b\u3089terminal\u306b\u79fb\u52d5\n9.\u2191\u30921\u56de\u62bc\u3057(python newfile.py\u3068\u5165\u529b\u3055\u308c\u3066\u3044\u308b\u72b6\u614b\u306b\u306a\u308b)\u30a8\u30f3\u30bf\u30fc\u3092\u62bc\u3057\u5b9f\u884c\u7d50\u679c\u3092\u78ba\u8a8d\u3059\u308b\n![Screenshot from 2016-05-21 22-41-41.png](https://qiita-image-store.s3.amazonaws.com/0/124324/8ba74d08-5187-ebe1-9a68-51fe42a52ac0.png)\n\u624b\u9806\u6570\u306f\u3075\u3048\u305f\u304c\u3001\u30d5\u30a1\u30a4\u30eb\u306e\u5b9f\u884c(terminal)\u3068\u7de8\u96c6(vim)\u30921\u753b\u9762\u3067\u8868\u793a\u3067\u304d\u308b\u3088\u3046\u306b\u306a\u308a\u3001\u5b9f\u884c\u7d50\u679c\u3092\u307f\u306a\u304c\u3089\u30d5\u30a1\u30a4\u30eb\u306e\u7de8\u96c6\u3092\u884c\u3048\u308b\u3088\u3046\u306b\u306a\u3063\u305f\u3002\n\n##\u7406\u60f3\u306e\u72b6\u614b\u306b\u306a\u3063\u305f\u304b\n\u30d5\u30a1\u30a4\u30eb\u306e\u5b9f\u884c(terminal)\u3068\u7de8\u96c6(vim)\u30921\u753b\u9762\u3067\u8868\u793a\u3067\u304d\u308b\u3088\u3046\u306b\u306a\u308a\u7406\u60f3\u306e\u72b6\u614b\u306b\u306a\u3063\u305f\n##\u53c2\u8003\u8cc7\u6599\n1.[tmux\u306e\u57fa\u672c\u7684\u306a\u4f7f\u3044\u65b9\u3068\u30b3\u30de\u30f3\u30c9\u306e\u307e\u3068\u3081](http://www.task-notes.com/entry/20150711/1436583600)\n\n#\u611f\u60f3\nVim\u3082Git\u3082GitHub\u3082tmux\u3082\u307e\u3060\u307e\u3060\u6163\u308c\u306a\u304f\u3066\u96e3\u3057\u3044\u3002\n\u305d\u3093\u306a\u8a71\u306f\u7f6e\u3044\u3068\u3044\u3066\u3059\u3053\u3057\u4fbf\u5229\u306b\u306a\u308a\u307e\u3057\u305f( \uff3e\u03c9\uff3e )\n", "tags": ["Vim", "Git", "GitHub", "Terminal", "tmux"]}