{"context": " More than 1 year has passed since last update.\u524d\u56de( http://qiita.com/chromabox/items/1923d92e035cd27e8bb7 )\u306e\u7d9a\u304d\u3067\u3059\u3002\nHello World\u3092\u52d5\u304b\u3057\u305f\u3060\u3051\u3067\u306f\u304a\u3082\u3057\u308d\u304f\u7121\u3044\u306e\u3067Linux\u3092\u52d5\u304b\u3057\u3066\u307f\u307e\u3059\u3002\n\u3059\u3067\u306bLinaro\u304c\u30dd\u30fc\u30c6\u30a3\u30f3\u30b0\u3092\u3057\u3066\u3044\u308b\u306e\u3067\u5272\u3068\u697d\u306b\u52d5\u304b\u305b\u307e\u3059\u3002\n\u307b\u3093\u3068\u3044\u3044\u6642\u4ee3\u306b\u306a\u3063\u305f\u3082\u3093\u3067\u3059\u3002\n\u30b7\u30df\u30e5\u30ec\u30fc\u30bf\u5165\u308c\u3066\u7121\u3044\u4eba\u306f\u3068\u308a\u3042\u3048\u305a\u524d\u56de\u306e\u8a18\u4e8b\u3092\u898b\u3066\u5165\u308c\u307e\u3057\u3087\u3046\u3002\n\n\u30a4\u30e1\u30fc\u30b8\u306e\u5165\u624b\n\u3068\u308a\u3042\u3048\u305a\u30a4\u30e1\u30fc\u30b8\u304c\u7121\u304b\u3063\u305f\u3089\u8a71\u306b\u306a\u308a\u307e\u305b\u3093\u3002\n\u30a4\u30e1\u30fc\u30b8\u306f\u3053\u3053\u304b\u3089\u30c0\u30a6\u30f3\u30ed\u30fc\u30c9\u3057\u3066\u304d\u307e\u3059\u3002\nhttp://releases.linaro.org/14.04/openembedded/aarch64/\n\u30d5\u30a1\u30a4\u30eb\u304c\u8272\u3005\u3042\u308a\u307e\u3059\u304c\u3068\u308a\u3042\u3048\u305a\u52d5\u304b\u3059\u306e\u3067\u3042\u308c\u3070\u4ee5\u4e0b\u3060\u3051\u3067OK\u3067\u3059\u3002\n\nimg-foundation.axf\nvexpress64-openembedded_minimal-armv8-gcc-4.8_20140417-630.img.gz\n\n\u30c0\u30a6\u30f3\u30ed\u30fc\u30c9\u3057\u305f\u3089\u3001vexpress64-openembedded_\u307b\u3052\u307b\u3052img.gz\u306f\u5c55\u958b\u3057\u3066\u3042\u3052\u3066\u304f\u3060\u3055\u3044\u3002\n$ gunzip vexpress64-openembedded_minimal-armv8-gcc-4.8_20140417-630.img.gz\n\n\u8d77\u52d5\u65b9\u6cd5\n\u30a4\u30e1\u30fc\u30b8\u3092\u843d\u3068\u3057\u305f\u3089\u3042\u3068\u306f\u30b3\u30de\u30f3\u30c9\u3092\u53e9\u3044\u3066\u52d5\u304b\u3059\u3060\u3051\u3067\u3059\u304c\u3001\u74b0\u5883\u5909\u6570\u3092\u8a2d\u5b9a\u3059\u308b\u30b9\u30af\u30ea\u30d7\u30c8\u3092\u4f5c\u3063\u3066\u304a\u304f\u3068\u4fbf\u5229\u3067\u3059\u3002\n\u6ce8\u610f\u3059\u3079\u304d\u70b9\u3068\u3057\u3066\u306f\u30e9\u30a4\u30d6\u30e9\u30ea\u306e\u30d1\u30b9\u3082\u6307\u5b9a\u3057\u306a\u3044\u3068\u52d5\u304b\u306a\u3044\u3068\u3053\u308d\u3067\u3059\u306d\u3002\n\nv8foundation.sh\n#!/bin/bash\nexport PATH=[hogehoge]Foundation_v8pkg/models/Linux64_GCC-4.1:$PATH\nexport LD_LIBRARY_PATH=$LD_LIBRARY_PATH:[hogehoge]Foundation_v8pkg/models/Linux64_GCC-4.1\necho \"set arm foundation v8\"\n\n\n\n[hogehoge]\u306e\u90e8\u5206\u306f\u9069\u6642\u74b0\u5883\u306b\u5408\u308f\u305b\u3066\u5909\u66f4\u3057\u3066\u304f\u3060\u3055\u3044\u3002\n\u30b9\u30af\u30ea\u30d7\u30c8\u3092\u4f5c\u3063\u305f\u3089\u4ee5\u4e0b\u306e\u3088\u3046\u306b\u3057\u3066\u74b0\u5883\u5909\u6570\u3092\u8a2d\u5b9a\u3057\u307e\u3059\u3002\n$ . ./v8foundation.sh\n\u6b21\u306e\u30b3\u30de\u30f3\u30c9\u3067\u5b9f\u969b\u306b\u30b7\u30df\u30e5\u30ec\u30fc\u30bf\u4e0a\u3067linux\u3092\u8d77\u52d5\u3055\u305b\u307e\u3059\u3002\n\ncmd\n\n$ Foundation_v8 --image img-foundation.axf --block-device vexpress64-openembedded_minimal-armv8-gcc-4.8_20140417-630.img --network nat --cores=4 --no-secure-memory\n\n\n\n\u3046\u307e\u304f\u3044\u3063\u305f\u3089Xterm\u304c\u65b0\u3057\u304f\u8d77\u52d5\u3057\u3066\u3001\u305d\u308c\u304c\u30b7\u30df\u30e5\u30ec\u30fc\u30bf\u4e0a\u3067\u52d5\u304f\u30b3\u30f3\u30bd\u30fc\u30eb(UART)\u306e\u4ee3\u308f\u308a\u306b\u306a\u308a\u307e\u3059\u3002\nxterm\u304c\u5acc\u306a\u5834\u5408\u306f\u8d77\u52d5\u4e2d\u306b\n$  telnet 127.0.0.1 5000\n\u3068\u3084\u308b\u3068\u3001xterm\u304c\u6d88\u3048\u3066\u4eca\u306e\u30b3\u30f3\u30bd\u30fc\u30eb\u304cUART\u306b\u306a\u308a\u307e\u3059\u3002\nNAT\u30e2\u30fc\u30c9\u3092\u6307\u5b9a\u3057\u3066\u3044\u307e\u3059\u304c\u3001\u30cd\u30c3\u30c8\u30ef\u30fc\u30af\u304c\u3064\u306a\u304c\u3089\u306a\u3044\u307f\u305f\u3044\u306a\u306e\u3067\u305d\u306e\u8fba\u306f\u307e\u305f\u78ba\u8a8d\u3057\u305f\u3044\u3068\u601d\u3044\u307e\u3059\u3002\u2192\u3067\u304d\u307e\u3057\u305f\u3002\n\u8d77\u52d5\u30ed\u30b0\u306f\u9577\u3044\u306e\u3067\u6700\u5f8c\u306b\u793a\u3057\u3066\u3044\u307e\u3059\u2026\n\nNAT\u3092\u4f7f\u3044\u305f\u3044\n\u5b9f\u306f\u8d77\u52d5\u65b9\u6cd5\u3092\u5909\u3048\u308b\u3068\u5229\u7528\u3067\u304d\u307e\u3057\u305f\u3002\n\u4ee5\u4e0b\u306e\u30d5\u30a1\u30a4\u30eb\u304c\u8ffd\u52a0\u3067\u5fc5\u8981\u306b\u306a\u308a\u307e\u3059\u306e\u3067\u3001\u3053\u3053( http://releases.linaro.org/14.04/openembedded/aarch64/ )\u3088\u308a\u30c0\u30a6\u30f3\u30ed\u30fc\u30c9\u3057\u307e\u3059\u3002\n* Image (\u30ab\u30fc\u30cd\u30eb\u30a4\u30e1\u30fc\u30b8\u305d\u306e\u3082\u306e)\n* fvp-foundation-gicv2-psci.dtb (\u30c7\u30d0\u30a4\u30b9\u5b9a\u7fa9\u30c4\u30ea\u30fc) \n* fvp_bl1.bin (\u30d5\u30a1\u30fc\u30e0\u30a6\u30a7\u30a2\u305d\u306e\uff11)\n* fvp_fip.bin (\u30d5\u30a1\u30fc\u30e0\u30a6\u30a7\u30a2\u305d\u306e\uff12)\n\u305d\u3057\u3066\u3001\u4e8b\u524d\u306bfvp-foundation-gicv2-psci.dtb\u306e\u540d\u524d\u3092fdt.dtb\u306b\u5909\u66f4\u3057\u3066\u304a\u304d\u307e\u3059\u3002\n\u3067\u3001\u6b21\u306e\u30b3\u30de\u30f3\u30c9\u3067\u30b7\u30df\u30e5\u30ec\u30fc\u30bf\u3092\u5b9f\u884c\u3059\u308b\u3068OK\u3067\u3059\u3002\n\ncmd\n\n$ Foundation_v8 --cores=4 --no-secure-memory --gicv3 --data=fvp_bl1.bin@0x0 --data=fvp_fip.bin@0x8000000 --block-device vexpress64-openembedded_minimal-armv8-gcc-4.8_20140417-630.img --network nat\n\n\n\n\u30d6\u30fc\u30c8\u30ed\u30fc\u30c0(UEFI)\u3067\u6b62\u307e\u308b\u5834\u5408\u306f\u3001Image\u30d5\u30a1\u30a4\u30eb\u3068fdt.dtb\u30d5\u30a1\u30a4\u30eb\u304c\u30b3\u30de\u30f3\u30c9\u5b9f\u884c\u3057\u305f\u30c7\u30a3\u30ec\u30af\u30c8\u30ea\u3068\u540c\u3058\u5834\u6240\u306b\u7121\u3044\u4e8b\u304c\u8003\u3048\u3089\u308c\u308b\u306e\u3067\u78ba\u8a8d\u3092\u3002\u3002\n\u3069\u3046\u3084\u3089\u524d\u306e\u30b3\u30de\u30f3\u30c9(img-foundation.axf)\u306f\u3001\u4ee5\u524d\u306e\u30b7\u30df\u30e5\u30ec\u30fc\u30bf\u306e\u30d0\u30fc\u30b8\u30e7\u30f3\u3067\u3082\u52d5\u304f\u3088\u3046\u306b\u30d5\u30a1\u30fc\u30e0\u304c\u53e4\u304b\u3063\u305f\u306e\u3067NAT\u304c\u4f7f\u3048\u306a\u304b\u3063\u305f\u307f\u305f\u3044\u3067\u3059\u3002\n\u3067\u3001\u6b21\u306e\u3088\u3046\u306bPING\u304c\u901a\u308c\u3070OK\u3067\u3059\u3002\n\ncmd\n\n$ ping 127.20.51.1\nPING 127.20.51.1 (127.20.51.1) 56(84) bytes of data.\n64 bytes from 127.20.51.1: icmp_req=1 ttl=64 time=0.030 ms\n64 bytes from 127.20.51.1: icmp_req=2 ttl=64 time=0.024 ms\n64 bytes from 127.20.51.1: icmp_req=3 ttl=64 time=0.019 ms\n\n\n\n\n\u30d5\u30a1\u30a4\u30eb\u30b7\u30b9\u30c6\u30e0\u306e\u4e2d\u8eab\u3092\u5909\u3048\u305f\u3044\n\u30cd\u30c3\u30c8\u30ef\u30fc\u30af\u304c\u52d5\u3044\u3066\u306a\u3044\u72b6\u614b\u3067\u306f\u3001\u5916\u304b\u3089\u30d5\u30a1\u30a4\u30eb\u30b7\u30b9\u30c6\u30e0\u306e\u4e2d\u8eab\u3092\u5909\u3048\u308b\u306e\u306f\u3068\u306b\u304b\u304f\u9762\u5012\u304f\u3055\u3044\u306e\u3067\u3001\u30de\u30a6\u30f3\u30c8\u306e\u3084\u308a\u65b9\u3092\u66f8\u304d\u307e\u3059\u3002\n\u305f\u3060\u3001Linaro\u30a4\u30e1\u30fc\u30b8\u30c4\u30fc\u30eb\u3067\u4f5c\u6210\u3057\u305f.img\u306f\u30d1\u30fc\u30c6\u30a3\u30b7\u30e7\u30f3\u3082\u542b\u3093\u3067\u3044\u308b\u305f\u3081\u3001\u5358\u7d14\u306b\u306f\u30de\u30a6\u30f3\u30c8\u3067\u304d\u307e\u305b\u3093\u3002\n\u307e\u305a\u3001fdisk\u30b3\u30de\u30f3\u30c9\u3067\u30d5\u30a1\u30a4\u30eb\u30a4\u30e1\u30fc\u30b8\u306e\u72b6\u614b\u3092\u8abf\u3079\u307e\u3059\u3002\n(\u30a4\u30e1\u30fc\u30b8\u30d5\u30a1\u30a4\u30eb\u306f\u9577\u3063\u305f\u3089\u3057\u3044\u306e\u3067diskimg.img\u306b\u540d\u524d\u5909\u3048\u307e\u3057\u305f\u2026)\n\ncmd\n\n$ fdisk -u -l diskimg.img \n\n\u30c7\u30a3\u30b9\u30af diskimg.img: 3221 MB, 3221225472 \u30d0\u30a4\u30c8\n\u30d8\u30c3\u30c9 255, \u30bb\u30af\u30bf 63, \u30b7\u30ea\u30f3\u30c0 391, \u5408\u8a08 6291456 \u30bb\u30af\u30bf\nUnits = \u30bb\u30af\u30bf\u6570 of 1 * 512 = 512 \u30d0\u30a4\u30c8\n\u30bb\u30af\u30bf\u30b5\u30a4\u30ba (\u8ad6\u7406 / \u7269\u7406): 512 \u30d0\u30a4\u30c8 / 512 \u30d0\u30a4\u30c8\nI/O \u30b5\u30a4\u30ba (\u6700\u5c0f / \u63a8\u5968): 512 \u30d0\u30a4\u30c8 / 512 \u30d0\u30a4\u30c8\n\u30c7\u30a3\u30b9\u30af\u8b58\u5225\u5b50: 0x00000000\n\n\u30c7\u30d0\u30a4\u30b9 \u30d6\u30fc\u30c8      \u59cb\u70b9        \u7d42\u70b9     \u30d6\u30ed\u30c3\u30af   Id  \u30b7\u30b9\u30c6\u30e0\ndiskimg.img1   *          63      139262       69600    e  W95 FAT16 (LBA)\ndiskimg.img2          139264     6291455     3076096   83  Linux\n\n\n\nLinux\u30d1\u30fc\u30c6\u30a3\u30b7\u30e7\u30f3\u306e\u958b\u59cb\u4f4d\u7f6e\u304c139264\u3068\u5206\u304b\u3063\u305f\u306e\u3067\u3001\u3053\u306e\u30aa\u30d5\u30bb\u30c3\u30c8\u3092\u76f4\u63a5\u6307\u5b9a\u3057\u3066\u3084\u3063\u3066\u30de\u30a6\u30f3\u30c8\u3092\u3057\u307e\u3059\u3002\n$ sudo mount -o loop,offset=$[139264*512] diskimg.img tmpmount\n(\u53c2\u8003\uff1ahttps://wiki.linaro.org/Resources/HowTo/Qemu-beagleboard)\n\n\u8d77\u52d5\u30ed\u30b0\n\u3053\u3093\u306a\u611f\u3058\u306b\u306a\u308a\u307e\u3059\u3002\nCPU\u306f4\u500b\u52d5\u3044\u3066\u307e\u3059\u3002\n\nlog\nroot@genericarmv8:~# dmesg\n[    0.000000] Linux version 3.14.0-1-linaro-vexpress64 (buildslave@Ubuntu-1204-precise-64-minimal) (gcc version 4.8.3 20140303 (prerelease) (crosstool-NG linaro-1.13.1-4.8-2014.03 - Linaro GCC 2014.03) ) #1ubuntu1~ci+140417081059 SMP Thu Apr 17 10:11:42 CEST 2014\n[    0.000000] Kernel was built at commit id ''\n[    0.000000] CPU: AArch64 Processor [410fd000] revision 0\n[    0.000000] bootconsole [earlycon0] enabled\n[    0.000000] On node 0 totalpages: 1048576\n[    0.000000]   DMA zone: 7168 pages used for memmap\n[    0.000000]   DMA zone: 0 pages reserved\n[    0.000000]   DMA zone: 524288 pages, LIFO batch:31\n[    0.000000]   Normal zone: 7168 pages used for memmap\n[    0.000000]   Normal zone: 524288 pages, LIFO batch:31\n[    0.000000] PERCPU: Embedded 12 pages/cpu @ffffffc87ffa2000 s17600 r8192 d23360 u49152\n[    0.000000] pcpu-alloc: s17600 r8192 d23360 u49152 alloc=12*4096\n[    0.000000] pcpu-alloc: [0] 0 [0] 1 [0] 2 [0] 3 \n[    0.000000] Built 1 zonelists in Zone order, mobility grouping on.  Total pages: 1034240\n[    0.000000] Kernel command line: console=ttyAMA0 earlyprintk=pl011,0x1c090000 consolelog=9 rw root=/dev/vda2\n[    0.000000] PID hash table entries: 4096 (order: 3, 32768 bytes)\n[    0.000000] Dentry cache hash table entries: 524288 (order: 10, 4194304 bytes)\n[    0.000000] Inode-cache hash table entries: 262144 (order: 9, 2097152 bytes)\n[    0.000000] Memory: 4120572K/4194304K available (6121K kernel code, 485K rwdata, 2228K rodata, 293K init, 597K bss, 73732K reserved)\n[    0.000000] Virtual kernel memory layout:\n[    0.000000]     vmalloc : 0xffffff8000000000 - 0xffffffbbffff0000   (245759 MB)\n[    0.000000]     vmemmap : 0xffffffbc01c00000 - 0xffffffbc1f800000   (   476 MB)\n[    0.000000]     modules : 0xffffffbffc000000 - 0xffffffc000000000   (    64 MB)\n[    0.000000]     memory  : 0xffffffc000000000 - 0xffffffc880000000   ( 34816 MB)\n[    0.000000]       .init : 0xffffffc0008a9000 - 0xffffffc0008f24c0   (   294 kB)\n[    0.000000]       .text : 0xffffffc000080000 - 0xffffffc0008a84f4   (  8354 kB)\n[    0.000000]       .data : 0xffffffc0008f3000 - 0xffffffc00096c7c8   (   486 kB)\n[    0.000000] Hierarchical RCU implementation.\n[    0.000000]  RCU restricting CPUs from NR_CPUS=8 to nr_cpu_ids=4.\n[    0.000000] RCU: Adjusting geometry for rcu_fanout_leaf=16, nr_cpu_ids=4\n[    0.000000] NR_IRQS:64 nr_irqs:64 0\n[    0.000000] Architected cp15 timer(s) running at 100.00MHz (phys).\n[    0.000025] sched_clock: 56 bits at 100MHz, resolution 10ns, wraps every 2748779069440ns\n[    0.001510] Console: colour dummy device 80x25\n[    0.001619] Calibrating delay loop (skipped), value calculated using timer frequency.. 200.00 BogoMIPS (lpj=1000000)\n[    0.001691] pid_max: default: 32768 minimum: 301\n[    0.002209] Security Framework initialized\n[    0.002282] AppArmor: AppArmor initialized\n[    0.002481] Mount-cache hash table entries: 8192 (order: 4, 65536 bytes)\n[    0.002550] Mountpoint-cache hash table entries: 8192 (order: 4, 65536 bytes)\n[    0.008928] hw perfevents: enabled with arm/armv8-pmuv3 PMU driver, 9 counters available\n[    0.013218] CPU1: Booted secondary processor\n[    0.014853] CPU2: Booted secondary processor\n[    0.016485] CPU3: Booted secondary processor\n[    0.017051] Brought up 4 CPUs\n[    0.017172] SMP: Total of 4 processors activated.\n[    0.020055] devtmpfs: initialized\n[    0.032663] xor: measuring software checksum speed\n[    0.130081]    8regs     :   168.000 MB/sec\n[    0.230246]    8regs_prefetch:   148.000 MB/sec\n[    0.330414]    32regs    :   172.400 MB/sec\n[    0.430605]    32regs_prefetch:   148.000 MB/sec\n[    0.430655] xor: using function: 32regs (172.400 MB/sec)\n[    0.432572] regulator-dummy: no parameters\n[    0.434104] NET: Registered protocol family 16\n[    0.437178] cpuidle: using governor ladder\n[    0.437220] cpuidle: using governor menu\n[    0.449627] vdso: 2 pages (1 code, 1 data) at base ffffffc0008f9000\n[    0.449719] hw-breakpoint: found 16 breakpoint and 16 watchpoint registers.\n[    0.449811] Serial: AMBA PL011 UART driver\n[    0.450081] 1c090000.uart: ttyAMA0 at MMIO 0x1c090000 (irq = 37, base_baud = 0) is a PL011 rev2\n[    0.450147] console [ttyAMA0] enabled\n[    0.450202] bootconsole [earlycon0] disabled\n[    0.451257] 1c0a0000.uart: ttyAMA1 at MMIO 0x1c0a0000 (irq = 38, base_baud = 0) is a PL011 rev2\n[    0.452262] 1c0b0000.uart: ttyAMA2 at MMIO 0x1c0b0000 (irq = 39, base_baud = 0) is a PL011 rev2\n[    0.453256] 1c0c0000.uart: ttyAMA3 at MMIO 0x1c0c0000 (irq = 40, base_baud = 0) is a PL011 rev2\n[    0.457306] software IO TLB [mem 0xffc00000-0x100000000] (4MB) mapped at [ffffffc07fc00000-ffffffc07fffffff]\n[    0.518660] bio: create slab <bio-0> at 0\n[    0.681502] raid6: int64x1     55 MB/s\n[    0.852203] raid6: int64x2     65 MB/s\n[    1.021822] raid6: int64x4     71 MB/s\n[    1.193113] raid6: int64x8     58 MB/s\n[    1.362840] raid6: neonx1     125 MB/s\n[    1.532895] raid6: neonx2     151 MB/s\n[    1.703231] raid6: neonx4     168 MB/s\n[    1.873633] raid6: neonx8     153 MB/s\n[    1.873678] raid6: using algorithm neonx4 (168 MB/s)\n[    1.873723] raid6: using intx1 recovery algorithm\n[    1.876733] SCSI subsystem initialized\n[    1.878837] usbcore: registered new interface driver usbfs\n[    1.879315] usbcore: registered new interface driver hub\n[    1.879791] usbcore: registered new device driver usb\n[    1.885471] NetLabel: Initializing\n[    1.885512] NetLabel:  domain hash size = 128\n[    1.885554] NetLabel:  protocols = UNLABELED CIPSOv4\n[    1.885794] NetLabel:  unlabeled traffic allowed by default\n[    1.886483] Switched to clocksource arch_sys_counter\n[    1.957437] AppArmor: AppArmor Filesystem Enabled\n[    1.998022] NET: Registered protocol family 2\n[    2.000164] TCP established hash table entries: 32768 (order: 6, 262144 bytes)\n[    2.003918] TCP bind hash table entries: 32768 (order: 7, 524288 bytes)\n[    2.008579] TCP: Hash tables configured (established 32768 bind 32768)\n[    2.008729] TCP: reno registered\n[    2.008793] UDP hash table entries: 2048 (order: 4, 65536 bytes)\n[    2.009601] UDP-Lite hash table entries: 2048 (order: 4, 65536 bytes)\n[    2.011231] NET: Registered protocol family 1\n[    2.012036] RPC: Registered named UNIX socket transport module.\n[    2.012084] RPC: Registered udp transport module.\n[    2.012129] RPC: Registered tcp transport module.\n[    2.012176] RPC: Registered tcp NFSv4.1 backchannel transport module.\n[    2.013765] kvm [1]: Using HYP init bounce page @ff81b000\n[    2.014192] kvm [1]: interrupt-controller@2c004000 IRQ25\n[    2.014564] kvm [1]: timer IRQ27\n[    2.014625] kvm [1]: Hyp mode initialized successfully\n[    2.019562] futex hash table entries: 1024 (order: 4, 65536 bytes)\n[    2.019823] audit: initializing netlink subsys (disabled)\n[    2.019912] audit: type=2000 audit(2.010:1): initialized\n[    2.022668] HugeTLB registered 2 MB page size, pre-allocated 0 pages\n[    2.025372] VFS: Disk quotas dquot_6.5.2\n[    2.026000] Dquot-cache hash table entries: 512 (order 0, 4096 bytes)\n[    2.029882] NFS: Registering the id_resolver key type\n[    2.030163] Key type id_resolver registered\n[    2.030208] Key type id_legacy registered\n[    2.030322] jffs2: version 2.2. (NAND) (SUMMARY)  \u00a9 2001-2006 Red Hat, Inc.\n[    2.031770] 9p: Installing v9fs 9p2000 file system support\n[    2.031952] msgmni has been set to 8047\n[    2.034431] Block layer SCSI generic (bsg) driver version 0.4 loaded (major 253)\n[    2.034486] io scheduler noop registered\n[    2.034532] io scheduler deadline registered\n[    2.034670] io scheduler cfq registered (default)\n[    2.294894] Serial: 8250/16550 driver, 4 ports, IRQ sharing disabled\n[    2.335835] brd: module loaded\n[    2.354624] loop: module loaded\n[    2.355745] blk-mq: CPU -> queue map\n[    2.355788]   CPU 0 -> Queue 0\n[    2.355830]   CPU 1 -> Queue 0\n[    2.355872]   CPU 2 -> Queue 0\n[    2.355914]   CPU 3 -> Queue 0\n[    2.357722]  vda: vda1 vda2\n[    2.364497] mtdoops: mtd device (mtddev=name/number) must be supplied\n[    2.364621] tun: Universal TUN/TAP device driver, 1.6\n[    2.364668] tun: (C) 1999-2004 Max Krasnyansky <maxk@qualcomm.com>\n[    2.365881] smc91x 1a000000.ethernet (unregistered net_device): smc91x: IOADDR ffffff8000080000 doesn't match configuration (300).\n[    2.365946] smc91x.c: v1.1, sep 22 2004 by Nicolas Pitre <nico@fluxnic.net>\n[    2.377378] smc91x 1a000000.ethernet eth0: SMC91C11xFD (rev 1) at ffffff8000080000 IRQ 47\n[    2.377429] \n[    2.377492] smc91x 1a000000.ethernet eth0: Ethernet addr: 00:02:f7:ef:04:69\n[    2.378246] ehci_hcd: USB 2.0 'Enhanced' Host Controller (EHCI) Driver\n[    2.378298] ehci-h20ahb: H20AHB-EHCI Host Controller driver\n[    2.378730] ohci_hcd: USB 1.1 'Open' Host Controller (OHCI) Driver\n[    2.379215] usbcore: registered new interface driver usb-storage\n[    2.380677] mousedev: PS/2 mouse device common for all mice\n[    2.383667] device-mapper: ioctl: 4.27.0-ioctl (2013-10-30) initialised: dm-devel@redhat.com\n[    2.385506] usbcore: registered new interface driver usbhid\n[    2.385549] usbhid: USB HID core driver\n[    2.386385] TCP: cubic registered\n[    2.386423] Initializing XFRM netlink socket\n[    2.386835] NET: Registered protocol family 10\n[    2.390706] sit: IPv6 over IPv4 tunneling driver\n[    2.393705] NET: Registered protocol family 17\n[    2.393815] NET: Registered protocol family 15\n[    2.394151] 9pnet: Installing 9P2000 support\n[    2.394602] Key type dns_resolver registered\n[    2.398740] bio: create slab <bio-1> at 1\n[    2.400072] Btrfs loaded\n[    2.400284] AppArmor: AppArmor sha1 policy hashing enabled\n[    2.400762] regulator-dummy: disabling\n[    2.401023] /home/buildslave/workspace/package-and-publish-linux-linaro/kernel_build/test_build/linux/drivers/rtc/hctosys.c: unable to open rtc device (rtc0)\n[    2.403196] EXT3-fs (vda2): error: couldn't mount because of unsupported optional features (240)\n[    2.404080] EXT2-fs (vda2): error: couldn't mount because of unsupported optional features (240)\n[    2.410825] EXT4-fs (vda2): mounted filesystem with ordered data mode. Opts: (null)\n[    2.410909] VFS: Mounted root (ext4 filesystem) on device 254:2.\n[    2.411255] devtmpfs: mounted\n[    2.411588] Freeing unused kernel memory: 292K (ffffffc0008a9000 - ffffffc0008f2000)\n[    3.166032] udevd[1015]: starting version 182\n[    3.397104] EXT4-fs (vda2): re-mounted. Opts: data=ordered\n[    3.559965] random: dd urandom read with 9 bits of entropy available\n[    4.747980] smc91x 1a000000.ethernet eth0: link up, 10Mbps, half-duplex, lpa 0x0000\n\nroot@genericarmv8:~# cat /proc/cpuinfo    \nProcessor   : AArch64 Processor rev 0 (aarch64)\nprocessor   : 0\nprocessor   : 1\nprocessor   : 2\nprocessor   : 3\nFeatures    : fp asimd evtstrm \nCPU implementer : 0x41\nCPU architecture: AArch64\nCPU variant : 0x0\nCPU part    : 0xd00\nCPU revision    : 0\n\nHardware    : Foundation-v8A\n\nroot@genericarmv8:~# cat /proc/version \nLinux version 3.14.0-1-linaro-vexpress64 (buildslave@Ubuntu-1204-precise-64-minimal) (gcc version 4.8.3 20140303 (prerelease) (crosstool-NG linaro-1.13.1-4.8-2014.03 - Linaro GCC 2014.03) ) #1ubuntu1~ci+140417081059 SMP Thu Apr 17 10:11:42 CEST 2014\n\nroot@genericarmv8:~# \n\n\n\n\u524d\u56de( http://qiita.com/chromabox/items/1923d92e035cd27e8bb7 )\u306e\u7d9a\u304d\u3067\u3059\u3002\n\nHello World\u3092\u52d5\u304b\u3057\u305f\u3060\u3051\u3067\u306f\u304a\u3082\u3057\u308d\u304f\u7121\u3044\u306e\u3067Linux\u3092\u52d5\u304b\u3057\u3066\u307f\u307e\u3059\u3002\n\n\u3059\u3067\u306bLinaro\u304c\u30dd\u30fc\u30c6\u30a3\u30f3\u30b0\u3092\u3057\u3066\u3044\u308b\u306e\u3067\u5272\u3068\u697d\u306b\u52d5\u304b\u305b\u307e\u3059\u3002\n\u307b\u3093\u3068\u3044\u3044\u6642\u4ee3\u306b\u306a\u3063\u305f\u3082\u3093\u3067\u3059\u3002\n\n\u30b7\u30df\u30e5\u30ec\u30fc\u30bf\u5165\u308c\u3066\u7121\u3044\u4eba\u306f\u3068\u308a\u3042\u3048\u305a\u524d\u56de\u306e\u8a18\u4e8b\u3092\u898b\u3066\u5165\u308c\u307e\u3057\u3087\u3046\u3002\n\n##\u30a4\u30e1\u30fc\u30b8\u306e\u5165\u624b\n\n\u3068\u308a\u3042\u3048\u305a\u30a4\u30e1\u30fc\u30b8\u304c\u7121\u304b\u3063\u305f\u3089\u8a71\u306b\u306a\u308a\u307e\u305b\u3093\u3002\n\u30a4\u30e1\u30fc\u30b8\u306f\u3053\u3053\u304b\u3089\u30c0\u30a6\u30f3\u30ed\u30fc\u30c9\u3057\u3066\u304d\u307e\u3059\u3002\n\nhttp://releases.linaro.org/14.04/openembedded/aarch64/\n\n\u30d5\u30a1\u30a4\u30eb\u304c\u8272\u3005\u3042\u308a\u307e\u3059\u304c\u3068\u308a\u3042\u3048\u305a\u52d5\u304b\u3059\u306e\u3067\u3042\u308c\u3070\u4ee5\u4e0b\u3060\u3051\u3067OK\u3067\u3059\u3002\n\n* img-foundation.axf\n* vexpress64-openembedded_minimal-armv8-gcc-4.8_20140417-630.img.gz\n\n\u30c0\u30a6\u30f3\u30ed\u30fc\u30c9\u3057\u305f\u3089\u3001vexpress64-openembedded_\u307b\u3052\u307b\u3052img.gz\u306f\u5c55\u958b\u3057\u3066\u3042\u3052\u3066\u304f\u3060\u3055\u3044\u3002\n\n`$ gunzip vexpress64-openembedded_minimal-armv8-gcc-4.8_20140417-630.img.gz`\n\n\n\n##\u8d77\u52d5\u65b9\u6cd5\n\n\u30a4\u30e1\u30fc\u30b8\u3092\u843d\u3068\u3057\u305f\u3089\u3042\u3068\u306f\u30b3\u30de\u30f3\u30c9\u3092\u53e9\u3044\u3066\u52d5\u304b\u3059\u3060\u3051\u3067\u3059\u304c\u3001\u74b0\u5883\u5909\u6570\u3092\u8a2d\u5b9a\u3059\u308b\u30b9\u30af\u30ea\u30d7\u30c8\u3092\u4f5c\u3063\u3066\u304a\u304f\u3068\u4fbf\u5229\u3067\u3059\u3002\n\u6ce8\u610f\u3059\u3079\u304d\u70b9\u3068\u3057\u3066\u306f\u30e9\u30a4\u30d6\u30e9\u30ea\u306e\u30d1\u30b9\u3082\u6307\u5b9a\u3057\u306a\u3044\u3068\u52d5\u304b\u306a\u3044\u3068\u3053\u308d\u3067\u3059\u306d\u3002\n\n```bash:v8foundation.sh\n#!/bin/bash\nexport PATH=[hogehoge]Foundation_v8pkg/models/Linux64_GCC-4.1:$PATH\nexport LD_LIBRARY_PATH=$LD_LIBRARY_PATH:[hogehoge]Foundation_v8pkg/models/Linux64_GCC-4.1\necho \"set arm foundation v8\"\n\n```\n\n[hogehoge]\u306e\u90e8\u5206\u306f\u9069\u6642\u74b0\u5883\u306b\u5408\u308f\u305b\u3066\u5909\u66f4\u3057\u3066\u304f\u3060\u3055\u3044\u3002\n\u30b9\u30af\u30ea\u30d7\u30c8\u3092\u4f5c\u3063\u305f\u3089\u4ee5\u4e0b\u306e\u3088\u3046\u306b\u3057\u3066\u74b0\u5883\u5909\u6570\u3092\u8a2d\u5b9a\u3057\u307e\u3059\u3002\n`$ . ./v8foundation.sh`\n\n\u6b21\u306e\u30b3\u30de\u30f3\u30c9\u3067\u5b9f\u969b\u306b\u30b7\u30df\u30e5\u30ec\u30fc\u30bf\u4e0a\u3067linux\u3092\u8d77\u52d5\u3055\u305b\u307e\u3059\u3002\n\n```console:cmd\n\n$ Foundation_v8 --image img-foundation.axf --block-device vexpress64-openembedded_minimal-armv8-gcc-4.8_20140417-630.img --network nat --cores=4 --no-secure-memory\n \n```\n\n\u3046\u307e\u304f\u3044\u3063\u305f\u3089Xterm\u304c\u65b0\u3057\u304f\u8d77\u52d5\u3057\u3066\u3001\u305d\u308c\u304c\u30b7\u30df\u30e5\u30ec\u30fc\u30bf\u4e0a\u3067\u52d5\u304f\u30b3\u30f3\u30bd\u30fc\u30eb(UART)\u306e\u4ee3\u308f\u308a\u306b\u306a\u308a\u307e\u3059\u3002\n\nxterm\u304c\u5acc\u306a\u5834\u5408\u306f\u8d77\u52d5\u4e2d\u306b\n`$  telnet 127.0.0.1 5000`\n\u3068\u3084\u308b\u3068\u3001xterm\u304c\u6d88\u3048\u3066\u4eca\u306e\u30b3\u30f3\u30bd\u30fc\u30eb\u304cUART\u306b\u306a\u308a\u307e\u3059\u3002\n\nNAT\u30e2\u30fc\u30c9\u3092\u6307\u5b9a\u3057\u3066\u3044\u307e\u3059\u304c\u3001\u30cd\u30c3\u30c8\u30ef\u30fc\u30af\u304c\u3064\u306a\u304c\u3089\u306a\u3044\u307f\u305f\u3044\u306a\u306e\u3067\u305d\u306e\u8fba\u306f\u307e\u305f\u78ba\u8a8d\u3057\u305f\u3044\u3068\u601d\u3044\u307e\u3059\u3002\u2192\u3067\u304d\u307e\u3057\u305f\u3002\n\n\u8d77\u52d5\u30ed\u30b0\u306f\u9577\u3044\u306e\u3067\u6700\u5f8c\u306b\u793a\u3057\u3066\u3044\u307e\u3059\u2026\n\n## NAT\u3092\u4f7f\u3044\u305f\u3044\n\n\u5b9f\u306f\u8d77\u52d5\u65b9\u6cd5\u3092\u5909\u3048\u308b\u3068\u5229\u7528\u3067\u304d\u307e\u3057\u305f\u3002\n\n\u4ee5\u4e0b\u306e\u30d5\u30a1\u30a4\u30eb\u304c\u8ffd\u52a0\u3067\u5fc5\u8981\u306b\u306a\u308a\u307e\u3059\u306e\u3067\u3001\u3053\u3053( http://releases.linaro.org/14.04/openembedded/aarch64/ )\u3088\u308a\u30c0\u30a6\u30f3\u30ed\u30fc\u30c9\u3057\u307e\u3059\u3002\n* Image (\u30ab\u30fc\u30cd\u30eb\u30a4\u30e1\u30fc\u30b8\u305d\u306e\u3082\u306e)\n* fvp-foundation-gicv2-psci.dtb (\u30c7\u30d0\u30a4\u30b9\u5b9a\u7fa9\u30c4\u30ea\u30fc) \n* fvp_bl1.bin (\u30d5\u30a1\u30fc\u30e0\u30a6\u30a7\u30a2\u305d\u306e\uff11)\n* fvp_fip.bin (\u30d5\u30a1\u30fc\u30e0\u30a6\u30a7\u30a2\u305d\u306e\uff12)\n\n\u305d\u3057\u3066\u3001\u4e8b\u524d\u306bfvp-foundation-gicv2-psci.dtb\u306e\u540d\u524d\u3092fdt.dtb\u306b\u5909\u66f4\u3057\u3066\u304a\u304d\u307e\u3059\u3002\n\u3067\u3001\u6b21\u306e\u30b3\u30de\u30f3\u30c9\u3067\u30b7\u30df\u30e5\u30ec\u30fc\u30bf\u3092\u5b9f\u884c\u3059\u308b\u3068OK\u3067\u3059\u3002\n\n```console:cmd\n\n$ Foundation_v8 --cores=4 --no-secure-memory --gicv3 --data=fvp_bl1.bin@0x0 --data=fvp_fip.bin@0x8000000 --block-device vexpress64-openembedded_minimal-armv8-gcc-4.8_20140417-630.img --network nat\n \n```\n\n\u30d6\u30fc\u30c8\u30ed\u30fc\u30c0(UEFI)\u3067\u6b62\u307e\u308b\u5834\u5408\u306f\u3001Image\u30d5\u30a1\u30a4\u30eb\u3068fdt.dtb\u30d5\u30a1\u30a4\u30eb\u304c\u30b3\u30de\u30f3\u30c9\u5b9f\u884c\u3057\u305f\u30c7\u30a3\u30ec\u30af\u30c8\u30ea\u3068\u540c\u3058\u5834\u6240\u306b\u7121\u3044\u4e8b\u304c\u8003\u3048\u3089\u308c\u308b\u306e\u3067\u78ba\u8a8d\u3092\u3002\u3002\n\n\u3069\u3046\u3084\u3089\u524d\u306e\u30b3\u30de\u30f3\u30c9(img-foundation.axf)\u306f\u3001\u4ee5\u524d\u306e\u30b7\u30df\u30e5\u30ec\u30fc\u30bf\u306e\u30d0\u30fc\u30b8\u30e7\u30f3\u3067\u3082\u52d5\u304f\u3088\u3046\u306b\u30d5\u30a1\u30fc\u30e0\u304c\u53e4\u304b\u3063\u305f\u306e\u3067NAT\u304c\u4f7f\u3048\u306a\u304b\u3063\u305f\u307f\u305f\u3044\u3067\u3059\u3002\n\u3067\u3001\u6b21\u306e\u3088\u3046\u306bPING\u304c\u901a\u308c\u3070OK\u3067\u3059\u3002\n\n```console:cmd\n\n$ ping 127.20.51.1\nPING 127.20.51.1 (127.20.51.1) 56(84) bytes of data.\n64 bytes from 127.20.51.1: icmp_req=1 ttl=64 time=0.030 ms\n64 bytes from 127.20.51.1: icmp_req=2 ttl=64 time=0.024 ms\n64 bytes from 127.20.51.1: icmp_req=3 ttl=64 time=0.019 ms\n\n```\n\n## \u30d5\u30a1\u30a4\u30eb\u30b7\u30b9\u30c6\u30e0\u306e\u4e2d\u8eab\u3092\u5909\u3048\u305f\u3044\n\u30cd\u30c3\u30c8\u30ef\u30fc\u30af\u304c\u52d5\u3044\u3066\u306a\u3044\u72b6\u614b\u3067\u306f\u3001\u5916\u304b\u3089\u30d5\u30a1\u30a4\u30eb\u30b7\u30b9\u30c6\u30e0\u306e\u4e2d\u8eab\u3092\u5909\u3048\u308b\u306e\u306f\u3068\u306b\u304b\u304f\u9762\u5012\u304f\u3055\u3044\u306e\u3067\u3001\u30de\u30a6\u30f3\u30c8\u306e\u3084\u308a\u65b9\u3092\u66f8\u304d\u307e\u3059\u3002\n\n\u305f\u3060\u3001Linaro\u30a4\u30e1\u30fc\u30b8\u30c4\u30fc\u30eb\u3067\u4f5c\u6210\u3057\u305f.img\u306f\u30d1\u30fc\u30c6\u30a3\u30b7\u30e7\u30f3\u3082\u542b\u3093\u3067\u3044\u308b\u305f\u3081\u3001\u5358\u7d14\u306b\u306f\u30de\u30a6\u30f3\u30c8\u3067\u304d\u307e\u305b\u3093\u3002\n\n\n\u307e\u305a\u3001fdisk\u30b3\u30de\u30f3\u30c9\u3067\u30d5\u30a1\u30a4\u30eb\u30a4\u30e1\u30fc\u30b8\u306e\u72b6\u614b\u3092\u8abf\u3079\u307e\u3059\u3002\n(\u30a4\u30e1\u30fc\u30b8\u30d5\u30a1\u30a4\u30eb\u306f\u9577\u3063\u305f\u3089\u3057\u3044\u306e\u3067diskimg.img\u306b\u540d\u524d\u5909\u3048\u307e\u3057\u305f\u2026)\n\n```bash:cmd\n\n$ fdisk -u -l diskimg.img \n\n\u30c7\u30a3\u30b9\u30af diskimg.img: 3221 MB, 3221225472 \u30d0\u30a4\u30c8\n\u30d8\u30c3\u30c9 255, \u30bb\u30af\u30bf 63, \u30b7\u30ea\u30f3\u30c0 391, \u5408\u8a08 6291456 \u30bb\u30af\u30bf\nUnits = \u30bb\u30af\u30bf\u6570 of 1 * 512 = 512 \u30d0\u30a4\u30c8\n\u30bb\u30af\u30bf\u30b5\u30a4\u30ba (\u8ad6\u7406 / \u7269\u7406): 512 \u30d0\u30a4\u30c8 / 512 \u30d0\u30a4\u30c8\nI/O \u30b5\u30a4\u30ba (\u6700\u5c0f / \u63a8\u5968): 512 \u30d0\u30a4\u30c8 / 512 \u30d0\u30a4\u30c8\n\u30c7\u30a3\u30b9\u30af\u8b58\u5225\u5b50: 0x00000000\n\n\u30c7\u30d0\u30a4\u30b9 \u30d6\u30fc\u30c8      \u59cb\u70b9        \u7d42\u70b9     \u30d6\u30ed\u30c3\u30af   Id  \u30b7\u30b9\u30c6\u30e0\ndiskimg.img1   *          63      139262       69600    e  W95 FAT16 (LBA)\ndiskimg.img2          139264     6291455     3076096   83  Linux\n\n```\n\nLinux\u30d1\u30fc\u30c6\u30a3\u30b7\u30e7\u30f3\u306e\u958b\u59cb\u4f4d\u7f6e\u304c139264\u3068\u5206\u304b\u3063\u305f\u306e\u3067\u3001\u3053\u306e\u30aa\u30d5\u30bb\u30c3\u30c8\u3092\u76f4\u63a5\u6307\u5b9a\u3057\u3066\u3084\u3063\u3066\u30de\u30a6\u30f3\u30c8\u3092\u3057\u307e\u3059\u3002\n\n`$ sudo mount -o loop,offset=$[139264*512] diskimg.img tmpmount`\n\n(\u53c2\u8003\uff1ahttps://wiki.linaro.org/Resources/HowTo/Qemu-beagleboard)\n\n##\u8d77\u52d5\u30ed\u30b0\n\u3053\u3093\u306a\u611f\u3058\u306b\u306a\u308a\u307e\u3059\u3002\nCPU\u306f4\u500b\u52d5\u3044\u3066\u307e\u3059\u3002\n\n\n```console:log\nroot@genericarmv8:~# dmesg\n[    0.000000] Linux version 3.14.0-1-linaro-vexpress64 (buildslave@Ubuntu-1204-precise-64-minimal) (gcc version 4.8.3 20140303 (prerelease) (crosstool-NG linaro-1.13.1-4.8-2014.03 - Linaro GCC 2014.03) ) #1ubuntu1~ci+140417081059 SMP Thu Apr 17 10:11:42 CEST 2014\n[    0.000000] Kernel was built at commit id ''\n[    0.000000] CPU: AArch64 Processor [410fd000] revision 0\n[    0.000000] bootconsole [earlycon0] enabled\n[    0.000000] On node 0 totalpages: 1048576\n[    0.000000]   DMA zone: 7168 pages used for memmap\n[    0.000000]   DMA zone: 0 pages reserved\n[    0.000000]   DMA zone: 524288 pages, LIFO batch:31\n[    0.000000]   Normal zone: 7168 pages used for memmap\n[    0.000000]   Normal zone: 524288 pages, LIFO batch:31\n[    0.000000] PERCPU: Embedded 12 pages/cpu @ffffffc87ffa2000 s17600 r8192 d23360 u49152\n[    0.000000] pcpu-alloc: s17600 r8192 d23360 u49152 alloc=12*4096\n[    0.000000] pcpu-alloc: [0] 0 [0] 1 [0] 2 [0] 3 \n[    0.000000] Built 1 zonelists in Zone order, mobility grouping on.  Total pages: 1034240\n[    0.000000] Kernel command line: console=ttyAMA0 earlyprintk=pl011,0x1c090000 consolelog=9 rw root=/dev/vda2\n[    0.000000] PID hash table entries: 4096 (order: 3, 32768 bytes)\n[    0.000000] Dentry cache hash table entries: 524288 (order: 10, 4194304 bytes)\n[    0.000000] Inode-cache hash table entries: 262144 (order: 9, 2097152 bytes)\n[    0.000000] Memory: 4120572K/4194304K available (6121K kernel code, 485K rwdata, 2228K rodata, 293K init, 597K bss, 73732K reserved)\n[    0.000000] Virtual kernel memory layout:\n[    0.000000]     vmalloc : 0xffffff8000000000 - 0xffffffbbffff0000   (245759 MB)\n[    0.000000]     vmemmap : 0xffffffbc01c00000 - 0xffffffbc1f800000   (   476 MB)\n[    0.000000]     modules : 0xffffffbffc000000 - 0xffffffc000000000   (    64 MB)\n[    0.000000]     memory  : 0xffffffc000000000 - 0xffffffc880000000   ( 34816 MB)\n[    0.000000]       .init : 0xffffffc0008a9000 - 0xffffffc0008f24c0   (   294 kB)\n[    0.000000]       .text : 0xffffffc000080000 - 0xffffffc0008a84f4   (  8354 kB)\n[    0.000000]       .data : 0xffffffc0008f3000 - 0xffffffc00096c7c8   (   486 kB)\n[    0.000000] Hierarchical RCU implementation.\n[    0.000000] \tRCU restricting CPUs from NR_CPUS=8 to nr_cpu_ids=4.\n[    0.000000] RCU: Adjusting geometry for rcu_fanout_leaf=16, nr_cpu_ids=4\n[    0.000000] NR_IRQS:64 nr_irqs:64 0\n[    0.000000] Architected cp15 timer(s) running at 100.00MHz (phys).\n[    0.000025] sched_clock: 56 bits at 100MHz, resolution 10ns, wraps every 2748779069440ns\n[    0.001510] Console: colour dummy device 80x25\n[    0.001619] Calibrating delay loop (skipped), value calculated using timer frequency.. 200.00 BogoMIPS (lpj=1000000)\n[    0.001691] pid_max: default: 32768 minimum: 301\n[    0.002209] Security Framework initialized\n[    0.002282] AppArmor: AppArmor initialized\n[    0.002481] Mount-cache hash table entries: 8192 (order: 4, 65536 bytes)\n[    0.002550] Mountpoint-cache hash table entries: 8192 (order: 4, 65536 bytes)\n[    0.008928] hw perfevents: enabled with arm/armv8-pmuv3 PMU driver, 9 counters available\n[    0.013218] CPU1: Booted secondary processor\n[    0.014853] CPU2: Booted secondary processor\n[    0.016485] CPU3: Booted secondary processor\n[    0.017051] Brought up 4 CPUs\n[    0.017172] SMP: Total of 4 processors activated.\n[    0.020055] devtmpfs: initialized\n[    0.032663] xor: measuring software checksum speed\n[    0.130081]    8regs     :   168.000 MB/sec\n[    0.230246]    8regs_prefetch:   148.000 MB/sec\n[    0.330414]    32regs    :   172.400 MB/sec\n[    0.430605]    32regs_prefetch:   148.000 MB/sec\n[    0.430655] xor: using function: 32regs (172.400 MB/sec)\n[    0.432572] regulator-dummy: no parameters\n[    0.434104] NET: Registered protocol family 16\n[    0.437178] cpuidle: using governor ladder\n[    0.437220] cpuidle: using governor menu\n[    0.449627] vdso: 2 pages (1 code, 1 data) at base ffffffc0008f9000\n[    0.449719] hw-breakpoint: found 16 breakpoint and 16 watchpoint registers.\n[    0.449811] Serial: AMBA PL011 UART driver\n[    0.450081] 1c090000.uart: ttyAMA0 at MMIO 0x1c090000 (irq = 37, base_baud = 0) is a PL011 rev2\n[    0.450147] console [ttyAMA0] enabled\n[    0.450202] bootconsole [earlycon0] disabled\n[    0.451257] 1c0a0000.uart: ttyAMA1 at MMIO 0x1c0a0000 (irq = 38, base_baud = 0) is a PL011 rev2\n[    0.452262] 1c0b0000.uart: ttyAMA2 at MMIO 0x1c0b0000 (irq = 39, base_baud = 0) is a PL011 rev2\n[    0.453256] 1c0c0000.uart: ttyAMA3 at MMIO 0x1c0c0000 (irq = 40, base_baud = 0) is a PL011 rev2\n[    0.457306] software IO TLB [mem 0xffc00000-0x100000000] (4MB) mapped at [ffffffc07fc00000-ffffffc07fffffff]\n[    0.518660] bio: create slab <bio-0> at 0\n[    0.681502] raid6: int64x1     55 MB/s\n[    0.852203] raid6: int64x2     65 MB/s\n[    1.021822] raid6: int64x4     71 MB/s\n[    1.193113] raid6: int64x8     58 MB/s\n[    1.362840] raid6: neonx1     125 MB/s\n[    1.532895] raid6: neonx2     151 MB/s\n[    1.703231] raid6: neonx4     168 MB/s\n[    1.873633] raid6: neonx8     153 MB/s\n[    1.873678] raid6: using algorithm neonx4 (168 MB/s)\n[    1.873723] raid6: using intx1 recovery algorithm\n[    1.876733] SCSI subsystem initialized\n[    1.878837] usbcore: registered new interface driver usbfs\n[    1.879315] usbcore: registered new interface driver hub\n[    1.879791] usbcore: registered new device driver usb\n[    1.885471] NetLabel: Initializing\n[    1.885512] NetLabel:  domain hash size = 128\n[    1.885554] NetLabel:  protocols = UNLABELED CIPSOv4\n[    1.885794] NetLabel:  unlabeled traffic allowed by default\n[    1.886483] Switched to clocksource arch_sys_counter\n[    1.957437] AppArmor: AppArmor Filesystem Enabled\n[    1.998022] NET: Registered protocol family 2\n[    2.000164] TCP established hash table entries: 32768 (order: 6, 262144 bytes)\n[    2.003918] TCP bind hash table entries: 32768 (order: 7, 524288 bytes)\n[    2.008579] TCP: Hash tables configured (established 32768 bind 32768)\n[    2.008729] TCP: reno registered\n[    2.008793] UDP hash table entries: 2048 (order: 4, 65536 bytes)\n[    2.009601] UDP-Lite hash table entries: 2048 (order: 4, 65536 bytes)\n[    2.011231] NET: Registered protocol family 1\n[    2.012036] RPC: Registered named UNIX socket transport module.\n[    2.012084] RPC: Registered udp transport module.\n[    2.012129] RPC: Registered tcp transport module.\n[    2.012176] RPC: Registered tcp NFSv4.1 backchannel transport module.\n[    2.013765] kvm [1]: Using HYP init bounce page @ff81b000\n[    2.014192] kvm [1]: interrupt-controller@2c004000 IRQ25\n[    2.014564] kvm [1]: timer IRQ27\n[    2.014625] kvm [1]: Hyp mode initialized successfully\n[    2.019562] futex hash table entries: 1024 (order: 4, 65536 bytes)\n[    2.019823] audit: initializing netlink subsys (disabled)\n[    2.019912] audit: type=2000 audit(2.010:1): initialized\n[    2.022668] HugeTLB registered 2 MB page size, pre-allocated 0 pages\n[    2.025372] VFS: Disk quotas dquot_6.5.2\n[    2.026000] Dquot-cache hash table entries: 512 (order 0, 4096 bytes)\n[    2.029882] NFS: Registering the id_resolver key type\n[    2.030163] Key type id_resolver registered\n[    2.030208] Key type id_legacy registered\n[    2.030322] jffs2: version 2.2. (NAND) (SUMMARY)  \u00a9 2001-2006 Red Hat, Inc.\n[    2.031770] 9p: Installing v9fs 9p2000 file system support\n[    2.031952] msgmni has been set to 8047\n[    2.034431] Block layer SCSI generic (bsg) driver version 0.4 loaded (major 253)\n[    2.034486] io scheduler noop registered\n[    2.034532] io scheduler deadline registered\n[    2.034670] io scheduler cfq registered (default)\n[    2.294894] Serial: 8250/16550 driver, 4 ports, IRQ sharing disabled\n[    2.335835] brd: module loaded\n[    2.354624] loop: module loaded\n[    2.355745] blk-mq: CPU -> queue map\n[    2.355788]   CPU 0 -> Queue 0\n[    2.355830]   CPU 1 -> Queue 0\n[    2.355872]   CPU 2 -> Queue 0\n[    2.355914]   CPU 3 -> Queue 0\n[    2.357722]  vda: vda1 vda2\n[    2.364497] mtdoops: mtd device (mtddev=name/number) must be supplied\n[    2.364621] tun: Universal TUN/TAP device driver, 1.6\n[    2.364668] tun: (C) 1999-2004 Max Krasnyansky <maxk@qualcomm.com>\n[    2.365881] smc91x 1a000000.ethernet (unregistered net_device): smc91x: IOADDR ffffff8000080000 doesn't match configuration (300).\n[    2.365946] smc91x.c: v1.1, sep 22 2004 by Nicolas Pitre <nico@fluxnic.net>\n[    2.377378] smc91x 1a000000.ethernet eth0: SMC91C11xFD (rev 1) at ffffff8000080000 IRQ 47\n[    2.377429] \n[    2.377492] smc91x 1a000000.ethernet eth0: Ethernet addr: 00:02:f7:ef:04:69\n[    2.378246] ehci_hcd: USB 2.0 'Enhanced' Host Controller (EHCI) Driver\n[    2.378298] ehci-h20ahb: H20AHB-EHCI Host Controller driver\n[    2.378730] ohci_hcd: USB 1.1 'Open' Host Controller (OHCI) Driver\n[    2.379215] usbcore: registered new interface driver usb-storage\n[    2.380677] mousedev: PS/2 mouse device common for all mice\n[    2.383667] device-mapper: ioctl: 4.27.0-ioctl (2013-10-30) initialised: dm-devel@redhat.com\n[    2.385506] usbcore: registered new interface driver usbhid\n[    2.385549] usbhid: USB HID core driver\n[    2.386385] TCP: cubic registered\n[    2.386423] Initializing XFRM netlink socket\n[    2.386835] NET: Registered protocol family 10\n[    2.390706] sit: IPv6 over IPv4 tunneling driver\n[    2.393705] NET: Registered protocol family 17\n[    2.393815] NET: Registered protocol family 15\n[    2.394151] 9pnet: Installing 9P2000 support\n[    2.394602] Key type dns_resolver registered\n[    2.398740] bio: create slab <bio-1> at 1\n[    2.400072] Btrfs loaded\n[    2.400284] AppArmor: AppArmor sha1 policy hashing enabled\n[    2.400762] regulator-dummy: disabling\n[    2.401023] /home/buildslave/workspace/package-and-publish-linux-linaro/kernel_build/test_build/linux/drivers/rtc/hctosys.c: unable to open rtc device (rtc0)\n[    2.403196] EXT3-fs (vda2): error: couldn't mount because of unsupported optional features (240)\n[    2.404080] EXT2-fs (vda2): error: couldn't mount because of unsupported optional features (240)\n[    2.410825] EXT4-fs (vda2): mounted filesystem with ordered data mode. Opts: (null)\n[    2.410909] VFS: Mounted root (ext4 filesystem) on device 254:2.\n[    2.411255] devtmpfs: mounted\n[    2.411588] Freeing unused kernel memory: 292K (ffffffc0008a9000 - ffffffc0008f2000)\n[    3.166032] udevd[1015]: starting version 182\n[    3.397104] EXT4-fs (vda2): re-mounted. Opts: data=ordered\n[    3.559965] random: dd urandom read with 9 bits of entropy available\n[    4.747980] smc91x 1a000000.ethernet eth0: link up, 10Mbps, half-duplex, lpa 0x0000\n\nroot@genericarmv8:~# cat /proc/cpuinfo    \nProcessor\t: AArch64 Processor rev 0 (aarch64)\nprocessor\t: 0\nprocessor\t: 1\nprocessor\t: 2\nprocessor\t: 3\nFeatures\t: fp asimd evtstrm \nCPU implementer\t: 0x41\nCPU architecture: AArch64\nCPU variant\t: 0x0\nCPU part\t: 0xd00\nCPU revision\t: 0\n\nHardware\t: Foundation-v8A\n\nroot@genericarmv8:~# cat /proc/version \nLinux version 3.14.0-1-linaro-vexpress64 (buildslave@Ubuntu-1204-precise-64-minimal) (gcc version 4.8.3 20140303 (prerelease) (crosstool-NG linaro-1.13.1-4.8-2014.03 - Linaro GCC 2014.03) ) #1ubuntu1~ci+140417081059 SMP Thu Apr 17 10:11:42 CEST 2014\n\nroot@genericarmv8:~# \n\n```\n", "tags": ["ARM", "Linux"]}