{"context": " More than 1 year has passed since last update.LVM\u3067\u4e00\u3064\u306e\u8ad6\u7406\u30dc\u30ea\u30e5\u30fc\u30e0\u3092100G\u6e1b\u3089\u3057\u3066\u3001\u4ed6\u306e\u8ad6\u7406\u30dc\u30ea\u30e5\u30fc\u30e0\u3092\u8ffd\u52a0\u3059\u308b\u3002\n\n1.\u30c7\u30a3\u30b9\u30af\u30b7\u30b9\u30c6\u30e0\u306e\u4e8b\u524d\u78ba\u8a8d\n$ df -h                                                                                                                                         \nFilesystem                          Size  Used Avail Use% Mounted on\n/dev/mapper/vg_kvmsimu02-lv_root   50G   38G  9.5G  80% /\ntmpfs                               1.9G     0  1.9G   0% /dev/shm\n/dev/vda1                           485M   33M  427M   8% /boot\n/dev/mapper/vg_kvmsimu02-lv_home  439G   19G  398G   5% /home  \u2190\u3053\u3044\u3064\u3092100G\u6e1b\u3089\u3057\u305f\u3044\n\n\n2.\u30de\u30a6\u30f3\u30c8\u72b6\u6cc1\u78ba\u8a8d\n# mount                                                                                                                                           \n/dev/mapper/vg_kvmsimu02-lv_root on / type ext4 (rw)\nproc on /proc type proc (rw)\nsysfs on /sys type sysfs (rw)\ndevpts on /dev/pts type devpts (rw,gid=5,mode=620)\ntmpfs on /dev/shm type tmpfs (rw)\n/dev/vda1 on /boot type ext4 (rw)\n/dev/mapper/vg_kvmsimu02-lv_home on /home type ext4 (rw)\u3000\u3000\u2190\u3053\u308c\u3092\u4e00\u6642\u7684\u306b\u30a2\u30f3\u30de\u30a6\u30f3\u30c8\u3059\u308b\nnone on /proc/sys/fs/binfmt_misc type binfmt_misc (rw)\n\n\n3.\u30d1\u30fc\u30c6\u30a3\u30b7\u30e7\u30f3\u306e\u8a2d\u5b9a\u3092\u78ba\u8a8d\n\u30fb\u4eca\u56de\u306e\u5bfe\u8c61\u3067\u306f\u306a\u3044\u304b\u3082\u3067\u3059\u304c\u3001\u30c7\u30a3\u30b9\u30af\u306e\u5bfe\u8c61\u3092\u78ba\u8a8d   \n# fdisk -l /dev/vda\n\u30c7\u30a3\u30b9\u30af /dev/vda: 536.9 GB, 536870912000 \u30d0\u30a4\u30c8\n\u30d8\u30c3\u30c9 16, \u30bb\u30af\u30bf 63, \u30b7\u30ea\u30f3\u30c0 1040253\nUnits = \u30b7\u30ea\u30f3\u30c0\u6570 of 1008 * 512 = 516096 \u30d0\u30a4\u30c8\n\u30bb\u30af\u30bf\u30b5\u30a4\u30ba (\u8ad6\u7406 / \u7269\u7406): 512 \u30d0\u30a4\u30c8 / 512 \u30d0\u30a4\u30c8\nI/O size (minimum/optimal): 512 bytes / 512 bytes\n\u30c7\u30a3\u30b9\u30af\u8b58\u5225\u5b50: 0x0004b73a\n\n\u30c7\u30d0\u30a4\u30b9 \u30d6\u30fc\u30c8      \u59cb\u70b9        \u7d42\u70b9     \u30d6\u30ed\u30c3\u30af   Id  \u30b7\u30b9\u30c6\u30e0\n/dev/vda1   *           3        1018      512000   83  Linux\n\u30d1\u30fc\u30c6\u30a3\u30b7\u30e7\u30f3 1 \u306f\u3001\u30b7\u30ea\u30f3\u30c0\u5883\u754c\u3067\u7d42\u308f\u3063\u3066\u3044\u307e\u305b\u3093\u3002\n/dev/vda2            1018     1040254   523774976   8e  Linux LVM\u3000\u2190\u4eca\u56de\u306e\u5bfe\u8c61\u306f\u3053\u308c\n\u30d1\u30fc\u30c6\u30a3\u30b7\u30e7\u30f3 2 \u306f\u3001\u30b7\u30ea\u30f3\u30c0\u5883\u754c\u3067\u7d42\u308f\u3063\u3066\u3044\u307e\u305b\u3093\u3002\n\n\n4.\u7269\u7406\u30dc\u30ea\u30e5\u30fc\u30e0\u78ba\u8a8d\n# pvdisplay\n  --- Physical volume ---\n  PV Name               /dev/vda2\n  VG Name               vg_kvmsimu02\n  PV Size               499.51 GiB / not usable 3.00 MiB\n  Allocatable           yes (but full)\n  PE Size               4.00 MiB\n  Total PE              127874\n  Free PE               0\n  Allocated PE          127874\n  PV UUID               UdE3ri-k6Va-cZse-kBZA-QPLM-qVXA-F5NdKK\n\n\n5.\u30dc\u30ea\u30e5\u30fc\u30e0\u30b0\u30eb\u30fc\u30d7\u306e\u78ba\u8a8d\n\u30fb\u4eca\u56de\u306f\u7269\u7406\u30dc\u30ea\u30e5\u30fc\u30e0\u3068\u30dc\u30ea\u30e5\u30fc\u30e0\u30b0\u30eb\u30fc\u30d7\u304c1:1\u306e\u95a2\u4fc2\n[root@-kvm-simu02 ~]# vgdisplay \n  --- Volume group ---\n  VG Name               vg_kvmsimu02\n  System ID             \n  Format                lvm2\n  Metadata Areas        1\n  Metadata Sequence No  4\n  VG Access             read/write\n  VG Status             resizable\n  MAX LV                0\n  Cur LV                3\n  Open LV               3\n  Max PV                0\n  Cur PV                1\n  Act PV                1\n  VG Size               499.51 GiB\n  PE Size               4.00 MiB\n  Total PE              127874\n  Alloc PE / Size       127874 / 499.51 GiB\n  Free  PE / Size       0 / 0   \n  VG UUID               AwbSjG-KMLf-IeC0-koRO-W6q7-0hD3-eW4Zdv\n\n\n6.\u8ad6\u7406\u30dc\u30ea\u30e5\u30fc\u30e0\u306e\u78ba\u8a8d\n[root@-kvm-simu02 ~]# lvdisplay \n  --- Logical volume ---\n  LV Path                /dev/vg_kvmsimu02/lv_root\n  LV Name                lv_root\n  VG Name                vg_kvmsimu02\n  LV UUID                13fvFk-ZUQ3-qGR2-dzmN-sHqK-hdIB-tNaqED\n  LV Write Access        read/write\n  LV Creation host, time -kvm-simu02, 2014-09-22 21:10:43 +0900\n  LV Status              available\n  # open                 1\n  LV Size                50.00 GiB\n  Current LE             12800\n  Segments               1\n  Allocation             inherit\n  Read ahead sectors     auto\n  - currently set to     256\n  Block device           253:0\n\n  --- Logical volume ---\n  LV Path                /dev/vg_kvmsimu02/lv_home\u3000\u3000\u3000\u2190\u3053\u3044\u3064\u3092100G\u6e1b\u3089\u3057\u305f\u3044\n  LV Name                lv_home\n  VG Name                vg_kvmsimu02\n  LV UUID                dyK2j2-UCB2-wann-NIlh-O5iW-K0e5-G1GzIU\n  LV Write Access        read/write\n  LV Creation host, time -kvm-simu02, 2014-09-22 21:10:45 +0900\n  LV Status              available\n  # open                 1\n  LV Size                445.63 GiB\n  Current LE             114082\n  Segments               1\n  Allocation             inherit\n  Read ahead sectors     auto\n  - currently set to     256\n  Block device           253:2\n\n  --- Logical volume ---\n  LV Path                /dev/vg_kvmsimu02/lv_swap\n  LV Name                lv_swap\n  VG Name                vg_kvmsimu02\n  LV UUID                mxeG5l-qQE2-pLYe-aO1h-LJU3-ecWx-4zW4cB\n  LV Write Access        read/write\n  LV Creation host, time -kvm-simu02, 2014-09-22 21:11:03 +0900\n  LV Status              available\n  # open                 1\n  LV Size                3.88 GiB\n  Current LE             992\n  Segments               1\n  Allocation             inherit\n  Read ahead sectors     auto\n  - currently set to     256\n  Block device           253:1\n\n\n7.umount\u304c\u51fa\u6765\u308b\u3053\u3068\u3092\u78ba\u8a8d\n[root@-kvm-simu02 ~]# umount -l /home\n[root@-kvm-simu02 ~]# df\nFilesystem                         1K-blocks     Used Available Use% Mounted on\n/dev/mapper/vg_kvmsimu02-lv_root  51606140 39098788   9885912  80% /\ntmpfs                                1961452        0   1961452   0% /dev/shm\n/dev/vda1                             495844    33483    436761   8% /boot\n\u3000\u3000/dev/vg_kvmsimu02/lv_home\u304c\u7121\u304f\u306a\u3063\u3066\u3044\u308b\n[root@-kvm-simu02 ~]# cd /home/\n[root@-kvm-simu02 home]# ll\n\u5408\u8a08 0\n\n#8.mount\u304c\u51fa\u6765\u308b\u3053\u3068\u3092\u78ba\u8a8d\n\u30fb\u3044\u3063\u305f\u3093\u5143\u306b\u623b\u3059\n[root@-kvm-simu02 home]# mount -t ext4 /dev/mapper/vg_kvmsimu02-lv_home /home\n[root@-kvm-simu02 home]# df\nFilesystem                         1K-blocks     Used Available Use% Mounted on\n/dev/mapper/vg_kvmsimu02-lv_root  51606140 39098884   9885816  80% /\ntmpfs                                1961452        0   1961452   0% /dev/shm\n/dev/vda1                             495844    33483    436761   8% /boot\n/dev/mapper/vg_kvmsimu02-lv_home 459946088 19904548 416677548   5% /home\n\n\u30b3\u30b3\u304b\u3089\u672c\u756a\n\n9.\u5bfe\u8c61\u306e\u30c7\u30a3\u30ec\u30af\u30c8\u30ea\u3092umount\n[root@-kvm-simu02 home]# umount -l /home                                                                                                                          \n\n[root@-kvm-simu02 home]# ll\n\u5408\u8a08 0\n\n# df\nFilesystem                         1K-blocks     Used Available Use% Mounted on\n/dev/mapper/vg_kvmsimu02-lv_root  51606140 39099176   9885524  80% /\ntmpfs                                1961452        0   1961452   0% /dev/shm\n/dev/vda1                             495844    33483    436761   8% /boot\n\n\n10.\u30c7\u30a3\u30b9\u30af\u9818\u57df\u3092\u524a\u6e1b\u3057\u3001\u30de\u30a6\u30f3\u30c8\u3057\u306a\u304a\u3059\n# lvreduce -L -100G /dev/mapper/vg_kvmsimu02-lv_home\n  WARNING: Reducing active and open logical volume to 345.63 GiB\n  THIS MAY DESTROY YOUR DATA (filesystem etc.)\nDo you really want to reduce lv_home? [y/n]: y\n  Reducing logical volume lv_home to 345.63 GiB\n  Logical volume lv_home successfully resized\n# mount -t ext4 /dev/mapper/vg_kvmsimu02-lv_home /home                                                                                       \n\n\n11.100G\u6e1b\u3063\u305f\u3053\u3068\u3092\u78ba\u8a8d\n# df -h\nFilesystem                          Size  Used Avail Use% Mounted on\n/dev/mapper/vg_kvmsimu02-lv_root   50G   38G  9.5G  80% /\ntmpfs                               1.9G     0  1.9G   0% /dev/shm\n/dev/vda1                           485M   33M  427M   8% /boot\n/dev/mapper/vg_kvmsimu02-lv_home  339G   19G  298G   5% /home\n\n\n12.\u8ad6\u7406\u30dc\u30ea\u30e5\u30fc\u30e0\u300clv_usr01\u300d\u3092\u4f5c\u6210\u3057\u3001ext4\u3067\u30d5\u30a9\u30fc\u30de\u30c3\u30c8\n# lvcreate -L 100G -n lv_usr01 vg_kvmsimu02                                                                                                     \n  Logical volume \"lv_usr01\" created\n# mkfs.ext4 /dev/mapper/vg_kvmsimu02-lv_usr01\nmke2fs 1.41.12 (17-May-2010)\nFilesystem label=\nOS type: Linux\nBlock size=4096 (log=2)\nFragment size=4096 (log=2)\nStride=0 blocks, Stripe width=0 blocks\n6553600 inodes, 26214400 blocks\n1310720 blocks (5.00%) reserved for the super user\nFirst data block=0\nMaximum filesystem blocks=4294967296\n800 block groups\n32768 blocks per group, 32768 fragments per group\n8192 inodes per group\nSuperblock backups stored on blocks: \n        32768, 98304, 163840, 229376, 294912, 819200, 884736, 1605632, 2654208, \n        4096000, 7962624, 11239424, 20480000, 23887872\n\nWriting inode tables: done                            \nCreating journal (32768 blocks): done\nWriting superblocks and filesystem accounting information: done\n\nThis filesystem will be automatically checked every 24 mounts or\n180 days, whichever comes first.  Use tune2fs -c or -i to override.\n\n\n13.mount\u3057\u8ffd\u52a0\u3055\u308c\u305f\u3053\u3068\u3092\u78ba\u8a8d\u3067\u304d\u307e\u3057\u305f\n# mount /dev/mapper/vg_kvmsimu02-lv_usr01 /usr01\n# df -h\nFilesystem                           Size  Used Avail Use% Mounted on\n/dev/mapper/vg_kvmsimu02-lv_root    50G   38G  9.5G  80% /\ntmpfs                                1.9G     0  1.9G   0% /dev/shm\n/dev/vda1                            485M   33M  427M   8% /boot\n/dev/mapper/vg_kvmsimu02-lv_home   339G   19G  298G   5% /home\n/dev/mapper/vg_kvmsimu02-lv_usr01   99G  188M   94G   1% /usr01\u3000\u3000\u2190\u2605\n\nLVM\u3067\u4e00\u3064\u306e\u8ad6\u7406\u30dc\u30ea\u30e5\u30fc\u30e0\u3092100G\u6e1b\u3089\u3057\u3066\u3001\u4ed6\u306e\u8ad6\u7406\u30dc\u30ea\u30e5\u30fc\u30e0\u3092\u8ffd\u52a0\u3059\u308b\u3002\n\n# 1.\u30c7\u30a3\u30b9\u30af\u30b7\u30b9\u30c6\u30e0\u306e\u4e8b\u524d\u78ba\u8a8d\n```\n$ df -h                                                                                                                                         \nFilesystem                          Size  Used Avail Use% Mounted on\n/dev/mapper/vg_kvmsimu02-lv_root   50G   38G  9.5G  80% /\ntmpfs                               1.9G     0  1.9G   0% /dev/shm\n/dev/vda1                           485M   33M  427M   8% /boot\n/dev/mapper/vg_kvmsimu02-lv_home  439G   19G  398G   5% /home  \u2190\u3053\u3044\u3064\u3092100G\u6e1b\u3089\u3057\u305f\u3044\n```\n\n# 2.\u30de\u30a6\u30f3\u30c8\u72b6\u6cc1\u78ba\u8a8d\n```\n# mount                                                                                                                                           \n/dev/mapper/vg_kvmsimu02-lv_root on / type ext4 (rw)\nproc on /proc type proc (rw)\nsysfs on /sys type sysfs (rw)\ndevpts on /dev/pts type devpts (rw,gid=5,mode=620)\ntmpfs on /dev/shm type tmpfs (rw)\n/dev/vda1 on /boot type ext4 (rw)\n/dev/mapper/vg_kvmsimu02-lv_home on /home type ext4 (rw)\u3000\u3000\u2190\u3053\u308c\u3092\u4e00\u6642\u7684\u306b\u30a2\u30f3\u30de\u30a6\u30f3\u30c8\u3059\u308b\nnone on /proc/sys/fs/binfmt_misc type binfmt_misc (rw)\n```\n\n# 3.\u30d1\u30fc\u30c6\u30a3\u30b7\u30e7\u30f3\u306e\u8a2d\u5b9a\u3092\u78ba\u8a8d\n\u30fb\u4eca\u56de\u306e\u5bfe\u8c61\u3067\u306f\u306a\u3044\u304b\u3082\u3067\u3059\u304c\u3001\u30c7\u30a3\u30b9\u30af\u306e\u5bfe\u8c61\u3092\u78ba\u8a8d   \n\n```\n# fdisk -l /dev/vda\n\u30c7\u30a3\u30b9\u30af /dev/vda: 536.9 GB, 536870912000 \u30d0\u30a4\u30c8\n\u30d8\u30c3\u30c9 16, \u30bb\u30af\u30bf 63, \u30b7\u30ea\u30f3\u30c0 1040253\nUnits = \u30b7\u30ea\u30f3\u30c0\u6570 of 1008 * 512 = 516096 \u30d0\u30a4\u30c8\n\u30bb\u30af\u30bf\u30b5\u30a4\u30ba (\u8ad6\u7406 / \u7269\u7406): 512 \u30d0\u30a4\u30c8 / 512 \u30d0\u30a4\u30c8\nI/O size (minimum/optimal): 512 bytes / 512 bytes\n\u30c7\u30a3\u30b9\u30af\u8b58\u5225\u5b50: 0x0004b73a\n\n\u30c7\u30d0\u30a4\u30b9 \u30d6\u30fc\u30c8      \u59cb\u70b9        \u7d42\u70b9     \u30d6\u30ed\u30c3\u30af   Id  \u30b7\u30b9\u30c6\u30e0\n/dev/vda1   *           3        1018      512000   83  Linux\n\u30d1\u30fc\u30c6\u30a3\u30b7\u30e7\u30f3 1 \u306f\u3001\u30b7\u30ea\u30f3\u30c0\u5883\u754c\u3067\u7d42\u308f\u3063\u3066\u3044\u307e\u305b\u3093\u3002\n/dev/vda2            1018     1040254   523774976   8e  Linux LVM\u3000\u2190\u4eca\u56de\u306e\u5bfe\u8c61\u306f\u3053\u308c\n\u30d1\u30fc\u30c6\u30a3\u30b7\u30e7\u30f3 2 \u306f\u3001\u30b7\u30ea\u30f3\u30c0\u5883\u754c\u3067\u7d42\u308f\u3063\u3066\u3044\u307e\u305b\u3093\u3002\n```\n\n# 4.\u7269\u7406\u30dc\u30ea\u30e5\u30fc\u30e0\u78ba\u8a8d\n```\n# pvdisplay\n  --- Physical volume ---\n  PV Name               /dev/vda2\n  VG Name               vg_kvmsimu02\n  PV Size               499.51 GiB / not usable 3.00 MiB\n  Allocatable           yes (but full)\n  PE Size               4.00 MiB\n  Total PE              127874\n  Free PE               0\n  Allocated PE          127874\n  PV UUID               UdE3ri-k6Va-cZse-kBZA-QPLM-qVXA-F5NdKK\n```\n\n\n\n#5.\u30dc\u30ea\u30e5\u30fc\u30e0\u30b0\u30eb\u30fc\u30d7\u306e\u78ba\u8a8d\n\u30fb\u4eca\u56de\u306f\u7269\u7406\u30dc\u30ea\u30e5\u30fc\u30e0\u3068\u30dc\u30ea\u30e5\u30fc\u30e0\u30b0\u30eb\u30fc\u30d7\u304c1:1\u306e\u95a2\u4fc2\n\n```\n[root@-kvm-simu02 ~]# vgdisplay \n  --- Volume group ---\n  VG Name               vg_kvmsimu02\n  System ID             \n  Format                lvm2\n  Metadata Areas        1\n  Metadata Sequence No  4\n  VG Access             read/write\n  VG Status             resizable\n  MAX LV                0\n  Cur LV                3\n  Open LV               3\n  Max PV                0\n  Cur PV                1\n  Act PV                1\n  VG Size               499.51 GiB\n  PE Size               4.00 MiB\n  Total PE              127874\n  Alloc PE / Size       127874 / 499.51 GiB\n  Free  PE / Size       0 / 0   \n  VG UUID               AwbSjG-KMLf-IeC0-koRO-W6q7-0hD3-eW4Zdv\n```\n\n# 6.\u8ad6\u7406\u30dc\u30ea\u30e5\u30fc\u30e0\u306e\u78ba\u8a8d\n```\n[root@-kvm-simu02 ~]# lvdisplay \n  --- Logical volume ---\n  LV Path                /dev/vg_kvmsimu02/lv_root\n  LV Name                lv_root\n  VG Name                vg_kvmsimu02\n  LV UUID                13fvFk-ZUQ3-qGR2-dzmN-sHqK-hdIB-tNaqED\n  LV Write Access        read/write\n  LV Creation host, time -kvm-simu02, 2014-09-22 21:10:43 +0900\n  LV Status              available\n  # open                 1\n  LV Size                50.00 GiB\n  Current LE             12800\n  Segments               1\n  Allocation             inherit\n  Read ahead sectors     auto\n  - currently set to     256\n  Block device           253:0\n   \n  --- Logical volume ---\n  LV Path                /dev/vg_kvmsimu02/lv_home\u3000\u3000\u3000\u2190\u3053\u3044\u3064\u3092100G\u6e1b\u3089\u3057\u305f\u3044\n  LV Name                lv_home\n  VG Name                vg_kvmsimu02\n  LV UUID                dyK2j2-UCB2-wann-NIlh-O5iW-K0e5-G1GzIU\n  LV Write Access        read/write\n  LV Creation host, time -kvm-simu02, 2014-09-22 21:10:45 +0900\n  LV Status              available\n  # open                 1\n  LV Size                445.63 GiB\n  Current LE             114082\n  Segments               1\n  Allocation             inherit\n  Read ahead sectors     auto\n  - currently set to     256\n  Block device           253:2\n   \n  --- Logical volume ---\n  LV Path                /dev/vg_kvmsimu02/lv_swap\n  LV Name                lv_swap\n  VG Name                vg_kvmsimu02\n  LV UUID                mxeG5l-qQE2-pLYe-aO1h-LJU3-ecWx-4zW4cB\n  LV Write Access        read/write\n  LV Creation host, time -kvm-simu02, 2014-09-22 21:11:03 +0900\n  LV Status              available\n  # open                 1\n  LV Size                3.88 GiB\n  Current LE             992\n  Segments               1\n  Allocation             inherit\n  Read ahead sectors     auto\n  - currently set to     256\n  Block device           253:1\n```\n\n\n#7.umount\u304c\u51fa\u6765\u308b\u3053\u3068\u3092\u78ba\u8a8d\n```\n[root@-kvm-simu02 ~]# umount -l /home\n[root@-kvm-simu02 ~]# df\nFilesystem                         1K-blocks     Used Available Use% Mounted on\n/dev/mapper/vg_kvmsimu02-lv_root  51606140 39098788   9885912  80% /\ntmpfs                                1961452        0   1961452   0% /dev/shm\n/dev/vda1                             495844    33483    436761   8% /boot\n\u3000\u3000/dev/vg_kvmsimu02/lv_home\u304c\u7121\u304f\u306a\u3063\u3066\u3044\u308b\n[root@-kvm-simu02 ~]# cd /home/\n[root@-kvm-simu02 home]# ll\n\u5408\u8a08 0\n\n#8.mount\u304c\u51fa\u6765\u308b\u3053\u3068\u3092\u78ba\u8a8d\n\u30fb\u3044\u3063\u305f\u3093\u5143\u306b\u623b\u3059\n[root@-kvm-simu02 home]# mount -t ext4 /dev/mapper/vg_kvmsimu02-lv_home /home\n[root@-kvm-simu02 home]# df\nFilesystem                         1K-blocks     Used Available Use% Mounted on\n/dev/mapper/vg_kvmsimu02-lv_root  51606140 39098884   9885816  80% /\ntmpfs                                1961452        0   1961452   0% /dev/shm\n/dev/vda1                             495844    33483    436761   8% /boot\n/dev/mapper/vg_kvmsimu02-lv_home 459946088 19904548 416677548   5% /home\n```\n\n**\u30b3\u30b3\u304b\u3089\u672c\u756a**\n# 9.\u5bfe\u8c61\u306e\u30c7\u30a3\u30ec\u30af\u30c8\u30ea\u3092umount\n\n```\n[root@-kvm-simu02 home]# umount -l /home                                                                                                                          \n\n[root@-kvm-simu02 home]# ll\n\u5408\u8a08 0\n\n# df\nFilesystem                         1K-blocks     Used Available Use% Mounted on\n/dev/mapper/vg_kvmsimu02-lv_root  51606140 39099176   9885524  80% /\ntmpfs                                1961452        0   1961452   0% /dev/shm\n/dev/vda1                             495844    33483    436761   8% /boot\n```\n\n# 10.\u30c7\u30a3\u30b9\u30af\u9818\u57df\u3092\u524a\u6e1b\u3057\u3001\u30de\u30a6\u30f3\u30c8\u3057\u306a\u304a\u3059\n```\n# lvreduce -L -100G /dev/mapper/vg_kvmsimu02-lv_home\n  WARNING: Reducing active and open logical volume to 345.63 GiB\n  THIS MAY DESTROY YOUR DATA (filesystem etc.)\nDo you really want to reduce lv_home? [y/n]: y\n  Reducing logical volume lv_home to 345.63 GiB\n  Logical volume lv_home successfully resized\n# mount -t ext4 /dev/mapper/vg_kvmsimu02-lv_home /home                                                                                       \n```\n\n# 11.100G\u6e1b\u3063\u305f\u3053\u3068\u3092\u78ba\u8a8d\n```\n# df -h\nFilesystem                          Size  Used Avail Use% Mounted on\n/dev/mapper/vg_kvmsimu02-lv_root   50G   38G  9.5G  80% /\ntmpfs                               1.9G     0  1.9G   0% /dev/shm\n/dev/vda1                           485M   33M  427M   8% /boot\n/dev/mapper/vg_kvmsimu02-lv_home  339G   19G  298G   5% /home\n```\n\n\n# 12.\u8ad6\u7406\u30dc\u30ea\u30e5\u30fc\u30e0\u300clv_usr01\u300d\u3092\u4f5c\u6210\u3057\u3001ext4\u3067\u30d5\u30a9\u30fc\u30de\u30c3\u30c8\n```\n# lvcreate -L 100G -n lv_usr01 vg_kvmsimu02                                                                                                     \n  Logical volume \"lv_usr01\" created\n# mkfs.ext4 /dev/mapper/vg_kvmsimu02-lv_usr01\nmke2fs 1.41.12 (17-May-2010)\nFilesystem label=\nOS type: Linux\nBlock size=4096 (log=2)\nFragment size=4096 (log=2)\nStride=0 blocks, Stripe width=0 blocks\n6553600 inodes, 26214400 blocks\n1310720 blocks (5.00%) reserved for the super user\nFirst data block=0\nMaximum filesystem blocks=4294967296\n800 block groups\n32768 blocks per group, 32768 fragments per group\n8192 inodes per group\nSuperblock backups stored on blocks: \n        32768, 98304, 163840, 229376, 294912, 819200, 884736, 1605632, 2654208, \n        4096000, 7962624, 11239424, 20480000, 23887872\n\nWriting inode tables: done                            \nCreating journal (32768 blocks): done\nWriting superblocks and filesystem accounting information: done\n\nThis filesystem will be automatically checked every 24 mounts or\n180 days, whichever comes first.  Use tune2fs -c or -i to override.\n```\n\n#13.mount\u3057\u8ffd\u52a0\u3055\u308c\u305f\u3053\u3068\u3092\u78ba\u8a8d\u3067\u304d\u307e\u3057\u305f\n```\n# mount /dev/mapper/vg_kvmsimu02-lv_usr01 /usr01\n# df -h\nFilesystem                           Size  Used Avail Use% Mounted on\n/dev/mapper/vg_kvmsimu02-lv_root    50G   38G  9.5G  80% /\ntmpfs                                1.9G     0  1.9G   0% /dev/shm\n/dev/vda1                            485M   33M  427M   8% /boot\n/dev/mapper/vg_kvmsimu02-lv_home   339G   19G  298G   5% /home\n/dev/mapper/vg_kvmsimu02-lv_usr01   99G  188M   94G   1% /usr01\u3000\u3000\u2190\u2605\n```\n", "tags": ["lvm", "Linux"]}