{"tags": ["Git", "GitHub", "SourceTree", "git-it"], "context": "\n\n\u6982\u8981\nGit/GitHub \u793e\u5185\u52c9\u5f37\u4f1a\u30b3\u30f3\u30c6\u30f3\u30c4 (\u6700\u5c0f\u9650\u306e\u624b\u9806\u307e\u3068\u3081)\u3002\n\u672c\u8a18\u4e8b\u306f\u3001Git-it \u3067\u5b66\u7fd2\u3092\u9032\u3081\u308b\u969b\u306e\u3001\u526f\u8cc7\u6599\u3002\n\n\u306f\u3058\u3081\u306b\nGit-it \u3068\u3044\u3046\u3001Git/GitHub\u5b66\u7fd2\u306e\u305f\u3081\u306e\u7d20\u6674\u3089\u3057\u3044\u30a2\u30d7\u30ea\u304c\u3042\u308b\u3002\nGit-it (Git/Github \u52c9\u5f37\u30a2\u30d7\u30ea)\nhttps://github.com/jlord/git-it-electron/releases/tag/3.1.0\n\u305d\u308c\u3092\u4f7f\u3063\u305f\u3001\u793e\u5185\u52c9\u5f37\u4f1a\u7528\u30b3\u30f3\u30c6\u30f3\u30c4\u3002\n\u3057\u304b\u3057\u306a\u304c\u3089\u3001Git-it \u3067\u306f\u3001\u30d7\u30eb\u30ea\u30af - \u30ec\u30d3\u30e5\u30fc - \u30de\u30fc\u30b8 \u306e\u958b\u767a\u306e\u6d41\u308c\u304c\u7406\u89e3\u3057\u3065\u3089\u3044\u306e\u3067\u3001\u305d\u306e\u90e8\u5206\u3092\u3001\u3042\u3068\u304b\u3089\u8ffd\u52a0\u3067\u5b9f\u65bd\u3059\u308b\u3002\n\n\nSourceTree\n\u30d6\u30e9\u30f3\u30c1\u306e\u72b6\u614b\u3092\u53ef\u8996\u5316\u3059\u308b\u76ee\u7684\u3082\u3042\u308a\u3001Git\u7ba1\u7406\u30a2\u30d7\u30ea SourceTree \u3092\u4f75\u7528\u3057\u306a\u304c\u3089\u5b66\u7fd2\u3092\u9032\u3081\u308b\u3002\nSourceTree\nhttps://ja.atlassian.com/software/sourcetree\n\n\nGitHub Desktop\nGit-it \u3067\u5f37\u304f\u30aa\u30b9\u30b9\u30e1\u3055\u308c\u3066\u3044\u308b GitHub Desktop \u3092\u4f7f\u3046\u306e\u3082\u3088\u3044\u3002\n\u300cGitHub Desktop\u300d \u306f GitHub / GitHub Enterprise \u3068\u89aa\u548c\u6027\u304c\u3042\u308a\u3001\u300c\u30d7\u30eb\u30ea\u30af\u30a8\u30b9\u30c8\u300d\u3092\u76f4\u63a5\u51fa\u3059\u3053\u3068\u304c\u3067\u304d\u308b\u3002\nGitHub Desktop\nhttps://desktop.github.com/\n\n\n\u30bd\u30fc\u30b9\u7ba1\u7406\u306e\u300c\u9055\u3044\u300d\n\n\u65e7\u6765\u306e\u30bd\u30fc\u30b9\u7ba1\u7406(Subversion\u7b49)\u3068Git/GitHub\u306e\u9055\u3044\n\nGit/GitHub\u3067\u306f\u3001\u30ea\u30dd\u30b8\u30c8\u30ea\u304c\u8907\u6570\u5b58\u5728\u3059\u308b\u3002(\u5404\u4eba\u306e\u30ed\u30fc\u30ab\u30eb\u306b\u30ea\u30dd\u30b8\u30c8\u30ea\u306e\u5b8c\u5168\u306a\u30af\u30ed\u30fc\u30f3\u304c\u5b58\u5728\u3059\u308b)\n[\u30e1\u30ea\u30c3\u30c8]\n\n\n\u500b\u4eba\u306e\u30ed\u30fc\u30ab\u30eb\u3060\u3051\u3067\u5b8c\u7d50\u3059\u308b\u4f7f\u3044\u65b9\u3082\u3042\u308a\n\u30cd\u30c3\u30c8\u30ef\u30fc\u30af\u5206\u65ad\u8010\u6027 (\u30cd\u30c3\u30c8\u30ef\u30fc\u30af\u306b\u3064\u306a\u304c\u3063\u3066\u306a\u304f\u3066\u3082\u4f5c\u696d\u304c\u7d99\u7d9a\u3067\u304d\u308b)\n\u53ef\u7528\u6027 (\u30b5\u30fc\u30d0\u304c\u7834\u58ca\u3055\u308c\u3066\u3082\u3001\u30ea\u30dd\u30b8\u30c8\u30ea\u306e\u30af\u30ed\u30fc\u30f3\u3092\u3001\u8ab0\u304b\u304c\u6301\u3063\u3066\u3044\u308b\u306f\u305a)\n\n\nGit/GitHub\u3067\u306f\u3001\u4f5c\u696d\u30d5\u30a1\u30a4\u30eb\u3068\u30ea\u30dd\u30b8\u30c8\u30ea\u306e\u9593\u306b\u3001\u30a4\u30f3\u30c7\u30c3\u30af\u30b9(\u30ad\u30e3\u30c3\u30b7\u30e5)\u3068\u3044\u3046\u30ec\u30a4\u30e4\u30fc\u304c\u5b58\u5728\u3059\u308b\n[\u30e1\u30ea\u30c3\u30c8]\n\n\n\u4e00\u8cab\u6027 (\u30b3\u30df\u30c3\u30c8\u3067\u306e\u6642\u9593\u5dee\u306b\u3088\u308b\u8ad6\u7406\u7684\u306a\u4e0d\u6574\u5408\u304c\u767a\u751f\u3057\u306a\u3044)\n\n\n\u30d6\u30e9\u30f3\u30c1\u5207\u308a\u66ff\u3048\u30b3\u30b9\u30c8\nSubversion \u3067\u306f\u30d6\u30e9\u30f3\u30c1\u5207\u308a\u66ff\u3048\u304c\u3073\u3063\u304f\u308a\u3059\u308b\u304f\u3089\u3044\u9045\u3044\u3067\u3059\u304c\u3001Git \u3067\u306f\u9006\u306b\u3001\u3073\u3063\u304f\u308a\u3059\u308b\u304f\u3089\u3044\u65e9\u3044\u3067\u3059\u3002\n\u30d6\u30e9\u30f3\u30c1\u3067\u958b\u767a\u74b0\u5883\u3092\u5207\u308a\u66ff\u3048\u308b\u6226\u7565\u304c\u3001Subversion\u6642\u4ee3\u306f\u3084\u308a\u305f\u304f\u3066\u3082\u73fe\u5b9f\u7684\u306b\u3067\u304d\u307e\u305b\u3093\u3067\u3057\u305f\u304c\u3001Git \u3067\u306f\u305d\u308c\u304c\u57fa\u672c\u6226\u7565\u306b\u306a\u308a\u307e\u3059\u3002\n\n\n\nGit\u3068GitHub\u306e\u9055\u3044\n\nGit \u306f\u30aa\u30fc\u30d7\u30f3\u30bd\u30fc\u30b9\u3067\u3001\u30d7\u30ed\u30b0\u30e9\u30e0\u306e\u540d\u79f0\u3002GitHub \u306f Git \u3092\u30d9\u30fc\u30b9\u306b\u3057\u305f Web\u30b5\u30fc\u30d3\u30b9\nGit \u5358\u4f53\u306b\u306f\u7121\u3044\u3001GitHub\u306e\u7d20\u6674\u3089\u3057\u3044\u7279\u5fb4\u6a5f\u80fd\u304c\u300c\u30d7\u30eb\u30fb\u30ea\u30af\u30a8\u30b9\u30c8\u300d\n\u2192 \u4fee\u6b63\u7b87\u6240\u3092\u53d6\u308a\u8fbc\u3080(\u30d7\u30eb)\u3053\u3068\u3092\u4f9d\u983c(\u30ea\u30af\u30a8\u30b9\u30c8)\u3059\u308b\u3053\u3068\u304c\u3067\u304d\u308b\u3002\n\u2192 \u30d7\u30eb\u30fb\u30ea\u30af\u30a8\u30b9\u30c8 \u3092\u8d77\u70b9\u306b\u3001\u30b3\u30fc\u30c9\u30fb\u30ec\u30d3\u30e5\u30fc\u3001\u30de\u30fc\u30b8 \u304c\u884c\u308f\u308c\u308b\u3002\nGitHub\u306f\u4ed6\u306b\u3082\u3001wiki \u6a5f\u80fd\u3084\u3001 issue (\u30c1\u30b1\u30c3\u30c8) \u7ba1\u7406\u306e\u6a5f\u80fd\u304c\u3042\u308b\u3002\n\u500b\u4eba\u5229\u7528\u306f\u516c\u958b\u30ea\u30dd\u30b8\u30c8\u30ea\u306e\u5834\u5408\u306f\u7121\u5236\u9650\u306b\u7121\u6599\u3002\n\u975e\u516c\u958b\u30ea\u30dd\u30b8\u30c8\u30ea\u3092\u4f5c\u6210\u3057\u305f\u3044\u5834\u5408\u306f\u3001$7/\u6708 (2016/05/12\u4fa1\u683c\u6539\u5b9a)\n\n\nGitHub\u3068GitHub Enterprise\u306e\u9055\u3044\n\nGitHub Enterprise \u306f GitHub \u3068\u540c\u7b49\u6a5f\u80fd\u3092\u30aa\u30f3\u30d7\u30ec\u30df\u30b9\u3067\u52d5\u4f5c\u3055\u305b\u308b\u30d7\u30ed\u30b0\u30e9\u30e0\u30e2\u30b8\u30e5\u30fc\u30eb\u3002\n\u8cbb\u7528 : ???? \u8abf\u67fb\n\u8a8d\u8a3c\u306f LDAP \u7b49\u304c\u4f7f\u3048\u308b\u3002\n\u30b3\u30fc\u30c9\u3092\u793e\u5916\u306b\u6301\u3061\u51fa\u305b\u306a\u3044\u5834\u5408\u306b\u4f7f\u308f\u308c\u308b\u3001\u9589\u3058\u305f\u74b0\u5883\u3002\nGitHub \u306e \u30ea\u30dd\u30b8\u30c8\u30ea\u304b\u3089\u306e Fork \u3084\u3001\u305d\u306e\u30ea\u30dd\u30b8\u30c8\u30ea\u306b\u5bfe\u3057\u3066\u306e\u30d7\u30eb\u30fb\u30ea\u30af\u30a8\u30b9\u30c8\u306f\u3067\u304d\u306a\u3044\u3002\n\n\nGit-it\n\u4ee5\u4e0b\u3001Git-it \u306e\u6307\u793a\u306b\u5f93\u3063\u3066\u3001\u5b66\u7fd2\u3092\u9032\u3081\u3066\u3044\u304f\u3002\n(\u2605exabugs \u306f\u79c1\u306eID\u3067\u3059!! \u5404\u81ea\u3001\u81ea\u5206\u306eID\u306b\u7f6e\u304d\u63db\u3048\u3066\u304f\u3060\u3055\u3044)\n\n1. Get Git\nGit\u3092\u30b3\u30f3\u30d4\u30e5\u30fc\u30bf\u306b\u30a4\u30f3\u30b9\u30c8\u30fc\u30eb\u3057\u3066\u3001\u540d\u524d\u3068E\u30e1\u30fc\u30eb\u30a2\u30c9\u30ec\u30b9\u3092\u8a2d\u5b9a\u3057\u307e\u3057\u3087\u3046\u3002\n\nStep: Git\u3092\u30a4\u30f3\u30b9\u30c8\u30fc\u30eb\u3059\u308b\n\u300cGitHub Desktop\u3092\u30c0\u30a6\u30f3\u30ed\u30fc\u30c9\u3057\u3066\u30a4\u30f3\u30b9\u30c8\u30fc\u30eb\u3059\u308b\u3053\u3068\u3092\u5f37\u304f\u304a\u3059\u3059\u3081\u3057\u307e\u3059\u3002\u300d\u3060\u305d\u3046\u3067\u3059\u3002\nhttps://desktop.github.com/\n\n\nStep: Git\u306e\u8a2d\u5b9a\u3092\u3059\u308b\n$ git --version\ngit version 2.5.4 (Apple Git-61)\n\n$ git config --global user.name \u3042\u306a\u305f\u306e\u540d\u524d\n\n$ git config --global user.email \u3042\u306a\u305f\u306e\u30e1\u30fc\u30eb\u30a2\u30c9\u30ec\u30b9\n\n\u78ba\u8a8d\n$ git config --global user.name\n\u3042\u306a\u305f\u306e\u540d\u524d\n\n$ git config --global user.email\n\u3042\u306a\u305f\u306e\u30e1\u30fc\u30eb\u30a2\u30c9\u30ec\u30b9\n\n\n2. Repository\n\u30ea\u30dd\u30b8\u30c8\u30ea\u3092\u4f5c\u3063\u3066\u307f\u3088\u3046\n\nStep: \u30ea\u30dd\u30b8\u30c8\u30ea\u3092\u4f5c\u308d\u3046\n\n$ mkdir hello-world\n\n$ cd hello-world\n\n$ git init\nInitialized empty Git repository in /private/tmp/hello-world/.git/\n\nSourceTree \u3067\u30ea\u30dd\u30b8\u30c8\u30ea\u3092\u958b\u3044\u3066\u307f\u308b\n\n\n3. Commit To It\n\u30d5\u30a1\u30a4\u30eb\u3092\u4f5c\u3063\u3066\u3001\u4f55\u304b\u5909\u66f4\u3092\u8ffd\u52a0\u3057\u3066\u307f\u3088\u3046\u3002\u305d\u306e\u5909\u66f4\u3092Git\u306b\u30b3\u30df\u30c3\u30c8\u3057\u3066\u307f\u3088\u3046\u3002\n\nStep: \u65b0\u3057\u3044\u30d5\u30a1\u30a4\u30eb\u3092\u4f5c\u308b\n$ git status\nOn branch master\n\nInitial commit\n\nnothing to commit (create/copy files and use \"git add\" to track)\n\n$ echo \"Hello World.\" > readme.txt\n\n\nStep: Status\u3092\u78ba\u8a8d\u3057\u3001\u5909\u66f4\u3092Add\u3057\u3066Commit\u3057\u3066\u307f\u3088\u3046\n\n$ git status\nOn branch master\n\nInitial commit\n\nUntracked files:\n  (use \"git add <file>...\" to include in what will be committed)\n\n    readme.txt\n\nnothing added to commit but untracked files present (use \"git add\" to track)\n\n$ git add readme.txt\n\n$ git status\nOn branch master\n\nInitial commit\n\nChanges to be committed:\n  (use \"git rm --cached <file>...\" to unstage)\n\n    new file:   readme.txt\n\n$ git commit -m \"First Commit\"\n[master (root-commit) b0a664e] First Commit\n 1 file changed, 1 insertion(+)\n create mode 100644 readme.txt\n\n$ echo \"add 2nd line.\" >> readme.txt \n\n$ git status\nOn branch master\nChanges not staged for commit:\n  (use \"git add <file>...\" to update what will be committed)\n  (use \"git checkout -- <file>...\" to discard changes in working directory)\n\n    modified:   readme.txt\n\nno changes added to commit (use \"git add\" and/or \"git commit -a\")\n\n$ git diff\ndiff --git a/readme.txt b/readme.txt\nindex b9fa4ac..8870a18 100644\n--- a/readme.txt\n+++ b/readme.txt\n@@ -1,2 +1,3 @@\n Hello World.\n+add 2nd line.\n\n\n$ git add readme.txt\n\n$ git commit\n[master bf1b5b6] Add 2nd line.\n 1 file changed, 1 insertion(+)\n\n\n\u3010\u30b3\u30de\u30f3\u30c9\u89e3\u8aac\u3011\n\n\u30a4\u30f3\u30c7\u30c3\u30af\u30b9\u306b\u8ffd\u52a0(\u30b9\u30c6\u30fc\u30b8\u30f3\u30b0) 'add \u30d5\u30a1\u30a4\u30eb\u540d'\n\u30ad\u30e3\u30f3\u30bb\u30eb (\u30a2\u30f3\u30b9\u30c6\u30fc\u30b8\u30f3\u30b0) 'rm --cached \u30d5\u30a1\u30a4\u30eb\u540d'\n(--cached \u304c\u300c\u30a4\u30f3\u30c7\u30c3\u30af\u30b9\u304b\u3089\u306e\u307f\u300d\u3092\u610f\u5473\u3057\u307e\u3059)\n\n\u3010\u30dd\u30a4\u30f3\u30c8\u3011\n\n\u5909\u66f4\u3057\u305f\u30d5\u30a1\u30a4\u30eb\u3092add\u30b3\u30de\u30f3\u30c9\u3067\u30a4\u30f3\u30c7\u30c3\u30af\u30b9(\u30ad\u30e3\u30c3\u30b7\u30e5)\u306b\u96c6\u3081\u3066\u3044\u304f\u30a4\u30e1\u30fc\u30b8\u3002\n\u3042\u3068\u3067\u307e\u3068\u3081\u3066\u30b3\u30df\u30c3\u30c8\u3059\u308b\u305f\u3081\u306b\u3002\n\u30a4\u30f3\u30c7\u30c3\u30af\u30b9\u306badd\u3055\u308c\u305f\u30d5\u30a1\u30a4\u30eb\u306f\u3001\u3044\u304f\u3089\u5927\u91cf\u306b\u306a\u3063\u305f\u3068\u3057\u3066\u30821\u56de\u306e\u30b3\u30df\u30c3\u30c8\u3067\u30a2\u30c8\u30df\u30c3\u30af\u306b\u51e6\u7406\u3055\u308c\u308b\u305f\u3081\u3001\u8ad6\u7406\u7684\u306a\u4e0d\u6574\u5408\u304c\u767a\u751f\u3057\u306a\u3044\u3002\n\n\n4. GitHubbin\nGitHub \u306e\u30a2\u30ab\u30a6\u30f3\u30c8\u3092\u4f5c\u3063\u3066\u3001\u30e6\u30fc\u30b6\u30fc\u540d\u3092Git\u306b\u8a2d\u5b9a\u3057\u3088\u3046\n\nStep: GitHub \u306e\u30a2\u30ab\u30a6\u30f3\u30c8\u3092\u4f5c\u308d\u3046\nGitHub \u3067\u30a2\u30ab\u30a6\u30f3\u30c8\u4f5c\u6210\n\n\nStep: Git\u306b\u30e6\u30fc\u30b6\u30fc\u540d\u3092\u8ffd\u52a0\u3059\u308b\nGit-it \u3067\u306f\u4ee5\u4e0b\u306e\u3088\u3046\u306b user.username \u3092\u6307\u5b9a\u3057\u3066\u3044\u308b\u304c\u3001 user.name \u306e\u9593\u9055\u3044\u3060\u3068\u601d\u3046\u3002\n\u3057\u304b\u3057\u3001verify \u3067\u306f user.username \u3092\u898b\u3066\u3044\u308b\u306e\u3067\u3001\u610f\u5473\u304c\u3042\u308b\u304b\u3069\u3046\u304b\u306f\u308f\u304b\u3089\u306a\u3044\u3051\u3069\u3082\u3001user.username \u3082\u8a2d\u5b9a\u3057\u3066\u304a\u304b\u306a\u3044\u3068\u3001Git-it \u304c OK \u306b\u306a\u3089\u306a\u3044\u3002\n\u3010\u8aa4\u3011\n$ git config --global user.username <USerNamE>\n\n\u3010\u6b63\u3011\n$ git config --global user.name <USerNamE>\n\n\n5. Remote Control\n\u30ed\u30fc\u30ab\u30eb\u306e\u30ea\u30dd\u30b8\u30c8\u30ea\u3068\u30ea\u30e2\u30fc\u30c8\u306e\u30ea\u30dd\u30b8\u30c8\u30ea\u3092\u3064\u306a\u3044\u3067\u3001\u5909\u66f4\u3092Push\u3057\u3066\u307f\u3088\u3046\n\nStep: \u30ea\u30e2\u30fc\u30c8\u30ea\u30dd\u30b8\u30c8\u30ea\u3092\u4f5c\u308d\u3046\n\n\nStep: \u30ed\u30fc\u30ab\u30eb\u3068\u30ea\u30e2\u30fc\u30c8\u3092\u3064\u306a\u3054\u3046\n$ git remote add origin https://github.com/exabugs/hello-world.git\n\n\nStep: \u4f5c\u696d\u5185\u5bb9\u3092\u30ea\u30e2\u30fc\u30c8\u306bPush\u3057\u3088\u3046\n\n$ git push origin master\nCounting objects: 6, done.\nDelta compression using up to 4 threads.\nCompressing objects: 100% (2/2), done.\nWriting objects: 100% (6/6), 459 bytes | 0 bytes/s, done.\nTotal 6 (delta 0), reused 0 (delta 0)\nTo https://github.com/exabugs/hello-world.git\n * [new branch]      master -> master\n\n\n\nMac \u306e\u5834\u5408\n\n\u300cMac\u7528 \u30ad\u30fc\u30c1\u30a7\u30fc\u30f3 for Github\u300d\nhttps://help.github.com/articles/caching-your-github-password-in-git/\n\u3053\u308c\u3092\u30a4\u30f3\u30b9\u30c8\u30fc\u30eb\u3057\u3066\u304a\u304f\u3068\u3001https \u7d4c\u7531\u3067\u306e\u30d1\u30b9\u30ef\u30fc\u30c9\u5165\u529b\u3067\u30ad\u30fc\u30c1\u30a7\u30fc\u30f3\u3092\u4f7f\u3063\u3066\u304f\u308c\u308b\u3088\u3046\u306b\u306a\u308b\u3002\n\u300c\u30ad\u30fc\u30c1\u30a7\u30fc\u30f3\u300d\n  \u3082\u3057\u3001\u4ee5\u524d\u306b\u5225\u30a2\u30ab\u30a6\u30f3\u30c8\u3067Github\u306b\u30a2\u30af\u30bb\u30b9\u3057\u305f\u304b\u3082\u3057\u308c\u306a\u3044\u5834\u5408\u306f\u3001\u30ad\u30fc\u30c1\u30a7\u30fc\u30f3\u30a2\u30af\u30bb\u30b9\u306b\u9593\u9055\u3063\u305f\u30ed\u30b0\u30a4\u30f3ID\u304c\u8a18\u61b6\u3055\u308c\u3066\u3044\u308b\u53ef\u80fd\u6027\u304c\u3042\u308b\u3002\n\u30ad\u30fc\u30c1\u30a7\u30fc\u30f3\u30a2\u30af\u30bb\u30b9\u304b\u3089\u898b\u3064\u3051\u51fa\u3057\u3066\u3001\u524a\u9664\u3059\u308b\u3002\n\n\n\u4e8c\u6bb5\u968e\u8a8d\u8a3c\u306e\u5834\u5408\u306f\u3001\u6587\u672b\u3092\u53c2\u7167\n\n\n6. Forks And Clones\nGitHub.com\u306b\u3042\u308b\u30d7\u30ed\u30b8\u30a7\u30af\u30c8\u3092\u30d5\u30a9\u30fc\u30af\u3057\u3066\u3001\u30ed\u30fc\u30ab\u30eb\u306b\u30af\u30ed\u30fc\u30f3\u3057\u3066\u307f\u3088\u3046\n\nStep: Patchwork \u30ea\u30dd\u30b8\u30c8\u30ea\u3092\u30d5\u30a9\u30fc\u30af\u3057\u3088\u3046\n\nStep: \u30d5\u30a9\u30fc\u30af\u3092\u30ed\u30fc\u30ab\u30eb\u306b\u30af\u30ed\u30fc\u30f3\u3057\u3088\u3046\n\n\n$ git clone https://github.com/exabugs/patchwork.git\nCloning into 'patchwork'...\nremote: Counting objects: 110024, done.\nremote: Total 110024 (delta 0), reused 0 (delta 0), pack-reused 110024\nReceiving objects: 100% (110024/110024), 77.63 MiB | 2.63 MiB/s, done.\nResolving deltas: 100% (64589/64589), done.\nChecking connectivity... done.\nChecking out files: 100% (8254/8254), done.\n\n5\u5206\u304f\u3089\u3044\u304b\u304b\u308b\u3002\u30ea\u30dd\u30b8\u30c8\u30ea\u306e\u30b5\u30a4\u30ba\u304c\u5927\u304d\u3044\u3002\u3002\n\n\nStep: \u5143\u306e\u30ea\u30dd\u30b8\u30c8\u30ea\u3068\u3082\u3064\u306a\u3054\u3046\n\n$ git remote add upstream https://github.com/jlord/patchwork.git\n\n\n\n7. Branches Aren't Just For Birds\n\u30d5\u30a9\u30fc\u30af\u3057\u305f\u30ea\u30dd\u30b8\u30c8\u30ea\u306e\u4e0a\u3067\u30d6\u30e9\u30f3\u30c1\u3092\u4f5c\u308a\u3001\u8ca2\u732e\u306e\u6e96\u5099\u3092\u3057\u3088\u3046\n\nStep: \u30d6\u30e9\u30f3\u30c1\u3092\u4f5c\u308d\u3046\n$ git status\nOn branch gh-pages\nYour branch is up-to-date with 'origin/gh-pages'.\nnothing to commit, working directory clean\n\n$ git branch add-exabugs\n\n$ git checkout add-exabugs\nSwitched to branch 'add-exabugs'\n\n$ git branch\n* add-exabugs\n  gh-pages\n\n\nStep: \u65b0\u3057\u3044\u30d5\u30a1\u30a4\u30eb\u3092\u4f5c\u308d\u3046\n$ echo \"exabugs\" > add-exabugs.txt\n\n\nStep: \u30c1\u30a7\u30c3\u30af\u30a4\u30f3\n$ git status\nOn branch add-exabugs\nUntracked files:\n  (use \"git add <file>...\" to include in what will be committed)\n\n    add-exabugs.txt\n\nnothing added to commit but untracked files present (use \"git add\" to track)\n\n$ git add add-exabugs.txt\n\n$ git commit -m \"add exabugs\"\n[add-exabugs b1bc51f] add exabugs\n 1 file changed, 1 insertion(+)\n create mode 100644 contributors/add-exabugs.txt\n\n\npush \u3067\u30a8\u30e9\u30fc\u3002(\u30ea\u30e2\u30fc\u30c8\u306e\u30d6\u30e9\u30f3\u30c1(\u30a2\u30c3\u30d7\u30b9\u30c8\u30ea\u30fc\u30e0)\u304c\u8a2d\u5b9a\u3055\u308c\u3066\u3044\u306a\u3044\u304b\u3089)\ngit\u306f\u3001\u53d6\u308a\u6562\u3048\u305a\u5b9f\u884c\u3057\u3066\u307f\u308c\u3070\u3001\u3069\u306e\u3088\u3046\u306b\u76f4\u305b\u3070\u3088\u3044\u304b\u3001git\u81ea\u8eab\u304c\u6559\u3048\u3066\u304f\u308c\u308b\u3002\n$ git push\nfatal: The current branch add-exabugs has no upstream branch.\nTo push the current branch and set the remote as upstream, use\n\n    git push --set-upstream origin add-exabugs\n\n$ git push --set-upstream origin add-exabugs\nCounting objects: 4, done.\nDelta compression using up to 4 threads.\nCompressing objects: 100% (3/3), done.\nWriting objects: 100% (4/4), 347 bytes | 0 bytes/s, done.\nTotal 4 (delta 2), reused 0 (delta 0)\nTo https://github.com/exabugs/patchwork.git\n * [new branch]      add-exabugs -> add-exabugs\nBranch add-exabugs set up to track remote branch add-exabugs from origin.\n\n\n\n\u3010\u30b3\u30de\u30f3\u30c9\u3011\n\n\u30ea\u30e2\u30fc\u30c8\u30ea\u30dd\u30b8\u30c8\u30ea\u306e\u4e00\u89a7\n\ngit remote -v\n\n\n\u30ea\u30e2\u30fc\u30c8\u30ea\u30dd\u30b8\u30c8\u30ea\u306e\u8ffd\u52a0\n\n$ git remote add <\u30ea\u30dd\u30b8\u30c8\u30ea\u540d> <\u30ea\u30dd\u30b8\u30c8\u30eaURL>\n\n\n\u30ea\u30e2\u30fc\u30c8\u30ea\u30dd\u30b8\u30c8\u30ea\u306e\u7de8\u96c6\n\n$ git remote set-url <\u30ea\u30dd\u30b8\u30c8\u30ea\u540d> <\u30ea\u30dd\u30b8\u30c8\u30eaURL>\n\n\n\u30ea\u30e2\u30fc\u30c8\u30ea\u30dd\u30b8\u30c8\u30ea\u306e\u524a\u9664\n\n$ git remote rm <\u30ea\u30dd\u30b8\u30c8\u30ea\u540d>\n\n\n\n\n\u4e00\u4eba\u3067\u5b9f\u65bd\u3059\u308b\u5834\u5408\nGit-it \u306f\u3001\u4e00\u4eba\u3067\u5b66\u7fd2\u3092\u9032\u3081\u308b\u306b\u306f\u826f\u304f\u51fa\u6765\u3066\u3044\u308b\u304c\u3001\u30c1\u30fc\u30e0\u3067\u958b\u767a\u3059\u308b\u5834\u5408\u306f\u3001\u30d7\u30eb\u30ea\u30af - \u30ec\u30d3\u30e5\u30fc - \u30de\u30fc\u30b8 \u306e\u30d5\u30ed\u30fc\u306b\u6163\u308c\u308b\u5fc5\u8981\u304c\u3042\u308b\u3002\n\u3068\u308a\u3042\u3048\u305a\u3001\u307e\u305a\u306f\u3001Git-it \u3067\u3001\u4e00\u4eba\u3067\u6700\u5f8c\u307e\u3067\u5b66\u7fd2\u3092\u9032\u3081\u308b\u3002\n\n8. It's A Small World\n\u30d7\u30ed\u30b8\u30a7\u30af\u30c8\u306b\u30b3\u30e9\u30dc\u30ec\u30fc\u30bf\u30fc\u3092\u8ffd\u52a0\u3057\u3088\u3046\n\nStep: Hello, Repo Robot!\n'reporobot'\u3092\u30b3\u30e9\u30dc\u30ec\u30fc\u30bf\u30fc\u3068\u3057\u3066\u8ffd\u52a0\n\u7d1b\u3089\u308f\u3057\u3044\u30a2\u30ab\u30a6\u30f3\u30c8\u304c\u3044\u308b\u306e\u3067\u3001\u9593\u9055\u308f\u306a\u3044\u3088\u3046\u306b\u3002\n\n\n9. Pull Never Out Of Date\n\u30b3\u30e9\u30dc\u30ec\u30fc\u30bf\u30fc\u306e\u5909\u66f4\u3092Pull\u3057\u3066\u3001\u30d5\u30a1\u30a4\u30eb\u3092\u6700\u65b0\u306b\u4fdd\u3068\u3046\n\nStep: Reporobot\u306f\u306a\u306b\u3092\u3084\u3063\u3066\u308b\u304b\u306a?\n\u30b3\u30e9\u30dc\u30ec\u30fc\u30bf'reporobot'\u304c\u3001\u30d5\u30a1\u30a4\u30eb\u3092\u4fee\u6b63\u3057\u3066\u3044\u308b\u3002\n\n$ git pull\nUpdating b1bc51f..7be1621\nFast-forward\n contributors/add-exabugs.txt | 12 +++++++++++-\n 1 file changed, 11 insertions(+), 1 deletion(-)\n\n$ cat add-exabugs.txt \n      ___           ___            ___                         ___           ___           ___     \n     /\\__\\         /|  |          /\\  \\         _____         /\\  \\         /\\__\\         /\\__\\    \n    /:/ _/_       |:|  |         /::\\  \\       /::\\  \\        \\:\\  \\       /:/ _/_       /:/ _/_   \n   /:/ /\\__\\      |:|  |        /:/\\:\\  \\     /:/\\:\\  \\        \\:\\  \\     /:/ /\\  \\     /:/ /\\  \\  \n  /:/ /:/ _/_   __|:|__|       /:/ /::\\  \\   /:/ /::\\__\\   ___  \\:\\  \\   /:/ /::\\  \\   /:/ /::\\  \\ \n /:/_/:/ /\\__\\ /::::\\__\\_____ /:/_/:/\\:\\__\\ /:/_/:/\\:|__| /\\  \\  \\:\\__\\ /:/__\\/\\:\\__\\ /:/_/:/\\:\\__\\\n \\:\\/:/ /:/  / ~~~~\\::::/___/ \\:\\/:/  \\/__/ \\:\\/:/ /:/  / \\:\\  \\ /:/  / \\:\\  \\ /:/  / \\:\\/:/ /:/  /\n  \\::/_/:/  /      |:|~~|      \\::/__/       \\::/_/:/  /   \\:\\  /:/  /   \\:\\  /:/  /   \\::/ /:/  / \n   \\:\\/:/  /       |:|  |       \\:\\  \\        \\:\\/:/  /     \\:\\/:/  /     \\:\\/:/  /     \\/_/:/  /  \n    \\::/  /        |:|__|        \\:\\__\\        \\::/  /       \\::/  /       \\::/  /        /:/  /   \n     \\/__/         |/__/          \\/__/         \\/__/         \\/__/         \\/__/         \\/__/    \n\n\n\n10. Requesting You Pull Please\n\u5143\u306ePatchwork\u30ea\u30dd\u30b8\u30c8\u30ea\u306b\u5bfe\u3057\u3066Pull Request\u3092\u9001\u3063\u3066\u307f\u3088\u3046\n\nStep: pull request\u3092\u4f5c\u308d\u3046\nGithub\u4e0a\u3067\u3001\u30d7\u30eb\u30ea\u30af\u30a8\u30b9\u30c8\u3092\u767a\u884c\u3059\u308b\n\n\u30d7\u30eb\u30ea\u30af\u3059\u308b\u3068\u3001\u3042\u3063\u3068\u3044\u3046\u9593\u306b\u3001\u30de\u30fc\u30b8\u3055\u308c\u305f\u3002\n\n\n11. Merge Tada\n\u30d6\u30e9\u30f3\u30c1\u3092\u30ed\u30fc\u30ab\u30eb\u3067\u30de\u30fc\u30b8\u3057\u3066\u3001\u53e4\u3044\u30d6\u30e9\u30f3\u30c1\u3092\u6d88\u3057\u3001upstream\u304b\u3089\u5909\u66f4\u3092Pull\u3057\u307e\u3057\u3087\u3046\n\nStep: \u30ed\u30fc\u30ab\u30eb\u3067\u30de\u30fc\u30b8\u3059\u308b\n\norigin \u3068\u540c\u671f\n$ git branch\n* add-exabugs\n  gh-pages\n\n$ git checkout gh-pages\nSwitched to branch 'gh-pages'\nYour branch is up-to-date with 'origin/gh-pages'.\nPC449-sakurai:contributors dreamarts$ git branch\n  add-exabugs\n* gh-pages\n\n$ git merge add-exabugs\nMerge made by the 'recursive' strategy.\n contributors/add-exabugs.txt | 11 +++++++++++\n 1 file changed, 11 insertions(+)\n create mode 100644 contributors/add-exabugs.txt\n\n\n$ git branch -d add-exabugs\nDeleted branch add-exabugs (was 7be1621).\n\n\n\u30ea\u30e2\u30fc\u30c8\u304b\u3089\u524a\u9664\n$ git push origin :add-exabugs\nTo https://github.com/exabugs/patchwork.git\n - [deleted]         add-exabugs\n\n\n\n\n\nStep: Upstream\u304b\u3089Pull\u3057\u3066\u307f\u3088\u3046\nnikolamakedonija \u3068\u3044\u3046\u5916\u56fd\u4eba\u304c\u3001\u81ea\u5206\u304c\u4f5c\u696d\u3057\u3066\u3044\u308b\u9593\u306b\u3001\u7de8\u96c6\u3057\u3084\u304c\u3063\u3066\u3044\u305f\u3002\n\u305d\u306e\u305f\u3081\u3001pull \u304c\u5931\u6557\u3002\n$ git pull upstream gh-pages\nFrom https://github.com/jlord/patchwork\n * branch            gh-pages   -> FETCH_HEAD\nfatal: Not possible to fast-forward, aborting.\n\n\u305d\u3046\u3044\u3046\u5834\u5408\u306f\u3001 fetch \u3057\u3066 merge \u3059\u308b\u3002\n$ git fetch upstream\n\n$ git branch -a\n* gh-pages\n  remotes/origin/HEAD -> origin/gh-pages\n  remotes/origin/add-jlord\n  remotes/origin/gh-pages\n  remotes/upstream/add-jlord\n  remotes/upstream/gh-pages\n\n$ git merge upstream/gh-pages\nMerge made by the 'recursive' strategy.\n contributors/add-nikolamakedonija.txt | 11 +++++++++++\n index.html                            | 26 +++++++++++++-------------\n 2 files changed, 24 insertions(+), 13 deletions(-)\n create mode 100644 contributors/add-nikolamakedonija.txt\n\n\n\u3010\u30b3\u30de\u30f3\u30c9\u89e3\u8aac\u3011\npull = fetch + merge \u3067\u3059\u3002\n\u3064\u307e\u308a\u3001\u4ee5\u4e0b\n$ git pull upstream\n\n\u306f\u3001\u4ee5\u4e0b\u3068\u540c\u3058\u3002\n$ git fetch upstream\n$ git merge upstream/\u30d6\u30e9\u30f3\u30c1\u540d\n\n\u30ea\u30e2\u30fc\u30c8\u304c upstream \u3058\u3083\u306a\u304f\u3066 origin \u306e\u5834\u5408\u3001origin \u306f\u7701\u7565\u53ef\u80fd\u3060\u304b\u3089\u3001\n\u4ee5\u4e0b\u306e\u3088\u3046\u306b\u306a\u3063\u3066\u3001\n$ git pull\n\n\u3053\u308c\u306f\u3001\u4ee5\u4e0b\u3068\u540c\u3058\u3002\n$ git fetch\n$ git merge \u30d6\u30e9\u30f3\u30c1\u540d\n\n\u3010\u30b3\u30de\u30f3\u30c9\u89e3\u8aac\u3011\n\u305d\u3082\u305d\u3082 fetch XXX \u3068\u306f\u3001\u30d6\u30e9\u30f3\u30c1\u306e\u4e00\u89a7\u3092\u898b\u305f\u6642\u306e\u3001\n$ git branch -a\n*master\n remotes/origin/master\n remotes/upstream/master\n\n\u30ed\u30fc\u30ab\u30eb\u306b\u53d6\u5f97\u3057\u3066\u3044\u308b \u30ea\u30e2\u30fc\u30c8\u30ea\u30dd\u30b8\u30c8\u30ea (remotes/XXX ) \u3092\u6700\u65b0\u306b\u3059\u308b\u3053\u3068\u3067\u3059\u3002\n\u5168\u30af\u30ea\u30a2!\n\n\n12. \u6700\u5f8c\u306b origin \u306bPush\nnikolamakedonija \u3068\u3044\u3046\u5916\u56fd\u4eba\u306e\u5909\u66f4\u3092 origin \u306b\u53cd\u6620\u3059\u308b\u3002\n$ git push\nCounting objects: 28, done.\nDelta compression using up to 4 threads.\nCompressing objects: 100% (26/26), done.\nWriting objects: 100% (28/28), 4.13 KiB | 0 bytes/s, done.\nTotal 28 (delta 14), reused 0 (delta 0)\nTo https://github.com/exabugs/patchwork.git\n   ccfcf21..dff2442  gh-pages -> gh-pages\n\n\n\n\u4f1a\u793e\u3067\u5b9f\u65bd\u3059\u308b\u5834\u5408\n\n13. It's A Small World\n\u4f1a\u793e\u306e\u30ea\u30dd\u30b8\u30c8\u30ea\u3067\u3001\u793e\u54e1\u3092\u30b3\u30e9\u30dc\u30ec\u30fc\u30bf\u306b\n\n\u5b9f\u9a13\u30ea\u30dd\u30b8\u30c8\u30ea(Sandbox)\u3092\u7528\u610f\u3059\u308b\u3002\n\u53c2\u52a0\u8005\u3092\u30b3\u30e9\u30dc\u30ec\u30fc\u30bf (\u30c1\u30fc\u30e0\u30e1\u30f3\u30d0\u30fc) \u306b\u8ffd\u52a0\u3002\n\u53c2\u52a0\u8005\u306f\u81ea\u5206\u306e\u30ed\u30fc\u30ab\u30eb\u306b\u30af\u30ed\u30fc\u30f3\n\n\n14. Pull Never Out Of Date\n\n\u30ed\u30fc\u30ab\u30eb\u3067\u81ea\u5206\u306e\u30d6\u30e9\u30f3\u30c1\u3092\u4f5c\u6210\ndevelop \u30d6\u30e9\u30f3\u30c1\u304b\u3089feature\u30d6\u30e9\u30f3\u30c1\u3092\u4f5c\u6210\n\u30d5\u30a1\u30a4\u30eb\u3092\u4fee\u6b63\n\u30d7\u30c3\u30b7\u30e5\n\u30ea\u30e2\u30fc\u30c8\u306e\u81ea\u5206\u306e\u30d6\u30e9\u30f3\u30c1\u306b\u30d7\u30c3\u30b7\u30e5\n\n\n15. Requesting You Pull Please\n\n\u30d7\u30eb\u30ea\u30af\n develop \u30d6\u30e9\u30f3\u30c1\u306b\u30d7\u30eb\u30ea\u30af\n\u30ec\u30d3\u30e5\u30fc\n \u5171\u540c\u3067\u4f5c\u696d\u3059\u308b\u5834\u5408\u306f\u3001\u30ec\u30d3\u30e5\u30fc\u304c\u5927\u4e8b\u3002\n\u30de\u30fc\u30b8\n \u30ec\u30d3\u30e5\u30fc\u62c5\u5f53\u8005\u306f\u3001\u554f\u984c\u306a\u3044\u306a\u3089\u3001\u30de\u30fc\u30b8\u3059\u308b\n\n\n\u304a\u624b\u672c\n\nGitFlow\n\u300cA successful Git branching model\u300d\nhttp://nvie.com/posts/a-successful-git-branching-model/\n\n\u304a\u308f\u308a\u306b\n\n\u5f79\u306b\u7acb\u3064\u30a2\u30d7\u30ea\u3092\u63d0\u4f9b\u3057\u3066\u304f\u308c\u3066\u3044\u308b jlord \u3055\u3093\u306b\u611f\u8b1d\u3002\n\u6307\u793a\u3055\u308c\u305f\u901a\u308a\u306b\u3084\u308c\u3070\u3046\u307e\u304f\u3044\u304f\u304c\u3001\u610f\u5473\u3092\u8003\u3048\u306a\u304c\u3089\u3084\u3089\u306a\u3044\u3068\u3001\u982d\u306b\u5165\u3089\u306a\u3044\u3002\n\n\n\u30a4\u30f3\u30b9\u30c8\u30fc\u30eb FAQ\n\n\u4e8c\u6bb5\u968e\u8a8d\u8a3c\n\u4e8c\u6bb5\u968e\u8a8d\u8a3c\u3092\u8a2d\u5b9a\u3057\u3066\u3044\u308b\u5834\u5408\u306f\u3001\u4ee5\u4e0b\u3092\u53c2\u8003\u306b .netrc \u306b ID \u3068 \u300cPersonal access token\u300d \u3092\u66f8\u3044\u3066\u304a\u304f\n\u300c[Git][GitHub]GitHub\u306bPush\u3059\u308b\u969b\u306b\u8a8d\u8a3c\u5931\u6557\u3059\u308b\u300d\nhttp://wada811.blogspot.com/2014/05/failed-to-push-to-github-over-https.html\n\n\n\n\u5909\u66f4\u5c65\u6b74\n2016/05/17 \u300cpull = fetch + merge\u300d \u306e\u8aac\u660e\u3092\u8ffd\u8a18\n2016/05/17 \u300c\u305d\u3082\u305d\u3082 fetch \u3068\u306f\u300d \u306e\u8aac\u660e\u3092\u8ffd\u8a18\n# \u6982\u8981\nGit/GitHub \u793e\u5185\u52c9\u5f37\u4f1a\u30b3\u30f3\u30c6\u30f3\u30c4 (\u6700\u5c0f\u9650\u306e\u624b\u9806\u307e\u3068\u3081)\u3002\n\u672c\u8a18\u4e8b\u306f\u3001Git-it \u3067\u5b66\u7fd2\u3092\u9032\u3081\u308b\u969b\u306e\u3001\u526f\u8cc7\u6599\u3002\n\n# \u306f\u3058\u3081\u306b\nGit-it \u3068\u3044\u3046\u3001Git/GitHub\u5b66\u7fd2\u306e\u305f\u3081\u306e\u7d20\u6674\u3089\u3057\u3044\u30a2\u30d7\u30ea\u304c\u3042\u308b\u3002\n\nGit-it (Git/Github \u52c9\u5f37\u30a2\u30d7\u30ea)\nhttps://github.com/jlord/git-it-electron/releases/tag/3.1.0\n\n\u305d\u308c\u3092\u4f7f\u3063\u305f\u3001\u793e\u5185\u52c9\u5f37\u4f1a\u7528\u30b3\u30f3\u30c6\u30f3\u30c4\u3002\n\n\u3057\u304b\u3057\u306a\u304c\u3089\u3001Git-it \u3067\u306f\u3001\u30d7\u30eb\u30ea\u30af - \u30ec\u30d3\u30e5\u30fc - \u30de\u30fc\u30b8 \u306e\u958b\u767a\u306e\u6d41\u308c\u304c\u7406\u89e3\u3057\u3065\u3089\u3044\u306e\u3067\u3001\u305d\u306e\u90e8\u5206\u3092\u3001\u3042\u3068\u304b\u3089\u8ffd\u52a0\u3067\u5b9f\u65bd\u3059\u308b\u3002\n\n![\u30b9\u30af\u30ea\u30fc\u30f3\u30b7\u30e7\u30c3\u30c8 2016-05-15 0.34.18.png](https://qiita-image-store.s3.amazonaws.com/0/69410/ee28d75f-b115-0f76-b0da-c2ae694406a9.png)\n\n\n\n### SourceTree\n\u30d6\u30e9\u30f3\u30c1\u306e\u72b6\u614b\u3092\u53ef\u8996\u5316\u3059\u308b\u76ee\u7684\u3082\u3042\u308a\u3001Git\u7ba1\u7406\u30a2\u30d7\u30ea SourceTree \u3092\u4f75\u7528\u3057\u306a\u304c\u3089\u5b66\u7fd2\u3092\u9032\u3081\u308b\u3002\n\nSourceTree\nhttps://ja.atlassian.com/software/sourcetree\n\n![\u30b9\u30af\u30ea\u30fc\u30f3\u30b7\u30e7\u30c3\u30c8 2016-05-15 15.18.51.png](https://qiita-image-store.s3.amazonaws.com/0/69410/6dfca59a-d368-4969-ed0a-b4c6d35dc3ac.png)\n\n\n### GitHub Desktop\nGit-it \u3067\u5f37\u304f\u30aa\u30b9\u30b9\u30e1\u3055\u308c\u3066\u3044\u308b GitHub Desktop \u3092\u4f7f\u3046\u306e\u3082\u3088\u3044\u3002\n\n\u300cGitHub Desktop\u300d \u306f GitHub / GitHub Enterprise \u3068\u89aa\u548c\u6027\u304c\u3042\u308a\u3001\u300c\u30d7\u30eb\u30ea\u30af\u30a8\u30b9\u30c8\u300d\u3092\u76f4\u63a5\u51fa\u3059\u3053\u3068\u304c\u3067\u304d\u308b\u3002\n\nGitHub Desktop\nhttps://desktop.github.com/\n\n![\u30b9\u30af\u30ea\u30fc\u30f3\u30b7\u30e7\u30c3\u30c8 2016-05-15 15.16.42.png](https://qiita-image-store.s3.amazonaws.com/0/69410/127c7fbc-f708-2d6c-208f-c43762d183b5.png)\n\n\n\n\n# \u30bd\u30fc\u30b9\u7ba1\u7406\u306e\u300c\u9055\u3044\u300d\n## \u65e7\u6765\u306e\u30bd\u30fc\u30b9\u7ba1\u7406(Subversion\u7b49)\u3068Git/GitHub\u306e\u9055\u3044\n - Git/GitHub\u3067\u306f\u3001\u30ea\u30dd\u30b8\u30c8\u30ea\u304c\u8907\u6570\u5b58\u5728\u3059\u308b\u3002(\u5404\u4eba\u306e\u30ed\u30fc\u30ab\u30eb\u306b\u30ea\u30dd\u30b8\u30c8\u30ea\u306e\u5b8c\u5168\u306a\u30af\u30ed\u30fc\u30f3\u304c\u5b58\u5728\u3059\u308b)  \n   [\u30e1\u30ea\u30c3\u30c8]\n      - \u500b\u4eba\u306e\u30ed\u30fc\u30ab\u30eb\u3060\u3051\u3067\u5b8c\u7d50\u3059\u308b\u4f7f\u3044\u65b9\u3082\u3042\u308a\n      - \u30cd\u30c3\u30c8\u30ef\u30fc\u30af\u5206\u65ad\u8010\u6027 (\u30cd\u30c3\u30c8\u30ef\u30fc\u30af\u306b\u3064\u306a\u304c\u3063\u3066\u306a\u304f\u3066\u3082\u4f5c\u696d\u304c\u7d99\u7d9a\u3067\u304d\u308b)\n      - \u53ef\u7528\u6027 (\u30b5\u30fc\u30d0\u304c\u7834\u58ca\u3055\u308c\u3066\u3082\u3001\u30ea\u30dd\u30b8\u30c8\u30ea\u306e\u30af\u30ed\u30fc\u30f3\u3092\u3001\u8ab0\u304b\u304c\u6301\u3063\u3066\u3044\u308b\u306f\u305a)\n - Git/GitHub\u3067\u306f\u3001\u4f5c\u696d\u30d5\u30a1\u30a4\u30eb\u3068\u30ea\u30dd\u30b8\u30c8\u30ea\u306e\u9593\u306b\u3001\u30a4\u30f3\u30c7\u30c3\u30af\u30b9(\u30ad\u30e3\u30c3\u30b7\u30e5)\u3068\u3044\u3046\u30ec\u30a4\u30e4\u30fc\u304c\u5b58\u5728\u3059\u308b  \n   [\u30e1\u30ea\u30c3\u30c8]\n      - \u4e00\u8cab\u6027 (\u30b3\u30df\u30c3\u30c8\u3067\u306e\u6642\u9593\u5dee\u306b\u3088\u308b\u8ad6\u7406\u7684\u306a\u4e0d\u6574\u5408\u304c\u767a\u751f\u3057\u306a\u3044)\n - \u30d6\u30e9\u30f3\u30c1\u5207\u308a\u66ff\u3048\u30b3\u30b9\u30c8  \nSubversion \u3067\u306f\u30d6\u30e9\u30f3\u30c1\u5207\u308a\u66ff\u3048\u304c\u3073\u3063\u304f\u308a\u3059\u308b\u304f\u3089\u3044\u9045\u3044\u3067\u3059\u304c\u3001Git \u3067\u306f\u9006\u306b\u3001\u3073\u3063\u304f\u308a\u3059\u308b\u304f\u3089\u3044\u65e9\u3044\u3067\u3059\u3002  \n\u30d6\u30e9\u30f3\u30c1\u3067\u958b\u767a\u74b0\u5883\u3092\u5207\u308a\u66ff\u3048\u308b\u6226\u7565\u304c\u3001Subversion\u6642\u4ee3\u306f\u3084\u308a\u305f\u304f\u3066\u3082\u73fe\u5b9f\u7684\u306b\u3067\u304d\u307e\u305b\u3093\u3067\u3057\u305f\u304c\u3001Git \u3067\u306f\u305d\u308c\u304c\u57fa\u672c\u6226\u7565\u306b\u306a\u308a\u307e\u3059\u3002\n\n![\u30b9\u30af\u30ea\u30fc\u30f3\u30b7\u30e7\u30c3\u30c8 2016-05-12 13.04.18.png](https://qiita-image-store.s3.amazonaws.com/0/69410/dbe5a743-1608-b7fc-c8e5-5c790f5faf65.png)\n\n## Git\u3068GitHub\u306e\u9055\u3044\n - Git \u306f\u30aa\u30fc\u30d7\u30f3\u30bd\u30fc\u30b9\u3067\u3001\u30d7\u30ed\u30b0\u30e9\u30e0\u306e\u540d\u79f0\u3002GitHub \u306f Git \u3092\u30d9\u30fc\u30b9\u306b\u3057\u305f Web\u30b5\u30fc\u30d3\u30b9\n - Git \u5358\u4f53\u306b\u306f\u7121\u3044\u3001GitHub\u306e\u7d20\u6674\u3089\u3057\u3044\u7279\u5fb4\u6a5f\u80fd\u304c\u300c\u30d7\u30eb\u30fb\u30ea\u30af\u30a8\u30b9\u30c8\u300d  \n\u2192 \u4fee\u6b63\u7b87\u6240\u3092\u53d6\u308a\u8fbc\u3080(\u30d7\u30eb)\u3053\u3068\u3092\u4f9d\u983c(\u30ea\u30af\u30a8\u30b9\u30c8)\u3059\u308b\u3053\u3068\u304c\u3067\u304d\u308b\u3002  \n\u2192 \u30d7\u30eb\u30fb\u30ea\u30af\u30a8\u30b9\u30c8 \u3092\u8d77\u70b9\u306b\u3001\u30b3\u30fc\u30c9\u30fb\u30ec\u30d3\u30e5\u30fc\u3001\u30de\u30fc\u30b8 \u304c\u884c\u308f\u308c\u308b\u3002\n - GitHub\u306f\u4ed6\u306b\u3082\u3001wiki \u6a5f\u80fd\u3084\u3001 issue (\u30c1\u30b1\u30c3\u30c8) \u7ba1\u7406\u306e\u6a5f\u80fd\u304c\u3042\u308b\u3002\n - \u500b\u4eba\u5229\u7528\u306f\u516c\u958b\u30ea\u30dd\u30b8\u30c8\u30ea\u306e\u5834\u5408\u306f\u7121\u5236\u9650\u306b\u7121\u6599\u3002\n - \u975e\u516c\u958b\u30ea\u30dd\u30b8\u30c8\u30ea\u3092\u4f5c\u6210\u3057\u305f\u3044\u5834\u5408\u306f\u3001$7/\u6708 (2016/05/12\u4fa1\u683c\u6539\u5b9a)\n\n## GitHub\u3068GitHub Enterprise\u306e\u9055\u3044\n - GitHub Enterprise \u306f GitHub \u3068\u540c\u7b49\u6a5f\u80fd\u3092\u30aa\u30f3\u30d7\u30ec\u30df\u30b9\u3067\u52d5\u4f5c\u3055\u305b\u308b\u30d7\u30ed\u30b0\u30e9\u30e0\u30e2\u30b8\u30e5\u30fc\u30eb\u3002\n - \u8cbb\u7528 : ???? \u8abf\u67fb\n - \u8a8d\u8a3c\u306f LDAP \u7b49\u304c\u4f7f\u3048\u308b\u3002\n - \u30b3\u30fc\u30c9\u3092\u793e\u5916\u306b\u6301\u3061\u51fa\u305b\u306a\u3044\u5834\u5408\u306b\u4f7f\u308f\u308c\u308b\u3001\u9589\u3058\u305f\u74b0\u5883\u3002\n - GitHub \u306e \u30ea\u30dd\u30b8\u30c8\u30ea\u304b\u3089\u306e Fork \u3084\u3001\u305d\u306e\u30ea\u30dd\u30b8\u30c8\u30ea\u306b\u5bfe\u3057\u3066\u306e\u30d7\u30eb\u30fb\u30ea\u30af\u30a8\u30b9\u30c8\u306f\u3067\u304d\u306a\u3044\u3002\n\n# Git-it\n\u4ee5\u4e0b\u3001Git-it \u306e\u6307\u793a\u306b\u5f93\u3063\u3066\u3001\u5b66\u7fd2\u3092\u9032\u3081\u3066\u3044\u304f\u3002\n(\u2605exabugs \u306f\u79c1\u306eID\u3067\u3059!! \u5404\u81ea\u3001\u81ea\u5206\u306eID\u306b\u7f6e\u304d\u63db\u3048\u3066\u304f\u3060\u3055\u3044)\n\n## 1. Get Git\nGit\u3092\u30b3\u30f3\u30d4\u30e5\u30fc\u30bf\u306b\u30a4\u30f3\u30b9\u30c8\u30fc\u30eb\u3057\u3066\u3001\u540d\u524d\u3068E\u30e1\u30fc\u30eb\u30a2\u30c9\u30ec\u30b9\u3092\u8a2d\u5b9a\u3057\u307e\u3057\u3087\u3046\u3002\n\n### Step: Git\u3092\u30a4\u30f3\u30b9\u30c8\u30fc\u30eb\u3059\u308b\n\n\u300cGitHub Desktop\u3092\u30c0\u30a6\u30f3\u30ed\u30fc\u30c9\u3057\u3066\u30a4\u30f3\u30b9\u30c8\u30fc\u30eb\u3059\u308b\u3053\u3068\u3092\u5f37\u304f\u304a\u3059\u3059\u3081\u3057\u307e\u3059\u3002\u300d\u3060\u305d\u3046\u3067\u3059\u3002\n\nhttps://desktop.github.com/\n![\u30b9\u30af\u30ea\u30fc\u30f3\u30b7\u30e7\u30c3\u30c8 2016-05-15 1.33.58.png](https://qiita-image-store.s3.amazonaws.com/0/69410/a616192a-d643-762f-7c61-ae6e06a9d5d6.png)\n\n\n### Step: Git\u306e\u8a2d\u5b9a\u3092\u3059\u308b\n\n```\n$ git --version\ngit version 2.5.4 (Apple Git-61)\n\n$ git config --global user.name \u3042\u306a\u305f\u306e\u540d\u524d\n\n$ git config --global user.email \u3042\u306a\u305f\u306e\u30e1\u30fc\u30eb\u30a2\u30c9\u30ec\u30b9\n```\n\n\u78ba\u8a8d\n\n```\n$ git config --global user.name\n\u3042\u306a\u305f\u306e\u540d\u524d\n\n$ git config --global user.email\n\u3042\u306a\u305f\u306e\u30e1\u30fc\u30eb\u30a2\u30c9\u30ec\u30b9\n```\n\n\n## 2. Repository\n\u30ea\u30dd\u30b8\u30c8\u30ea\u3092\u4f5c\u3063\u3066\u307f\u3088\u3046\n\n### Step: \u30ea\u30dd\u30b8\u30c8\u30ea\u3092\u4f5c\u308d\u3046\n\n![\u30b9\u30af\u30ea\u30fc\u30f3\u30b7\u30e7\u30c3\u30c8 2016-05-14 19.52.11.png](https://qiita-image-store.s3.amazonaws.com/0/69410/bb28861d-2af1-01ff-33a9-f02577ee7608.png)\n\n\n```\n$ mkdir hello-world\n\n$ cd hello-world\n\n$ git init\nInitialized empty Git repository in /private/tmp/hello-world/.git/\n```\n\nSourceTree \u3067\u30ea\u30dd\u30b8\u30c8\u30ea\u3092\u958b\u3044\u3066\u307f\u308b\n\n![\u30b9\u30af\u30ea\u30fc\u30f3\u30b7\u30e7\u30c3\u30c8_2016-05-10_17_26_39.png](https://qiita-image-store.s3.amazonaws.com/0/69410/aea58445-0762-d456-cce5-84956d90d61e.png)\n\n\n\n## 3. Commit To It\n\u30d5\u30a1\u30a4\u30eb\u3092\u4f5c\u3063\u3066\u3001\u4f55\u304b\u5909\u66f4\u3092\u8ffd\u52a0\u3057\u3066\u307f\u3088\u3046\u3002\u305d\u306e\u5909\u66f4\u3092Git\u306b\u30b3\u30df\u30c3\u30c8\u3057\u3066\u307f\u3088\u3046\u3002\n\n### Step: \u65b0\u3057\u3044\u30d5\u30a1\u30a4\u30eb\u3092\u4f5c\u308b\n\n```\n$ git status\nOn branch master\n\nInitial commit\n\nnothing to commit (create/copy files and use \"git add\" to track)\n```\n\n```\n$ echo \"Hello World.\" > readme.txt\n```\n\n### Step: Status\u3092\u78ba\u8a8d\u3057\u3001\u5909\u66f4\u3092Add\u3057\u3066Commit\u3057\u3066\u307f\u3088\u3046\n\n![\u30b9\u30af\u30ea\u30fc\u30f3\u30b7\u30e7\u30c3\u30c8 2016-05-12 13.42.02.png](https://qiita-image-store.s3.amazonaws.com/0/69410/2982d745-80ef-b29b-abc6-a7ce3a955f21.png)\n\n\n```\n$ git status\nOn branch master\n\nInitial commit\n\nUntracked files:\n  (use \"git add <file>...\" to include in what will be committed)\n\n\treadme.txt\n\nnothing added to commit but untracked files present (use \"git add\" to track)\n```\n```\n$ git add readme.txt\n\n$ git status\nOn branch master\n\nInitial commit\n\nChanges to be committed:\n  (use \"git rm --cached <file>...\" to unstage)\n\n\tnew file:   readme.txt\n\n$ git commit -m \"First Commit\"\n[master (root-commit) b0a664e] First Commit\n 1 file changed, 1 insertion(+)\n create mode 100644 readme.txt\n```\n\n```\n$ echo \"add 2nd line.\" >> readme.txt \n\n$ git status\nOn branch master\nChanges not staged for commit:\n  (use \"git add <file>...\" to update what will be committed)\n  (use \"git checkout -- <file>...\" to discard changes in working directory)\n\n\tmodified:   readme.txt\n\nno changes added to commit (use \"git add\" and/or \"git commit -a\")\n\n$ git diff\ndiff --git a/readme.txt b/readme.txt\nindex b9fa4ac..8870a18 100644\n--- a/readme.txt\n+++ b/readme.txt\n@@ -1,2 +1,3 @@\n Hello World.\n+add 2nd line.\n```\n![\u30b9\u30af\u30ea\u30fc\u30f3\u30b7\u30e7\u30c3\u30c8_2016-05-10_17_28_03.png](https://qiita-image-store.s3.amazonaws.com/0/69410/1320b5c3-5c6a-0e9c-1c6b-bbe460cb3963.png)\n\n\n```\n$ git add readme.txt\n\n$ git commit\n[master bf1b5b6] Add 2nd line.\n 1 file changed, 1 insertion(+)\n```\n![\u30b9\u30af\u30ea\u30fc\u30f3\u30b7\u30e7\u30c3\u30c8 2016-05-10 17.31.18.png](https://qiita-image-store.s3.amazonaws.com/0/69410/ade97354-6900-2bb9-0dd5-da73c55eb12c.png)\n\n\u3010\u30b3\u30de\u30f3\u30c9\u89e3\u8aac\u3011\n\n - \u30a4\u30f3\u30c7\u30c3\u30af\u30b9\u306b\u8ffd\u52a0(\u30b9\u30c6\u30fc\u30b8\u30f3\u30b0) 'add \u30d5\u30a1\u30a4\u30eb\u540d'\n - \u30ad\u30e3\u30f3\u30bb\u30eb (\u30a2\u30f3\u30b9\u30c6\u30fc\u30b8\u30f3\u30b0) 'rm --cached \u30d5\u30a1\u30a4\u30eb\u540d'  \n   (--cached \u304c\u300c\u30a4\u30f3\u30c7\u30c3\u30af\u30b9\u304b\u3089\u306e\u307f\u300d\u3092\u610f\u5473\u3057\u307e\u3059)\n\n\u3010\u30dd\u30a4\u30f3\u30c8\u3011\n\n - \u5909\u66f4\u3057\u305f\u30d5\u30a1\u30a4\u30eb\u3092add\u30b3\u30de\u30f3\u30c9\u3067\u30a4\u30f3\u30c7\u30c3\u30af\u30b9(\u30ad\u30e3\u30c3\u30b7\u30e5)\u306b\u96c6\u3081\u3066\u3044\u304f\u30a4\u30e1\u30fc\u30b8\u3002  \n  \u3042\u3068\u3067\u307e\u3068\u3081\u3066\u30b3\u30df\u30c3\u30c8\u3059\u308b\u305f\u3081\u306b\u3002\n - \u30a4\u30f3\u30c7\u30c3\u30af\u30b9\u306badd\u3055\u308c\u305f\u30d5\u30a1\u30a4\u30eb\u306f\u3001\u3044\u304f\u3089\u5927\u91cf\u306b\u306a\u3063\u305f\u3068\u3057\u3066\u30821\u56de\u306e\u30b3\u30df\u30c3\u30c8\u3067\u30a2\u30c8\u30df\u30c3\u30af\u306b\u51e6\u7406\u3055\u308c\u308b\u305f\u3081\u3001\u8ad6\u7406\u7684\u306a\u4e0d\u6574\u5408\u304c\u767a\u751f\u3057\u306a\u3044\u3002\n\n\n## 4. GitHubbin\nGitHub \u306e\u30a2\u30ab\u30a6\u30f3\u30c8\u3092\u4f5c\u3063\u3066\u3001\u30e6\u30fc\u30b6\u30fc\u540d\u3092Git\u306b\u8a2d\u5b9a\u3057\u3088\u3046\n\n### Step: GitHub \u306e\u30a2\u30ab\u30a6\u30f3\u30c8\u3092\u4f5c\u308d\u3046\n\n\n\nGitHub \u3067\u30a2\u30ab\u30a6\u30f3\u30c8\u4f5c\u6210\n\n\n![\u30b9\u30af\u30ea\u30fc\u30f3\u30b7\u30e7\u30c3\u30c8 2016-05-15 15.01.39.png](https://qiita-image-store.s3.amazonaws.com/0/69410/7b5453e5-d332-5c04-e691-225f2a82bf34.png)\n\n\n### Step: Git\u306b\u30e6\u30fc\u30b6\u30fc\u540d\u3092\u8ffd\u52a0\u3059\u308b\n\nGit-it \u3067\u306f\u4ee5\u4e0b\u306e\u3088\u3046\u306b user.username \u3092\u6307\u5b9a\u3057\u3066\u3044\u308b\u304c\u3001 user.name \u306e\u9593\u9055\u3044\u3060\u3068\u601d\u3046\u3002\n\u3057\u304b\u3057\u3001verify \u3067\u306f user.username \u3092\u898b\u3066\u3044\u308b\u306e\u3067\u3001\u610f\u5473\u304c\u3042\u308b\u304b\u3069\u3046\u304b\u306f\u308f\u304b\u3089\u306a\u3044\u3051\u3069\u3082\u3001user.username \u3082\u8a2d\u5b9a\u3057\u3066\u304a\u304b\u306a\u3044\u3068\u3001Git-it \u304c OK \u306b\u306a\u3089\u306a\u3044\u3002\n\n\u3010\u8aa4\u3011\n\n```\n$ git config --global user.username <USerNamE>\n```\n\n\u3010\u6b63\u3011\n\n```\n$ git config --global user.name <USerNamE>\n```\n\n## 5. Remote Control\n\u30ed\u30fc\u30ab\u30eb\u306e\u30ea\u30dd\u30b8\u30c8\u30ea\u3068\u30ea\u30e2\u30fc\u30c8\u306e\u30ea\u30dd\u30b8\u30c8\u30ea\u3092\u3064\u306a\u3044\u3067\u3001\u5909\u66f4\u3092Push\u3057\u3066\u307f\u3088\u3046\n\n### Step: \u30ea\u30e2\u30fc\u30c8\u30ea\u30dd\u30b8\u30c8\u30ea\u3092\u4f5c\u308d\u3046\n\n![\u30b9\u30af\u30ea\u30fc\u30f3\u30b7\u30e7\u30c3\u30c8 2016-05-12 20.32.42.png](https://qiita-image-store.s3.amazonaws.com/0/69410/3ac606dc-8bca-a551-3186-c88c1ca423b7.png)\n\n\n### Step: \u30ed\u30fc\u30ab\u30eb\u3068\u30ea\u30e2\u30fc\u30c8\u3092\u3064\u306a\u3054\u3046\n\n\n```\n$ git remote add origin https://github.com/exabugs/hello-world.git\n```\n\n### Step: \u4f5c\u696d\u5185\u5bb9\u3092\u30ea\u30e2\u30fc\u30c8\u306bPush\u3057\u3088\u3046\n\n![\u30b9\u30af\u30ea\u30fc\u30f3\u30b7\u30e7\u30c3\u30c8 2016-05-12 20.37.24.png](https://qiita-image-store.s3.amazonaws.com/0/69410/fb241cb7-544e-89f6-e318-97586356baf7.png)\n\n```\n$ git push origin master\nCounting objects: 6, done.\nDelta compression using up to 4 threads.\nCompressing objects: 100% (2/2), done.\nWriting objects: 100% (6/6), 459 bytes | 0 bytes/s, done.\nTotal 6 (delta 0), reused 0 (delta 0)\nTo https://github.com/exabugs/hello-world.git\n * [new branch]      master -> master\n```\n\n![\u30b9\u30af\u30ea\u30fc\u30f3\u30b7\u30e7\u30c3\u30c8 2016-05-10 17.38.24.png](https://qiita-image-store.s3.amazonaws.com/0/69410/fc32166d-e63c-7824-f0f8-1cc84f169981.png)\n\n### Mac \u306e\u5834\u5408\n\n - \u300cMac\u7528 \u30ad\u30fc\u30c1\u30a7\u30fc\u30f3 for Github\u300d  \nhttps://help.github.com/articles/caching-your-github-password-in-git/  \n\u3053\u308c\u3092\u30a4\u30f3\u30b9\u30c8\u30fc\u30eb\u3057\u3066\u304a\u304f\u3068\u3001https \u7d4c\u7531\u3067\u306e\u30d1\u30b9\u30ef\u30fc\u30c9\u5165\u529b\u3067\u30ad\u30fc\u30c1\u30a7\u30fc\u30f3\u3092\u4f7f\u3063\u3066\u304f\u308c\u308b\u3088\u3046\u306b\u306a\u308b\u3002\n - \u300c\u30ad\u30fc\u30c1\u30a7\u30fc\u30f3\u300d  \n      \u3082\u3057\u3001\u4ee5\u524d\u306b\u5225\u30a2\u30ab\u30a6\u30f3\u30c8\u3067Github\u306b\u30a2\u30af\u30bb\u30b9\u3057\u305f\u304b\u3082\u3057\u308c\u306a\u3044\u5834\u5408\u306f\u3001\u30ad\u30fc\u30c1\u30a7\u30fc\u30f3\u30a2\u30af\u30bb\u30b9\u306b\u9593\u9055\u3063\u305f\u30ed\u30b0\u30a4\u30f3ID\u304c\u8a18\u61b6\u3055\u308c\u3066\u3044\u308b\u53ef\u80fd\u6027\u304c\u3042\u308b\u3002  \n  \u30ad\u30fc\u30c1\u30a7\u30fc\u30f3\u30a2\u30af\u30bb\u30b9\u304b\u3089\u898b\u3064\u3051\u51fa\u3057\u3066\u3001\u524a\u9664\u3059\u308b\u3002  \n  ![\u30b9\u30af\u30ea\u30fc\u30f3\u30b7\u30e7\u30c3\u30c8_2016-05-10_17_01_04.png](https://qiita-image-store.s3.amazonaws.com/0/69410/c1a6d043-756c-599d-f36e-bd87eb7e8757.png)\n - \u4e8c\u6bb5\u968e\u8a8d\u8a3c\u306e\u5834\u5408\u306f\u3001\u6587\u672b\u3092\u53c2\u7167\n\n\n\n## 6. Forks And Clones\nGitHub.com\u306b\u3042\u308b\u30d7\u30ed\u30b8\u30a7\u30af\u30c8\u3092\u30d5\u30a9\u30fc\u30af\u3057\u3066\u3001\u30ed\u30fc\u30ab\u30eb\u306b\u30af\u30ed\u30fc\u30f3\u3057\u3066\u307f\u3088\u3046\n\n### Step: Patchwork \u30ea\u30dd\u30b8\u30c8\u30ea\u3092\u30d5\u30a9\u30fc\u30af\u3057\u3088\u3046\n\n### Step: \u30d5\u30a9\u30fc\u30af\u3092\u30ed\u30fc\u30ab\u30eb\u306b\u30af\u30ed\u30fc\u30f3\u3057\u3088\u3046\n\n![\u30b9\u30af\u30ea\u30fc\u30f3\u30b7\u30e7\u30c3\u30c8 2016-05-12 20.49.34.png](https://qiita-image-store.s3.amazonaws.com/0/69410/121a8964-ca71-2db8-70a0-dc1314bce305.png)\n\n\n\n![\u30b9\u30af\u30ea\u30fc\u30f3\u30b7\u30e7\u30c3\u30c8 2016-05-10 17.45.39.png](https://qiita-image-store.s3.amazonaws.com/0/69410/ca46ffb6-57e7-3ae5-c5a2-947798edd71f.png)\n\n```\n$ git clone https://github.com/exabugs/patchwork.git\nCloning into 'patchwork'...\nremote: Counting objects: 110024, done.\nremote: Total 110024 (delta 0), reused 0 (delta 0), pack-reused 110024\nReceiving objects: 100% (110024/110024), 77.63 MiB | 2.63 MiB/s, done.\nResolving deltas: 100% (64589/64589), done.\nChecking connectivity... done.\nChecking out files: 100% (8254/8254), done.\n```\n5\u5206\u304f\u3089\u3044\u304b\u304b\u308b\u3002\u30ea\u30dd\u30b8\u30c8\u30ea\u306e\u30b5\u30a4\u30ba\u304c\u5927\u304d\u3044\u3002\u3002\n\n![\u30b9\u30af\u30ea\u30fc\u30f3\u30b7\u30e7\u30c3\u30c8 2016-05-10 17.50.18.png](https://qiita-image-store.s3.amazonaws.com/0/69410/ca85c983-f99c-c58d-dc2d-efee92d08ea4.png)\n\n\n### Step: \u5143\u306e\u30ea\u30dd\u30b8\u30c8\u30ea\u3068\u3082\u3064\u306a\u3054\u3046\n\n![\u30b9\u30af\u30ea\u30fc\u30f3\u30b7\u30e7\u30c3\u30c8 2016-05-12 21.01.13.png](https://qiita-image-store.s3.amazonaws.com/0/69410/70a86825-7f34-b2bb-7489-73450f594ac1.png)\n\n\n```\n$ git remote add upstream https://github.com/jlord/patchwork.git\n```\n![\u30b9\u30af\u30ea\u30fc\u30f3\u30b7\u30e7\u30c3\u30c8 2016-05-10 17.51.00.png](https://qiita-image-store.s3.amazonaws.com/0/69410/80118fe0-162d-6589-bb28-06cd500aebc8.png)\n\n\n## 7. Branches Aren't Just For Birds\n\u30d5\u30a9\u30fc\u30af\u3057\u305f\u30ea\u30dd\u30b8\u30c8\u30ea\u306e\u4e0a\u3067\u30d6\u30e9\u30f3\u30c1\u3092\u4f5c\u308a\u3001\u8ca2\u732e\u306e\u6e96\u5099\u3092\u3057\u3088\u3046\n\n### Step: \u30d6\u30e9\u30f3\u30c1\u3092\u4f5c\u308d\u3046\n\n```\n$ git status\nOn branch gh-pages\nYour branch is up-to-date with 'origin/gh-pages'.\nnothing to commit, working directory clean\n\n$ git branch add-exabugs\n\n$ git checkout add-exabugs\nSwitched to branch 'add-exabugs'\n\n$ git branch\n* add-exabugs\n  gh-pages\n```\n\n### Step: \u65b0\u3057\u3044\u30d5\u30a1\u30a4\u30eb\u3092\u4f5c\u308d\u3046\n\n```\n$ echo \"exabugs\" > add-exabugs.txt\n```\n\n### Step: \u30c1\u30a7\u30c3\u30af\u30a4\u30f3\n\n```\n$ git status\nOn branch add-exabugs\nUntracked files:\n  (use \"git add <file>...\" to include in what will be committed)\n\n\tadd-exabugs.txt\n\nnothing added to commit but untracked files present (use \"git add\" to track)\n\n$ git add add-exabugs.txt\n\n$ git commit -m \"add exabugs\"\n[add-exabugs b1bc51f] add exabugs\n 1 file changed, 1 insertion(+)\n create mode 100644 contributors/add-exabugs.txt\n```\n![\u30b9\u30af\u30ea\u30fc\u30f3\u30b7\u30e7\u30c3\u30c8 2016-05-10 17.59.23.png](https://qiita-image-store.s3.amazonaws.com/0/69410/d57f181d-866d-e53a-6ec6-112277f3489a.png)\n\npush \u3067\u30a8\u30e9\u30fc\u3002(\u30ea\u30e2\u30fc\u30c8\u306e\u30d6\u30e9\u30f3\u30c1(\u30a2\u30c3\u30d7\u30b9\u30c8\u30ea\u30fc\u30e0)\u304c\u8a2d\u5b9a\u3055\u308c\u3066\u3044\u306a\u3044\u304b\u3089)\ngit\u306f\u3001\u53d6\u308a\u6562\u3048\u305a\u5b9f\u884c\u3057\u3066\u307f\u308c\u3070\u3001\u3069\u306e\u3088\u3046\u306b\u76f4\u305b\u3070\u3088\u3044\u304b\u3001git\u81ea\u8eab\u304c\u6559\u3048\u3066\u304f\u308c\u308b\u3002\n\n```\n$ git push\nfatal: The current branch add-exabugs has no upstream branch.\nTo push the current branch and set the remote as upstream, use\n\n    git push --set-upstream origin add-exabugs\n```\n\n```\n$ git push --set-upstream origin add-exabugs\nCounting objects: 4, done.\nDelta compression using up to 4 threads.\nCompressing objects: 100% (3/3), done.\nWriting objects: 100% (4/4), 347 bytes | 0 bytes/s, done.\nTotal 4 (delta 2), reused 0 (delta 0)\nTo https://github.com/exabugs/patchwork.git\n * [new branch]      add-exabugs -> add-exabugs\nBranch add-exabugs set up to track remote branch add-exabugs from origin.\n```\n![\u30b9\u30af\u30ea\u30fc\u30f3\u30b7\u30e7\u30c3\u30c8 2016-05-10 18.07.42.png](https://qiita-image-store.s3.amazonaws.com/0/69410/17c8065c-293c-a619-4d27-3849d41cb1c5.png)\n\n![\u30b9\u30af\u30ea\u30fc\u30f3\u30b7\u30e7\u30c3\u30c8 2016-05-10 18.11.26.png](https://qiita-image-store.s3.amazonaws.com/0/69410/d9340d2f-755a-bab7-cf33-de3dfdf8f4f6.png)\n\n\u3010\u30b3\u30de\u30f3\u30c9\u3011\n\n - \u30ea\u30e2\u30fc\u30c8\u30ea\u30dd\u30b8\u30c8\u30ea\u306e\u4e00\u89a7  \n```\ngit remote -v\n```\n - \u30ea\u30e2\u30fc\u30c8\u30ea\u30dd\u30b8\u30c8\u30ea\u306e\u8ffd\u52a0  \n```\n$ git remote add <\u30ea\u30dd\u30b8\u30c8\u30ea\u540d> <\u30ea\u30dd\u30b8\u30c8\u30eaURL>\n```\n - \u30ea\u30e2\u30fc\u30c8\u30ea\u30dd\u30b8\u30c8\u30ea\u306e\u7de8\u96c6  \n```\n$ git remote set-url <\u30ea\u30dd\u30b8\u30c8\u30ea\u540d> <\u30ea\u30dd\u30b8\u30c8\u30eaURL>\n```\n - \u30ea\u30e2\u30fc\u30c8\u30ea\u30dd\u30b8\u30c8\u30ea\u306e\u524a\u9664  \n     ```\n$ git remote rm <\u30ea\u30dd\u30b8\u30c8\u30ea\u540d>\n```\n\n# \u4e00\u4eba\u3067\u5b9f\u65bd\u3059\u308b\u5834\u5408\nGit-it \u306f\u3001\u4e00\u4eba\u3067\u5b66\u7fd2\u3092\u9032\u3081\u308b\u306b\u306f\u826f\u304f\u51fa\u6765\u3066\u3044\u308b\u304c\u3001\u30c1\u30fc\u30e0\u3067\u958b\u767a\u3059\u308b\u5834\u5408\u306f\u3001\u30d7\u30eb\u30ea\u30af - \u30ec\u30d3\u30e5\u30fc - \u30de\u30fc\u30b8 \u306e\u30d5\u30ed\u30fc\u306b\u6163\u308c\u308b\u5fc5\u8981\u304c\u3042\u308b\u3002\n\u3068\u308a\u3042\u3048\u305a\u3001\u307e\u305a\u306f\u3001Git-it \u3067\u3001\u4e00\u4eba\u3067\u6700\u5f8c\u307e\u3067\u5b66\u7fd2\u3092\u9032\u3081\u308b\u3002\n\n## 8. It's A Small World\n\u30d7\u30ed\u30b8\u30a7\u30af\u30c8\u306b\u30b3\u30e9\u30dc\u30ec\u30fc\u30bf\u30fc\u3092\u8ffd\u52a0\u3057\u3088\u3046\n\n### Step: Hello, Repo Robot!\n\n'reporobot'\u3092\u30b3\u30e9\u30dc\u30ec\u30fc\u30bf\u30fc\u3068\u3057\u3066\u8ffd\u52a0\n\u7d1b\u3089\u308f\u3057\u3044\u30a2\u30ab\u30a6\u30f3\u30c8\u304c\u3044\u308b\u306e\u3067\u3001\u9593\u9055\u308f\u306a\u3044\u3088\u3046\u306b\u3002\n\n![\u30b9\u30af\u30ea\u30fc\u30f3\u30b7\u30e7\u30c3\u30c8 2016-05-10 18.13.23.png](https://qiita-image-store.s3.amazonaws.com/0/69410/f74eb5c8-b40e-27e3-10fb-80766ee4247b.png)\n\n\n\n\n## 9. Pull Never Out Of Date\n\u30b3\u30e9\u30dc\u30ec\u30fc\u30bf\u30fc\u306e\u5909\u66f4\u3092Pull\u3057\u3066\u3001\u30d5\u30a1\u30a4\u30eb\u3092\u6700\u65b0\u306b\u4fdd\u3068\u3046\n\n### Step: Reporobot\u306f\u306a\u306b\u3092\u3084\u3063\u3066\u308b\u304b\u306a?\n\n\u30b3\u30e9\u30dc\u30ec\u30fc\u30bf'reporobot'\u304c\u3001\u30d5\u30a1\u30a4\u30eb\u3092\u4fee\u6b63\u3057\u3066\u3044\u308b\u3002\n![\u30b9\u30af\u30ea\u30fc\u30f3\u30b7\u30e7\u30c3\u30c8 2016-05-10 18.18.51.png](https://qiita-image-store.s3.amazonaws.com/0/69410/8ee507a6-d2d7-d67e-306b-8088449d1ecb.png)\n\n```\n$ git pull\nUpdating b1bc51f..7be1621\nFast-forward\n contributors/add-exabugs.txt | 12 +++++++++++-\n 1 file changed, 11 insertions(+), 1 deletion(-)\n```\n```\n$ cat add-exabugs.txt \n      ___           ___            ___                         ___           ___           ___     \n     /\\__\\         /|  |          /\\  \\         _____         /\\  \\         /\\__\\         /\\__\\    \n    /:/ _/_       |:|  |         /::\\  \\       /::\\  \\        \\:\\  \\       /:/ _/_       /:/ _/_   \n   /:/ /\\__\\      |:|  |        /:/\\:\\  \\     /:/\\:\\  \\        \\:\\  \\     /:/ /\\  \\     /:/ /\\  \\  \n  /:/ /:/ _/_   __|:|__|       /:/ /::\\  \\   /:/ /::\\__\\   ___  \\:\\  \\   /:/ /::\\  \\   /:/ /::\\  \\ \n /:/_/:/ /\\__\\ /::::\\__\\_____ /:/_/:/\\:\\__\\ /:/_/:/\\:|__| /\\  \\  \\:\\__\\ /:/__\\/\\:\\__\\ /:/_/:/\\:\\__\\\n \\:\\/:/ /:/  / ~~~~\\::::/___/ \\:\\/:/  \\/__/ \\:\\/:/ /:/  / \\:\\  \\ /:/  / \\:\\  \\ /:/  / \\:\\/:/ /:/  /\n  \\::/_/:/  /      |:|~~|      \\::/__/       \\::/_/:/  /   \\:\\  /:/  /   \\:\\  /:/  /   \\::/ /:/  / \n   \\:\\/:/  /       |:|  |       \\:\\  \\        \\:\\/:/  /     \\:\\/:/  /     \\:\\/:/  /     \\/_/:/  /  \n    \\::/  /        |:|__|        \\:\\__\\        \\::/  /       \\::/  /       \\::/  /        /:/  /   \n     \\/__/         |/__/          \\/__/         \\/__/         \\/__/         \\/__/         \\/__/    \n```\n\n![\u30b9\u30af\u30ea\u30fc\u30f3\u30b7\u30e7\u30c3\u30c8 2016-05-10 18.24.08.png](https://qiita-image-store.s3.amazonaws.com/0/69410/2da16814-510f-6683-c181-119a9505d335.png)\n\n\n\n## 10. Requesting You Pull Please\n\u5143\u306ePatchwork\u30ea\u30dd\u30b8\u30c8\u30ea\u306b\u5bfe\u3057\u3066Pull Request\u3092\u9001\u3063\u3066\u307f\u3088\u3046\n\n### Step: pull request\u3092\u4f5c\u308d\u3046\n\nGithub\u4e0a\u3067\u3001\u30d7\u30eb\u30ea\u30af\u30a8\u30b9\u30c8\u3092\u767a\u884c\u3059\u308b\n\n![\u30b9\u30af\u30ea\u30fc\u30f3\u30b7\u30e7\u30c3\u30c8 2016-05-10 18.26.31.png](https://qiita-image-store.s3.amazonaws.com/0/69410/ad856f85-8f91-c2e6-05cb-e8a045d896bb.png)\n\n\u30d7\u30eb\u30ea\u30af\u3059\u308b\u3068\u3001\u3042\u3063\u3068\u3044\u3046\u9593\u306b\u3001\u30de\u30fc\u30b8\u3055\u308c\u305f\u3002\n![\u30b9\u30af\u30ea\u30fc\u30f3\u30b7\u30e7\u30c3\u30c8 2016-05-10 18.29.11.png](https://qiita-image-store.s3.amazonaws.com/0/69410/2622beaa-2bdb-6e7f-7e3e-0e5c6425dbc7.png)\n\n\n\n\n\n## 11. Merge Tada\n\u30d6\u30e9\u30f3\u30c1\u3092\u30ed\u30fc\u30ab\u30eb\u3067\u30de\u30fc\u30b8\u3057\u3066\u3001\u53e4\u3044\u30d6\u30e9\u30f3\u30c1\u3092\u6d88\u3057\u3001upstream\u304b\u3089\u5909\u66f4\u3092Pull\u3057\u307e\u3057\u3087\u3046\n\n### Step: \u30ed\u30fc\u30ab\u30eb\u3067\u30de\u30fc\u30b8\u3059\u308b\n\n#### origin \u3068\u540c\u671f\n\n```\n$ git branch\n* add-exabugs\n  gh-pages\n\n$ git checkout gh-pages\nSwitched to branch 'gh-pages'\nYour branch is up-to-date with 'origin/gh-pages'.\nPC449-sakurai:contributors dreamarts$ git branch\n  add-exabugs\n* gh-pages\n\n$ git merge add-exabugs\nMerge made by the 'recursive' strategy.\n contributors/add-exabugs.txt | 11 +++++++++++\n 1 file changed, 11 insertions(+)\n create mode 100644 contributors/add-exabugs.txt\n```\n![\u30b9\u30af\u30ea\u30fc\u30f3\u30b7\u30e7\u30c3\u30c8 2016-05-10 18.33.16.png](https://qiita-image-store.s3.amazonaws.com/0/69410/9852f37b-a021-61fe-6bb5-e2e340a724c5.png)\n\n```\n$ git branch -d add-exabugs\nDeleted branch add-exabugs (was 7be1621).\n```\n![\u30b9\u30af\u30ea\u30fc\u30f3\u30b7\u30e7\u30c3\u30c8 2016-05-10 18.35.27.png](https://qiita-image-store.s3.amazonaws.com/0/69410/d4ec7a99-f261-ead3-4804-e91399e0aa40.png)\n\n\u30ea\u30e2\u30fc\u30c8\u304b\u3089\u524a\u9664\n\n```\n$ git push origin :add-exabugs\nTo https://github.com/exabugs/patchwork.git\n - [deleted]         add-exabugs\n```\n![\u30b9\u30af\u30ea\u30fc\u30f3\u30b7\u30e7\u30c3\u30c8 2016-05-10 18.37.58.png](https://qiita-image-store.s3.amazonaws.com/0/69410/8f4d2a31-9517-1231-92aa-f7abc10418b6.png)\n\n![\u30b9\u30af\u30ea\u30fc\u30f3\u30b7\u30e7\u30c3\u30c8 2016-05-10 18.39.06.png](https://qiita-image-store.s3.amazonaws.com/0/69410/9b59c62a-8cc2-8017-8959-14b644166ee1.png)\n\n\n![\u30b9\u30af\u30ea\u30fc\u30f3\u30b7\u30e7\u30c3\u30c8 2016-05-10 18.40.27.png](https://qiita-image-store.s3.amazonaws.com/0/69410/fc0ddeed-3965-198b-3b93-f0e41309fa7b.png)\n\n\n### Step: Upstream\u304b\u3089Pull\u3057\u3066\u307f\u3088\u3046\n\nnikolamakedonija \u3068\u3044\u3046\u5916\u56fd\u4eba\u304c\u3001\u81ea\u5206\u304c\u4f5c\u696d\u3057\u3066\u3044\u308b\u9593\u306b\u3001\u7de8\u96c6\u3057\u3084\u304c\u3063\u3066\u3044\u305f\u3002\n\u305d\u306e\u305f\u3081\u3001pull \u304c\u5931\u6557\u3002\n\n```\n$ git pull upstream gh-pages\nFrom https://github.com/jlord/patchwork\n * branch            gh-pages   -> FETCH_HEAD\nfatal: Not possible to fast-forward, aborting.\n```\n\n\u305d\u3046\u3044\u3046\u5834\u5408\u306f\u3001 fetch \u3057\u3066 merge \u3059\u308b\u3002\n\n```\n$ git fetch upstream\n\n$ git branch -a\n* gh-pages\n  remotes/origin/HEAD -> origin/gh-pages\n  remotes/origin/add-jlord\n  remotes/origin/gh-pages\n  remotes/upstream/add-jlord\n  remotes/upstream/gh-pages\n\n$ git merge upstream/gh-pages\nMerge made by the 'recursive' strategy.\n contributors/add-nikolamakedonija.txt | 11 +++++++++++\n index.html                            | 26 +++++++++++++-------------\n 2 files changed, 24 insertions(+), 13 deletions(-)\n create mode 100644 contributors/add-nikolamakedonija.txt\n```\n\n\n![\u30b9\u30af\u30ea\u30fc\u30f3\u30b7\u30e7\u30c3\u30c8 2016-05-10 18.49.13.png](https://qiita-image-store.s3.amazonaws.com/0/69410/6bb95108-1425-2270-2339-101730d0c727.png)\n\n\n\u3010\u30b3\u30de\u30f3\u30c9\u89e3\u8aac\u3011\npull = fetch + merge \u3067\u3059\u3002\n\n\u3064\u307e\u308a\u3001\u4ee5\u4e0b\n\n```\n$ git pull upstream\n```\n\u306f\u3001\u4ee5\u4e0b\u3068\u540c\u3058\u3002\n\n```\n$ git fetch upstream\n$ git merge upstream/\u30d6\u30e9\u30f3\u30c1\u540d\n```\n\n\u30ea\u30e2\u30fc\u30c8\u304c upstream \u3058\u3083\u306a\u304f\u3066 origin \u306e\u5834\u5408\u3001origin \u306f\u7701\u7565\u53ef\u80fd\u3060\u304b\u3089\u3001\n\u4ee5\u4e0b\u306e\u3088\u3046\u306b\u306a\u3063\u3066\u3001\n\n```\n$ git pull\n```\n\u3053\u308c\u306f\u3001\u4ee5\u4e0b\u3068\u540c\u3058\u3002\n\n```\n$ git fetch\n$ git merge \u30d6\u30e9\u30f3\u30c1\u540d\n```\n\n\u3010\u30b3\u30de\u30f3\u30c9\u89e3\u8aac\u3011\n\u305d\u3082\u305d\u3082 fetch XXX \u3068\u306f\u3001\u30d6\u30e9\u30f3\u30c1\u306e\u4e00\u89a7\u3092\u898b\u305f\u6642\u306e\u3001\n\n```\n$ git branch -a\n*master\n remotes/origin/master\n remotes/upstream/master\n```\n\u30ed\u30fc\u30ab\u30eb\u306b\u53d6\u5f97\u3057\u3066\u3044\u308b \u30ea\u30e2\u30fc\u30c8\u30ea\u30dd\u30b8\u30c8\u30ea (remotes/XXX ) \u3092\u6700\u65b0\u306b\u3059\u308b\u3053\u3068\u3067\u3059\u3002\n\n\n\u5168\u30af\u30ea\u30a2!\n![\u30b9\u30af\u30ea\u30fc\u30f3\u30b7\u30e7\u30c3\u30c8 2016-05-10 18.54.35.png](https://qiita-image-store.s3.amazonaws.com/0/69410/6650a2df-5b24-d271-4c3c-fdf1787acd6e.png)\n\n## 12. \u6700\u5f8c\u306b origin \u306bPush\n\nnikolamakedonija \u3068\u3044\u3046\u5916\u56fd\u4eba\u306e\u5909\u66f4\u3092 origin \u306b\u53cd\u6620\u3059\u308b\u3002\n\n```\n$ git push\nCounting objects: 28, done.\nDelta compression using up to 4 threads.\nCompressing objects: 100% (26/26), done.\nWriting objects: 100% (28/28), 4.13 KiB | 0 bytes/s, done.\nTotal 28 (delta 14), reused 0 (delta 0)\nTo https://github.com/exabugs/patchwork.git\n   ccfcf21..dff2442  gh-pages -> gh-pages\n```\n![\u30b9\u30af\u30ea\u30fc\u30f3\u30b7\u30e7\u30c3\u30c8 2016-05-10 18.56.13.png](https://qiita-image-store.s3.amazonaws.com/0/69410/efdd373e-f20f-c141-740d-2ddb745016ac.png)\n\n\n# \u4f1a\u793e\u3067\u5b9f\u65bd\u3059\u308b\u5834\u5408\n\n## 13. It's A Small World\n\u4f1a\u793e\u306e\u30ea\u30dd\u30b8\u30c8\u30ea\u3067\u3001\u793e\u54e1\u3092\u30b3\u30e9\u30dc\u30ec\u30fc\u30bf\u306b\n\n - \u5b9f\u9a13\u30ea\u30dd\u30b8\u30c8\u30ea(Sandbox)\u3092\u7528\u610f\u3059\u308b\u3002\n - \u53c2\u52a0\u8005\u3092\u30b3\u30e9\u30dc\u30ec\u30fc\u30bf (\u30c1\u30fc\u30e0\u30e1\u30f3\u30d0\u30fc) \u306b\u8ffd\u52a0\u3002\n - \u53c2\u52a0\u8005\u306f\u81ea\u5206\u306e\u30ed\u30fc\u30ab\u30eb\u306b\u30af\u30ed\u30fc\u30f3\n\n## 14. Pull Never Out Of Date\n\n - \u30ed\u30fc\u30ab\u30eb\u3067\u81ea\u5206\u306e\u30d6\u30e9\u30f3\u30c1\u3092\u4f5c\u6210  \n    develop \u30d6\u30e9\u30f3\u30c1\u304b\u3089feature\u30d6\u30e9\u30f3\u30c1\u3092\u4f5c\u6210\n - \u30d5\u30a1\u30a4\u30eb\u3092\u4fee\u6b63\n - \u30d7\u30c3\u30b7\u30e5  \n    \u30ea\u30e2\u30fc\u30c8\u306e\u81ea\u5206\u306e\u30d6\u30e9\u30f3\u30c1\u306b\u30d7\u30c3\u30b7\u30e5\n\n## 15. Requesting You Pull Please\n\n - \u30d7\u30eb\u30ea\u30af  \n     develop \u30d6\u30e9\u30f3\u30c1\u306b\u30d7\u30eb\u30ea\u30af\n - \u30ec\u30d3\u30e5\u30fc  \n     \u5171\u540c\u3067\u4f5c\u696d\u3059\u308b\u5834\u5408\u306f\u3001\u30ec\u30d3\u30e5\u30fc\u304c\u5927\u4e8b\u3002\n - \u30de\u30fc\u30b8  \n     \u30ec\u30d3\u30e5\u30fc\u62c5\u5f53\u8005\u306f\u3001\u554f\u984c\u306a\u3044\u306a\u3089\u3001\u30de\u30fc\u30b8\u3059\u308b\n\n# \u304a\u624b\u672c\n## GitFlow\n\u300cA successful Git branching model\u300d\nhttp://nvie.com/posts/a-successful-git-branching-model/\n\n# \u304a\u308f\u308a\u306b\n - \u5f79\u306b\u7acb\u3064\u30a2\u30d7\u30ea\u3092\u63d0\u4f9b\u3057\u3066\u304f\u308c\u3066\u3044\u308b jlord \u3055\u3093\u306b\u611f\u8b1d\u3002\n - \u6307\u793a\u3055\u308c\u305f\u901a\u308a\u306b\u3084\u308c\u3070\u3046\u307e\u304f\u3044\u304f\u304c\u3001\u610f\u5473\u3092\u8003\u3048\u306a\u304c\u3089\u3084\u3089\u306a\u3044\u3068\u3001\u982d\u306b\u5165\u3089\u306a\u3044\u3002\n\n# \u30a4\u30f3\u30b9\u30c8\u30fc\u30eb FAQ\n - \u4e8c\u6bb5\u968e\u8a8d\u8a3c  \n\u4e8c\u6bb5\u968e\u8a8d\u8a3c\u3092\u8a2d\u5b9a\u3057\u3066\u3044\u308b\u5834\u5408\u306f\u3001\u4ee5\u4e0b\u3092\u53c2\u8003\u306b .netrc \u306b ID \u3068 \u300cPersonal access token\u300d \u3092\u66f8\u3044\u3066\u304a\u304f  \n\u300c[Git][GitHub]GitHub\u306bPush\u3059\u308b\u969b\u306b\u8a8d\u8a3c\u5931\u6557\u3059\u308b\u300d  \nhttp://wada811.blogspot.com/2014/05/failed-to-push-to-github-over-https.html\n\n# \u5909\u66f4\u5c65\u6b74\n2016/05/17 \u300cpull = fetch + merge\u300d \u306e\u8aac\u660e\u3092\u8ffd\u8a18\n2016/05/17 \u300c\u305d\u3082\u305d\u3082 fetch \u3068\u306f\u300d \u306e\u8aac\u660e\u3092\u8ffd\u8a18\n"}