{"tags": ["CentOS7", "xfs", "lvm"], "context": " More than 1 year has passed since last update.CentOS 7\u3067LVM\u30c7\u30a3\u30b9\u30af\u62e1\u5f35\u3059\u308b\u3068\u304d\u306b\u3001\u30cf\u30de\u3063\u305f\u3053\u3068\u304c\u3042\u308b\u306e\u3067\u5171\u6709\u3002\nLV\u306e\u62e1\u5f35\u307e\u3067\u884c\u3063\u3066\u3001\u6700\u5f8c\u306b\u30d5\u30a1\u30a4\u30eb\u30b7\u30b9\u30c6\u30e0\u3092\u62e1\u5f35\u3057\u3088\u3046\u3068\u3059\u308b\u3068\u304d\u306b\u3001CentOS 6\u306e\u6642\u4ee3\u3068\u540c\u3058\u304fresize2fs \u3068\u3084\u308b\u3068\u4ee5\u4e0b\u306e\u30a8\u30e9\u30fc\n[root@localhost ~]# resize2fs /dev/centos/root\nresize2fs 1.42.9 (28-Dec-2013)\nresize2fs: Bad magic number in super-block while trying to open /dev/centos/root\nCouldn't find valid filesystem superblock.\n\n\u8abf\u3079\u3066\u3044\u304f\u3068\u3001CentOS 7 \u304b\u3089\u30c7\u30d5\u30a9\u30eb\u30c8\u306b\u306a\u3063\u3066\u3044\u308bXFS\u3067\u306fresize2fs\u306f\u5229\u7528\u3067\u304d\u306a\u3044\u3068\u3044\u3046\u3053\u3068\u3002\nXFS\u3067\u306fresize2fs \u306e\u4ee3\u308f\u308a\u306b xfs_growfs \u3092\u4f7f\u3048\u3070\uff2f\uff2b\n[root@localhost ~]# xfs_growfs /dev/centos/root\nmeta-data=/dev/mapper/centos-root isize=256    agcount=4, agsize=3276800 blks\n         =                       sectsz=512   attr=2, projid32bit=1\n         =                       crc=0\ndata     =                       bsize=4096   blocks=13107200, imaxpct=25\n         =                       sunit=0      swidth=0 blks\nnaming   =version 2              bsize=4096   ascii-ci=0 ftype=0\nlog      =internal               bsize=4096   blocks=6400, version=2\n         =                       sectsz=512   sunit=0 blks, lazy-count=1\nrealtime =none                   extsz=4096   blocks=0, rtextents=0\ndata blocks changed from 13107200 to 39321600\n[root@localhost ~]# echo $?\n0\n\n\u3046\u307e\u304f\u3044\u304d\u307e\u3057\u305f\u3002\nCentOS 7\u3067LVM\u30c7\u30a3\u30b9\u30af\u62e1\u5f35\u3059\u308b\u3068\u304d\u306b\u3001\u30cf\u30de\u3063\u305f\u3053\u3068\u304c\u3042\u308b\u306e\u3067\u5171\u6709\u3002\n\nLV\u306e\u62e1\u5f35\u307e\u3067\u884c\u3063\u3066\u3001\u6700\u5f8c\u306b\u30d5\u30a1\u30a4\u30eb\u30b7\u30b9\u30c6\u30e0\u3092\u62e1\u5f35\u3057\u3088\u3046\u3068\u3059\u308b\u3068\u304d\u306b\u3001CentOS 6\u306e\u6642\u4ee3\u3068\u540c\u3058\u304fresize2fs \u3068\u3084\u308b\u3068\u4ee5\u4e0b\u306e\u30a8\u30e9\u30fc\n\n```\n[root@localhost ~]# resize2fs /dev/centos/root\nresize2fs 1.42.9 (28-Dec-2013)\nresize2fs: Bad magic number in super-block while trying to open /dev/centos/root\nCouldn't find valid filesystem superblock.\n```\n\n\u8abf\u3079\u3066\u3044\u304f\u3068\u3001CentOS 7 \u304b\u3089\u30c7\u30d5\u30a9\u30eb\u30c8\u306b\u306a\u3063\u3066\u3044\u308bXFS\u3067\u306f`resize2fs`\u306f\u5229\u7528\u3067\u304d\u306a\u3044\u3068\u3044\u3046\u3053\u3068\u3002\n\nXFS\u3067\u306f`resize2fs` \u306e\u4ee3\u308f\u308a\u306b `xfs_growfs` \u3092\u4f7f\u3048\u3070\uff2f\uff2b\n\n```\n[root@localhost ~]# xfs_growfs /dev/centos/root\nmeta-data=/dev/mapper/centos-root isize=256    agcount=4, agsize=3276800 blks\n         =                       sectsz=512   attr=2, projid32bit=1\n         =                       crc=0\ndata     =                       bsize=4096   blocks=13107200, imaxpct=25\n         =                       sunit=0      swidth=0 blks\nnaming   =version 2              bsize=4096   ascii-ci=0 ftype=0\nlog      =internal               bsize=4096   blocks=6400, version=2\n         =                       sectsz=512   sunit=0 blks, lazy-count=1\nrealtime =none                   extsz=4096   blocks=0, rtextents=0\ndata blocks changed from 13107200 to 39321600\n[root@localhost ~]# echo $?\n0\n```\n\n\u3046\u307e\u304f\u3044\u304d\u307e\u3057\u305f\u3002\n"}