{"context": " More than 1 year has passed since last update.\n\n\u8abf\u67fb\u624b\u9806\ncocos2dx 3.9\u306elua\u30d7\u30ed\u30b8\u30a7\u30af\u30c8\u3067android,ios\u306egitignore\u3092\u3069\u3046\u3059\u308b\u306e\u304c\u3044\u3044\u306e\u304b\u8abf\u67fb\u3092\u3057\u3066\u307f\u307e\u3057\u305f\u3002\n\ncocos new\ngit init\ncocos compile\ngit status\ngitignore\n\u4ee5\u4e0b\u30eb\u30fc\u30d7\u3092\u3057\u3066\u307f\u305f\n\n\n\u6210\u679c\u7269\n# android-studio\nframeworks/cocos2d-x/cocos/platform/android/libcocos2dx/build/\nframeworks/runtime-src/proj.android-studio/app/assets/\nframeworks/runtime-src/proj.android-studio/app/libs/\nframeworks/runtime-src/proj.android-studio/app/obj/\nframeworks/runtime-src/proj.android-studio/app/gradle.properties\n\n# android\nframeworks/cocos2d-x/cocos/platform/android/java/bin/\nframeworks/cocos2d-x/cocos/platform/android/java/gen/\nframeworks/runtime-src/proj.android/assets/\nframeworks/runtime-src/proj.android/bin/\nframeworks/runtime-src/proj.android/gen/\nframeworks/runtime-src/proj.android/libs/\nframeworks/runtime-src/proj.android/obj/\nframeworks/runtime-src/proj.android/ant.properties\n\n\n# ios\nframeworks/cocos2d-x/build/build/\nframeworks/cocos2d-x/cocos/scripting/lua-bindings/proj.ios_mac/build/\nframeworks/runtime-src/proj.ios_mac/build/\n\n\n# cocos build\nsimulator/\npublish/\n\n# android studio ide\n*.iml\n.idea\n\n\n# xcode\nxcuserdata/\n\n# local\nlocal.properties\n\n# keystore\n*.keystore\n\n\n\u4f5c\u696d\u30ed\u30b0\n\u7bb1\u3092\u3064\u304f\u3063\u3066\u30b3\u30df\u30c3\u30c8\u3059\u308b\n$ cocos new -p jp.cgate.lua39 -l lua -d ~/Documents lua39\n$ cd ~/Documents/lua39/\n$ git init\n$ git add -A\n$ git commit -am \"first commit\"\n\nandroid-studio\u3067compile\u3057\u3066\u307f\u308b\n$ cocos compile -s ~/Documents/lua39 -p android -m debug --android-studio\n$ git status\nChanges not staged for commit:\n  (use \"git add <file>...\" to update what will be committed)\n  (use \"git checkout -- <file>...\" to discard changes in working directory)\n\n        modified:   frameworks/runtime-src/proj.android-studio/app/project.properties\n\nUntracked files:\n  (use \"git add <file>...\" to include in what will be committed)\n\n        frameworks/cocos2d-x/cocos/platform/android/libcocos2dx/build/\n        frameworks/runtime-src/proj.android-studio/app/assets/\n        frameworks/runtime-src/proj.android-studio/app/build.xml\n        frameworks/runtime-src/proj.android-studio/app/libs/\n        frameworks/runtime-src/proj.android-studio/app/local.properties\n        frameworks/runtime-src/proj.android-studio/app/obj/\n        frameworks/runtime-src/proj.android-studio/app/proguard-project.txt\n        simulator/\n\nno changes added to commit (use \"git add\" and/or \"git commit -a\")\n\nhttps://github.com/github/gitignore/blob/master/Android.gitignore\n\u3092\u53c2\u8003\u306b\u5fc5\u8981\u306a\u3044\u3082\u306e\u3092\u8ffd\u8a18\n# android-studio\nframeworks/cocos2d-x/cocos/platform/android/libcocos2dx/build/\nframeworks/runtime-src/proj.android-studio/app/assets/\nframeworks/runtime-src/proj.android-studio/app/libs/\nframeworks/runtime-src/proj.android-studio/app/obj/\nsimulator/\n\n\n# local\nlocal.properties\n\nsimulator\u306fapk\u30d5\u30a1\u30a4\u30eb\u304c\u306f\u304b\u308c\u308b\u3001local.properties\u306f\u5168\u4f53\u3092\u62d2\u5426\u3063\u3066\u3044\u3044\u6c17\u304c\u3057\u305f\u306e\u3067\ngitignore\u3092\u5909\u66f4\u3057\u305f\u306e\u3067commit\n\u3064\u304e\u306bandroid-studio\u3067\u306erelease\u306b\u3057\u305f\u3068\u304d\u306e\u30d1\u30bf\u30fc\u30f3\u3092\n$ cocos compile -s ~/Documents/lua39 -p android -m release --android-studio\nOn branch master\nUntracked files:\n  (use \"git add <file>...\" to include in what will be committed)\n\n        frameworks/runtime-src/proj.android-studio/app/gradle.properties\n        publish/\n        sample.keystore\n\nnothing added to commit but untracked files present (use \"git add\" to track)\n\nkeystore\u3068gradle.properties\u306bkeystore\u306epassword\u3068\u304b\u5165\u3063\u3066\u3044\u308b\u306e\u3067\u4e0a\u3052\u306a\u3044\u65b9\u304c\u3044\u3044\u304b\u3082private\u306a\u30ec\u30dd\u30b8\u30c8\u30ea\u3060\u3063\u305f\u3089\u3042\u3052\u305f\u307b\u3046\u304cjenkins\u3067build\u3068\u304b\u3082\u697d\u306a\u306e\u304b\u306a\u3002\n\u3053\u306e\u8fba\u308a\u306e\u81ea\u52d5\u5316\u5468\u308a\u3082\u3088\u304f\u308f\u304b\u3089\u306a\u3044\u3002\n# android-studio\nframeworks/cocos2d-x/cocos/platform/android/libcocos2dx/build/\nframeworks/runtime-src/proj.android-studio/app/assets/\nframeworks/runtime-src/proj.android-studio/app/libs/\nframeworks/runtime-src/proj.android-studio/app/obj/\nsimulator/\nframeworks/runtime-src/proj.android-studio/app/gradle.properties\npublish/\n\n\n# local\nlocal.properties\n\n# keystore\n*.keystore\n\ngitignore\u3092\u5909\u66f4\u3057\u305f\u306e\u3067commit\nandroid\u3067\u306ebuild\u3092\u8a66\u3057\u3066\u898b\u308b\n$ cocos compile -s ~/Documents/lua39 -p android -m debug\n$ cocos compile -s ~/Documents/lua39 -p android -m release\n$ git status\nOn branch master\nChanges not staged for commit:\n  (use \"git add <file>...\" to update what will be committed)\n  (use \"git checkout -- <file>...\" to discard changes in working directory)\n\n        modified:   frameworks/cocos2d-x/cocos/platform/android/java/project.properties\n        modified:   frameworks/runtime-src/proj.android/ant.properties\n        modified:   frameworks/runtime-src/proj.android/project.properties\n\nUntracked files:\n  (use \"git add <file>...\" to include in what will be committed)\n\n        frameworks/cocos2d-x/cocos/platform/android/java/bin/\n        frameworks/cocos2d-x/cocos/platform/android/java/gen/\n        frameworks/runtime-src/proj.android/assets/\n        frameworks/runtime-src/proj.android/bin/\n        frameworks/runtime-src/proj.android/gen/\n        frameworks/runtime-src/proj.android/libs/\n        frameworks/runtime-src/proj.android/obj/\n\nno changes added to commit (use \"git add\" and/or \"git commit -a\")\n\n# android-studio\nframeworks/cocos2d-x/cocos/platform/android/libcocos2dx/build/\nframeworks/runtime-src/proj.android-studio/app/assets/\nframeworks/runtime-src/proj.android-studio/app/libs/\nframeworks/runtime-src/proj.android-studio/app/obj/\nframeworks/runtime-src/proj.android-studio/app/gradle.properties\n\n# android\nframeworks/cocos2d-x/cocos/platform/android/java/bin/\nframeworks/cocos2d-x/cocos/platform/android/java/gen/\nframeworks/runtime-src/proj.android/assets/\nframeworks/runtime-src/proj.android/bin/\nframeworks/runtime-src/proj.android/gen/\nframeworks/runtime-src/proj.android/libs/\nframeworks/runtime-src/proj.android/obj/\nframeworks/runtime-src/proj.android/ant.properties\n\n\n# cocos build\nsimulator/\npublish/\n\n\n# local\nlocal.properties\n\n# keystore\n*.keystore\n\nios\u3067\u306ebuild\n$ cocos compile -s ~/Documents/lua39 -p ios -m debug\n$ git status\nOn branch master\nUntracked files:\n  (use \"git add <file>...\" to include in what will be committed)\n\n        frameworks/cocos2d-x/build/build/\n        frameworks/cocos2d-x/cocos/scripting/lua-bindings/proj.ios_mac/build/\n        frameworks/runtime-src/proj.ios_mac/build/\n\nnothing added to commit but untracked files present (use \"git add\" to track)\n\n\n```gitignore\n# android-studio\nframeworks/cocos2d-x/cocos/platform/android/libcocos2dx/build/\nframeworks/runtime-src/proj.android-studio/app/assets/\nframeworks/runtime-src/proj.android-studio/app/libs/\nframeworks/runtime-src/proj.android-studio/app/obj/\nframeworks/runtime-src/proj.android-studio/app/gradle.properties\n\n# android\nframeworks/cocos2d-x/cocos/platform/android/java/bin/\nframeworks/cocos2d-x/cocos/platform/android/java/gen/\nframeworks/runtime-src/proj.android/assets/\nframeworks/runtime-src/proj.android/bin/\nframeworks/runtime-src/proj.android/gen/\nframeworks/runtime-src/proj.android/libs/\nframeworks/runtime-src/proj.android/obj/\nframeworks/runtime-src/proj.android/ant.properties\n\n\n# ios\nframeworks/cocos2d-x/build/build/\nframeworks/cocos2d-x/cocos/scripting/lua-bindings/proj.ios_mac/build/\nframeworks/runtime-src/proj.ios_mac/build/\n\n\n# cocos build\nsimulator/\npublish/\n\n\n# local\nlocal.properties\n\n# keystore\n*.keystore\n\nandroid studio\u3067\u958b\u3044\u3066\u307f\u308b\n```\n$ git status\nOn branch master\nUntracked files:\n  (use \"git add ...\" to include in what will be committed)\n    frameworks/cocos2d-x/cocos/platform/android/libcocos2dx/libcocos2dx.iml\n    frameworks/runtime-src/proj.android-studio/.idea/\n    frameworks/runtime-src/proj.android-studio/app/lua39.iml\n    frameworks/runtime-src/proj.android-studio/proj.android-studio.iml\n\nnothing added to commit but untracked files present (use \"git add\" to track)\n```\nhttps://github.com/github/gitignore/blob/master/Global/JetBrains.gitignore\n\u3053\u3053\u3092\u53c2\u8003\u306b\u8ffd\u52a0\u3059\u308b\n# android-studio\nframeworks/cocos2d-x/cocos/platform/android/libcocos2dx/build/\nframeworks/runtime-src/proj.android-studio/app/assets/\nframeworks/runtime-src/proj.android-studio/app/libs/\nframeworks/runtime-src/proj.android-studio/app/obj/\nframeworks/runtime-src/proj.android-studio/app/gradle.properties\n\n# android\nframeworks/cocos2d-x/cocos/platform/android/java/bin/\nframeworks/cocos2d-x/cocos/platform/android/java/gen/\nframeworks/runtime-src/proj.android/assets/\nframeworks/runtime-src/proj.android/bin/\nframeworks/runtime-src/proj.android/gen/\nframeworks/runtime-src/proj.android/libs/\nframeworks/runtime-src/proj.android/obj/\nframeworks/runtime-src/proj.android/ant.properties\n\n\n# ios\nframeworks/cocos2d-x/build/build/\nframeworks/cocos2d-x/cocos/scripting/lua-bindings/proj.ios_mac/build/\nframeworks/runtime-src/proj.ios_mac/build/\n\n\n# cocos build\nsimulator/\npublish/\n\n# android studio ide\n*.iml\n.idea\n\n# local\nlocal.properties\n\n# keystore\n*.keystore\n\n\n\u6700\u5f8c\u306bxcode\u3067\u958b\u304f\nhttps://github.com/github/gitignore/blob/master/Global/Xcode.gitignore\n\u3053\u3053\u3092\u53c2\u8003\u306b\u8ffd\u52a0\u3059\u308b\n# android-studio\nframeworks/cocos2d-x/cocos/platform/android/libcocos2dx/build/\nframeworks/runtime-src/proj.android-studio/app/assets/\nframeworks/runtime-src/proj.android-studio/app/libs/\nframeworks/runtime-src/proj.android-studio/app/obj/\nframeworks/runtime-src/proj.android-studio/app/gradle.properties\n\n# android\nframeworks/cocos2d-x/cocos/platform/android/java/bin/\nframeworks/cocos2d-x/cocos/platform/android/java/gen/\nframeworks/runtime-src/proj.android/assets/\nframeworks/runtime-src/proj.android/bin/\nframeworks/runtime-src/proj.android/gen/\nframeworks/runtime-src/proj.android/libs/\nframeworks/runtime-src/proj.android/obj/\nframeworks/runtime-src/proj.android/ant.properties\n\n\n# ios\nframeworks/cocos2d-x/build/build/\nframeworks/cocos2d-x/cocos/scripting/lua-bindings/proj.ios_mac/build/\nframeworks/runtime-src/proj.ios_mac/build/\n\n\n# cocos build\nsimulator/\npublish/\n\n# android studio ide\n*.iml\n.idea\n\n\n# xcode\nxcuserdata/\n\n# local\nlocal.properties\n\n# keystore\n*.keystore\n\n## \u8abf\u67fb\u624b\u9806\n\n\ncocos2dx 3.9\u306elua\u30d7\u30ed\u30b8\u30a7\u30af\u30c8\u3067android,ios\u306egitignore\u3092\u3069\u3046\u3059\u308b\u306e\u304c\u3044\u3044\u306e\u304b\u8abf\u67fb\u3092\u3057\u3066\u307f\u307e\u3057\u305f\u3002\n\n\n* cocos new\n* git init\n* cocos compile\n* git status\n* gitignore\n\u4ee5\u4e0b\u30eb\u30fc\u30d7\u3092\u3057\u3066\u307f\u305f\n\n\n## \u6210\u679c\u7269\n\n\n```\n# android-studio\nframeworks/cocos2d-x/cocos/platform/android/libcocos2dx/build/\nframeworks/runtime-src/proj.android-studio/app/assets/\nframeworks/runtime-src/proj.android-studio/app/libs/\nframeworks/runtime-src/proj.android-studio/app/obj/\nframeworks/runtime-src/proj.android-studio/app/gradle.properties\n\n# android\nframeworks/cocos2d-x/cocos/platform/android/java/bin/\nframeworks/cocos2d-x/cocos/platform/android/java/gen/\nframeworks/runtime-src/proj.android/assets/\nframeworks/runtime-src/proj.android/bin/\nframeworks/runtime-src/proj.android/gen/\nframeworks/runtime-src/proj.android/libs/\nframeworks/runtime-src/proj.android/obj/\nframeworks/runtime-src/proj.android/ant.properties\n\n\n# ios\nframeworks/cocos2d-x/build/build/\nframeworks/cocos2d-x/cocos/scripting/lua-bindings/proj.ios_mac/build/\nframeworks/runtime-src/proj.ios_mac/build/\n\n\n# cocos build\nsimulator/\npublish/\n\n# android studio ide\n*.iml\n.idea\n\n\n# xcode\nxcuserdata/\n\n# local\nlocal.properties\n\n# keystore\n*.keystore\n```\n\n\n## \u4f5c\u696d\u30ed\u30b0\n\n\u7bb1\u3092\u3064\u304f\u3063\u3066\u30b3\u30df\u30c3\u30c8\u3059\u308b\n\n```\n$ cocos new -p jp.cgate.lua39 -l lua -d ~/Documents lua39\n$ cd ~/Documents/lua39/\n$ git init\n$ git add -A\n$ git commit -am \"first commit\"\n```\n\nandroid-studio\u3067compile\u3057\u3066\u307f\u308b\n\n```\n$ cocos compile -s ~/Documents/lua39 -p android -m debug --android-studio\n$ git status\nChanges not staged for commit:\n  (use \"git add <file>...\" to update what will be committed)\n  (use \"git checkout -- <file>...\" to discard changes in working directory)\n\n        modified:   frameworks/runtime-src/proj.android-studio/app/project.properties\n\nUntracked files:\n  (use \"git add <file>...\" to include in what will be committed)\n\n        frameworks/cocos2d-x/cocos/platform/android/libcocos2dx/build/\n        frameworks/runtime-src/proj.android-studio/app/assets/\n        frameworks/runtime-src/proj.android-studio/app/build.xml\n        frameworks/runtime-src/proj.android-studio/app/libs/\n        frameworks/runtime-src/proj.android-studio/app/local.properties\n        frameworks/runtime-src/proj.android-studio/app/obj/\n        frameworks/runtime-src/proj.android-studio/app/proguard-project.txt\n        simulator/\n\nno changes added to commit (use \"git add\" and/or \"git commit -a\")\n```\n\nhttps://github.com/github/gitignore/blob/master/Android.gitignore\n\u3092\u53c2\u8003\u306b\u5fc5\u8981\u306a\u3044\u3082\u306e\u3092\u8ffd\u8a18\n\n\n```gitignore\n# android-studio\nframeworks/cocos2d-x/cocos/platform/android/libcocos2dx/build/\nframeworks/runtime-src/proj.android-studio/app/assets/\nframeworks/runtime-src/proj.android-studio/app/libs/\nframeworks/runtime-src/proj.android-studio/app/obj/\nsimulator/\n\n\n# local\nlocal.properties\n```\n\nsimulator\u306fapk\u30d5\u30a1\u30a4\u30eb\u304c\u306f\u304b\u308c\u308b\u3001local.properties\u306f\u5168\u4f53\u3092\u62d2\u5426\u3063\u3066\u3044\u3044\u6c17\u304c\u3057\u305f\u306e\u3067\n\n\ngitignore\u3092\u5909\u66f4\u3057\u305f\u306e\u3067commit\n\n\n\n\u3064\u304e\u306bandroid-studio\u3067\u306erelease\u306b\u3057\u305f\u3068\u304d\u306e\u30d1\u30bf\u30fc\u30f3\u3092\n\n```\n$ cocos compile -s ~/Documents/lua39 -p android -m release --android-studio\nOn branch master\nUntracked files:\n  (use \"git add <file>...\" to include in what will be committed)\n\n        frameworks/runtime-src/proj.android-studio/app/gradle.properties\n        publish/\n        sample.keystore\n\nnothing added to commit but untracked files present (use \"git add\" to track)\n```\n\nkeystore\u3068gradle.properties\u306bkeystore\u306epassword\u3068\u304b\u5165\u3063\u3066\u3044\u308b\u306e\u3067\u4e0a\u3052\u306a\u3044\u65b9\u304c\u3044\u3044\u304b\u3082private\u306a\u30ec\u30dd\u30b8\u30c8\u30ea\u3060\u3063\u305f\u3089\u3042\u3052\u305f\u307b\u3046\u304cjenkins\u3067build\u3068\u304b\u3082\u697d\u306a\u306e\u304b\u306a\u3002\n\u3053\u306e\u8fba\u308a\u306e\u81ea\u52d5\u5316\u5468\u308a\u3082\u3088\u304f\u308f\u304b\u3089\u306a\u3044\u3002\n\n\n```gitignore\n# android-studio\nframeworks/cocos2d-x/cocos/platform/android/libcocos2dx/build/\nframeworks/runtime-src/proj.android-studio/app/assets/\nframeworks/runtime-src/proj.android-studio/app/libs/\nframeworks/runtime-src/proj.android-studio/app/obj/\nsimulator/\nframeworks/runtime-src/proj.android-studio/app/gradle.properties\npublish/\n\n\n# local\nlocal.properties\n\n# keystore\n*.keystore\n```\n\ngitignore\u3092\u5909\u66f4\u3057\u305f\u306e\u3067commit\n\n\nandroid\u3067\u306ebuild\u3092\u8a66\u3057\u3066\u898b\u308b\n\n```\n$ cocos compile -s ~/Documents/lua39 -p android -m debug\n$ cocos compile -s ~/Documents/lua39 -p android -m release\n$ git status\nOn branch master\nChanges not staged for commit:\n  (use \"git add <file>...\" to update what will be committed)\n  (use \"git checkout -- <file>...\" to discard changes in working directory)\n\n        modified:   frameworks/cocos2d-x/cocos/platform/android/java/project.properties\n        modified:   frameworks/runtime-src/proj.android/ant.properties\n        modified:   frameworks/runtime-src/proj.android/project.properties\n\nUntracked files:\n  (use \"git add <file>...\" to include in what will be committed)\n\n        frameworks/cocos2d-x/cocos/platform/android/java/bin/\n        frameworks/cocos2d-x/cocos/platform/android/java/gen/\n        frameworks/runtime-src/proj.android/assets/\n        frameworks/runtime-src/proj.android/bin/\n        frameworks/runtime-src/proj.android/gen/\n        frameworks/runtime-src/proj.android/libs/\n        frameworks/runtime-src/proj.android/obj/\n\nno changes added to commit (use \"git add\" and/or \"git commit -a\")\n```\n\n\n```\n# android-studio\nframeworks/cocos2d-x/cocos/platform/android/libcocos2dx/build/\nframeworks/runtime-src/proj.android-studio/app/assets/\nframeworks/runtime-src/proj.android-studio/app/libs/\nframeworks/runtime-src/proj.android-studio/app/obj/\nframeworks/runtime-src/proj.android-studio/app/gradle.properties\n\n# android\nframeworks/cocos2d-x/cocos/platform/android/java/bin/\nframeworks/cocos2d-x/cocos/platform/android/java/gen/\nframeworks/runtime-src/proj.android/assets/\nframeworks/runtime-src/proj.android/bin/\nframeworks/runtime-src/proj.android/gen/\nframeworks/runtime-src/proj.android/libs/\nframeworks/runtime-src/proj.android/obj/\nframeworks/runtime-src/proj.android/ant.properties\n\n\n# cocos build\nsimulator/\npublish/\n\n\n# local\nlocal.properties\n\n# keystore\n*.keystore\n```\n\n\nios\u3067\u306ebuild\n\n```\n$ cocos compile -s ~/Documents/lua39 -p ios -m debug\n$ git status\nOn branch master\nUntracked files:\n  (use \"git add <file>...\" to include in what will be committed)\n\n        frameworks/cocos2d-x/build/build/\n        frameworks/cocos2d-x/cocos/scripting/lua-bindings/proj.ios_mac/build/\n        frameworks/runtime-src/proj.ios_mac/build/\n\nnothing added to commit but untracked files present (use \"git add\" to track)\n\n\n```gitignore\n# android-studio\nframeworks/cocos2d-x/cocos/platform/android/libcocos2dx/build/\nframeworks/runtime-src/proj.android-studio/app/assets/\nframeworks/runtime-src/proj.android-studio/app/libs/\nframeworks/runtime-src/proj.android-studio/app/obj/\nframeworks/runtime-src/proj.android-studio/app/gradle.properties\n\n# android\nframeworks/cocos2d-x/cocos/platform/android/java/bin/\nframeworks/cocos2d-x/cocos/platform/android/java/gen/\nframeworks/runtime-src/proj.android/assets/\nframeworks/runtime-src/proj.android/bin/\nframeworks/runtime-src/proj.android/gen/\nframeworks/runtime-src/proj.android/libs/\nframeworks/runtime-src/proj.android/obj/\nframeworks/runtime-src/proj.android/ant.properties\n\n\n# ios\nframeworks/cocos2d-x/build/build/\nframeworks/cocos2d-x/cocos/scripting/lua-bindings/proj.ios_mac/build/\nframeworks/runtime-src/proj.ios_mac/build/\n\n\n# cocos build\nsimulator/\npublish/\n\n\n# local\nlocal.properties\n\n# keystore\n*.keystore\n```\n\n\nandroid studio\u3067\u958b\u3044\u3066\u307f\u308b\n```\n$ git status\nOn branch master\nUntracked files:\n  (use \"git add <file>...\" to include in what will be committed)\n\n        frameworks/cocos2d-x/cocos/platform/android/libcocos2dx/libcocos2dx.iml\n        frameworks/runtime-src/proj.android-studio/.idea/\n        frameworks/runtime-src/proj.android-studio/app/lua39.iml\n        frameworks/runtime-src/proj.android-studio/proj.android-studio.iml\n\nnothing added to commit but untracked files present (use \"git add\" to track)\n```\n\nhttps://github.com/github/gitignore/blob/master/Global/JetBrains.gitignore\n\u3053\u3053\u3092\u53c2\u8003\u306b\u8ffd\u52a0\u3059\u308b\n\n\n```\n# android-studio\nframeworks/cocos2d-x/cocos/platform/android/libcocos2dx/build/\nframeworks/runtime-src/proj.android-studio/app/assets/\nframeworks/runtime-src/proj.android-studio/app/libs/\nframeworks/runtime-src/proj.android-studio/app/obj/\nframeworks/runtime-src/proj.android-studio/app/gradle.properties\n\n# android\nframeworks/cocos2d-x/cocos/platform/android/java/bin/\nframeworks/cocos2d-x/cocos/platform/android/java/gen/\nframeworks/runtime-src/proj.android/assets/\nframeworks/runtime-src/proj.android/bin/\nframeworks/runtime-src/proj.android/gen/\nframeworks/runtime-src/proj.android/libs/\nframeworks/runtime-src/proj.android/obj/\nframeworks/runtime-src/proj.android/ant.properties\n\n\n# ios\nframeworks/cocos2d-x/build/build/\nframeworks/cocos2d-x/cocos/scripting/lua-bindings/proj.ios_mac/build/\nframeworks/runtime-src/proj.ios_mac/build/\n\n\n# cocos build\nsimulator/\npublish/\n\n# android studio ide\n*.iml\n.idea\n\n# local\nlocal.properties\n\n# keystore\n*.keystore\n\n```\n\n\n\u6700\u5f8c\u306bxcode\u3067\u958b\u304f\n\nhttps://github.com/github/gitignore/blob/master/Global/Xcode.gitignore\n\u3053\u3053\u3092\u53c2\u8003\u306b\u8ffd\u52a0\u3059\u308b\n\n\n```\n# android-studio\nframeworks/cocos2d-x/cocos/platform/android/libcocos2dx/build/\nframeworks/runtime-src/proj.android-studio/app/assets/\nframeworks/runtime-src/proj.android-studio/app/libs/\nframeworks/runtime-src/proj.android-studio/app/obj/\nframeworks/runtime-src/proj.android-studio/app/gradle.properties\n\n# android\nframeworks/cocos2d-x/cocos/platform/android/java/bin/\nframeworks/cocos2d-x/cocos/platform/android/java/gen/\nframeworks/runtime-src/proj.android/assets/\nframeworks/runtime-src/proj.android/bin/\nframeworks/runtime-src/proj.android/gen/\nframeworks/runtime-src/proj.android/libs/\nframeworks/runtime-src/proj.android/obj/\nframeworks/runtime-src/proj.android/ant.properties\n\n\n# ios\nframeworks/cocos2d-x/build/build/\nframeworks/cocos2d-x/cocos/scripting/lua-bindings/proj.ios_mac/build/\nframeworks/runtime-src/proj.ios_mac/build/\n\n\n# cocos build\nsimulator/\npublish/\n\n# android studio ide\n*.iml\n.idea\n\n\n# xcode\nxcuserdata/\n\n# local\nlocal.properties\n\n# keystore\n*.keystore\n```\n", "tags": ["cocos2d-x", "gitignore"]}