{"context": "Google\u30ed\u30b4\u304b\u3089\u9032\u307e\u306a\u304f\u306a\u3063\u305f\u306e\u3067\u3002\n\u30c4\u30fc\u30eb\u3092\u5165\u308c\u3066\n$ sudo apt install android-sdk-platform-tools \n\n\u30d5\u30a1\u30af\u30c8\u30ea\u30a4\u30e1\u30fc\u30b8\u3092\u30c0\u30a6\u30f3\u30ed\u30fc\u30c9\u3057\u3066\u30b9\u30af\u30ea\u30d7\u30c8\u3092\u5b9f\u884c\u3002\n~/razor-mob30x-factory-52684dff/razor-mob30x $ ./flash-all.sh \nsending 'bootloader' (3915 KB)...\nOKAY [  0.129s]\nwriting 'bootloader'...\nOKAY [  1.542s]\nfinished. total time: 1.671s\nrebooting into bootloader...\nOKAY [  0.005s]\nfinished. total time: 0.205s\narchive does not contain 'boot.sig'\narchive does not contain 'recovery.sig'\narchive does not contain 'system.sig'\narchive does not contain 'vendor.img'\nCreating filesystem with parameters:\n    Size: 28856791040\n    Block size: 4096\n    Blocks per group: 32768\n    Inodes per group: 8192\n    Inode size: 256\n    Journal blocks: 32768\n    Label: \n    Blocks: 7045115\n    Block groups: 215\n    Reserved block group size: 1024\nCreated filesystem with 11/1761280 inodes and 154578/7045115 blocks\nCreating filesystem with parameters:\n    Size: 587202560\n    Block size: 4096\n    Blocks per group: 32768\n    Inodes per group: 7168\n    Inode size: 256\n    Journal blocks: 2240\n    Label: \n    Blocks: 143360\n    Block groups: 5\n    Reserved block group size: 39\nCreated filesystem with 11/35840 inodes and 4616/143360 blocks\n\nBootloader Version...: FLO-04.08\nBaseband Version.....: none\nSerial Number........: 093096f7\n\nchecking product...\nOKAY [  0.003s]\nchecking version-bootloader...\nOKAY [  0.004s]\nsending 'boot' (7422 KB)...\nOKAY [  0.239s]\nwriting 'boot'...\nOKAY [  0.411s]\nsending 'recovery' (8166 KB)...\nOKAY [  0.262s]\nwriting 'recovery'...\nOKAY [  0.326s]\nerasing 'system'...\nOKAY [  1.526s]\nsending 'system' (843549 KB)...\nFAILED (data transfer failure (Protocol error))\nfinished. total time: 29.441s\n\n\u5de5\uff74\uff74\uff6a\uff6a(\u00b4\u0434\uff40)\uff6a\uff6a\uff74\uff74\u5de5\n\u30c0\u30e1\u5143\u3067\u3082\u3046\u4e00\u5ea6\n~/razor-mob30x-factory-52684dff/razor-mob30x $ ./flash-all.sh \nsending 'bootloader' (3915 KB)...\nOKAY [  0.130s]\nwriting 'bootloader'...\nOKAY [  1.429s]\nfinished. total time: 1.559s\nrebooting into bootloader...\nOKAY [  0.005s]\nfinished. total time: 0.155s\narchive does not contain 'boot.sig'\narchive does not contain 'recovery.sig'\narchive does not contain 'system.sig'\narchive does not contain 'vendor.img'\nCreating filesystem with parameters:\n    Size: 28856791040\n    Block size: 4096\n    Blocks per group: 32768\n    Inodes per group: 8192\n    Inode size: 256\n    Journal blocks: 32768\n    Label: \n    Blocks: 7045115\n    Block groups: 215\n    Reserved block group size: 1024\nCreated filesystem with 11/1761280 inodes and 154578/7045115 blocks\nCreating filesystem with parameters:\n    Size: 587202560\n    Block size: 4096\n    Blocks per group: 32768\n    Inodes per group: 7168\n    Inode size: 256\n    Journal blocks: 2240\n    Label: \n    Blocks: 143360\n    Block groups: 5\n    Reserved block group size: 39\nCreated filesystem with 11/35840 inodes and 4616/143360 blocks\n\nBootloader Version...: FLO-04.08\nBaseband Version.....: none\nSerial Number........: 093096f7\n\nchecking product...\nOKAY [  0.003s]\nchecking version-bootloader...\nOKAY [  0.004s]\nsending 'boot' (7422 KB)...\nOKAY [  0.243s]\nwriting 'boot'...\nOKAY [  0.415s]\nsending 'recovery' (8166 KB)...\nOKAY [  0.262s]\nwriting 'recovery'...\nOKAY [  0.324s]\nerasing 'system'...\nOKAY [  0.452s]\nsending 'system' (843549 KB)...\nOKAY [ 26.493s]\nwriting 'system'...\nOKAY [ 39.939s]\nerasing 'userdata'...\nOKAY [ 59.004s]\nsending 'userdata' (139085 KB)...\nOKAY [  4.377s]\nwriting 'userdata'...\nOKAY [  5.990s]\nerasing 'cache'...\nOKAY [  0.447s]\nsending 'cache' (10984 KB)...\nOKAY [  0.355s]\nwriting 'cache'...\nOKAY [  0.489s]\nrebooting...\n\nfinished. total time: 138.864s\n\nOK!\nGoogle\u30ed\u30b4\u304b\u3089\u9032\u307e\u306a\u304f\u306a\u3063\u305f\u306e\u3067\u3002\n\n\u30c4\u30fc\u30eb\u3092\u5165\u308c\u3066\n\n```\n$ sudo apt install android-sdk-platform-tools \n```\n\n\u30d5\u30a1\u30af\u30c8\u30ea\u30a4\u30e1\u30fc\u30b8\u3092\u30c0\u30a6\u30f3\u30ed\u30fc\u30c9\u3057\u3066\u30b9\u30af\u30ea\u30d7\u30c8\u3092\u5b9f\u884c\u3002\n\n```\n~/razor-mob30x-factory-52684dff/razor-mob30x $ ./flash-all.sh \nsending 'bootloader' (3915 KB)...\nOKAY [  0.129s]\nwriting 'bootloader'...\nOKAY [  1.542s]\nfinished. total time: 1.671s\nrebooting into bootloader...\nOKAY [  0.005s]\nfinished. total time: 0.205s\narchive does not contain 'boot.sig'\narchive does not contain 'recovery.sig'\narchive does not contain 'system.sig'\narchive does not contain 'vendor.img'\nCreating filesystem with parameters:\n    Size: 28856791040\n    Block size: 4096\n    Blocks per group: 32768\n    Inodes per group: 8192\n    Inode size: 256\n    Journal blocks: 32768\n    Label: \n    Blocks: 7045115\n    Block groups: 215\n    Reserved block group size: 1024\nCreated filesystem with 11/1761280 inodes and 154578/7045115 blocks\nCreating filesystem with parameters:\n    Size: 587202560\n    Block size: 4096\n    Blocks per group: 32768\n    Inodes per group: 7168\n    Inode size: 256\n    Journal blocks: 2240\n    Label: \n    Blocks: 143360\n    Block groups: 5\n    Reserved block group size: 39\nCreated filesystem with 11/35840 inodes and 4616/143360 blocks\n\nBootloader Version...: FLO-04.08\nBaseband Version.....: none\nSerial Number........: 093096f7\n\nchecking product...\nOKAY [  0.003s]\nchecking version-bootloader...\nOKAY [  0.004s]\nsending 'boot' (7422 KB)...\nOKAY [  0.239s]\nwriting 'boot'...\nOKAY [  0.411s]\nsending 'recovery' (8166 KB)...\nOKAY [  0.262s]\nwriting 'recovery'...\nOKAY [  0.326s]\nerasing 'system'...\nOKAY [  1.526s]\nsending 'system' (843549 KB)...\nFAILED (data transfer failure (Protocol error))\nfinished. total time: 29.441s\n```\n\n\u5de5\uff74\uff74\uff6a\uff6a(\u00b4\u0434\uff40)\uff6a\uff6a\uff74\uff74\u5de5\n\n\u30c0\u30e1\u5143\u3067\u3082\u3046\u4e00\u5ea6\n\n```\n~/razor-mob30x-factory-52684dff/razor-mob30x $ ./flash-all.sh \nsending 'bootloader' (3915 KB)...\nOKAY [  0.130s]\nwriting 'bootloader'...\nOKAY [  1.429s]\nfinished. total time: 1.559s\nrebooting into bootloader...\nOKAY [  0.005s]\nfinished. total time: 0.155s\narchive does not contain 'boot.sig'\narchive does not contain 'recovery.sig'\narchive does not contain 'system.sig'\narchive does not contain 'vendor.img'\nCreating filesystem with parameters:\n    Size: 28856791040\n    Block size: 4096\n    Blocks per group: 32768\n    Inodes per group: 8192\n    Inode size: 256\n    Journal blocks: 32768\n    Label: \n    Blocks: 7045115\n    Block groups: 215\n    Reserved block group size: 1024\nCreated filesystem with 11/1761280 inodes and 154578/7045115 blocks\nCreating filesystem with parameters:\n    Size: 587202560\n    Block size: 4096\n    Blocks per group: 32768\n    Inodes per group: 7168\n    Inode size: 256\n    Journal blocks: 2240\n    Label: \n    Blocks: 143360\n    Block groups: 5\n    Reserved block group size: 39\nCreated filesystem with 11/35840 inodes and 4616/143360 blocks\n\nBootloader Version...: FLO-04.08\nBaseband Version.....: none\nSerial Number........: 093096f7\n\nchecking product...\nOKAY [  0.003s]\nchecking version-bootloader...\nOKAY [  0.004s]\nsending 'boot' (7422 KB)...\nOKAY [  0.243s]\nwriting 'boot'...\nOKAY [  0.415s]\nsending 'recovery' (8166 KB)...\nOKAY [  0.262s]\nwriting 'recovery'...\nOKAY [  0.324s]\nerasing 'system'...\nOKAY [  0.452s]\nsending 'system' (843549 KB)...\nOKAY [ 26.493s]\nwriting 'system'...\nOKAY [ 39.939s]\nerasing 'userdata'...\nOKAY [ 59.004s]\nsending 'userdata' (139085 KB)...\nOKAY [  4.377s]\nwriting 'userdata'...\nOKAY [  5.990s]\nerasing 'cache'...\nOKAY [  0.447s]\nsending 'cache' (10984 KB)...\nOKAY [  0.355s]\nwriting 'cache'...\nOKAY [  0.489s]\nrebooting...\n\nfinished. total time: 138.864s\n```\n\nOK!\n", "tags": ["memo"]}