{"context": " More than 1 year has passed since last update.\nVagrant \u3067\u4f5c\u3063\u305fDebian Jessie\u306e/home\u3092\u5897\u3084\u3059\n\n\nVMDK -> VDI (VBoxManage clonehd)\nPeeko:js1 hide$ cd ~/VirtualBox\\ VMs/js1_default_1413703213140_69014/\n\nPeeko:js1_default_1413703213140_69014 hide$ ls -al\ntotal 1607640\ndrwx------+  6 hide staff        204 10 19 16:20 .\ndrwxr-xr-x+ 14 hide staff        476 10 19 16:20 ..\ndrwx------+  3 hide staff        102 10 19 16:20 Logs\n-rw-------+  2 hide staff 1646198784 10 19 20:23 box-disk1.vmdk\n-rw-------+  1 hide staff       9221 10 19 16:20 js1_default_1413703213140_69014.vbox\n-rw-------+  1 hide staff       9220 10 19 16:20 js1_default_1413703213140_69014.vbox-prev\n\n\nVBoxManage clonehd\n\nPeeko:js1_default_1413703213140_69014 hide$ VBoxManage clonehd box-disk1.vmdk box-disk1.vdi --format VDI\n0%...10%...20%...30%...40%...50%...60%...70%...80%...90%...100%\nClone hard disk created in format 'VDI'. UUID: 03cfdd84-2dad-4a5b-8e37-d2c13b7142f4\n\nPeeko:js1_default_1413703213140_69014 hide$ ls -al\ntotal 3684376\ndrwx------+  7 hide staff        238 10 19 20:28 .\ndrwxr-xr-x+ 14 hide staff        476 10 19 16:20 ..\ndrwx------+  3 hide staff        102 10 19 16:20 Logs\n-rw-------+  1 hide staff 2126512128 10 19 20:28 box-disk1.vdi\n-rw-------+  2 hide staff 1646264320 10 19 20:28 box-disk1.vmdk\n-rw-------+  1 hide staff       9221 10 19 20:28 js1_default_1413703213140_69014.vbox\n-rw-------+  1 hide staff       9221 10 19 20:28 js1_default_1413703213140_69014.vbox-prev\n\n\nVBoxManage modifyhd\n\nPeeko:js1_default_1413703213140_69014 hide$ VBoxManage modifyhd box-disk1.vdi --resize 30480\n0%...10%...20%...30%...40%...50%...60%...70%...80%...90%...100%\n\n\n\nVDI\u306e\u5185\u5bb9(VboxManage showhdinfo)\nPeeko:js1_default_1413703213140_69014 hide$ VboxManage showhdinfo  box-disk1.vdi\nUUID:           03cfdd84-2dad-4a5b-8e37-d2c13b7142f4\nParent UUID:    base\nState:          created\nType:           normal (base)\nLocation:       /Users/hide/VirtualBox VMs/js1_default_1413703213140_69014/box-disk1.vdi\nStorage format: VDI\nFormat variant: dynamic default\nCapacity:       30480 MBytes\nSize on disk:   2028 MBytes\n\n\nVM\u4e00\u89a7(VBoxManage list vms)\nPeeko:js1_default_1413703213140_69014 hide$ VBoxManage  list vms\n\"SQZ\" {e4a545b2-947d-4e11-9661-5bbb7cd58708}\n\"Wzy\" {11b93b36-8bd5-4eb0-9f99-c058b47362df}\n\"Ubu\" {d81e3ff2-5c79-4200-9e6a-465df999cec5}\n\"Ubu2\" {a34a6016-98be-4365-a4e1-63dc50d97611}\n\"Ubu3\" {4805e250-cbd4-413f-9d7a-55fe9a931e8c}\n\"Google Nexus 4 - 4.3 - API 18 - 768x1280\" {01d925db-4bf5-4d0e-8ca0-321987c8c3a1}\n\"Google Nexus 10 - 4.3 - API 18 - 2560x1600\" {43d543d9-1fab-4f28-9152-b0d07819ef7a}\n\"IE11 - Win8.1\" {f1328962-97d7-4824-bbe5-ea755b5f9c12}\n\"js1_default_1413703213140_69014\" {d3447ba2-0184-4b6a-ac79-a86a6362250f}\n\n\n\n\u30b9\u30c8\u30ec\u30fc\u30b8\u30b3\u30f3\u30c8\u30ed\u30fc\u30e9\u78ba\u8a8d(VBoxManage showvminfo)\nPeeko:js1_default_1413703213140_69014 hide$ VBoxManage showvminfo js1_default_1413703213140_69014 | GREP_OPTIONS='' grep \"Storage\"\nStorage Controller Name (0):            IDE Controller\nStorage Controller Type (0):            PIIX4\nStorage Controller Instance Number (0): 0\nStorage Controller Max Port Count (0):  2\nStorage Controller Port Count (0):      2\nStorage Controller Bootable (0):        on\nStorage Controller Name (1):            SATA Controller\nStorage Controller Type (1):            IntelAhci\nStorage Controller Instance Number (1): 0\nStorage Controller Max Port Count (1):  30\nStorage Controller Port Count (1):      1\nStorage Controller Bootable (1):        on\n\n\n\n\u30c7\u30a3\u30b9\u30af\u5909\u66f4(VBoxManage storageattach)\nPeeko:js1_default_1413703213140_69014 hide$ VBoxManage storageattach js1_default_1413703213140_69014 --storagectl \"SATA Controller\" --port 0 --device 0 --type hdd --medium box-disk1.vdi\n\n\n\n\u5909\u66f4\u3055\u308c\u3066\u3044\u307e\u3059\n\nPeeko:js1_default_1413703213140_69014 hide$ VBoxManage showvminfo js1_default_1413703213140_69014 | GREP_OPTIONS='' grep box-disk\nSATA Controller (0, 0): /Users/hide/VirtualBox VMs/js1_default_1413703213140_69014/box-disk1.vdi (UUID: 03cfdd84-2dad-4a5b-8e37-d2c13b7142f4)\n\n\n\n\u518d\u8d77\u52d5(vagrant reload)\nPeeko:js1 hide$ vagrant reload\n==> default: Clearing any previously set forwarded ports...\n==> default: Clearing any previously set network interfaces...\n==> default: Preparing network interfaces based on configuration...\n    default: Adapter 1: nat\n    default: Adapter 2: hostonly\n==> default: Forwarding ports...\n    default: 22 => 2222 (adapter 1)\n==> default: Running 'pre-boot' VM customizations...\n==> default: Booting VM...\n==> default: Waiting for machine to boot. This may take a few minutes...\n    default: SSH address: 127.0.0.1:2222\n    default: SSH username: vagrant\n    default: SSH auth method: private key\n\n    default: Warning: Connection timeout. Retrying...\n==> default: Machine booted and ready!\n==> default: Checking for guest additions in VM...\n==> default: Configuring and enabling network interfaces...\n==> default: Mounting shared folders...\n    default: /vagrant => /Users/hide/Documents/Boxes/js1\n==> default: Machine already provisioned. Run `vagrant provision` or use the `--provision`\n==> default: to force provisioning. Provisioners marked to run always will still run.\n\n\n\nssh(vagrant ssh)\nPeeko:js1 hide$ vagrant ssh\nLinux 10 3.14-2-amd64 #1 SMP Debian 3.14.13-2 (2014-07-24) x86_64\n\nThe programs included with the Debian GNU/Linux system are free software;\nthe exact distribution terms for each program are described in the\nindividual files in /usr/share/doc/*/copyright.\n\nDebian GNU/Linux comes with ABSOLUTELY NO WARRANTY, to the extent\npermitted by applicable law.\nLast login: Sun Oct 19 07:20:38 2014 from 10.0.2.2\n\n\n\u30c7\u30a3\u30b9\u30af\u30b5\u30a4\u30ba\u3092\u62e1\u5927\n\n\u30b5\u30a4\u30ba\u304c\u5897\u3048\u3066\u3044\u308b\u3053\u3068\u3092\u78ba\u8a8d(fdisk -l)\n\n32.0 GB\u306b\u306a\u3063\u3066\u3044\u307e\u3059\n\nvagrant@10:~$ sudo fdisk -l\n\nDisk /dev/sda: 32.0 GB, 31960596480 bytes\n255 heads, 63 sectors/track, 3885 cylinders, total 62423040 sectors\nUnits = sectors of 1 * 512 = 512 bytes\nSector size (logical/physical): 512 bytes / 512 bytes\nI/O size (minimum/optimal): 512 bytes / 512 bytes\nDisk identifier: 0x5cdfd35b\n\n   Device Boot      Start         End      Blocks   Id  System\n/dev/sda1   *        2048    19816447     9907200   83  Linux\n/dev/sda2        19818494    20764671      473089    5  Extended\n/dev/sda5        19818496    20764671      473088   82  Linux swap / Solaris\n\n\n/dev/sda2\u3068/dev/sda5\u306e\u518d\u5b9a\u7fa9(fdisk)\n\nfidk\u30a4\u30f3\u30bf\u30e9\u30af\u30c6\u30a3\u30d6\n\nvagrant@10:~$ sudo su -\n\nroot@10:~# fdisk /dev/sda\n\n\n\u524a\u9664\n\nCommand (m for help): d\nPartition number (1-5): 5\n\nCommand (m for help): d\nPartition number (1-5): 2\n\n\n\n\n\u62e1\u5f35\n\nCommand (m for help): n\nPartition type:\n   p   primary (1 primary, 0 extended, 3 free)\n   e   extended\nSelect (default p): e\nPartition number (1-4, default 2): \nUsing default value 2\nFirst sector (19816448-62423039, default 19816448): \nUsing default value 19816448\nLast sector, +sectors or +size{K,M,G} (19816448-62423039, default 62423039): \nUsing default value 62423039\n\n\n\u8ad6\u7406\n\nCCommand (m for help): n\nPartition type:\n   p   primary (1 primary, 1 extended, 2 free)\n   l   logical (numbered from 5)\nSelect (default p): l\nAdding logical partition 5\nFirst sector (19818496-62423039, default 19818496): \nUsing default value 19818496\nLast sector, +sectors or +size{K,M,G} (19818496-62423039, default 62423039): +500M\n\nCommand (m for help): n\nPartition type:\n   p   primary (1 primary, 1 extended, 2 free)\n   l   logical (numbered from 5)\nSelect (default p): l\nAdding logical partition 6\nFirst sector (20844544-62423039, default 20844544): \nUsing default value 20844544\nLast sector, +sectors or +size{K,M,G} (20844544-62423039, default 62423039): \nUsing default value 62423039\n\n\n\u78ba\u8a8d\n\nCCommand (m for help): p\n\nDisk /dev/sda: 32.0 GB, 31960596480 bytes\n255 heads, 63 sectors/track, 3885 cylinders, total 62423040 sectors\nUnits = sectors of 1 * 512 = 512 bytes\nSector size (logical/physical): 512 bytes / 512 bytes\nI/O size (minimum/optimal): 512 bytes / 512 bytes\nDisk identifier: 0x5cdfd35b\n\n   Device Boot      Start         End      Blocks   Id  System\n/dev/sda1   *        2048    19816447     9907200   83  Linux\n/dev/sda2        19816448    62423039    21303296    5  Extended\n/dev/sda5        19818496    20842495      512000   83  Linux\n/dev/sda6        20844544    62423039    20789248   83  Linux\n\n\n/dev/sda5 -> Swap\n\nCommand (m for help): t\nPartition number (1-6): 5\nHex code (type L to list codes): 82\nChanged system type of partition 5 to 82 (Linux swap / Solaris)\n\n\n/dev/sda6 -> LVM\n\nCommand (m for help): t\nPartition number (1-6): 6\nHex code (type L to list codes): 8e\nChanged system type of partition 6 to 8e (Linux LVM)\n\n\n\u78ba\u8a8d\n\nCommand (m for help): p\n\nDisk /dev/sda: 32.0 GB, 31960596480 bytes\n255 heads, 63 sectors/track, 3885 cylinders, total 62423040 sectors\nUnits = sectors of 1 * 512 = 512 bytes\nSector size (logical/physical): 512 bytes / 512 bytes\nI/O size (minimum/optimal): 512 bytes / 512 bytes\nDisk identifier: 0x5cdfd35b\n\n   Device Boot      Start         End      Blocks   Id  System\n/dev/sda1   *        2048    19816447     9907200   83  Linux\n/dev/sda2        19816448    62423039    21303296    5  Extended\n/dev/sda5        19818496    20842495      512000   82  Linux swap / Solaris\n/dev/sda6        20844544    62423039    20789248   8e  Linux LVM\n\n\n\n\u4fdd\u5b58\n\nCommand (m for help): wq\nThe partition table has been altered!\n\nCalling ioctl() to re-read partition table.\n\nWARNING: Re-reading the partition table failed with error 16: Device or resource busy.\nThe kernel still uses the old table. The new table will be used at\nthe next reboot or after you run partprobe(8) or kpartx(8)\nSyncing disks.\n\n\n\u518d\u8d77\u52d5\n\nroot@10:~# reboot\n\n\n\u78ba\u8a8d\n\nvagrant@10:~$ sudo fdisk -l\n\nDisk /dev/sda: 32.0 GB, 31960596480 bytes\n255 heads, 63 sectors/track, 3885 cylinders, total 62423040 sectors\nUnits = sectors of 1 * 512 = 512 bytes\nSector size (logical/physical): 512 bytes / 512 bytes\nI/O size (minimum/optimal): 512 bytes / 512 bytes\nDisk identifier: 0x5cdfd35b\n\n   Device Boot      Start         End      Blocks   Id  System\n/dev/sda1   *        2048    19816447     9907200   83  Linux\n/dev/sda2        19816448    62423039    21303296    5  Extended\n/dev/sda5        19818496    20842495      512000   82  Linux swap / Solaris\n/dev/sda6        20844544    62423039    20789248   8e  Linux LVM\n\n\nLVM \u8a2d\u5b9a\n\nlvm2\nvagrant@10:~$ sudo apt-get update\n\nvagrant@10:~$ sudo apt-get install lvm2\nReading package lists... Done\nBuilding dependency tree       \nReading state information... Done\nThe following extra packages will be installed:\n  libdevmapper-event1.02.1\nSuggested packages:\n  thin-provisioning-tools\nThe following NEW packages will be installed:\n  libdevmapper-event1.02.1 lvm2\n0 upgraded, 2 newly installed, 0 to remove and 14 not upgraded.\nNeed to get 687 kB of archives.\nAfter this operation, 1,577 kB of additional disk space will be used.\nDo you want to continue? [Y/n] y\n\n\n\u7269\u7406\u30dc\u30ea\u30e5\u30fc\u30e0\u4f5c\u6210(pvcrete)\n\n\u30ea\u30d6\u30fc\u30c8\u5f8c pvcreate \u3067\u4f5c\u6210\n\nroot@10:~# pvcreate /dev/sda6\n  Physical volume \"/dev/sda6\" successfully created\n\n\npvscan \n\nroot@10:~# pvscan\n  PV /dev/sda6         lvm2 [19.83 GiB]\n  Total: 1 [19.83 GiB] / in use: 0 [0   ] / in no VG: 1 [19.83 GiB]\n\n\n\npvresize \n\nroot@10:~# pvresize /dev/sda6\n  Physical volume \"/dev/sda6\" changed\n  1 physical volume(s) resized / 0 physical volume(s) not resized\n\n\npvdisplay\n\nroot@10:~# pvdisplay -C\n  PV         VG   Fmt  Attr PSize  PFree \n  /dev/sda6       lvm2 ---  19.83g 19.83g\n\nroot@10:~# pvdisplay /dev/sda6\n  \"/dev/sda6\" is a new physical volume of \"19.83 GiB\"\n  --- NEW Physical volume ---\n  PV Name               /dev/sda6\n  VG Name               \n  PV Size               19.83 GiB\n  Allocatable           NO\n  PE Size               0   \n  Total PE              0\n  Free PE               0\n  Allocated PE          0\n  PV UUID               euY5vu-P7nh-oKn6-inQj-A2Da-SXN4-D0e1Gd\n\n\n\n\u30dc\u30ea\u30e5\u30fc\u30e0\u30b0\u30eb\u30fc\u30d7\u4f5c\u6210(vgcreate)\n\nPE(\u7269\u7406\u30a8\u30af\u30b9\u30c6\u30f3\u30c8)\u309232Mbyte\u3067\u4f5c\u6210\n\nroot@10:~# vgcreate -s32m vg6 /dev/sda6\n  /proc/devices: No entry for device-mapper found\n  Volume group \"vg6\" successfully created\n\n\n\n\u78ba\u8a8d\n\nroot@10:~# vgdisplay -C\n  VG   #PV #LV #SN Attr   VSize  VFree \n  vg6    1   0   0 wz--n- 19.81g 19.81g\n\n\nroot@10:~# vgdisplay vg6\n  --- Volume group ---\n  VG Name               vg6\n  System ID             \n  Format                lvm2\n  Metadata Areas        1\n  Metadata Sequence No  1\n  VG Access             read/write\n  VG Status             resizable\n  MAX LV                0\n  Cur LV                0\n  Open LV               0\n  Max PV                0\n  Cur PV                1\n  Act PV                1\n  VG Size               19.81 GiB\n  PE Size               32.00 MiB\n  Total PE              634\n  Alloc PE / Size       0 / 0   \n  Free  PE / Size       634 / 19.81 GiB\n  VG UUID               sCvQgt-3z0r-LjsK-3fiP-ua5J-eWjK-3ifig0\n\n\n\u8ad6\u7406\u30dc\u30ea\u30e5\u30fc\u30e0\u4f5c\u6210(lvcreate)\n\n\u4f5c\u6210\n\nroot@10:~# lvcreate -l 100%FREE -n lv6 vg6\n  Logical volume \"lv6\" created  \n\n\n\u78ba\u8a8d\n\nroot@10:~# lvdisplay -C\n  LV   VG   Attr       LSize  Pool Origin Data%  Meta%  Move Log Cpy%Sync Convert\n  lv6  vg6  -wi-a----- 19.81g\n\nroot@10:~# lvdisplay /dev/vg6/lv6 \n  --- Logical volume ---\n  LV Path                /dev/vg6/lv6\n  LV Name                lv6\n  VG Name                vg6\n  LV UUID                fm21o4-Y3id-t7S5-bxin-Q0GW-N0nK-l3c9Tk\n  LV Write Access        read/write\n  LV Creation host, time 10, 2014-10-19 11:52:34 +0000\n  LV Status              available\n  # open                 0\n  LV Size                19.81 GiB\n  Current LE             634\n  Segments               1\n  Allocation             inherit\n  Read ahead sectors     auto\n  - currently set to     256\n  Block device           254:0\n\n\nroot@10:~# lvscan\n  ACTIVE            '/dev/vg6/lv6' [19.81 GiB] inherit\n\n\n\next3\u30d5\u30a1\u30a4\u30eb\u30b7\u30b9\u30c6\u30e0\nroot@10:~# mkfs.ext3 /dev/vg6/lv6 \n\nmke2fs 1.42.11 (09-Jul-2014)\nCreating filesystem with 5193728 4k blocks and 1299984 inodes\nFilesystem UUID: 992f464f-0473-494b-8b71-6d6b65769a55\nSuperblock backups stored on blocks: \n        32768, 98304, 163840, 229376, 294912, 819200, 884736, 1605632, 2654208, \n        4096000\n\nAllocating group tables: done                            \nWriting inode tables: done                            \nCreating journal (32768 blocks): done\nWriting superblocks and filesystem accounting information: done  \n\n\n\n\n/home\u79fb\u52d5\n\n/mnt/home\nroot@10:~# mkdir /mnt/home\nroot@10:~# mount /dev/vg6/lv6 /mnt/home\n\n\nroot@10:~# df -H\nFilesystem           Size  Used Avail Use% Mounted on\n/dev/sda1            9.9G  1.3G  8.2G  14% /\nudev                  11M     0   11M   0% /dev\ntmpfs                422M  5.6M  417M   2% /run\ntmpfs                1.1G     0  1.1G   0% /dev/shm\ntmpfs                1.1G     0  1.1G   0% /sys/fs/cgroup\ntmpfs                5.3M     0  5.3M   0% /run/lock\ntmpfs                105M     0  105M   0% /run/user\nnone                 500G  442G   58G  89% /vagrant\n/dev/mapper/vg6-lv6   21G   47M   20G   1% /mnt/home\n\n\n\n\u30b3\u30d4\u30fc\n\ncp -ax \u30b3\u30de\u30f3\u30c9\u306f\u3001/home \u306e\u5185\u5bb9\u3092 /mnt/newpart \u306b\u7e70\u308a\u8fd4\u3057\u30b3\u30d4\u30fc\u3057\u3066\u3001\u3059\u3079\u3066\u306e\u30d5\u30a1\u30a4\u30eb\u5c5e\u6027\u3092\u4fdd\u5b58\u3057\u3001\u3069\u306e\u30de\u30a6\u30f3\u30c8\u30fb\u30dd\u30a4\u30f3\u30c8\u3082\u8d8a\u3048\u305f\u308a\u3057\u306a\u3044\u3088\u3046\u306b\u3057\u307e\u3059\u3002\n\nroot@10:~# cd /home\n\nroot@10:/home# cp -ax * /mnt/home\n\nroot@10:/home# ls -l /mnt/home/\ntotal 20\ndrwx------ 2 root    root    16384 Oct 19 05:11 lost+found\ndrwxr-xr-x 3 vagrant vagrant  4096 Oct 19 00:34 vagrant\n\n\n\u4e00\u5ea6 /Users\u3067\u4f5c\u308b\n\n\u65b0\u3057\u3044\u30de\u30a6\u30f3\u30c8\u30dd\u30a4\u30f3\u30c8\n\nroot@10:~# mkdir /Users\n\n\nblkid \u3067 UUID \u898b\u3064\u3051\u308b\n\nroot@10:~# blkid | grep vg6\n/dev/mapper/vg6-lv6: UUID=\"992f464f-0473-494b-8b71-6d6b65769a55\" TYPE=\"ext3\" \n\n\n/etc/fstab\n\nUUID=992f464f-0473-494b-8b71-6d6b65769a55 /Users ext3 defaults 0 0\n\n\n\u30ea\u30d6\u30fc\u30c8\n\nroot@10:~# reboot\n\n\n\u78ba\u8a8d\n\nvagrant@10:~$ df -H\nFilesystem           Size  Used Avail Use% Mounted on\n/dev/sda1            9.9G  1.3G  8.1G  14% /\nudev                  11M     0   11M   0% /dev\ntmpfs                422M  5.6M  417M   2% /run\ntmpfs                1.1G     0  1.1G   0% /dev/shm\ntmpfs                1.1G     0  1.1G   0% /sys/fs/cgroup\ntmpfs                105M     0  105M   0% /run/user\ntmpfs                5.3M     0  5.3M   0% /run/lock\n/dev/mapper/vg6-lv6   21G   47M   20G   1% /Users\n\n\nvipw\n\nvagrant:x:1000:1000:Vagrant User,,,:/Users/vagrant:/bin/bash\n\n\n\u30ea\u30d6\u30fc\u30c8\u3057\u3066ssh\n\nPeeko:js1 hide$ vagrant ssh\nLinux 10 3.14-2-amd64 #1 SMP Debian 3.14.13-2 (2014-07-24) x86_64\n\nThe programs included with the Debian GNU/Linux system are free software;\nthe exact distribution terms for each program are described in the\nindividual files in /usr/share/doc/*/copyright.\n\nDebian GNU/Linux comes with ABSOLUTELY NO WARRANTY, to the extent\npermitted by applicable law.\nLast login: Sun Oct 19 12:53:45 2014 from 10.0.2.2\nvagrant@10:~$ pwd\n/Users/vagrant\n\n\n/home \u306b\u30de\u30a6\u30f3\u30c8\u3057\u76f4\u3059\n\n\u4e00\u5fdc\u30d0\u30c3\u30af\u30a2\u30c3\u30d7\u3068\u3063\u3066\u304a\u304f\n\nroot@10:/# mv home home.old\nroot@10:/# mkdir home\n\n\n\n/etc/fstab\n\nUUID=992f464f-0473-494b-8b71-6d6b65769a55 /home ext3 defaults 0 0\n\n\nvipw\n\nvagrant:x:1000:1000:Vagrant User,,,:/home/vagrant:/bin/bash\n\n\nreboot\n\nroot@10:~# reboot\n\n\nssh \u3057\u76f4\u3059\n\nPeeko:js1 hide$ vagrant ssh\nLinux 10 3.14-2-amd64 #1 SMP Debian 3.14.13-2 (2014-07-24) x86_64\n\nThe programs included with the Debian GNU/Linux system are free software;\nthe exact distribution terms for each program are described in the\nindividual files in /usr/share/doc/*/copyright.\n\nDebian GNU/Linux comes with ABSOLUTELY NO WARRANTY, to the extent\npermitted by applicable law.\nLast login: Sun Oct 19 12:55:48 2014 from 10.0.2.2\n\nvagrant@10:~$ pwd\n/home/vagrant\n\n\ndf\n\nvagrant@10:~$ df -H\nFilesystem           Size  Used Avail Use% Mounted on\n/dev/sda1            9.9G  1.3G  8.1G  14% /\nudev                  11M     0   11M   0% /dev\ntmpfs                422M  5.6M  417M   2% /run\ntmpfs                1.1G     0  1.1G   0% /dev/shm\ntmpfs                1.1G     0  1.1G   0% /sys/fs/cgroup\ntmpfs                105M     0  105M   0% /run/user\ntmpfs                5.3M     0  5.3M   0% /run/lock\n/dev/mapper/vg6-lv6   21G   47M   20G   1% /home\n\n\nBox\u5316\u3057\u3066\u304a\u304f\nPeeko:js1 hide$ vagrant package\n==> default: Attempting graceful shutdown of VM...\n==> default: Clearing any previously set forwarded ports...\n==> default: Exporting VM...\n==> default: Compressing package to: /Users/hide/Documents/Boxes/js1/package.box\n\n\n- Vagrant \u3067\u4f5c\u3063\u305fDebian Jessie\u306e/home\u3092\u5897\u3084\u3059\n\n# VMDK -> VDI (VBoxManage clonehd)\n\n\n~~~\nPeeko:js1 hide$ cd ~/VirtualBox\\ VMs/js1_default_1413703213140_69014/\n~~~\n\n~~~\nPeeko:js1_default_1413703213140_69014 hide$ ls -al\ntotal 1607640\ndrwx------+  6 hide staff        204 10 19 16:20 .\ndrwxr-xr-x+ 14 hide staff        476 10 19 16:20 ..\ndrwx------+  3 hide staff        102 10 19 16:20 Logs\n-rw-------+  2 hide staff 1646198784 10 19 20:23 box-disk1.vmdk\n-rw-------+  1 hide staff       9221 10 19 16:20 js1_default_1413703213140_69014.vbox\n-rw-------+  1 hide staff       9220 10 19 16:20 js1_default_1413703213140_69014.vbox-prev\n~~~\n\n- VBoxManage clonehd\n\n~~~\nPeeko:js1_default_1413703213140_69014 hide$ VBoxManage clonehd box-disk1.vmdk box-disk1.vdi --format VDI\n0%...10%...20%...30%...40%...50%...60%...70%...80%...90%...100%\nClone hard disk created in format 'VDI'. UUID: 03cfdd84-2dad-4a5b-8e37-d2c13b7142f4\n~~~\n\n~~~\nPeeko:js1_default_1413703213140_69014 hide$ ls -al\ntotal 3684376\ndrwx------+  7 hide staff        238 10 19 20:28 .\ndrwxr-xr-x+ 14 hide staff        476 10 19 16:20 ..\ndrwx------+  3 hide staff        102 10 19 16:20 Logs\n-rw-------+  1 hide staff 2126512128 10 19 20:28 box-disk1.vdi\n-rw-------+  2 hide staff 1646264320 10 19 20:28 box-disk1.vmdk\n-rw-------+  1 hide staff       9221 10 19 20:28 js1_default_1413703213140_69014.vbox\n-rw-------+  1 hide staff       9221 10 19 20:28 js1_default_1413703213140_69014.vbox-prev\n~~~\n\n- VBoxManage modifyhd\n\n~~~\nPeeko:js1_default_1413703213140_69014 hide$ VBoxManage modifyhd box-disk1.vdi --resize 30480\n0%...10%...20%...30%...40%...50%...60%...70%...80%...90%...100%\n\n~~~\n\n## VDI\u306e\u5185\u5bb9(VboxManage showhdinfo)\n\n~~~\nPeeko:js1_default_1413703213140_69014 hide$ VboxManage showhdinfo  box-disk1.vdi\nUUID:           03cfdd84-2dad-4a5b-8e37-d2c13b7142f4\nParent UUID:    base\nState:          created\nType:           normal (base)\nLocation:       /Users/hide/VirtualBox VMs/js1_default_1413703213140_69014/box-disk1.vdi\nStorage format: VDI\nFormat variant: dynamic default\nCapacity:       30480 MBytes\nSize on disk:   2028 MBytes\n~~~\n\n## VM\u4e00\u89a7(VBoxManage list vms)\n\n~~~\nPeeko:js1_default_1413703213140_69014 hide$ VBoxManage  list vms\n\"SQZ\" {e4a545b2-947d-4e11-9661-5bbb7cd58708}\n\"Wzy\" {11b93b36-8bd5-4eb0-9f99-c058b47362df}\n\"Ubu\" {d81e3ff2-5c79-4200-9e6a-465df999cec5}\n\"Ubu2\" {a34a6016-98be-4365-a4e1-63dc50d97611}\n\"Ubu3\" {4805e250-cbd4-413f-9d7a-55fe9a931e8c}\n\"Google Nexus 4 - 4.3 - API 18 - 768x1280\" {01d925db-4bf5-4d0e-8ca0-321987c8c3a1}\n\"Google Nexus 10 - 4.3 - API 18 - 2560x1600\" {43d543d9-1fab-4f28-9152-b0d07819ef7a}\n\"IE11 - Win8.1\" {f1328962-97d7-4824-bbe5-ea755b5f9c12}\n\"js1_default_1413703213140_69014\" {d3447ba2-0184-4b6a-ac79-a86a6362250f}\n\n~~~\n\n## \u30b9\u30c8\u30ec\u30fc\u30b8\u30b3\u30f3\u30c8\u30ed\u30fc\u30e9\u78ba\u8a8d(VBoxManage showvminfo)\n\n~~~\nPeeko:js1_default_1413703213140_69014 hide$ VBoxManage showvminfo js1_default_1413703213140_69014 | GREP_OPTIONS='' grep \"Storage\"\nStorage Controller Name (0):            IDE Controller\nStorage Controller Type (0):            PIIX4\nStorage Controller Instance Number (0): 0\nStorage Controller Max Port Count (0):  2\nStorage Controller Port Count (0):      2\nStorage Controller Bootable (0):        on\nStorage Controller Name (1):            SATA Controller\nStorage Controller Type (1):            IntelAhci\nStorage Controller Instance Number (1): 0\nStorage Controller Max Port Count (1):  30\nStorage Controller Port Count (1):      1\nStorage Controller Bootable (1):        on\n\n~~~\n\n\n## \u30c7\u30a3\u30b9\u30af\u5909\u66f4(VBoxManage storageattach)\n\n~~~\nPeeko:js1_default_1413703213140_69014 hide$ VBoxManage storageattach js1_default_1413703213140_69014 --storagectl \"SATA Controller\" --port 0 --device 0 --type hdd --medium box-disk1.vdi\n\n~~~\n\n- \u5909\u66f4\u3055\u308c\u3066\u3044\u307e\u3059\n\n~~~\nPeeko:js1_default_1413703213140_69014 hide$ VBoxManage showvminfo js1_default_1413703213140_69014 | GREP_OPTIONS='' grep box-disk\nSATA Controller (0, 0): /Users/hide/VirtualBox VMs/js1_default_1413703213140_69014/box-disk1.vdi (UUID: 03cfdd84-2dad-4a5b-8e37-d2c13b7142f4)\n\n~~~\n\n\n# \u518d\u8d77\u52d5(vagrant reload)\n\n~~~\nPeeko:js1 hide$ vagrant reload\n==> default: Clearing any previously set forwarded ports...\n==> default: Clearing any previously set network interfaces...\n==> default: Preparing network interfaces based on configuration...\n    default: Adapter 1: nat\n    default: Adapter 2: hostonly\n==> default: Forwarding ports...\n    default: 22 => 2222 (adapter 1)\n==> default: Running 'pre-boot' VM customizations...\n==> default: Booting VM...\n==> default: Waiting for machine to boot. This may take a few minutes...\n    default: SSH address: 127.0.0.1:2222\n    default: SSH username: vagrant\n    default: SSH auth method: private key\n\n    default: Warning: Connection timeout. Retrying...\n==> default: Machine booted and ready!\n==> default: Checking for guest additions in VM...\n==> default: Configuring and enabling network interfaces...\n==> default: Mounting shared folders...\n    default: /vagrant => /Users/hide/Documents/Boxes/js1\n==> default: Machine already provisioned. Run `vagrant provision` or use the `--provision`\n==> default: to force provisioning. Provisioners marked to run always will still run.\n\n~~~\n\n## ssh(vagrant ssh)\n\n~~~\nPeeko:js1 hide$ vagrant ssh\nLinux 10 3.14-2-amd64 #1 SMP Debian 3.14.13-2 (2014-07-24) x86_64\n\nThe programs included with the Debian GNU/Linux system are free software;\nthe exact distribution terms for each program are described in the\nindividual files in /usr/share/doc/*/copyright.\n\nDebian GNU/Linux comes with ABSOLUTELY NO WARRANTY, to the extent\npermitted by applicable law.\nLast login: Sun Oct 19 07:20:38 2014 from 10.0.2.2\n~~~\n\n# \u30c7\u30a3\u30b9\u30af\u30b5\u30a4\u30ba\u3092\u62e1\u5927\n\n## \u30b5\u30a4\u30ba\u304c\u5897\u3048\u3066\u3044\u308b\u3053\u3068\u3092\u78ba\u8a8d(fdisk -l)\n\n- 32.0 GB\u306b\u306a\u3063\u3066\u3044\u307e\u3059\n\n~~~\nvagrant@10:~$ sudo fdisk -l\n\nDisk /dev/sda: 32.0 GB, 31960596480 bytes\n255 heads, 63 sectors/track, 3885 cylinders, total 62423040 sectors\nUnits = sectors of 1 * 512 = 512 bytes\nSector size (logical/physical): 512 bytes / 512 bytes\nI/O size (minimum/optimal): 512 bytes / 512 bytes\nDisk identifier: 0x5cdfd35b\n\n   Device Boot      Start         End      Blocks   Id  System\n/dev/sda1   *        2048    19816447     9907200   83  Linux\n/dev/sda2        19818494    20764671      473089    5  Extended\n/dev/sda5        19818496    20764671      473088   82  Linux swap / Solaris\n~~~\n\n## /dev/sda2\u3068/dev/sda5\u306e\u518d\u5b9a\u7fa9(fdisk)\n\n- fidk\u30a4\u30f3\u30bf\u30e9\u30af\u30c6\u30a3\u30d6\n\n~~~\nvagrant@10:~$ sudo su -\n\nroot@10:~# fdisk /dev/sda\n~~~~~\n\n- \u524a\u9664\n\n~~~\nCommand (m for help): d\nPartition number (1-5): 5\n\nCommand (m for help): d\nPartition number (1-5): 2\n\n\n~~~\n\n- \u62e1\u5f35\n\n~~~\nCommand (m for help): n\nPartition type:\n   p   primary (1 primary, 0 extended, 3 free)\n   e   extended\nSelect (default p): e\nPartition number (1-4, default 2): \nUsing default value 2\nFirst sector (19816448-62423039, default 19816448): \nUsing default value 19816448\nLast sector, +sectors or +size{K,M,G} (19816448-62423039, default 62423039): \nUsing default value 62423039\n~~~\n\n- \u8ad6\u7406\n\n~~~\nCCommand (m for help): n\nPartition type:\n   p   primary (1 primary, 1 extended, 2 free)\n   l   logical (numbered from 5)\nSelect (default p): l\nAdding logical partition 5\nFirst sector (19818496-62423039, default 19818496): \nUsing default value 19818496\nLast sector, +sectors or +size{K,M,G} (19818496-62423039, default 62423039): +500M\n~~~\n\n~~~\nCommand (m for help): n\nPartition type:\n   p   primary (1 primary, 1 extended, 2 free)\n   l   logical (numbered from 5)\nSelect (default p): l\nAdding logical partition 6\nFirst sector (20844544-62423039, default 20844544): \nUsing default value 20844544\nLast sector, +sectors or +size{K,M,G} (20844544-62423039, default 62423039): \nUsing default value 62423039\n~~~\n\n\n- \u78ba\u8a8d\n\n~~~\nCCommand (m for help): p\n\nDisk /dev/sda: 32.0 GB, 31960596480 bytes\n255 heads, 63 sectors/track, 3885 cylinders, total 62423040 sectors\nUnits = sectors of 1 * 512 = 512 bytes\nSector size (logical/physical): 512 bytes / 512 bytes\nI/O size (minimum/optimal): 512 bytes / 512 bytes\nDisk identifier: 0x5cdfd35b\n\n   Device Boot      Start         End      Blocks   Id  System\n/dev/sda1   *        2048    19816447     9907200   83  Linux\n/dev/sda2        19816448    62423039    21303296    5  Extended\n/dev/sda5        19818496    20842495      512000   83  Linux\n/dev/sda6        20844544    62423039    20789248   83  Linux\n~~~\n\n- /dev/sda5 -> Swap\n\n~~~\nCommand (m for help): t\nPartition number (1-6): 5\nHex code (type L to list codes): 82\nChanged system type of partition 5 to 82 (Linux swap / Solaris)\n~~~\n\n- /dev/sda6 -> LVM\n\n~~~\nCommand (m for help): t\nPartition number (1-6): 6\nHex code (type L to list codes): 8e\nChanged system type of partition 6 to 8e (Linux LVM)\n~~~\n\n- \u78ba\u8a8d\n\n~~~\nCommand (m for help): p\n\nDisk /dev/sda: 32.0 GB, 31960596480 bytes\n255 heads, 63 sectors/track, 3885 cylinders, total 62423040 sectors\nUnits = sectors of 1 * 512 = 512 bytes\nSector size (logical/physical): 512 bytes / 512 bytes\nI/O size (minimum/optimal): 512 bytes / 512 bytes\nDisk identifier: 0x5cdfd35b\n\n   Device Boot      Start         End      Blocks   Id  System\n/dev/sda1   *        2048    19816447     9907200   83  Linux\n/dev/sda2        19816448    62423039    21303296    5  Extended\n/dev/sda5        19818496    20842495      512000   82  Linux swap / Solaris\n/dev/sda6        20844544    62423039    20789248   8e  Linux LVM\n\n~~~\n\n- \u4fdd\u5b58\n\n~~~\nCommand (m for help): wq\nThe partition table has been altered!\n\nCalling ioctl() to re-read partition table.\n\nWARNING: Re-reading the partition table failed with error 16: Device or resource busy.\nThe kernel still uses the old table. The new table will be used at\nthe next reboot or after you run partprobe(8) or kpartx(8)\nSyncing disks.\n~~~\n\n- \u518d\u8d77\u52d5\n\n~~~\nroot@10:~# reboot\n~~~\n\n- \u78ba\u8a8d\n\n~~~\nvagrant@10:~$ sudo fdisk -l\n\nDisk /dev/sda: 32.0 GB, 31960596480 bytes\n255 heads, 63 sectors/track, 3885 cylinders, total 62423040 sectors\nUnits = sectors of 1 * 512 = 512 bytes\nSector size (logical/physical): 512 bytes / 512 bytes\nI/O size (minimum/optimal): 512 bytes / 512 bytes\nDisk identifier: 0x5cdfd35b\n\n   Device Boot      Start         End      Blocks   Id  System\n/dev/sda1   *        2048    19816447     9907200   83  Linux\n/dev/sda2        19816448    62423039    21303296    5  Extended\n/dev/sda5        19818496    20842495      512000   82  Linux swap / Solaris\n/dev/sda6        20844544    62423039    20789248   8e  Linux LVM\n~~~\n\n# LVM \u8a2d\u5b9a\n\n## lvm2\n\n~~~\nvagrant@10:~$ sudo apt-get update\n~~~\n~~~\nvagrant@10:~$ sudo apt-get install lvm2\nReading package lists... Done\nBuilding dependency tree       \nReading state information... Done\nThe following extra packages will be installed:\n  libdevmapper-event1.02.1\nSuggested packages:\n  thin-provisioning-tools\nThe following NEW packages will be installed:\n  libdevmapper-event1.02.1 lvm2\n0 upgraded, 2 newly installed, 0 to remove and 14 not upgraded.\nNeed to get 687 kB of archives.\nAfter this operation, 1,577 kB of additional disk space will be used.\nDo you want to continue? [Y/n] y\n~~~\n\n\n## \u7269\u7406\u30dc\u30ea\u30e5\u30fc\u30e0\u4f5c\u6210(pvcrete)\n\n- \u30ea\u30d6\u30fc\u30c8\u5f8c pvcreate \u3067\u4f5c\u6210\n\n~~~\nroot@10:~# pvcreate /dev/sda6\n  Physical volume \"/dev/sda6\" successfully created\n~~~  \n\n- pvscan \n\n~~~\nroot@10:~# pvscan\n  PV /dev/sda6         lvm2 [19.83 GiB]\n  Total: 1 [19.83 GiB] / in use: 0 [0   ] / in no VG: 1 [19.83 GiB]\n\n~~~\n\n- pvresize \n\n~~~\nroot@10:~# pvresize /dev/sda6\n  Physical volume \"/dev/sda6\" changed\n  1 physical volume(s) resized / 0 physical volume(s) not resized\n~~~\n\n- pvdisplay\n\n~~~\nroot@10:~# pvdisplay -C\n  PV         VG   Fmt  Attr PSize  PFree \n  /dev/sda6       lvm2 ---  19.83g 19.83g\n~~~    \n\n~~~\nroot@10:~# pvdisplay /dev/sda6\n  \"/dev/sda6\" is a new physical volume of \"19.83 GiB\"\n  --- NEW Physical volume ---\n  PV Name               /dev/sda6\n  VG Name               \n  PV Size               19.83 GiB\n  Allocatable           NO\n  PE Size               0   \n  Total PE              0\n  Free PE               0\n  Allocated PE          0\n  PV UUID               euY5vu-P7nh-oKn6-inQj-A2Da-SXN4-D0e1Gd\n  \n~~~\n\n## \u30dc\u30ea\u30e5\u30fc\u30e0\u30b0\u30eb\u30fc\u30d7\u4f5c\u6210(vgcreate)\n\n- PE(\u7269\u7406\u30a8\u30af\u30b9\u30c6\u30f3\u30c8)\u309232Mbyte\u3067\u4f5c\u6210\n\n~~~\nroot@10:~# vgcreate -s32m vg6 /dev/sda6\n  /proc/devices: No entry for device-mapper found\n  Volume group \"vg6\" successfully created\n\n~~~  \n\n- \u78ba\u8a8d\n\n~~~\nroot@10:~# vgdisplay -C\n  VG   #PV #LV #SN Attr   VSize  VFree \n  vg6    1   0   0 wz--n- 19.81g 19.81g\n\n~~~  \n\n~~~\nroot@10:~# vgdisplay vg6\n  --- Volume group ---\n  VG Name               vg6\n  System ID             \n  Format                lvm2\n  Metadata Areas        1\n  Metadata Sequence No  1\n  VG Access             read/write\n  VG Status             resizable\n  MAX LV                0\n  Cur LV                0\n  Open LV               0\n  Max PV                0\n  Cur PV                1\n  Act PV                1\n  VG Size               19.81 GiB\n  PE Size               32.00 MiB\n  Total PE              634\n  Alloc PE / Size       0 / 0   \n  Free  PE / Size       634 / 19.81 GiB\n  VG UUID               sCvQgt-3z0r-LjsK-3fiP-ua5J-eWjK-3ifig0\n~~~\n\n## \u8ad6\u7406\u30dc\u30ea\u30e5\u30fc\u30e0\u4f5c\u6210(lvcreate)\n\n- \u4f5c\u6210\n\n~~~\nroot@10:~# lvcreate -l 100%FREE -n lv6 vg6\n  Logical volume \"lv6\" created  \n~~~  \n\n\n- \u78ba\u8a8d\n\n~~~\nroot@10:~# lvdisplay -C\n  LV   VG   Attr       LSize  Pool Origin Data%  Meta%  Move Log Cpy%Sync Convert\n  lv6  vg6  -wi-a----- 19.81g\n~~~\n\n~~~\nroot@10:~# lvdisplay /dev/vg6/lv6 \n  --- Logical volume ---\n  LV Path                /dev/vg6/lv6\n  LV Name                lv6\n  VG Name                vg6\n  LV UUID                fm21o4-Y3id-t7S5-bxin-Q0GW-N0nK-l3c9Tk\n  LV Write Access        read/write\n  LV Creation host, time 10, 2014-10-19 11:52:34 +0000\n  LV Status              available\n  # open                 0\n  LV Size                19.81 GiB\n  Current LE             634\n  Segments               1\n  Allocation             inherit\n  Read ahead sectors     auto\n  - currently set to     256\n  Block device           254:0\n    \n~~~\n\n~~~\nroot@10:~# lvscan\n  ACTIVE            '/dev/vg6/lv6' [19.81 GiB] inherit\n  \n~~~\n\n## ext3\u30d5\u30a1\u30a4\u30eb\u30b7\u30b9\u30c6\u30e0\n\n\n~~~\nroot@10:~# mkfs.ext3 /dev/vg6/lv6 \n\nmke2fs 1.42.11 (09-Jul-2014)\nCreating filesystem with 5193728 4k blocks and 1299984 inodes\nFilesystem UUID: 992f464f-0473-494b-8b71-6d6b65769a55\nSuperblock backups stored on blocks: \n        32768, 98304, 163840, 229376, 294912, 819200, 884736, 1605632, 2654208, \n        4096000\n\nAllocating group tables: done                            \nWriting inode tables: done                            \nCreating journal (32768 blocks): done\nWriting superblocks and filesystem accounting information: done  \n\n\n~~~      \n\n\n# /home\u79fb\u52d5\n\n\n## /mnt/home\n\n~~~\nroot@10:~# mkdir /mnt/home\nroot@10:~# mount /dev/vg6/lv6 /mnt/home\n\n~~~\n\n~~~\nroot@10:~# df -H\nFilesystem           Size  Used Avail Use% Mounted on\n/dev/sda1            9.9G  1.3G  8.2G  14% /\nudev                  11M     0   11M   0% /dev\ntmpfs                422M  5.6M  417M   2% /run\ntmpfs                1.1G     0  1.1G   0% /dev/shm\ntmpfs                1.1G     0  1.1G   0% /sys/fs/cgroup\ntmpfs                5.3M     0  5.3M   0% /run/lock\ntmpfs                105M     0  105M   0% /run/user\nnone                 500G  442G   58G  89% /vagrant\n/dev/mapper/vg6-lv6   21G   47M   20G   1% /mnt/home\n\n~~~\n\n## \u30b3\u30d4\u30fc\n\n- cp -ax \u30b3\u30de\u30f3\u30c9\u306f\u3001/home \u306e\u5185\u5bb9\u3092 /mnt/newpart \u306b\u7e70\u308a\u8fd4\u3057\u30b3\u30d4\u30fc\u3057\u3066\u3001\u3059\u3079\u3066\u306e\u30d5\u30a1\u30a4\u30eb\u5c5e\u6027\u3092\u4fdd\u5b58\u3057\u3001\u3069\u306e\u30de\u30a6\u30f3\u30c8\u30fb\u30dd\u30a4\u30f3\u30c8\u3082\u8d8a\u3048\u305f\u308a\u3057\u306a\u3044\u3088\u3046\u306b\u3057\u307e\u3059\u3002\n\n~~~\nroot@10:~# cd /home\n\nroot@10:/home# cp -ax * /mnt/home\n~~~\n\n~~~\nroot@10:/home# ls -l /mnt/home/\ntotal 20\ndrwx------ 2 root    root    16384 Oct 19 05:11 lost+found\ndrwxr-xr-x 3 vagrant vagrant  4096 Oct 19 00:34 vagrant\n~~~\n\n\n\n## \u4e00\u5ea6 /Users\u3067\u4f5c\u308b\n\n- \u65b0\u3057\u3044\u30de\u30a6\u30f3\u30c8\u30dd\u30a4\u30f3\u30c8\n\n~~~\nroot@10:~# mkdir /Users\n~~~\n \n- blkid \u3067 UUID \u898b\u3064\u3051\u308b\n\n~~~\nroot@10:~# blkid | grep vg6\n/dev/mapper/vg6-lv6: UUID=\"992f464f-0473-494b-8b71-6d6b65769a55\" TYPE=\"ext3\" \n~~~\n\n- /etc/fstab\n\n~~~\nUUID=992f464f-0473-494b-8b71-6d6b65769a55 /Users ext3 defaults 0 0\n~~~\n\n- \u30ea\u30d6\u30fc\u30c8\n\n~~~\nroot@10:~# reboot\n~~~\n\n- \u78ba\u8a8d\n\n~~~\nvagrant@10:~$ df -H\nFilesystem           Size  Used Avail Use% Mounted on\n/dev/sda1            9.9G  1.3G  8.1G  14% /\nudev                  11M     0   11M   0% /dev\ntmpfs                422M  5.6M  417M   2% /run\ntmpfs                1.1G     0  1.1G   0% /dev/shm\ntmpfs                1.1G     0  1.1G   0% /sys/fs/cgroup\ntmpfs                105M     0  105M   0% /run/user\ntmpfs                5.3M     0  5.3M   0% /run/lock\n/dev/mapper/vg6-lv6   21G   47M   20G   1% /Users\n~~~\n\n- vipw\n\n~~~\nvagrant:x:1000:1000:Vagrant User,,,:/Users/vagrant:/bin/bash\n~~~\n\n- \u30ea\u30d6\u30fc\u30c8\u3057\u3066ssh\n\n~~~\nPeeko:js1 hide$ vagrant ssh\nLinux 10 3.14-2-amd64 #1 SMP Debian 3.14.13-2 (2014-07-24) x86_64\n\nThe programs included with the Debian GNU/Linux system are free software;\nthe exact distribution terms for each program are described in the\nindividual files in /usr/share/doc/*/copyright.\n\nDebian GNU/Linux comes with ABSOLUTELY NO WARRANTY, to the extent\npermitted by applicable law.\nLast login: Sun Oct 19 12:53:45 2014 from 10.0.2.2\nvagrant@10:~$ pwd\n/Users/vagrant\n~~~\n\n## /home \u306b\u30de\u30a6\u30f3\u30c8\u3057\u76f4\u3059\n\n- \u4e00\u5fdc\u30d0\u30c3\u30af\u30a2\u30c3\u30d7\u3068\u3063\u3066\u304a\u304f\n\n~~~\nroot@10:/# mv home home.old\nroot@10:/# mkdir home\n\n~~~\n\n- /etc/fstab\n\n~~~\nUUID=992f464f-0473-494b-8b71-6d6b65769a55 /home ext3 defaults 0 0\n~~~\n\n- vipw\n\n~~~\nvagrant:x:1000:1000:Vagrant User,,,:/home/vagrant:/bin/bash\n~~~\n\n- reboot\n\n~~~\nroot@10:~# reboot\n~~~\n\n- ssh \u3057\u76f4\u3059\n\n~~~\nPeeko:js1 hide$ vagrant ssh\nLinux 10 3.14-2-amd64 #1 SMP Debian 3.14.13-2 (2014-07-24) x86_64\n\nThe programs included with the Debian GNU/Linux system are free software;\nthe exact distribution terms for each program are described in the\nindividual files in /usr/share/doc/*/copyright.\n\nDebian GNU/Linux comes with ABSOLUTELY NO WARRANTY, to the extent\npermitted by applicable law.\nLast login: Sun Oct 19 12:55:48 2014 from 10.0.2.2\n~~~\n~~~\nvagrant@10:~$ pwd\n/home/vagrant\n~~~\n\n- df\n\n~~~\nvagrant@10:~$ df -H\nFilesystem           Size  Used Avail Use% Mounted on\n/dev/sda1            9.9G  1.3G  8.1G  14% /\nudev                  11M     0   11M   0% /dev\ntmpfs                422M  5.6M  417M   2% /run\ntmpfs                1.1G     0  1.1G   0% /dev/shm\ntmpfs                1.1G     0  1.1G   0% /sys/fs/cgroup\ntmpfs                105M     0  105M   0% /run/user\ntmpfs                5.3M     0  5.3M   0% /run/lock\n/dev/mapper/vg6-lv6   21G   47M   20G   1% /home\n~~~\n\n# Box\u5316\u3057\u3066\u304a\u304f\n\n~~~\nPeeko:js1 hide$ vagrant package\n==> default: Attempting graceful shutdown of VM...\n==> default: Clearing any previously set forwarded ports...\n==> default: Exporting VM...\n==> default: Compressing package to: /Users/hide/Documents/Boxes/js1/package.box\n~~~\n\n", "tags": ["lvm", "VirtualBox", "Debian"]}