{"context": "ConoHa\u306f\u6a19\u6e96\u306750GB\u306eSSD\u304c\u4eee\u60f3\u30b5\u30fc\u30d0\u30fc\u306b\u4ed8\u3044\u3066\u304d\u307e\u3059\u3002\u305d\u3057\u3066\u30aa\u30d7\u30b7\u30e7\u30f3\u3067250GB\u3084500GB\u306eSSD\u3092\u8ffd\u52a0\u3059\u308b\u3053\u3068\u304c\u3067\u304d\u307e\u3059\u3002\u3053\u306e\u8ffd\u52a0\u3057\u305f\u30b9\u30c8\u30ec\u30fc\u30b8\u306f\u3001\u4eee\u60f3\u30b5\u30fc\u30d0\u30fc\u304b\u3089\u306f\u5225\u306e\u30c9\u30e9\u30a4\u30d6\u3068\u898b\u306a\u3055\u308c\u307e\u3059(Linux\u3067\u306f/dev/vda\u3068/dev/vdb\u306b\u306a\u308b)\u3002\n\u300c50GB\u3067\u904b\u7528\u3057\u3066\u3044\u3066\u3001\u8db3\u308a\u306a\u304f\u306a\u3063\u305f\u306e\u3067250GB\u3092\u8ffd\u52a0\u3057\u305f\u3044\u300d\u3068\u3044\u3063\u305f\u30b1\u30fc\u30b9\u3067\u306f\u3001\u5408\u308f\u305b\u3066300GB\u306e1\u30c9\u30e9\u30a4\u30d6\u3068\u3057\u3066\u6271\u3044\u305f\u304f\u306a\u308b\u3067\u3057\u3087\u3046\u3002\u5e78\u3044ConoHa\u306eCentOS7\u7cfb\u306e\u30a4\u30e1\u30fc\u30b8\u306fLVM\u304c\u4f7f\u308f\u308c\u3066\u3044\u308b\u306e\u3067\u3001\u4ee5\u4e0b\u306e\u624b\u9806\u30672\u3064\u306e\u30c9\u30e9\u30a4\u30d6\u3092\u307e\u3068\u3081\u30661\u30c9\u30e9\u30a4\u30d6\u3068\u3057\u3066\u6271\u3046\u3053\u3068\u304c\u3067\u304d\u307e\u3059\u3002\n\n\u3084\u308a\u65b9\nConoHa\u306eCentOS7\u30a4\u30e1\u30fc\u30b8\u30a2\u306f\u4ee5\u4e0b\u306e\u3088\u3046\u306a\u30d1\u30fc\u30c6\u30a3\u30b7\u30e7\u30f3\u69cb\u6210\u306b\u306a\u3063\u3066\u3044\u3066\u3001\u30d5\u30a1\u30a4\u30eb\u30b7\u30b9\u30c6\u30e0\u306fxfs\u3067\u3059\u3002\u307b\u307c\u30c7\u30d5\u30a9\u30eb\u30c8\u306e\u30a4\u30f3\u30b9\u30c8\u30fc\u30eb\u3067\u3059\u3002\u305d\u3057\u3066\u3001\u8ffd\u52a0\u3057\u305fSSD\u306f\u30de\u30a6\u30f3\u30c8\u3055\u308c\u3066\u3044\u307e\u305b\u3093\u3002\n# df -hT\nFilesystem              Type      Size  Used Avail Use% Mounted on\n/dev/mapper/centos-root xfs        48G  1.4G   47G   3% /\ndevtmpfs                devtmpfs  487M     0  487M   0% /dev\ntmpfs                   tmpfs     497M     0  497M   0% /dev/shm\ntmpfs                   tmpfs     497M   13M  484M   3% /run\ntmpfs                   tmpfs     497M     0  497M   0% /sys/fs/cgroup\n/dev/vda1               xfs       497M  170M  328M  35% /boot\ntmpfs                   tmpfs     100M     0  100M   0% /run/user/0\n\nLVM\u306f\u4e0b\u8a18\u306e\u3088\u3046\u306a\u30ec\u30a4\u30a2\u30a6\u30c8\u306b\u306a\u3063\u3066\u3044\u307e\u3059\u3002\u4e00\u3064\u306e\u7269\u7406\u30dc\u30ea\u30e5\u30fc\u30e0(PV)\u3002\u305d\u3057\u3066centos\u3068\u8a00\u3046\u540d\u524d\u306e\u4e00\u3064\u306e\u30dc\u30ea\u30e5\u30fc\u30e0\u30b0\u30eb\u30fc\u30d7(VG)\u3067\u3059\u3002\u8ad6\u7406\u30dc\u30ea\u30e5\u30fc\u30e0(LV)\u306f2\u3064\u3042\u3063\u3066\u3001\u30eb\u30fc\u30c8\u30d5\u30a1\u30a4\u30eb\u30b7\u30b9\u30c6\u30e0\u3068\u30b9\u30ef\u30c3\u30d7\u306b\u5272\u308a\u5f53\u3066\u3089\u308c\u3066\u3044\u307e\u3059(VG Name\u306f\u74b0\u5883\u306b\u3088\u3063\u3066\u7570\u306a\u308b\u5834\u5408\u304c\u3042\u308a\u307e\u3059)\u3002\n# vgdisplay\n  --- Volume group ---\n  VG Name               centos\n  System ID\n  Format                lvm2\n  Metadata Areas        1\n  Metadata Sequence No  5\n  VG Access             read/write\n  VG Status             resizable\n  MAX LV                0\n  Cur LV                2\n  Open LV               2\n  Max PV                0\n  Cur PV                1\n  Act PV                1\n  VG Size               49.51 GiB\n  PE Size               4.00 MiB\n  Total PE              12674\n  Alloc PE / Size       12663 / 49.46 GiB\n  Free  PE / Size       11 / 44.00 MiB\n  VG UUID               YwWgHt-3qRA-0VNA-mwx8-4T8Z-SJWq-bX2kuC\n\n# pvdisplay\n  --- Physical volume ---\n  PV Name               /dev/vda2\n  VG Name               centos\n  PV Size               49.51 GiB / not usable 3.00 MiB\n  Allocatable           yes\n  PE Size               4.00 MiB\n  Total PE              12674\n  Free PE               11\n  Allocated PE          12663\n  PV UUID               OQ0g7d-2BeQ-PXOr-B9lK-hfmU-8F2K-ZR4h8m\n\n\n\u30d1\u30fc\u30c6\u30a3\u30b7\u30e7\u30cb\u30f3\u30b0\n\u307e\u305a\u8ffd\u52a0SSD\u5168\u4f53\u3092LVM\u306e\u7269\u7406\u30dc\u30ea\u30e5\u30fc\u30e0\u3068\u3057\u3066\u30d1\u30fc\u30c6\u30a3\u30b7\u30e7\u30cb\u30f3\u30b0\u3057\u307e\u3059\u3002fdisk\u3067\u3082\u826f\u3044\u3067\u3059\u304c\u3001\u3053\u3053\u3067\u306fparted\u3092\u4f7f\u3044\u307e\u3059\u3002\n# parted /dev/vdb\n\nprint \u3067\u73fe\u5728\u306e\u72b6\u6cc1\u3092\u8868\u793a\u3057\u307e\u3059\u3002\n# parted /dev/vdb\nGNU Parted 3.1\nUsing /dev/vdb\nWelcome to GNU Parted! Type 'help' to view a list of commands.\n(parted) p\nError: /dev/vdb: unrecognised disk label\nModel: Virtio Block Device (virtblk)\nDisk /dev/vdb: 215GB\nSector size (logical/physical): 512B/512B\nPartition Table: unknown\nDisk Flags:\n(parted)\n\n\u305d\u3057\u3066\u3001\n* mklabel\u3067\u30e9\u30d9\u30eb\u3092\u4e0e\u3048\u3066\n* mkpart\u3067\u9818\u57df\u306e\u78ba\u4fdd\u3092\u884c\u3044\n* set \u3067LVM\u30d5\u30e9\u30b0\u3092\u7acb\u3066\u307e\u3059\u3002\nmkpart\u306e\u7b2c3\u5f15\u6570\u306f\u30010\u4ee5\u4e0b\u306e\u5024\u3092\u6e21\u3059\u3068\u30c7\u30a3\u30b9\u30af\u306e\u6700\u7d42\u30bb\u30af\u30bf\u30fc\u3092\u6307\u5b9a\u3057\u305f\u3053\u3068\u306b\u306a\u308a\u307e\u3059\u3002\n(parted) mklabel gpt\n(parted) mkpart primary 1 -1\n(parted) set 1 lvm on\n(parted) print\nModel: Virtio Block Device (virtblk)\nDisk /dev/vdb: 215GB\nSector size (logical/physical): 512B/512B\nPartition Table: gpt\nDisk Flags:\n\nNumber  Start   End    Size   File system  Name     Flags\n 1      1049kB  215GB  215GB               primary  lvm\n\n\u305d\u3057\u3066\u3001quit\u3067parted\u3092\u7d42\u4e86\u3057\u307e\u3059\u3002\u3053\u308c\u3067/dev/vdb1\u304c\u3067\u304d\u3066\u3044\u308b\u306f\u305a\u3067\u3059\u3002\n\n\u7269\u7406\u30dc\u30ea\u30e5\u30fc\u30e0\u306e\u4f5c\u6210\n\u4f5c\u6210\u3057\u305f\u30d1\u30fc\u30c6\u30a3\u30b7\u30e7\u30f3\u306b\u7269\u7406\u30dc\u30ea\u30e5\u30fc\u30e0\u3092\u4f5c\u6210\u3057\u307e\u3059\u3002\n# pvcreate /dev/vdb1\n  Physical volume \"/dev/vdb1\" successfully created\n\n\n\u30dc\u30ea\u30e5\u30fc\u30e0\u30b0\u30eb\u30fc\u30d7\u306e\u4f5c\u6210\n\u4f5c\u6210\u3057\u305f\u7269\u7406\u30dc\u30ea\u30e5\u30fc\u30e0\u3092\u65e2\u5b58\u306ecentos\u30dc\u30ea\u30e5\u30fc\u30e0\u30b0\u30eb\u30fc\u30d7\u306b\u8ffd\u52a0\u3057\u307e\u3059\u3002\u305d\u306e\u5f8cvgdisplay\u3092\u5b9f\u884c\u3059\u308b\u3068\u3001\u5bb9\u91cf\u304c\u5897\u3048\u3066\u3044\u308b\u3053\u3068\u304c\u78ba\u8a8d\u3067\u304d\u307e\u3059\u3002\u51fa\u529b\u304c\u9577\u304f\u306a\u308b\u306e\u3067\u8f09\u305b\u307e\u305b\u3093\u304c\u3001vgdisplay\u306b -v \u30aa\u30d7\u30b7\u30e7\u30f3\u3092\u4ed8\u3051\u308b\u3068\u30012\u3064\u306e\u7269\u7406\u30dc\u30ea\u30e5\u30fc\u30e0\u304c\u898b\u3048\u308b\u306f\u305a\u3067\u3059\u3002\n# vgextend centos /dev/vdb1\n  Volume group \"centos\" successfully extended\n# vgdisplay\n  --- Volume group ---\n  VG Name               centos\n  System ID\n  Format                lvm2\n  Metadata Areas        2\n  Metadata Sequence No  6\n  VG Access             read/write\n  VG Status             resizable\n  MAX LV                0\n  Cur LV                2\n  Open LV               2\n  Max PV                0\n  Cur PV                2\n  Act PV                2\n  VG Size               249.50 GiB\n  PE Size               4.00 MiB\n  Total PE              63873\n  Alloc PE / Size       12663 / 49.46 GiB\n  Free  PE / Size       51210 / 200.04 GiB\n  VG UUID               YwWgHt-3qRA-0VNA-mwx8-4T8Z-SJWq-bX2kuC\n\n\n\u8ad6\u7406\u30dc\u30ea\u30e5\u30fc\u30e0\u306e\u62e1\u5f35\n\u6b21\u306b\u30dc\u30ea\u30e5\u30fc\u30e0\u30b0\u30eb\u30fc\u30d7\u306e\u65b0\u3057\u3044\u7a7a\u304d\u9818\u57df\u3092\u3001\u65e2\u5b58\u306e\u8ad6\u7406\u30dc\u30ea\u30e5\u30fc\u30e0\u306b\u5272\u308a\u5f53\u3066\u307e\u3059\u3002\u4ee5\u4e0b\u306e\u30b3\u30de\u30f3\u30c9\u306f\u7a7a\u304d\u9818\u57df\u3092\u5168\u3066\u30eb\u30fc\u30c8\u30d5\u30a1\u30a4\u30eb\u30b7\u30b9\u30c6\u30e0\u306b\u5272\u308a\u5f53\u3066\u3066\u3044\u307e\u3059\u3002lvdisplay\u3092\u5b9f\u884c\u3059\u308b\u3068\u3001\u30c7\u30a3\u30b9\u30af\u30b5\u30a4\u30ba\u5bb9\u91cf\u304c\u5897\u3048\u3066\u3044\u308b\u3053\u3068\u304c\u78ba\u8a8d\u3067\u304d\u307e\u3059\u3002\n# lvextend -l +100%FREE /dev/centos/root\n  Size of logical volume centos/root changed from 47.46 GiB (12151 extents) to 247.50 GiB (63361 extents).\n  Logical volume root successfully resized.\n# lvdisplay /dev/centos/root\n  --- Logical volume ---\n  LV Path                /dev/centos/root\n  LV Name                root\n  VG Name                centos\n  LV UUID                YcfoSu-M0o7-cvWK-Op2I-LxyG-0gHK-ffypmV\n  LV Write Access        read/write\n  LV Creation host, time localhost.localdomain, 2015-12-24 14:02:13 +0900\n  LV Status              available\n  # open                 1\n  LV Size                247.50 GiB\n  Current LE             63361\n  Segments               2\n  Allocation             inherit\n  Read ahead sectors     auto\n  - currently set to     8192\n  Block device           253:0\n\n\nxfs\u30d5\u30a1\u30a4\u30eb\u30b7\u30b9\u30c6\u30e0\u3092\u62e1\u5f35\u3059\u308b\n\u6700\u5f8c\u306bxfs\u30d5\u30a1\u30a4\u30eb\u30b7\u30b9\u30c6\u30e0\u3092\u62e1\u5f35\u3057\u3066\u3001\u7a7a\u304d\u9818\u57df\u3092\u30d5\u30a1\u30a4\u30eb\u30b7\u30b9\u30c6\u30e0\u306b\u8a8d\u8b58\u3055\u305b\u307e\u3059\u3002\u3053\u308c\u306b\u306f xfs_growfs \u30b3\u30de\u30f3\u30c9\u3092\u4f7f\u3044\u307e\u3059\u3002\n# xfs_growfs /dev/centos/root\nmeta-data=/dev/mapper/centos-root isize=256    agcount=4, agsize=3110656 blks\n         =                       sectsz=512   attr=2, projid32bit=1\n         =                       crc=0        finobt=0\ndata     =                       bsize=4096   blocks=12442624, imaxpct=25\n         =                       sunit=0      swidth=0 blks\nnaming   =version 2              bsize=4096   ascii-ci=0 ftype=0\nlog      =internal               bsize=4096   blocks=6075, version=2\n         =                       sectsz=512   sunit=0 blks, lazy-count=1\nrealtime =none                   extsz=4096   blocks=0, rtextents=0\ndata blocks changed from 12442624 to 64881664\n#\n\ndf\u306a\u3069\u3067\u7a7a\u304d\u5bb9\u91cf\u304c\u5897\u3048\u3066\u3044\u308b\u3053\u3068\u304c\u78ba\u8a8d\u3067\u304d\u308c\u3070\u5b8c\u4e86\u3067\u3059\u3002\n# df -h\nFilesystem               Size  Used Avail Use% Mounted on\n/dev/mapper/centos-root  248G  1.4G  247G   1% /\ndevtmpfs                 487M     0  487M   0% /dev\ntmpfs                    497M     0  497M   0% /dev/shm\ntmpfs                    497M   13M  484M   3% /run\ntmpfs                    497M     0  497M   0% /sys/fs/cgroup\n/dev/vda1                497M  170M  328M  35% /boot\ntmpfs                    100M     0  100M   0% /run/user/0\n\n[ConoHa](https://www.conoha.jp/)\u306f\u6a19\u6e96\u306750GB\u306eSSD\u304c\u4eee\u60f3\u30b5\u30fc\u30d0\u30fc\u306b\u4ed8\u3044\u3066\u304d\u307e\u3059\u3002\u305d\u3057\u3066\u30aa\u30d7\u30b7\u30e7\u30f3\u3067250GB\u3084500GB\u306eSSD\u3092\u8ffd\u52a0\u3059\u308b\u3053\u3068\u304c\u3067\u304d\u307e\u3059\u3002\u3053\u306e\u8ffd\u52a0\u3057\u305f\u30b9\u30c8\u30ec\u30fc\u30b8\u306f\u3001\u4eee\u60f3\u30b5\u30fc\u30d0\u30fc\u304b\u3089\u306f\u5225\u306e\u30c9\u30e9\u30a4\u30d6\u3068\u898b\u306a\u3055\u308c\u307e\u3059(Linux\u3067\u306f/dev/vda\u3068/dev/vdb\u306b\u306a\u308b)\u3002\n\n\u300c50GB\u3067\u904b\u7528\u3057\u3066\u3044\u3066\u3001\u8db3\u308a\u306a\u304f\u306a\u3063\u305f\u306e\u3067250GB\u3092\u8ffd\u52a0\u3057\u305f\u3044\u300d\u3068\u3044\u3063\u305f\u30b1\u30fc\u30b9\u3067\u306f\u3001\u5408\u308f\u305b\u3066300GB\u306e1\u30c9\u30e9\u30a4\u30d6\u3068\u3057\u3066\u6271\u3044\u305f\u304f\u306a\u308b\u3067\u3057\u3087\u3046\u3002\u5e78\u3044ConoHa\u306eCentOS7\u7cfb\u306e\u30a4\u30e1\u30fc\u30b8\u306fLVM\u304c\u4f7f\u308f\u308c\u3066\u3044\u308b\u306e\u3067\u3001\u4ee5\u4e0b\u306e\u624b\u9806\u30672\u3064\u306e\u30c9\u30e9\u30a4\u30d6\u3092\u307e\u3068\u3081\u30661\u30c9\u30e9\u30a4\u30d6\u3068\u3057\u3066\u6271\u3046\u3053\u3068\u304c\u3067\u304d\u307e\u3059\u3002\n\n## \u3084\u308a\u65b9\n\nConoHa\u306eCentOS7\u30a4\u30e1\u30fc\u30b8\u30a2\u306f\u4ee5\u4e0b\u306e\u3088\u3046\u306a\u30d1\u30fc\u30c6\u30a3\u30b7\u30e7\u30f3\u69cb\u6210\u306b\u306a\u3063\u3066\u3044\u3066\u3001\u30d5\u30a1\u30a4\u30eb\u30b7\u30b9\u30c6\u30e0\u306fxfs\u3067\u3059\u3002\u307b\u307c\u30c7\u30d5\u30a9\u30eb\u30c8\u306e\u30a4\u30f3\u30b9\u30c8\u30fc\u30eb\u3067\u3059\u3002\u305d\u3057\u3066\u3001\u8ffd\u52a0\u3057\u305fSSD\u306f\u30de\u30a6\u30f3\u30c8\u3055\u308c\u3066\u3044\u307e\u305b\u3093\u3002\n\n```shell-session\n# df -hT\nFilesystem              Type      Size  Used Avail Use% Mounted on\n/dev/mapper/centos-root xfs        48G  1.4G   47G   3% /\ndevtmpfs                devtmpfs  487M     0  487M   0% /dev\ntmpfs                   tmpfs     497M     0  497M   0% /dev/shm\ntmpfs                   tmpfs     497M   13M  484M   3% /run\ntmpfs                   tmpfs     497M     0  497M   0% /sys/fs/cgroup\n/dev/vda1               xfs       497M  170M  328M  35% /boot\ntmpfs                   tmpfs     100M     0  100M   0% /run/user/0\n```\n\nLVM\u306f\u4e0b\u8a18\u306e\u3088\u3046\u306a\u30ec\u30a4\u30a2\u30a6\u30c8\u306b\u306a\u3063\u3066\u3044\u307e\u3059\u3002\u4e00\u3064\u306e\u7269\u7406\u30dc\u30ea\u30e5\u30fc\u30e0(PV)\u3002\u305d\u3057\u3066centos\u3068\u8a00\u3046\u540d\u524d\u306e\u4e00\u3064\u306e\u30dc\u30ea\u30e5\u30fc\u30e0\u30b0\u30eb\u30fc\u30d7(VG)\u3067\u3059\u3002\u8ad6\u7406\u30dc\u30ea\u30e5\u30fc\u30e0(LV)\u306f2\u3064\u3042\u3063\u3066\u3001\u30eb\u30fc\u30c8\u30d5\u30a1\u30a4\u30eb\u30b7\u30b9\u30c6\u30e0\u3068\u30b9\u30ef\u30c3\u30d7\u306b\u5272\u308a\u5f53\u3066\u3089\u308c\u3066\u3044\u307e\u3059(VG Name\u306f\u74b0\u5883\u306b\u3088\u3063\u3066\u7570\u306a\u308b\u5834\u5408\u304c\u3042\u308a\u307e\u3059)\u3002\n\n```\n# vgdisplay\n  --- Volume group ---\n  VG Name               centos\n  System ID\n  Format                lvm2\n  Metadata Areas        1\n  Metadata Sequence No  5\n  VG Access             read/write\n  VG Status             resizable\n  MAX LV                0\n  Cur LV                2\n  Open LV               2\n  Max PV                0\n  Cur PV                1\n  Act PV                1\n  VG Size               49.51 GiB\n  PE Size               4.00 MiB\n  Total PE              12674\n  Alloc PE / Size       12663 / 49.46 GiB\n  Free  PE / Size       11 / 44.00 MiB\n  VG UUID               YwWgHt-3qRA-0VNA-mwx8-4T8Z-SJWq-bX2kuC\n\n# pvdisplay\n  --- Physical volume ---\n  PV Name               /dev/vda2\n  VG Name               centos\n  PV Size               49.51 GiB / not usable 3.00 MiB\n  Allocatable           yes\n  PE Size               4.00 MiB\n  Total PE              12674\n  Free PE               11\n  Allocated PE          12663\n  PV UUID               OQ0g7d-2BeQ-PXOr-B9lK-hfmU-8F2K-ZR4h8m\n```\n\n\n## \u30d1\u30fc\u30c6\u30a3\u30b7\u30e7\u30cb\u30f3\u30b0\n\n\u307e\u305a\u8ffd\u52a0SSD\u5168\u4f53\u3092LVM\u306e\u7269\u7406\u30dc\u30ea\u30e5\u30fc\u30e0\u3068\u3057\u3066\u30d1\u30fc\u30c6\u30a3\u30b7\u30e7\u30cb\u30f3\u30b0\u3057\u307e\u3059\u3002fdisk\u3067\u3082\u826f\u3044\u3067\u3059\u304c\u3001\u3053\u3053\u3067\u306fparted\u3092\u4f7f\u3044\u307e\u3059\u3002\n\n```shell-session\n# parted /dev/vdb\n```\n\n**print** \u3067\u73fe\u5728\u306e\u72b6\u6cc1\u3092\u8868\u793a\u3057\u307e\u3059\u3002\n\n```shell-session\n# parted /dev/vdb\nGNU Parted 3.1\nUsing /dev/vdb\nWelcome to GNU Parted! Type 'help' to view a list of commands.\n(parted) p\nError: /dev/vdb: unrecognised disk label\nModel: Virtio Block Device (virtblk)\nDisk /dev/vdb: 215GB\nSector size (logical/physical): 512B/512B\nPartition Table: unknown\nDisk Flags:\n(parted)\n```\n\n\u305d\u3057\u3066\u3001\n* **mklabel**\u3067\u30e9\u30d9\u30eb\u3092\u4e0e\u3048\u3066\n* **mkpart**\u3067\u9818\u57df\u306e\u78ba\u4fdd\u3092\u884c\u3044\n* **set** \u3067LVM\u30d5\u30e9\u30b0\u3092\u7acb\u3066\u307e\u3059\u3002\n\nmkpart\u306e\u7b2c3\u5f15\u6570\u306f\u30010\u4ee5\u4e0b\u306e\u5024\u3092\u6e21\u3059\u3068\u30c7\u30a3\u30b9\u30af\u306e\u6700\u7d42\u30bb\u30af\u30bf\u30fc\u3092\u6307\u5b9a\u3057\u305f\u3053\u3068\u306b\u306a\u308a\u307e\u3059\u3002\n\n```shell-session\n(parted) mklabel gpt\n(parted) mkpart primary 1 -1\n(parted) set 1 lvm on\n(parted) print\nModel: Virtio Block Device (virtblk)\nDisk /dev/vdb: 215GB\nSector size (logical/physical): 512B/512B\nPartition Table: gpt\nDisk Flags:\n\nNumber  Start   End    Size   File system  Name     Flags\n 1      1049kB  215GB  215GB               primary  lvm\n```\n\n\u305d\u3057\u3066\u3001**quit**\u3067parted\u3092\u7d42\u4e86\u3057\u307e\u3059\u3002\u3053\u308c\u3067/dev/vdb1\u304c\u3067\u304d\u3066\u3044\u308b\u306f\u305a\u3067\u3059\u3002\n\n## \u7269\u7406\u30dc\u30ea\u30e5\u30fc\u30e0\u306e\u4f5c\u6210\n\n\u4f5c\u6210\u3057\u305f\u30d1\u30fc\u30c6\u30a3\u30b7\u30e7\u30f3\u306b\u7269\u7406\u30dc\u30ea\u30e5\u30fc\u30e0\u3092\u4f5c\u6210\u3057\u307e\u3059\u3002\n\n```shell-session\n# pvcreate /dev/vdb1\n  Physical volume \"/dev/vdb1\" successfully created\n```\n\n## \u30dc\u30ea\u30e5\u30fc\u30e0\u30b0\u30eb\u30fc\u30d7\u306e\u4f5c\u6210 \n\n\u4f5c\u6210\u3057\u305f\u7269\u7406\u30dc\u30ea\u30e5\u30fc\u30e0\u3092\u65e2\u5b58\u306ecentos\u30dc\u30ea\u30e5\u30fc\u30e0\u30b0\u30eb\u30fc\u30d7\u306b\u8ffd\u52a0\u3057\u307e\u3059\u3002\u305d\u306e\u5f8cvgdisplay\u3092\u5b9f\u884c\u3059\u308b\u3068\u3001\u5bb9\u91cf\u304c\u5897\u3048\u3066\u3044\u308b\u3053\u3068\u304c\u78ba\u8a8d\u3067\u304d\u307e\u3059\u3002\u51fa\u529b\u304c\u9577\u304f\u306a\u308b\u306e\u3067\u8f09\u305b\u307e\u305b\u3093\u304c\u3001vgdisplay\u306b **-v** \u30aa\u30d7\u30b7\u30e7\u30f3\u3092\u4ed8\u3051\u308b\u3068\u30012\u3064\u306e\u7269\u7406\u30dc\u30ea\u30e5\u30fc\u30e0\u304c\u898b\u3048\u308b\u306f\u305a\u3067\u3059\u3002\n\n```\n# vgextend centos /dev/vdb1\n  Volume group \"centos\" successfully extended\n# vgdisplay\n  --- Volume group ---\n  VG Name               centos\n  System ID\n  Format                lvm2\n  Metadata Areas        2\n  Metadata Sequence No  6\n  VG Access             read/write\n  VG Status             resizable\n  MAX LV                0\n  Cur LV                2\n  Open LV               2\n  Max PV                0\n  Cur PV                2\n  Act PV                2\n  VG Size               249.50 GiB\n  PE Size               4.00 MiB\n  Total PE              63873\n  Alloc PE / Size       12663 / 49.46 GiB\n  Free  PE / Size       51210 / 200.04 GiB\n  VG UUID               YwWgHt-3qRA-0VNA-mwx8-4T8Z-SJWq-bX2kuC\n```\n\n## \u8ad6\u7406\u30dc\u30ea\u30e5\u30fc\u30e0\u306e\u62e1\u5f35\n\n\u6b21\u306b\u30dc\u30ea\u30e5\u30fc\u30e0\u30b0\u30eb\u30fc\u30d7\u306e\u65b0\u3057\u3044\u7a7a\u304d\u9818\u57df\u3092\u3001\u65e2\u5b58\u306e\u8ad6\u7406\u30dc\u30ea\u30e5\u30fc\u30e0\u306b\u5272\u308a\u5f53\u3066\u307e\u3059\u3002\u4ee5\u4e0b\u306e\u30b3\u30de\u30f3\u30c9\u306f\u7a7a\u304d\u9818\u57df\u3092\u5168\u3066\u30eb\u30fc\u30c8\u30d5\u30a1\u30a4\u30eb\u30b7\u30b9\u30c6\u30e0\u306b\u5272\u308a\u5f53\u3066\u3066\u3044\u307e\u3059\u3002lvdisplay\u3092\u5b9f\u884c\u3059\u308b\u3068\u3001\u30c7\u30a3\u30b9\u30af\u30b5\u30a4\u30ba\u5bb9\u91cf\u304c\u5897\u3048\u3066\u3044\u308b\u3053\u3068\u304c\u78ba\u8a8d\u3067\u304d\u307e\u3059\u3002\n\n```\n# lvextend -l +100%FREE /dev/centos/root\n  Size of logical volume centos/root changed from 47.46 GiB (12151 extents) to 247.50 GiB (63361 extents).\n  Logical volume root successfully resized.\n# lvdisplay /dev/centos/root\n  --- Logical volume ---\n  LV Path                /dev/centos/root\n  LV Name                root\n  VG Name                centos\n  LV UUID                YcfoSu-M0o7-cvWK-Op2I-LxyG-0gHK-ffypmV\n  LV Write Access        read/write\n  LV Creation host, time localhost.localdomain, 2015-12-24 14:02:13 +0900\n  LV Status              available\n  # open                 1\n  LV Size                247.50 GiB\n  Current LE             63361\n  Segments               2\n  Allocation             inherit\n  Read ahead sectors     auto\n  - currently set to     8192\n  Block device           253:0\n```\n\n## xfs\u30d5\u30a1\u30a4\u30eb\u30b7\u30b9\u30c6\u30e0\u3092\u62e1\u5f35\u3059\u308b\n\n\u6700\u5f8c\u306bxfs\u30d5\u30a1\u30a4\u30eb\u30b7\u30b9\u30c6\u30e0\u3092\u62e1\u5f35\u3057\u3066\u3001\u7a7a\u304d\u9818\u57df\u3092\u30d5\u30a1\u30a4\u30eb\u30b7\u30b9\u30c6\u30e0\u306b\u8a8d\u8b58\u3055\u305b\u307e\u3059\u3002\u3053\u308c\u306b\u306f **xfs_growfs** \u30b3\u30de\u30f3\u30c9\u3092\u4f7f\u3044\u307e\u3059\u3002\n\n```shell-session\n# xfs_growfs /dev/centos/root\nmeta-data=/dev/mapper/centos-root isize=256    agcount=4, agsize=3110656 blks\n         =                       sectsz=512   attr=2, projid32bit=1\n         =                       crc=0        finobt=0\ndata     =                       bsize=4096   blocks=12442624, imaxpct=25\n         =                       sunit=0      swidth=0 blks\nnaming   =version 2              bsize=4096   ascii-ci=0 ftype=0\nlog      =internal               bsize=4096   blocks=6075, version=2\n         =                       sectsz=512   sunit=0 blks, lazy-count=1\nrealtime =none                   extsz=4096   blocks=0, rtextents=0\ndata blocks changed from 12442624 to 64881664\n#\n```\n\ndf\u306a\u3069\u3067\u7a7a\u304d\u5bb9\u91cf\u304c\u5897\u3048\u3066\u3044\u308b\u3053\u3068\u304c\u78ba\u8a8d\u3067\u304d\u308c\u3070\u5b8c\u4e86\u3067\u3059\u3002\n\n```shell-session\n# df -h\nFilesystem               Size  Used Avail Use% Mounted on\n/dev/mapper/centos-root  248G  1.4G  247G   1% /\ndevtmpfs                 487M     0  487M   0% /dev\ntmpfs                    497M     0  497M   0% /dev/shm\ntmpfs                    497M   13M  484M   3% /run\ntmpfs                    497M     0  497M   0% /sys/fs/cgroup\n/dev/vda1                497M  170M  328M  35% /boot\ntmpfs                    100M     0  100M   0% /run/user/0\n```\n", "tags": ["Conoha"]}