{"context": "\n\n\u6982\u8981\nVMware ESXi 4.1\u3092HP Proliant ML110 G5\u306b\u30a4\u30f3\u30b9\u30c8\u30fc\u30eb\u3059\u308b\u3002 \n \u30a4\u30f3\u30b9\u30c8\u30fc\u30eb\u7528ISO \u30d5\u30a1\u30a4\u30eb\u3092CD-ROM\u306b\u713c\u3044\u3066\u8d77\u52d5\u3057\u3066\u3082\u30a4\u30f3\u30b9\u30c8\u30fc\u30e9\u304cDVD-ROM\u3092\u8a8d\u8b58\u3057\u306a\u3044\u306e\u3067Mac\u3067\u8d77\u52d5\u7528USB\u3092\u4f5c\u6210\u3059\u308b\u3002\n\n\u74b0\u5883\n\nVMWare ESXi 4.1 Update 3\nHP Proliant ML110 G5, CPU Celeron 440, 2GB Memory\nVMWare 5\u306f2\u30b3\u30a2\u304c\u5fc5\u8981\u306a\u306e\u3067\u30a4\u30f3\u30b9\u30c8\u30fc\u30eb\u51fa\u6765\u306a\u304b\u3063\u305f\u3002\nmacOS Sierra\n\n\n\u624b\u9806\n\nESXi 4.1\u306eISO\u30a4\u30e1\u30fc\u30b8\u3092\u30c0\u30d6\u30eb\u30af\u30ea\u30c3\u30af\u3057\u30de\u30a6\u30f3\u30c8\u3059\u308b\u3002\nimagedd.bz2\u3092\u30c7\u30b9\u30af\u30c8\u30c3\u30d7\u306b\u30b3\u30d4\u30fc\u3059\u308b\u3002\nimagedd.bz2\u3092\u30c0\u30d6\u30eb\u30af\u30ea\u30c3\u30af\u3057\u3066\u89e3\u51cd\u3059\u308b\u3002\nUSB\u30e1\u30e2\u30ea\u3092\u633f\u3059\u3002\n\nUSB\u30e1\u30e2\u30ea\u306e\u30de\u30a6\u30f3\u30c8\u30dd\u30a4\u30f3\u30c8\u3092\u78ba\u8a8d\u3059\u308b\u3002\n$ diskutil list\n/dev/disk0 (internal, physical):\n#:                       TYPE NAME                    SIZE       IDENTIFIER\n0:      GUID_partition_scheme                        *1.0 TB     disk0\n1:                        EFI EFI                     209.7 MB   disk0s1\n2:                  Apple_HFS Macintosh HD            999.3 GB   disk0s2\n3:                 Apple_Boot Recovery HD             650.0 MB   disk0s3\n\u3000\n/dev/disk3 (external, physical):\n#:                       TYPE NAME                    SIZE       IDENTIFIER\n0:     FDisk_partition_scheme                        *1.0 GB     disk3\n1:                 DOS_FAT_32 VMWARE                  1.0 GB     disk3s1\n\n\n\nUSB\u30e1\u30e2\u30ea\u3092\u30a2\u30f3\u30de\u30a6\u30f3\u30c8\n$ sudo unmount /dec/disk3s1\nPassword:\nVolume VMWARE on disk3s1 unmounted\n\n\n\n\u89e3\u51cd\u3057\u305fimagedd\u3092USB\u306b\u66f8\u304d\u8fbc\u3080  \n$ sudo dd bs=1m if=~/Desktop/imagedd of=/dev/disk3\nPassword:\n900+0 records in\n900+0 records out\n943718400 bytes transferred in 1308.918382 secs (720991 bytes/sec)\n\n\nUSB\u30e1\u30e2\u30ea\u306b\u51fa\u6765\u305f\u30d1\u30fc\u30c6\u30a3\u30b7\u30e7\u30f3\u3092\u53d6\u308a\u51fa\u3059\nUSB\u30e1\u30e2\u30ea\u3092Mac\u304b\u3089\u629c\u304f\nUSB\u30e1\u30e2\u30ea\u3092ML110 G5\u306eUSB\u30dd\u30fc\u30c8\u306b\u633f\u3057\u3066\u8d77\u52d5\n\n\n\u52d5\u3044\u305f\u3063\u307d\u3044\uff01\n# \u6982\u8981\nVMware ESXi 4.1\u3092HP Proliant ML110 G5\u306b\u30a4\u30f3\u30b9\u30c8\u30fc\u30eb\u3059\u308b\u3002 \n \u30a4\u30f3\u30b9\u30c8\u30fc\u30eb\u7528ISO \u30d5\u30a1\u30a4\u30eb\u3092CD-ROM\u306b\u713c\u3044\u3066\u8d77\u52d5\u3057\u3066\u3082\u30a4\u30f3\u30b9\u30c8\u30fc\u30e9\u304cDVD-ROM\u3092\u8a8d\u8b58\u3057\u306a\u3044\u306e\u3067Mac\u3067\u8d77\u52d5\u7528USB\u3092\u4f5c\u6210\u3059\u308b\u3002\n\n# \u74b0\u5883\n* VMWare ESXi 4.1 Update 3\n* HP Proliant ML110 G5, CPU Celeron 440, 2GB Memory  \n  VMWare 5\u306f2\u30b3\u30a2\u304c\u5fc5\u8981\u306a\u306e\u3067\u30a4\u30f3\u30b9\u30c8\u30fc\u30eb\u51fa\u6765\u306a\u304b\u3063\u305f\u3002\n* macOS Sierra\n\n# \u624b\u9806\n\n1. ESXi 4.1\u306eISO\u30a4\u30e1\u30fc\u30b8\u3092\u30c0\u30d6\u30eb\u30af\u30ea\u30c3\u30af\u3057\u30de\u30a6\u30f3\u30c8\u3059\u308b\u3002\n2. imagedd.bz2\u3092\u30c7\u30b9\u30af\u30c8\u30c3\u30d7\u306b\u30b3\u30d4\u30fc\u3059\u308b\u3002\n3. imagedd.bz2\u3092\u30c0\u30d6\u30eb\u30af\u30ea\u30c3\u30af\u3057\u3066\u89e3\u51cd\u3059\u308b\u3002\n4. USB\u30e1\u30e2\u30ea\u3092\u633f\u3059\u3002\n5. USB\u30e1\u30e2\u30ea\u306e\u30de\u30a6\u30f3\u30c8\u30dd\u30a4\u30f3\u30c8\u3092\u78ba\u8a8d\u3059\u308b\u3002\n\n    ```\u30b3\u30de\u30f3\u30c9\n$ diskutil list\n/dev/disk0 (internal, physical):\n   #:                       TYPE NAME                    SIZE       IDENTIFIER\n   0:      GUID_partition_scheme                        *1.0 TB     disk0\n   1:                        EFI EFI                     209.7 MB   disk0s1\n   2:                  Apple_HFS Macintosh HD            999.3 GB   disk0s2\n   3:                 Apple_Boot Recovery HD             650.0 MB   disk0s3\n\u3000\n/dev/disk3 (external, physical):\n   #:                       TYPE NAME                    SIZE       IDENTIFIER\n   0:     FDisk_partition_scheme                        *1.0 GB     disk3\n   1:                 DOS_FAT_32 VMWARE                  1.0 GB     disk3s1\n```\n\n6. USB\u30e1\u30e2\u30ea\u3092\u30a2\u30f3\u30de\u30a6\u30f3\u30c8\n\n    ```\n$ sudo unmount /dec/disk3s1\nPassword:\nVolume VMWARE on disk3s1 unmounted\n```\n\n7. \u89e3\u51cd\u3057\u305fimagedd\u3092USB\u306b\u66f8\u304d\u8fbc\u3080  \n\n    ```\n$ sudo dd bs=1m if=~/Desktop/imagedd of=/dev/disk3\nPassword:\n900+0 records in\n900+0 records out\n943718400 bytes transferred in 1308.918382 secs (720991 bytes/sec)\n```\n\n8. USB\u30e1\u30e2\u30ea\u306b\u51fa\u6765\u305f\u30d1\u30fc\u30c6\u30a3\u30b7\u30e7\u30f3\u3092\u53d6\u308a\u51fa\u3059\n9. USB\u30e1\u30e2\u30ea\u3092Mac\u304b\u3089\u629c\u304f\n10. USB\u30e1\u30e2\u30ea\u3092ML110 G5\u306eUSB\u30dd\u30fc\u30c8\u306b\u633f\u3057\u3066\u8d77\u52d5\n\n### \u52d5\u3044\u305f\u3063\u307d\u3044\uff01\n", "tags": ["ESXi4", "vmware", "ML110"]}