{"tags": ["benchmark"], "context": " More than 1 year has passed since last update.\n\u30b5\u30fc\u30d0\uff1aC1 (4 Cores @1.3GHz, 2GB memory)\nUnixBench 5.1.3\n/proc/cpuinfo\n/proc/meminfo\n\n\u3042\u308c\u3001\u3001UnixBench\u3063\u3066\u30de\u30eb\u30c1\u30d7\u30ed\u30bb\u30c3\u30b5\u3060\u3068\u5358\u4f53\u30b3\u30a2\u306e\u5834\u5408\u3068\u4e21\u65b9\u7d50\u679c\u51fa\u3057\u3066\u304f\u308c\u305f\u3088\u3045\u306a\u3002\u3002\nBenchmark Run: Mon Sep 07 2015 15:27:00 - 15:55:17\n0 CPUs in system; running 1 parallel copy of tests\n\u3042\u308a\uff1f\n\n   #    #  #    #  #  #    #          #####   ######  #    #   ####   #    #\n   #    #  ##   #  #   #  #           #    #  #       ##   #  #    #  #    #\n   #    #  # #  #  #    ##            #####   #####   # #  #  #       ######\n   #    #  #  # #  #    ##            #    #  #       #  # #  #       #    #\n   #    #  #   ##  #   #  #           #    #  #       #   ##  #    #  #    #\n    ####   #    #  #  #    #          #####   ######  #    #   ####   #    #\n\n   Version 5.1.3                      Based on the Byte Magazine Unix Benchmark\n\n   Multi-CPU version                  Version 5 revisions by Ian Smith,\n                                      Sunnyvale, CA, USA\n   January 13, 2011                   johantheghost at yahoo period com\n\n\n1 x Dhrystone 2 using register variables  1 2 3 4 5 6 7 8 9 10\n\n1 x Double-Precision Whetstone  1 2 3 4 5 6 7 8 9 10\n\n1 x Execl Throughput  1 2 3\n\n1 x File Copy 1024 bufsize 2000 maxblocks  1 2 3\n\n1 x File Copy 256 bufsize 500 maxblocks  1 2 3\n\n1 x File Copy 4096 bufsize 8000 maxblocks  1 2 3\n\n1 x Pipe Throughput  1 2 3 4 5 6 7 8 9 10\n\n1 x Pipe-based Context Switching  1 2 3 4 5 6 7 8 9 10\n\n1 x Process Creation  1 2 3\n\n1 x System Call Overhead  1 2 3 4 5 6 7 8 9 10\n\n1 x Shell Scripts (1 concurrent)  1 2 3\n\n1 x Shell Scripts (8 concurrent)  1 2 3\n\n========================================================================\n   BYTE UNIX Benchmarks (Version 5.1.3)\n\n   System: scw-c087ca: GNU/Linux\n   OS: GNU/Linux -- 3.2.34-30 -- #17 SMP Mon Apr 13 15:53:45 UTC 2015\n   Machine: armv7l (armv7l)\n   Language: en_US.utf8 (charmap=\"UTF-8\", collate=\"UTF-8\")\n   15:27:00 up 10 min,  2 users,  load average: 0.35, 0.26, 0.15; runlevel 2\n\n------------------------------------------------------------------------\nBenchmark Run: Mon Sep 07 2015 15:27:00 - 15:55:17\n0 CPUs in system; running 1 parallel copy of tests\n\nDhrystone 2 using register variables        3659485.4 lps   (10.0 s, 7 samples)\nDouble-Precision Whetstone                      552.8 MWIPS (10.0 s, 7 samples)\nExecl Throughput                                926.8 lps   (29.9 s, 2 samples)\nFile Copy 1024 bufsize 2000 maxblocks        107080.2 KBps  (30.0 s, 2 samples)\nFile Copy 256 bufsize 500 maxblocks           29847.2 KBps  (30.0 s, 2 samples)\nFile Copy 4096 bufsize 8000 maxblocks        289349.7 KBps  (30.0 s, 2 samples)\nPipe Throughput                              194251.6 lps   (10.0 s, 7 samples)\nPipe-based Context Switching                  35147.6 lps   (10.0 s, 7 samples)\nProcess Creation                               2707.9 lps   (30.0 s, 2 samples)\nShell Scripts (1 concurrent)                   2005.6 lpm   (60.0 s, 2 samples)\nShell Scripts (8 concurrent)                    605.1 lpm   (60.1 s, 2 samples)\nSystem Call Overhead                         653736.8 lps   (10.0 s, 7 samples)\n\nSystem Benchmarks Index Values               BASELINE       RESULT    INDEX\nDhrystone 2 using register variables         116700.0    3659485.4    313.6\nDouble-Precision Whetstone                       55.0        552.8    100.5\nExecl Throughput                                 43.0        926.8    215.5\nFile Copy 1024 bufsize 2000 maxblocks          3960.0     107080.2    270.4\nFile Copy 256 bufsize 500 maxblocks            1655.0      29847.2    180.3\nFile Copy 4096 bufsize 8000 maxblocks          5800.0     289349.7    498.9\nPipe Throughput                               12440.0     194251.6    156.2\nPipe-based Context Switching                   4000.0      35147.6     87.9\nProcess Creation                                126.0       2707.9    214.9\nShell Scripts (1 concurrent)                     42.4       2005.6    473.0\nShell Scripts (8 concurrent)                      6.0        605.1   1008.5\nSystem Call Overhead                          15000.0     653736.8    435.8\n                                                                   ========\nSystem Benchmarks Index Score                                         261.3\n\n\n# cat /proc/cpuinfo\nProcessor : Marvell PJ4Bv7 Processor rev 2 (v7l)\nprocessor : 0\nBogoMIPS : 1332.01\n\nprocessor : 1\nBogoMIPS : 1332.01\n\nprocessor : 2\nBogoMIPS : 1332.01\n\nprocessor : 3\nBogoMIPS : 1332.01\n\nFeatures : swp half thumb fastmult vfp edsp vfpv3 tls\nCPU implementer : 0x56\nCPU architecture: 7\nCPU variant : 0x2\nCPU part : 0x584\nCPU revision : 2\n\nHardware : Online Labs C1\nRevision : 0000\nSerial : 0000000000000000\n\n# cat /proc/meminfo\nMemTotal:        2072392 kB\nMemFree:         1612084 kB\nBuffers:           39728 kB\nCached:           332948 kB\nSwapCached:            0 kB\nActive:           233368 kB\nInactive:         151696 kB\nActive(anon):      12408 kB\nInactive(anon):     7456 kB\nActive(file):     220960 kB\nInactive(file):   144240 kB\nUnevictable:           0 kB\nMlocked:               0 kB\nHighTotal:       1269756 kB\nHighFree:         922308 kB\nLowTotal:         802636 kB\nLowFree:          689776 kB\nSwapTotal:             0 kB\nSwapFree:              0 kB\nDirty:                12 kB\nWriteback:             0 kB\nAnonPages:         12552 kB\nMapped:             5040 kB\nShmem:              7476 kB\nSlab:              67260 kB\nSReclaimable:      24336 kB\nSUnreclaim:        42924 kB\nKernelStack:         576 kB\nPageTables:          300 kB\nNFS_Unstable:          0 kB\nBounce:                0 kB\nWritebackTmp:          0 kB\nCommitLimit:     1036196 kB\nCommitted_AS:      57568 kB\nVmallocTotal:     122880 kB\nVmallocUsed:         168 kB\nVmallocChunk:     122696 kB\n\n\n* \u30b5\u30fc\u30d0\uff1aC1 (4 Cores @1.3GHz, 2GB memory)\n* UnixBench 5.1.3\n* /proc/cpuinfo\n* /proc/meminfo\n\n\u3042\u308c\u3001\u3001UnixBench\u3063\u3066\u30de\u30eb\u30c1\u30d7\u30ed\u30bb\u30c3\u30b5\u3060\u3068\u5358\u4f53\u30b3\u30a2\u306e\u5834\u5408\u3068\u4e21\u65b9\u7d50\u679c\u51fa\u3057\u3066\u304f\u308c\u305f\u3088\u3045\u306a\u3002\u3002\n\nBenchmark Run: Mon Sep 07 2015 15:27:00 - 15:55:17\n__0 CPUs in system__; running 1 parallel copy of tests\n\n\u3042\u308a\uff1f\n\n```tcsh\n\n   #    #  #    #  #  #    #          #####   ######  #    #   ####   #    #\n   #    #  ##   #  #   #  #           #    #  #       ##   #  #    #  #    #\n   #    #  # #  #  #    ##            #####   #####   # #  #  #       ######\n   #    #  #  # #  #    ##            #    #  #       #  # #  #       #    #\n   #    #  #   ##  #   #  #           #    #  #       #   ##  #    #  #    #\n    ####   #    #  #  #    #          #####   ######  #    #   ####   #    #\n\n   Version 5.1.3                      Based on the Byte Magazine Unix Benchmark\n\n   Multi-CPU version                  Version 5 revisions by Ian Smith,\n                                      Sunnyvale, CA, USA\n   January 13, 2011                   johantheghost at yahoo period com\n\n\n1 x Dhrystone 2 using register variables  1 2 3 4 5 6 7 8 9 10\n\n1 x Double-Precision Whetstone  1 2 3 4 5 6 7 8 9 10\n\n1 x Execl Throughput  1 2 3\n\n1 x File Copy 1024 bufsize 2000 maxblocks  1 2 3\n\n1 x File Copy 256 bufsize 500 maxblocks  1 2 3\n\n1 x File Copy 4096 bufsize 8000 maxblocks  1 2 3\n\n1 x Pipe Throughput  1 2 3 4 5 6 7 8 9 10\n\n1 x Pipe-based Context Switching  1 2 3 4 5 6 7 8 9 10\n\n1 x Process Creation  1 2 3\n\n1 x System Call Overhead  1 2 3 4 5 6 7 8 9 10\n\n1 x Shell Scripts (1 concurrent)  1 2 3\n\n1 x Shell Scripts (8 concurrent)  1 2 3\n\n========================================================================\n   BYTE UNIX Benchmarks (Version 5.1.3)\n\n   System: scw-c087ca: GNU/Linux\n   OS: GNU/Linux -- 3.2.34-30 -- #17 SMP Mon Apr 13 15:53:45 UTC 2015\n   Machine: armv7l (armv7l)\n   Language: en_US.utf8 (charmap=\"UTF-8\", collate=\"UTF-8\")\n   15:27:00 up 10 min,  2 users,  load average: 0.35, 0.26, 0.15; runlevel 2\n\n------------------------------------------------------------------------\nBenchmark Run: Mon Sep 07 2015 15:27:00 - 15:55:17\n0 CPUs in system; running 1 parallel copy of tests\n\nDhrystone 2 using register variables        3659485.4 lps   (10.0 s, 7 samples)\nDouble-Precision Whetstone                      552.8 MWIPS (10.0 s, 7 samples)\nExecl Throughput                                926.8 lps   (29.9 s, 2 samples)\nFile Copy 1024 bufsize 2000 maxblocks        107080.2 KBps  (30.0 s, 2 samples)\nFile Copy 256 bufsize 500 maxblocks           29847.2 KBps  (30.0 s, 2 samples)\nFile Copy 4096 bufsize 8000 maxblocks        289349.7 KBps  (30.0 s, 2 samples)\nPipe Throughput                              194251.6 lps   (10.0 s, 7 samples)\nPipe-based Context Switching                  35147.6 lps   (10.0 s, 7 samples)\nProcess Creation                               2707.9 lps   (30.0 s, 2 samples)\nShell Scripts (1 concurrent)                   2005.6 lpm   (60.0 s, 2 samples)\nShell Scripts (8 concurrent)                    605.1 lpm   (60.1 s, 2 samples)\nSystem Call Overhead                         653736.8 lps   (10.0 s, 7 samples)\n\nSystem Benchmarks Index Values               BASELINE       RESULT    INDEX\nDhrystone 2 using register variables         116700.0    3659485.4    313.6\nDouble-Precision Whetstone                       55.0        552.8    100.5\nExecl Throughput                                 43.0        926.8    215.5\nFile Copy 1024 bufsize 2000 maxblocks          3960.0     107080.2    270.4\nFile Copy 256 bufsize 500 maxblocks            1655.0      29847.2    180.3\nFile Copy 4096 bufsize 8000 maxblocks          5800.0     289349.7    498.9\nPipe Throughput                               12440.0     194251.6    156.2\nPipe-based Context Switching                   4000.0      35147.6     87.9\nProcess Creation                                126.0       2707.9    214.9\nShell Scripts (1 concurrent)                     42.4       2005.6    473.0\nShell Scripts (8 concurrent)                      6.0        605.1   1008.5\nSystem Call Overhead                          15000.0     653736.8    435.8\n                                                                   ========\nSystem Benchmarks Index Score                                         261.3\n\n```\n```tcsh\n# cat /proc/cpuinfo\nProcessor : Marvell PJ4Bv7 Processor rev 2 (v7l)\nprocessor : 0\nBogoMIPS : 1332.01\n\nprocessor : 1\nBogoMIPS : 1332.01\n\nprocessor : 2\nBogoMIPS : 1332.01\n\nprocessor : 3\nBogoMIPS : 1332.01\n\nFeatures : swp half thumb fastmult vfp edsp vfpv3 tls\nCPU implementer : 0x56\nCPU architecture: 7\nCPU variant : 0x2\nCPU part : 0x584\nCPU revision : 2\n\nHardware : Online Labs C1\nRevision : 0000\nSerial : 0000000000000000\n```\n```tcsh\n# cat /proc/meminfo\nMemTotal:        2072392 kB\nMemFree:         1612084 kB\nBuffers:           39728 kB\nCached:           332948 kB\nSwapCached:            0 kB\nActive:           233368 kB\nInactive:         151696 kB\nActive(anon):      12408 kB\nInactive(anon):     7456 kB\nActive(file):     220960 kB\nInactive(file):   144240 kB\nUnevictable:           0 kB\nMlocked:               0 kB\nHighTotal:       1269756 kB\nHighFree:         922308 kB\nLowTotal:         802636 kB\nLowFree:          689776 kB\nSwapTotal:             0 kB\nSwapFree:              0 kB\nDirty:                12 kB\nWriteback:             0 kB\nAnonPages:         12552 kB\nMapped:             5040 kB\nShmem:              7476 kB\nSlab:              67260 kB\nSReclaimable:      24336 kB\nSUnreclaim:        42924 kB\nKernelStack:         576 kB\nPageTables:          300 kB\nNFS_Unstable:          0 kB\nBounce:                0 kB\nWritebackTmp:          0 kB\nCommitLimit:     1036196 kB\nCommitted_AS:      57568 kB\nVmallocTotal:     122880 kB\nVmallocUsed:         168 kB\nVmallocChunk:     122696 kB\n```\n"}