{"context": " More than 1 year has passed since last update.\u4eee\u60f3\u30de\u30b7\u30f3\u306b\u8ffd\u52a0\u3057\u305f\u8907\u6570\u9818\u57df\u3092LVM\u30671\u3064\u306e\u30c7\u30a3\u30b9\u30af\u306b\u3057\u3001\u81ea\u52d5mount\u3055\u305b\u308b\u307e\u3067\u3002\n\u4eca\u56de\u5927\u5bb9\u91cf\u9818\u57df\u304c\u5fc5\u8981\u3060\u3063\u305f\u306e\u3067\u3001\u6700\u5927\u5024\u3067\u78ba\u4fdd\u3057\u305f\u30cf\u30fc\u30c9\u30c7\u30a3\u30b9\u30af\u9818\u57df2\u3064\u3092LVM\u3067\u4e00\u3064\u306e\u30c7\u30a3\u30b9\u30af\u306b\u3059\u308b\u5fc5\u8981\u304c\u3042\u308a\u307e\u3057\u305f\u3002\u4f5c\u696d\u6642\u306e\u624b\u9806\u30e1\u30e2\u3002\n\n\u4f5c\u696d\u624b\u9806\n\n\u4eee\u60f3\u30de\u30b7\u30f3\u306e\u8a2d\u5b9a\u3067\u30cf\u30fc\u30c9\u30c7\u30a3\u30b9\u30af\u9818\u57df\u3092\u8ffd\u52a0(sdb, sdc)\n\u8ffd\u52a0\u3057\u305f\u30c7\u30d0\u30a4\u30b9\u3092\u30d1\u30fc\u30c6\u30a3\u30b7\u30e7\u30f3\u306b\u767b\u9332\nPV(Physical Volume\u3001\u7269\u7406\u30dc\u30ea\u30e5\u30fc\u30e0)\u3092\u4f5c\u6210\nVG(Volume Group\u3001\u30dc\u30ea\u30e5\u30fc\u30e0\u30b0\u30eb\u30fc\u30d7)\u3092\u4f5c\u6210\nLV(Logical Volume\u3001\u8ad6\u7406\u30dc\u30ea\u30e5\u30fc\u30e0)\u4f5c\u6210\n\u30d5\u30a1\u30a4\u30eb\u30b7\u30b9\u30c6\u30e0\u69cb\u7bc9\n\u30de\u30a6\u30f3\u30c8\nreboot\u6642\u306b\u30de\u30a6\u30f3\u30c8\u3055\u308c\u308b\u3088\u3046\u306b\u8a2d\u5b9a\n\n\n\u624b\u9806\u8a73\u7d30\n\n\u4eee\u60f3\u30de\u30b7\u30f3\u306e\u8a2d\u5b9a\u3067\u30cf\u30fc\u30c9\u30c7\u30a3\u30b9\u30af\u9818\u57df\u3092\u8ffd\u52a0(sdb, sdc)\n\n\u4eee\u60f3\u30de\u30b7\u30f3\u306e\u8a2d\u5b9a\u753b\u9762\u306a\u3069\u304b\u3089\u30cf\u30fc\u30c9\u30c7\u30a3\u30b9\u30af\u3092\u8ffd\u52a0\u3002\nreboot\u3059\u308b\u3068\u65b0\u3057\u3044\u30c7\u30d0\u30a4\u30b9\u304c\u8a8d\u8b58\u3055\u308c\u3066\u3044\u308b\u3002\n# fdisk -l\n\nDisk /dev/sdb: xxxx.0 GB, xxxxxxxxxxxxx bytes\nxxx heads, xx sectors/track, xxxxxx cylinders\nUnits = \u30b7\u30ea\u30f3\u30c0\u6570 of xxxxx * xxx = xxxxxxx bytes\n\n\u30c7\u30a3\u30b9\u30af /dev/sdb \u306f\u6b63\u5e38\u306a\u9818\u57df\u30c6\u30fc\u30d6\u30eb\u3092\u542b\u3093\u3067\u3044\u307e\u305b\u3093\n\n\uff5e\u7565\uff5e\n\n\u30c7\u30a3\u30b9\u30af /dev/sdc \u306f\u6b63\u5e38\u306a\u9818\u57df\u30c6\u30fc\u30d6\u30eb\u3092\u542b\u3093\u3067\u3044\u307e\u305b\u3093\n\n\n\u8ffd\u52a0\u3057\u305f\u30c7\u30d0\u30a4\u30b9\u3092\u30d1\u30fc\u30c6\u30a3\u30b7\u30e7\u30f3\u306b\u767b\u9332 (/dev/sdb, /dev/sdc \u305d\u308c\u305e\u308c)\n\n\np \u533a\u753b\u30c6\u30fc\u30d6\u30eb\u306e\u8868\u793a(\u4f55\u3082\u8ffd\u52a0\u3055\u308c\u3066\u3044\u306a\u3044\u3053\u3068\u306e\u78ba\u8a8d\uff09\nn \u65b0\u3057\u3044\u533a\u753b\u3092\u4f5c\u6210\nt \u533a\u753b\u306e\u30b7\u30b9\u30c6\u30e0ID\u3092\u5909\u66f4(LVM\u3068\u3057\u3066\u4f7f\u7528\u3059\u308b\u306e\u3067 8e \u306b\u3059\u308b)\nw \u30c6\u30fc\u30d6\u30eb\u3092\u66f8\u304d\u8fbc\u3093\u3067\u7d42\u4e86\np \u533a\u753b\u30c6\u30fc\u30d6\u30eb\u306e\u8868\u793a(\u30d1\u30fc\u30c6\u30a3\u30b7\u30e7\u30f3\u304c\u8ffd\u52a0\u3055\u308c\u305f\u3053\u3068\u306e\u78ba\u8a8d\uff09\n\n# fdisk /dev/sdb\n\u30b3\u30de\u30f3\u30c9 (m \u3067\u30d8\u30eb\u30d7): p\nDisk /dev/sdb: xxxx.0 GB, xxxxxxxxxxxxx bytes\nxxx heads, xx sectors/track, xxxxxx cylinders\nUnits = \u30b7\u30ea\u30f3\u30c0\u6570 of xxxxx * xxx = xxxxxxx bytes\n\n\u30c7\u30d0\u30a4\u30b9 Boot      Start         End      Blocks   Id  System\n\n\u30b3\u30de\u30f3\u30c9 (m \u3067\u30d8\u30eb\u30d7): n\n\u30b3\u30de\u30f3\u30c9\u30a2\u30af\u30b7\u30e7\u30f3\n   e   \u62e1\u5f35\n   p   \u57fa\u672c\u9818\u57df (1-4)\np\n\u9818\u57df\u756a\u53f7 (1-4): 1\n\u6700\u521d \u30b7\u30ea\u30f3\u30c0 (1-xxxxxx, default 1): (Enter)\n\u7d42\u70b9 \u30b7\u30ea\u30f3\u30c0 \u307e\u305f\u306f +\u30b5\u30a4\u30ba \u307e\u305f\u306f +\u30b5\u30a4\u30baM \u307e\u305f\u306f +\u30b5\u30a4\u30baK (1-xxxxxx, default xxxxxx): (Enter)\n\n\u30b3\u30de\u30f3\u30c9 (m \u3067\u30d8\u30eb\u30d7): t\nSelected partition 1\n16\u9032\u6570\u30b3\u30fc\u30c9 (L \u30b3\u30de\u30f3\u30c9\u3067\u30b3\u30fc\u30c9\u30ea\u30b9\u30c8\u8868\u793a): 8e\n\u9818\u57df\u306e\u30b7\u30b9\u30c6\u30e0\u30bf\u30a4\u30d7\u3092 1 \u304b\u3089 8e (Linux LVM) \u306b\u5909\u66f4\u3057\u307e\u3057\u305f\n\n\u30b3\u30de\u30f3\u30c9 (m \u3067\u30d8\u30eb\u30d7): w\n\u9818\u57df\u30c6\u30fc\u30d6\u30eb\u306f\u4ea4\u63db\u3055\u308c\u307e\u3057\u305f\uff01\n\nioctl() \u3092\u547c\u3073\u51fa\u3057\u3066\u9818\u57df\u30c6\u30fc\u30d6\u30eb\u3092\u518d\u8aad\u8fbc\u307f\u3057\u307e\u3059\u3002\n\u30c7\u30a3\u30b9\u30af\u3092\u540c\u671f\u3055\u305b\u307e\u3059\u3002\n# fdisk /dev/sdb\n\u30b3\u30de\u30f3\u30c9 (m \u3067\u30d8\u30eb\u30d7): p\n\nDisk /dev/sdb: xxxx.0 GB, xxxxxxxxxxxxx bytes\nxxx heads, xx sectors/track, xxxxxx cylinders\nUnits = \u30b7\u30ea\u30f3\u30c0\u6570 of xxxxx * xxx = xxxxxxx bytes\n\n\u30c7\u30d0\u30a4\u30b9 Boot      Start         End      Blocks   Id  System\n/dev/sdb1               1      xxxxxx  xxxxxxxxxx   8e  Linux LVM\n\n\nPV(Physical Volume\u3001\u7269\u7406\u30dc\u30ea\u30e5\u30fc\u30e0)\u3092\u4f5c\u6210\n\n# pvcreate /dev/sdb1\n  Physical volume \"/dev/sdb1\" successfully created\n# pvcreate /dev/sdc1\n  Physical volume \"/dev/sdc1\" successfully created\n# pvdisplay\n  --- Physical volume ---\n  PV Name               /dev/sdb1\n  VG Name               VgData01\n  PV Size               x.xx GB / not usable x.xx MB\n  Allocatable           yes (but full)\n  PE Size (KByte)       xxxx\n  Total PE              xxxxxx\n  Free PE               0\n  Allocated PE          xxxxxx\n  PV UUID               xxxxxx-xxxx-xxxx-xxxx-xxxx-xxxx-xxxxxx\n\n  --- Physical volume ---\n  PV Name               /dev/sdc1\n  VG Name               VgData01\n  PV Size               x.xx GB / not usable x.xx MB\n  Allocatable           yes (but full)\n  PE Size (KByte)       xxxx\n  Total PE              xxxxxx\n  Free PE               0\n  Allocated PE          xxxxxx\n  PV UUID               xxxxxx-xxxx-xxxx-xxxx-xxxx-xxxx-xxxxxx\n\n\nVG(Volume Group\u3001\u30dc\u30ea\u30e5\u30fc\u30e0\u30b0\u30eb\u30fc\u30d7)\u3092\u4f5c\u6210\n\n# vgcreate VgData01 /dev/sdb1 /dev/sdc1\n  Volume group \"VgData01\" successfully created\n# vgdisplay\n  --- Volume group ---\n  VG Name               VgData01\n  System ID\n  Format                lvm2\n  Metadata Areas        2\n  Metadata Sequence No  3\n  VG Access             read/write\n  VG Status             resizable\n  MAX LV                0\n  Cur LV                1\n  Open LV               1\n  Max PV                0\n  Cur PV                2\n  Act PV                2\n  VG Size               x.xx TB\n  PE Size               x.00 MB\n  Total PE              xxxxxx\n  Alloc PE / Size       xxxxxx / x.xx TB\n  Free  PE / Size       0 / 0\n  VG UUID               xxxxxx-xxxx-xxxx-xxxx-xxxx-xxxx-xxxxxx\n\n\nLV(Logical Volume\u3001\u8ad6\u7406\u30dc\u30ea\u30e5\u30fc\u30e0)\u4f5c\u6210\n\n100%FREE\u3092\u6307\u5b9a\u3059\u308b\u3053\u3068\u3067\u3001\u5168VG\u3092LV\u306b\u3042\u3066\u308b\u3053\u3068\u304c\u3067\u304d\u308b\u3002\n# lvcreate -n LvData01 -l 100%FREE VgData01\n  Logical volume \"LvData01\" created\n# lvdisplay\n  --- Logical volume ---\n  LV Name                /dev/VgData01/LvData01\n  VG Name                VgData01\n  LV UUID                xxxxxx-xxxx-xxxx-xxxx-xxxx-xxxx-xxxxxx\n  LV Write Access        read/write\n  LV Status              available\n  # open                 1\n  LV Size                x.xx TB\n  Current LE             xxxxxx\n  Segments               2\n  Allocation             inherit\n  Read ahead sectors     auto\n  - currently set to     256\n  Block device           253:0\n\n\n\u30d5\u30a1\u30a4\u30eb\u30b7\u30b9\u30c6\u30e0\u69cb\u7bc9\n\nOS\u304c\u53e4\u304b\u3063\u305f\u306e\u3067\u4eca\u56de\u306fext3\u30d5\u30a9\u30fc\u30de\u30c3\u30c8\u3060\u3063\u305f\n# mkfs.ext3 /dev/VgData01/LvData01\nmke2fs 1.39 (29-May-2006)\nFilesystem label=\nOS type: Linux\nBlock size=4096 (log=2)\nFragment size=4096 (log=2)\nxxxxxxxx inodes, xxxxxxxx blocks\nxxxxxxxx blocks (5.00%) reserved for the super user\nFirst data block=0\nMaximum filesystem blocks=xxxxxxxx\nxxxxx block groups\nxxxxx blocks per group, xxxxx fragments per group\nxxxxx inodes per group\nSuperblock backups stored on blocks:\n        32768, 98304, 163840, 229376, 294912, 819200, 884736, 1605632, 2654208,\n        4096000, 7962624, 11239424, 20480000, 23887872, 71663616, 78675968,\n        102400000, 214990848, 512000000, 550731776, 644972544\n\nWriting inode tables: done\nCreating journal (xxxxx blocks): done\nWriting superblocks and filesystem accounting information: done\n\n\n\u30de\u30a6\u30f3\u30c8\n\n# mount -t ext3 /dev/VgData01/LvData01 /lvmdata\n\n\nreboot\u6642\u306b\u30de\u30a6\u30f3\u30c8\u3055\u308c\u308b\u3088\u3046\u8a2d\u5b9a\n\nLABEL\u3092\u4f7f\u3063\u305f\u3051\u308c\u3069\u3001UUID\u3092\u4f7f\u3063\u305f\u307b\u3046\u304c\u3044\u3044\u307f\u305f\u3044(\u00b4\u30fb\u03c9\u30fb\uff40)\n\u300cLABEL\u306f\u5c0f\u5b66\u751f\u307e\u3067\u300d\n# e2label /dev/VgData01/LvData01 /lvmdata\n# vi /etc/fstab\n---\nLABEL=/lvmdata            /lvmdata ext3    defaults 1 2\n---\n\n\u3053\u3093\u306a\u304b\u3093\u3058\u3067\u3067\u3063\u304b\u3044\u30c7\u30a3\u30b9\u30af\u3092\u8ffd\u52a0\u3067\u304d\u307e\u3057\u305f(\u30fb\u2200\u30fb)\n\u6b21\u306b\u540c\u3058\u4e8b\u3092\u3059\u308b\u3053\u3068\u306b\u306a\u3063\u305f\u6642\u306b\u306f\u3082\u3046\u60a9\u307f\u305f\u304f\u306a\u3044\u3002\nLVM\uff08logical volume manager\uff09 \uff1a \nLinux\u3092\u306f\u3058\u3081\u3068\u3059\u308bUnix\u7cfbOS\u304c\u6301\u3064\u30c7\u30a3\u30b9\u30af\u7ba1\u7406\u6a5f\u80fd\u3002\u8907\u6570\u306e\u30cf\u30fc\u30c9\u30fb\u30c7\u30a3\u30b9\u30af\u3001\u30d1\u30fc\u30c6\u30a3\u30b7\u30e7\u30f3\u306b\u307e\u305f\u304c\u3063\u305f\u8a18\u61b6\u9818\u57df\u3092\u4e00\u3064\u306e\u8ad6\u7406\u7684\u306a\u30c7\u30a3\u30b9\u30af\u3068\u3057\u3066\u6271\u3046\u3053\u3068\u304c\u3067\u304d\u308b\u3002\n\u4eee\u60f3\u30de\u30b7\u30f3\u306b\u8ffd\u52a0\u3057\u305f\u8907\u6570\u9818\u57df\u3092LVM\u30671\u3064\u306e\u30c7\u30a3\u30b9\u30af\u306b\u3057\u3001\u81ea\u52d5mount\u3055\u305b\u308b\u307e\u3067\u3002\n\u4eca\u56de\u5927\u5bb9\u91cf\u9818\u57df\u304c\u5fc5\u8981\u3060\u3063\u305f\u306e\u3067\u3001\u6700\u5927\u5024\u3067\u78ba\u4fdd\u3057\u305f\u30cf\u30fc\u30c9\u30c7\u30a3\u30b9\u30af\u9818\u57df2\u3064\u3092LVM\u3067\u4e00\u3064\u306e\u30c7\u30a3\u30b9\u30af\u306b\u3059\u308b\u5fc5\u8981\u304c\u3042\u308a\u307e\u3057\u305f\u3002\u4f5c\u696d\u6642\u306e\u624b\u9806\u30e1\u30e2\u3002\n\n## \u4f5c\u696d\u624b\u9806\n\n1. \u4eee\u60f3\u30de\u30b7\u30f3\u306e\u8a2d\u5b9a\u3067\u30cf\u30fc\u30c9\u30c7\u30a3\u30b9\u30af\u9818\u57df\u3092\u8ffd\u52a0(sdb, sdc)\n2. \u8ffd\u52a0\u3057\u305f\u30c7\u30d0\u30a4\u30b9\u3092\u30d1\u30fc\u30c6\u30a3\u30b7\u30e7\u30f3\u306b\u767b\u9332\n3. PV(Physical Volume\u3001\u7269\u7406\u30dc\u30ea\u30e5\u30fc\u30e0)\u3092\u4f5c\u6210\n4. VG(Volume Group\u3001\u30dc\u30ea\u30e5\u30fc\u30e0\u30b0\u30eb\u30fc\u30d7)\u3092\u4f5c\u6210\n5. LV(Logical Volume\u3001\u8ad6\u7406\u30dc\u30ea\u30e5\u30fc\u30e0)\u4f5c\u6210\n6. \u30d5\u30a1\u30a4\u30eb\u30b7\u30b9\u30c6\u30e0\u69cb\u7bc9\n7. \u30de\u30a6\u30f3\u30c8\n8. reboot\u6642\u306b\u30de\u30a6\u30f3\u30c8\u3055\u308c\u308b\u3088\u3046\u306b\u8a2d\u5b9a\n\n## \u624b\u9806\u8a73\u7d30\n\n+ \u4eee\u60f3\u30de\u30b7\u30f3\u306e\u8a2d\u5b9a\u3067\u30cf\u30fc\u30c9\u30c7\u30a3\u30b9\u30af\u9818\u57df\u3092\u8ffd\u52a0(sdb, sdc)\n\n\u4eee\u60f3\u30de\u30b7\u30f3\u306e\u8a2d\u5b9a\u753b\u9762\u306a\u3069\u304b\u3089\u30cf\u30fc\u30c9\u30c7\u30a3\u30b9\u30af\u3092\u8ffd\u52a0\u3002\nreboot\u3059\u308b\u3068\u65b0\u3057\u3044\u30c7\u30d0\u30a4\u30b9\u304c\u8a8d\u8b58\u3055\u308c\u3066\u3044\u308b\u3002\n\n```\n# fdisk -l\n\nDisk /dev/sdb: xxxx.0 GB, xxxxxxxxxxxxx bytes\nxxx heads, xx sectors/track, xxxxxx cylinders\nUnits = \u30b7\u30ea\u30f3\u30c0\u6570 of xxxxx * xxx = xxxxxxx bytes\n\n\u30c7\u30a3\u30b9\u30af /dev/sdb \u306f\u6b63\u5e38\u306a\u9818\u57df\u30c6\u30fc\u30d6\u30eb\u3092\u542b\u3093\u3067\u3044\u307e\u305b\u3093\n\n\uff5e\u7565\uff5e\n\n\u30c7\u30a3\u30b9\u30af /dev/sdc \u306f\u6b63\u5e38\u306a\u9818\u57df\u30c6\u30fc\u30d6\u30eb\u3092\u542b\u3093\u3067\u3044\u307e\u305b\u3093\n```\n\n+ \u8ffd\u52a0\u3057\u305f\u30c7\u30d0\u30a4\u30b9\u3092\u30d1\u30fc\u30c6\u30a3\u30b7\u30e7\u30f3\u306b\u767b\u9332 (/dev/sdb, /dev/sdc \u305d\u308c\u305e\u308c)\n\n1. p \u533a\u753b\u30c6\u30fc\u30d6\u30eb\u306e\u8868\u793a(\u4f55\u3082\u8ffd\u52a0\u3055\u308c\u3066\u3044\u306a\u3044\u3053\u3068\u306e\u78ba\u8a8d\uff09\n2. n \u65b0\u3057\u3044\u533a\u753b\u3092\u4f5c\u6210\n3. t \u533a\u753b\u306e\u30b7\u30b9\u30c6\u30e0ID\u3092\u5909\u66f4(LVM\u3068\u3057\u3066\u4f7f\u7528\u3059\u308b\u306e\u3067 8e \u306b\u3059\u308b)\n4. w \u30c6\u30fc\u30d6\u30eb\u3092\u66f8\u304d\u8fbc\u3093\u3067\u7d42\u4e86\n5. p \u533a\u753b\u30c6\u30fc\u30d6\u30eb\u306e\u8868\u793a(\u30d1\u30fc\u30c6\u30a3\u30b7\u30e7\u30f3\u304c\u8ffd\u52a0\u3055\u308c\u305f\u3053\u3068\u306e\u78ba\u8a8d\uff09\n\n```\n# fdisk /dev/sdb\n\u30b3\u30de\u30f3\u30c9 (m \u3067\u30d8\u30eb\u30d7): p\nDisk /dev/sdb: xxxx.0 GB, xxxxxxxxxxxxx bytes\nxxx heads, xx sectors/track, xxxxxx cylinders\nUnits = \u30b7\u30ea\u30f3\u30c0\u6570 of xxxxx * xxx = xxxxxxx bytes\n\n\u30c7\u30d0\u30a4\u30b9 Boot      Start         End      Blocks   Id  System\n\n\u30b3\u30de\u30f3\u30c9 (m \u3067\u30d8\u30eb\u30d7): n\n\u30b3\u30de\u30f3\u30c9\u30a2\u30af\u30b7\u30e7\u30f3\n   e   \u62e1\u5f35\n   p   \u57fa\u672c\u9818\u57df (1-4)\np\n\u9818\u57df\u756a\u53f7 (1-4): 1\n\u6700\u521d \u30b7\u30ea\u30f3\u30c0 (1-xxxxxx, default 1): (Enter)\n\u7d42\u70b9 \u30b7\u30ea\u30f3\u30c0 \u307e\u305f\u306f +\u30b5\u30a4\u30ba \u307e\u305f\u306f +\u30b5\u30a4\u30baM \u307e\u305f\u306f +\u30b5\u30a4\u30baK (1-xxxxxx, default xxxxxx): (Enter)\n\n\u30b3\u30de\u30f3\u30c9 (m \u3067\u30d8\u30eb\u30d7): t\nSelected partition 1\n16\u9032\u6570\u30b3\u30fc\u30c9 (L \u30b3\u30de\u30f3\u30c9\u3067\u30b3\u30fc\u30c9\u30ea\u30b9\u30c8\u8868\u793a): 8e\n\u9818\u57df\u306e\u30b7\u30b9\u30c6\u30e0\u30bf\u30a4\u30d7\u3092 1 \u304b\u3089 8e (Linux LVM) \u306b\u5909\u66f4\u3057\u307e\u3057\u305f\n\n\u30b3\u30de\u30f3\u30c9 (m \u3067\u30d8\u30eb\u30d7): w\n\u9818\u57df\u30c6\u30fc\u30d6\u30eb\u306f\u4ea4\u63db\u3055\u308c\u307e\u3057\u305f\uff01\n\nioctl() \u3092\u547c\u3073\u51fa\u3057\u3066\u9818\u57df\u30c6\u30fc\u30d6\u30eb\u3092\u518d\u8aad\u8fbc\u307f\u3057\u307e\u3059\u3002\n\u30c7\u30a3\u30b9\u30af\u3092\u540c\u671f\u3055\u305b\u307e\u3059\u3002\n# fdisk /dev/sdb\n\u30b3\u30de\u30f3\u30c9 (m \u3067\u30d8\u30eb\u30d7): p\n\nDisk /dev/sdb: xxxx.0 GB, xxxxxxxxxxxxx bytes\nxxx heads, xx sectors/track, xxxxxx cylinders\nUnits = \u30b7\u30ea\u30f3\u30c0\u6570 of xxxxx * xxx = xxxxxxx bytes\n\n\u30c7\u30d0\u30a4\u30b9 Boot      Start         End      Blocks   Id  System\n/dev/sdb1               1      xxxxxx  xxxxxxxxxx   8e  Linux LVM\n```\n\n+ PV(Physical Volume\u3001\u7269\u7406\u30dc\u30ea\u30e5\u30fc\u30e0)\u3092\u4f5c\u6210\n\n```\n# pvcreate /dev/sdb1\n  Physical volume \"/dev/sdb1\" successfully created\n# pvcreate /dev/sdc1\n  Physical volume \"/dev/sdc1\" successfully created\n# pvdisplay\n  --- Physical volume ---\n  PV Name               /dev/sdb1\n  VG Name               VgData01\n  PV Size               x.xx GB / not usable x.xx MB\n  Allocatable           yes (but full)\n  PE Size (KByte)       xxxx\n  Total PE              xxxxxx\n  Free PE               0\n  Allocated PE          xxxxxx\n  PV UUID               xxxxxx-xxxx-xxxx-xxxx-xxxx-xxxx-xxxxxx\n\n  --- Physical volume ---\n  PV Name               /dev/sdc1\n  VG Name               VgData01\n  PV Size               x.xx GB / not usable x.xx MB\n  Allocatable           yes (but full)\n  PE Size (KByte)       xxxx\n  Total PE              xxxxxx\n  Free PE               0\n  Allocated PE          xxxxxx\n  PV UUID               xxxxxx-xxxx-xxxx-xxxx-xxxx-xxxx-xxxxxx\n```\n\n+ VG(Volume Group\u3001\u30dc\u30ea\u30e5\u30fc\u30e0\u30b0\u30eb\u30fc\u30d7)\u3092\u4f5c\u6210\n\n```\n# vgcreate VgData01 /dev/sdb1 /dev/sdc1\n  Volume group \"VgData01\" successfully created\n# vgdisplay\n  --- Volume group ---\n  VG Name               VgData01\n  System ID\n  Format                lvm2\n  Metadata Areas        2\n  Metadata Sequence No  3\n  VG Access             read/write\n  VG Status             resizable\n  MAX LV                0\n  Cur LV                1\n  Open LV               1\n  Max PV                0\n  Cur PV                2\n  Act PV                2\n  VG Size               x.xx TB\n  PE Size               x.00 MB\n  Total PE              xxxxxx\n  Alloc PE / Size       xxxxxx / x.xx TB\n  Free  PE / Size       0 / 0\n  VG UUID               xxxxxx-xxxx-xxxx-xxxx-xxxx-xxxx-xxxxxx\n```\n\n+ LV(Logical Volume\u3001\u8ad6\u7406\u30dc\u30ea\u30e5\u30fc\u30e0)\u4f5c\u6210\n\n100%FREE\u3092\u6307\u5b9a\u3059\u308b\u3053\u3068\u3067\u3001\u5168VG\u3092LV\u306b\u3042\u3066\u308b\u3053\u3068\u304c\u3067\u304d\u308b\u3002\n\n```\n# lvcreate -n LvData01 -l 100%FREE VgData01\n  Logical volume \"LvData01\" created\n# lvdisplay\n  --- Logical volume ---\n  LV Name                /dev/VgData01/LvData01\n  VG Name                VgData01\n  LV UUID                xxxxxx-xxxx-xxxx-xxxx-xxxx-xxxx-xxxxxx\n  LV Write Access        read/write\n  LV Status              available\n  # open                 1\n  LV Size                x.xx TB\n  Current LE             xxxxxx\n  Segments               2\n  Allocation             inherit\n  Read ahead sectors     auto\n  - currently set to     256\n  Block device           253:0\n```\n\n+ \u30d5\u30a1\u30a4\u30eb\u30b7\u30b9\u30c6\u30e0\u69cb\u7bc9\n\nOS\u304c\u53e4\u304b\u3063\u305f\u306e\u3067\u4eca\u56de\u306fext3\u30d5\u30a9\u30fc\u30de\u30c3\u30c8\u3060\u3063\u305f\n\n```\n# mkfs.ext3 /dev/VgData01/LvData01\nmke2fs 1.39 (29-May-2006)\nFilesystem label=\nOS type: Linux\nBlock size=4096 (log=2)\nFragment size=4096 (log=2)\nxxxxxxxx inodes, xxxxxxxx blocks\nxxxxxxxx blocks (5.00%) reserved for the super user\nFirst data block=0\nMaximum filesystem blocks=xxxxxxxx\nxxxxx block groups\nxxxxx blocks per group, xxxxx fragments per group\nxxxxx inodes per group\nSuperblock backups stored on blocks:\n        32768, 98304, 163840, 229376, 294912, 819200, 884736, 1605632, 2654208,\n        4096000, 7962624, 11239424, 20480000, 23887872, 71663616, 78675968,\n        102400000, 214990848, 512000000, 550731776, 644972544\n\nWriting inode tables: done\nCreating journal (xxxxx blocks): done\nWriting superblocks and filesystem accounting information: done\n```\n\n+ \u30de\u30a6\u30f3\u30c8\n\n```\n# mount -t ext3 /dev/VgData01/LvData01 /lvmdata\n```\n\n+ reboot\u6642\u306b\u30de\u30a6\u30f3\u30c8\u3055\u308c\u308b\u3088\u3046\u8a2d\u5b9a\n\nLABEL\u3092\u4f7f\u3063\u305f\u3051\u308c\u3069\u3001UUID\u3092\u4f7f\u3063\u305f\u307b\u3046\u304c\u3044\u3044\u307f\u305f\u3044(\u00b4\u30fb\u03c9\u30fb\uff40)\n\u300cLABEL\u306f\u5c0f\u5b66\u751f\u307e\u3067\u300d\n\n```\n# e2label /dev/VgData01/LvData01 /lvmdata\n# vi /etc/fstab\n---\nLABEL=/lvmdata            /lvmdata ext3    defaults 1 2\n---\n```\n\n\u3053\u3093\u306a\u304b\u3093\u3058\u3067\u3067\u3063\u304b\u3044\u30c7\u30a3\u30b9\u30af\u3092\u8ffd\u52a0\u3067\u304d\u307e\u3057\u305f(\u30fb\u2200\u30fb)\n\u6b21\u306b\u540c\u3058\u4e8b\u3092\u3059\u308b\u3053\u3068\u306b\u306a\u3063\u305f\u6642\u306b\u306f\u3082\u3046\u60a9\u307f\u305f\u304f\u306a\u3044\u3002\n\n**LVM\uff08logical volume manager\uff09** \uff1a \nLinux\u3092\u306f\u3058\u3081\u3068\u3059\u308bUnix\u7cfbOS\u304c\u6301\u3064\u30c7\u30a3\u30b9\u30af\u7ba1\u7406\u6a5f\u80fd\u3002\u8907\u6570\u306e\u30cf\u30fc\u30c9\u30fb\u30c7\u30a3\u30b9\u30af\u3001\u30d1\u30fc\u30c6\u30a3\u30b7\u30e7\u30f3\u306b\u307e\u305f\u304c\u3063\u305f\u8a18\u61b6\u9818\u57df\u3092\u4e00\u3064\u306e\u8ad6\u7406\u7684\u306a\u30c7\u30a3\u30b9\u30af\u3068\u3057\u3066\u6271\u3046\u3053\u3068\u304c\u3067\u304d\u308b\u3002", "tags": ["Linux", "UNIX"]}