{"context": " More than 1 year has passed since last update.\n\nUSB\u30e1\u30e2\u30ea\u3092\u63a5\u7d9a\u3059\u308b\nUSB\u30e1\u30e2\u30ea\u3092raspberry pi \u306b\u3064\u306a\u304e\u518d\u8d77\u52d5\u3002\n$ sudo fdisk -l\n\nDisk /dev/sda: 16.2 GB, 16231956480 bytes\n64 heads, 32 sectors/track, 15480 cylinders, total 31703040 sectors\nUnits = sectors of 1 * 512 = 512 bytes\nSector size (logical/physical): 512 bytes / 512 bytes\nI/O size (minimum/optimal): 512 bytes / 512 bytes\nDisk identifier: 0x00000000\n\n   Device Boot      Start         End      Blocks   Id  System\n\n\u3067\u30c7\u30a3\u30b9\u30af\u304c\u8a8d\u8b58\u3055\u308c\u3066\u3044\u308b\u304b\u3092\u78ba\u8a8d\u3002\nDisk /dev/sda \u3067\u8a8d\u8b58\u3055\u308c\u308b\u306f\u305a\u3002\n\nUSB\u30e1\u30e2\u30ea\u3092\u30d5\u30a9\u30fc\u30de\u30c3\u30c8\u3059\u308b\n$ sudo fdisk /dev/sda\n\nCommand (m for help):n\nPartition type:\n   p   primary (0 primary, 0 extended, 4 free)\n   e   extended\nSelect (default p):\nUsing default response p\nPartition number (1-4, default 1):\nUsing default value 1\nFirst sector (2048-31703039, default 2048):\nUsing default value 2048\nLast sector, +sectors or +size{K,M,G} (2048-31703039, default 31703039):\nUsing default value 31703039\n\nCommand (m for help): w\nThe partition table has been altered!\n\nCalling ioctl() to re-read partition table.\nSyncing disks.\n\n\u30d1\u30fc\u30c6\u30a3\u30b7\u30e7\u30f3\u3092\u4f5c\u6210\u3002\n$ sudo fdisk /dev/sda\nCommand (m for help): p\n\nDisk /dev/sda: 16.2 GB, 16231956480 bytes\n64 heads, 32 sectors/track, 15480 cylinders, total 31703040 sectors\nUnits = sectors of 1 * 512 = 512 bytes\nSector size (logical/physical): 512 bytes / 512 bytes\nI/O size (minimum/optimal): 512 bytes / 512 bytes\nDisk identifier: 0x00000000\n\n   Device Boot      Start         End      Blocks   Id  System\n/dev/sda1            2048    31703039    15850496   83  Linux\n\n\u78ba\u8a8d\u3059\u308b\u3068Linux\u306e\u30d1\u30fc\u30c6\u30a3\u30b7\u30e7\u30f3\u304c\u4f5c\u6210\u3055\u308c\u3066\u3044\u308b\u3002\n$ sudo mkfs.ext4 /dev/sda1\nmke2fs 1.42.5 (29-Jul-2012)\nFilesystem label=\nOS type: Linux\nBlock size=4096 (log=2)\nFragment size=4096 (log=2)\nStride=0 blocks, Stripe width=0 blocks\n991232 inodes, 3962624 blocks\n198131 blocks (5.00%) reserved for the super user\nFirst data block=0\nMaximum filesystem blocks=4060086272\n121 block groups\n32768 blocks per group, 32768 fragments per group\n8192 inodes per group\nSuperblock backups stored on blocks:\n        32768, 98304, 163840, 229376, 294912, 819200, 884736, 1605632, 2654208\n\nAllocating group tables: done\nWriting inode tables: done\nCreating journal (32768 blocks): done\nWriting superblocks and filesystem accounting information: done\n\n\u30d1\u30fc\u30c6\u30a3\u30b7\u30e7\u30f3\u3092\u30d5\u30a9\u30fc\u30de\u30c3\u30c8\u3059\u308b\u3002\n\nUSB\u30e1\u30e2\u30ea\u3092\u8d77\u52d5\u6642\u306b\u30de\u30a6\u30f3\u30c8\u3059\u308b\n$ sudo blkid /dev/sda1\n/dev/sda1: UUID=\"XXXXXXXXXXXXXXXXXXXXXXXXXXXXX\" TYPE=\"ext4\"\n\nUUID\u3092\u78ba\u8a8d\u3059\u308b\u3002\n$ sudo mkdir /mnt/usb1\n\n\u30de\u30a6\u30f3\u30c8\u7528\u30c7\u30a3\u30ec\u30af\u30c8\u30ea\u3092\u4f5c\u6210\u3059\u308b\u3002\n$ sudo vi /etc/fstab\nproc            /proc           proc    defaults          0       0\n/dev/mmcblk0p1  /boot           vfat    defaults          0       2\n/dev/mmcblk0p2  /               ext4    defaults,noatime  0       1\n# a swapfile is not a swap partition, so no using swapon|off from here on, use  dphys-swapfile swap[on|off]  for that\n\n\u8d77\u52d5\u6642\u306e\u30de\u30a6\u30f3\u30c8\u8a2d\u5b9a\u30d5\u30a1\u30a4\u30eb\u3092\u78ba\u8a8d\u3002\n$ sudo vi /etc/fstab\n/proc           proc    defaults          0       0\n/dev/mmcblk0p1  /boot           vfat    defaults          0       2\n/dev/mmcblk0p2  /               ext4    defaults,noatime  0       1\nUUID=\"xxxxxxxxxxxxxxxxxxxxxxxxxx\" /mnt/usb1 ext4      defaults        0       2\n# a swapfile is not a swap partition, so no using swapon|off from here on, use  dphys-swapfile swap[on|off]  for that\n\n\u8abf\u3079\u305fUUID\u3068\u5148\u307b\u3069\u4f5c\u6210\u3057\u305f\u30de\u30a6\u30f3\u30c8\u30c7\u30a3\u30ec\u30af\u30c8\u30ea\u3092\u5143\u306b\u30de\u30a6\u30f3\u30c8\u8a2d\u5b9a\u3092\u8ffd\u52a0\u3002\n$ sudo reboot\n\n\u518d\u8d77\u52d5\u3057\u3066\u30de\u30a6\u30f3\u30c8\u30dd\u30a4\u30f3\u30c8\u306b\u30a2\u30af\u30bb\u30b9\u3067\u304d\u308b\u304b\u3092\u78ba\u8a8d\u3059\u308b\u3002\n##USB\u30e1\u30e2\u30ea\u3092\u63a5\u7d9a\u3059\u308b\nUSB\u30e1\u30e2\u30ea\u3092raspberry pi \u306b\u3064\u306a\u304e\u518d\u8d77\u52d5\u3002\n\n```\n$ sudo fdisk -l\n\nDisk /dev/sda: 16.2 GB, 16231956480 bytes\n64 heads, 32 sectors/track, 15480 cylinders, total 31703040 sectors\nUnits = sectors of 1 * 512 = 512 bytes\nSector size (logical/physical): 512 bytes / 512 bytes\nI/O size (minimum/optimal): 512 bytes / 512 bytes\nDisk identifier: 0x00000000\n\n   Device Boot      Start         End      Blocks   Id  System\n```\n\u3067\u30c7\u30a3\u30b9\u30af\u304c\u8a8d\u8b58\u3055\u308c\u3066\u3044\u308b\u304b\u3092\u78ba\u8a8d\u3002\nDisk /dev/sda \u3067\u8a8d\u8b58\u3055\u308c\u308b\u306f\u305a\u3002\n\n##USB\u30e1\u30e2\u30ea\u3092\u30d5\u30a9\u30fc\u30de\u30c3\u30c8\u3059\u308b\n\n```\n$ sudo fdisk /dev/sda\n\nCommand (m for help):n\nPartition type:\n   p   primary (0 primary, 0 extended, 4 free)\n   e   extended\nSelect (default p):\nUsing default response p\nPartition number (1-4, default 1):\nUsing default value 1\nFirst sector (2048-31703039, default 2048):\nUsing default value 2048\nLast sector, +sectors or +size{K,M,G} (2048-31703039, default 31703039):\nUsing default value 31703039\n\nCommand (m for help): w\nThe partition table has been altered!\n\nCalling ioctl() to re-read partition table.\nSyncing disks.\n```\n\u30d1\u30fc\u30c6\u30a3\u30b7\u30e7\u30f3\u3092\u4f5c\u6210\u3002\n\n```\n$ sudo fdisk /dev/sda\nCommand (m for help): p\n\nDisk /dev/sda: 16.2 GB, 16231956480 bytes\n64 heads, 32 sectors/track, 15480 cylinders, total 31703040 sectors\nUnits = sectors of 1 * 512 = 512 bytes\nSector size (logical/physical): 512 bytes / 512 bytes\nI/O size (minimum/optimal): 512 bytes / 512 bytes\nDisk identifier: 0x00000000\n\n   Device Boot      Start         End      Blocks   Id  System\n/dev/sda1            2048    31703039    15850496   83  Linux\n```\n\u78ba\u8a8d\u3059\u308b\u3068Linux\u306e\u30d1\u30fc\u30c6\u30a3\u30b7\u30e7\u30f3\u304c\u4f5c\u6210\u3055\u308c\u3066\u3044\u308b\u3002\n\n```\n$ sudo mkfs.ext4 /dev/sda1\nmke2fs 1.42.5 (29-Jul-2012)\nFilesystem label=\nOS type: Linux\nBlock size=4096 (log=2)\nFragment size=4096 (log=2)\nStride=0 blocks, Stripe width=0 blocks\n991232 inodes, 3962624 blocks\n198131 blocks (5.00%) reserved for the super user\nFirst data block=0\nMaximum filesystem blocks=4060086272\n121 block groups\n32768 blocks per group, 32768 fragments per group\n8192 inodes per group\nSuperblock backups stored on blocks:\n        32768, 98304, 163840, 229376, 294912, 819200, 884736, 1605632, 2654208\n\nAllocating group tables: done\nWriting inode tables: done\nCreating journal (32768 blocks): done\nWriting superblocks and filesystem accounting information: done\n```\n\u30d1\u30fc\u30c6\u30a3\u30b7\u30e7\u30f3\u3092\u30d5\u30a9\u30fc\u30de\u30c3\u30c8\u3059\u308b\u3002\n\n##USB\u30e1\u30e2\u30ea\u3092\u8d77\u52d5\u6642\u306b\u30de\u30a6\u30f3\u30c8\u3059\u308b\n```\n$ sudo blkid /dev/sda1\n/dev/sda1: UUID=\"XXXXXXXXXXXXXXXXXXXXXXXXXXXXX\" TYPE=\"ext4\"\n```\n\nUUID\u3092\u78ba\u8a8d\u3059\u308b\u3002\n\n```\n$ sudo mkdir /mnt/usb1\n```\n\n\u30de\u30a6\u30f3\u30c8\u7528\u30c7\u30a3\u30ec\u30af\u30c8\u30ea\u3092\u4f5c\u6210\u3059\u308b\u3002\n\n```\n$ sudo vi /etc/fstab\nproc            /proc           proc    defaults          0       0\n/dev/mmcblk0p1  /boot           vfat    defaults          0       2\n/dev/mmcblk0p2  /               ext4    defaults,noatime  0       1\n# a swapfile is not a swap partition, so no using swapon|off from here on, use  dphys-swapfile swap[on|off]  for that\n```\n\u8d77\u52d5\u6642\u306e\u30de\u30a6\u30f3\u30c8\u8a2d\u5b9a\u30d5\u30a1\u30a4\u30eb\u3092\u78ba\u8a8d\u3002\n\n```\n$ sudo vi /etc/fstab\n/proc           proc    defaults          0       0\n/dev/mmcblk0p1  /boot           vfat    defaults          0       2\n/dev/mmcblk0p2  /               ext4    defaults,noatime  0       1\nUUID=\"xxxxxxxxxxxxxxxxxxxxxxxxxx\" /mnt/usb1 ext4      defaults        0       2\n# a swapfile is not a swap partition, so no using swapon|off from here on, use  dphys-swapfile swap[on|off]  for that\n```\n\u8abf\u3079\u305fUUID\u3068\u5148\u307b\u3069\u4f5c\u6210\u3057\u305f\u30de\u30a6\u30f3\u30c8\u30c7\u30a3\u30ec\u30af\u30c8\u30ea\u3092\u5143\u306b\u30de\u30a6\u30f3\u30c8\u8a2d\u5b9a\u3092\u8ffd\u52a0\u3002\n\n```\n$ sudo reboot\n```\n\u518d\u8d77\u52d5\u3057\u3066\u30de\u30a6\u30f3\u30c8\u30dd\u30a4\u30f3\u30c8\u306b\u30a2\u30af\u30bb\u30b9\u3067\u304d\u308b\u304b\u3092\u78ba\u8a8d\u3059\u308b\u3002\n", "tags": ["RaspberryPi", "raspbian"]}