{"tags": ["brew"], "context": " More than 1 year has passed since last update.\u6b63\u3057\u3044\u3084\u308a\u65b9\u3068\u304b\u77e5\u3089\u306a\u3044\u3051\u3069\u76f4\u3063\u305f\u8d85\u9069\u5f53\u89e3\u6c7a\u30e1\u30e2\u3002\u3002\n$ brew update\nerror: Your local changes to the following files would be overwritten by merge:\n        file-formula.rb\n        lsof.rb\n        openssh.rb\n        whois.rb\nPlease, commit your changes or stash them before you can merge.\nAborting\nError: Failed to update tap: homebrew/dupes\nAlready up-to-date.\n\n\u307f\u305f\u3044\u306a\u30a8\u30e9\u30fc\u304c\u51fa\u305f\u3002\n\u2193\u3053\u306e\u5834\u6240\u306b\u79fb\u52d5\u3057\u3066\u307f\u305f\u3089\u3001\u3053\u3093\u306a\u3093\u306a\u3063\u3066\u3066git pull\u304c\u51fa\u6765\u306a\u304f\u306a\u3063\u3066\u305f\u306e\u3067\u3002\n$ cd /usr/local/Library/Taps/homebrew/homebrew-dupes\n$ git status\nOn branch master\nYour branch is behind 'origin/master' by 53 commits, and can be fast-forwarded.\n  (use \"git pull\" to update your local branch)\nChanges to be committed:\n  (use \"git reset HEAD <file>...\" to unstage)\n\n        modified:   diffutils.rb\n        modified:   fetchmail.rb\n        modified:   file-formula.rb\n        modified:   gdb.rb\n        modified:   grep.rb\n        modified:   groff.rb\n        modified:   libpcap.rb\n        modified:   lsof.rb\n        modified:   nano.rb\n        modified:   ncurses.rb\n        modified:   openldap.rb\n        modified:   openssh.rb\n        modified:   rsync.rb\n        modified:   tcl-tk.rb\n        modified:   tcpdump.rb\n        modified:   whois.rb\n\n\u2193\u30d0\u30c3\u30b5\u30ea\u7dba\u9e97\u306b\u3059\u308b\u3002\n$ cd /usr/local/Library/Taps/homebrew/homebrew-dupes\n$ git reset --hard\n$ git pull\n\n\u3067\u3001\u518d\u5ea6\u5b9f\u884c\u3002\n$ brew update\n:\nAlready up-to-date.\n\n\u76f4\u3063\u305f\uff01\n\u6b63\u3057\u3044\u3084\u308a\u65b9\u3068\u304b\u77e5\u3089\u306a\u3044\u3051\u3069\u76f4\u3063\u305f\u8d85\u9069\u5f53\u89e3\u6c7a\u30e1\u30e2\u3002\u3002\n\n\n```bash:\n$ brew update\nerror: Your local changes to the following files would be overwritten by merge:\n        file-formula.rb\n        lsof.rb\n        openssh.rb\n        whois.rb\nPlease, commit your changes or stash them before you can merge.\nAborting\nError: Failed to update tap: homebrew/dupes\nAlready up-to-date.\n```\n\n\u307f\u305f\u3044\u306a\u30a8\u30e9\u30fc\u304c\u51fa\u305f\u3002\n\u2193\u3053\u306e\u5834\u6240\u306b\u79fb\u52d5\u3057\u3066\u307f\u305f\u3089\u3001\u3053\u3093\u306a\u3093\u306a\u3063\u3066\u3066git pull\u304c\u51fa\u6765\u306a\u304f\u306a\u3063\u3066\u305f\u306e\u3067\u3002\n\n```bash:\n$ cd /usr/local/Library/Taps/homebrew/homebrew-dupes\n$ git status\nOn branch master\nYour branch is behind 'origin/master' by 53 commits, and can be fast-forwarded.\n  (use \"git pull\" to update your local branch)\nChanges to be committed:\n  (use \"git reset HEAD <file>...\" to unstage)\n\n        modified:   diffutils.rb\n        modified:   fetchmail.rb\n        modified:   file-formula.rb\n        modified:   gdb.rb\n        modified:   grep.rb\n        modified:   groff.rb\n        modified:   libpcap.rb\n        modified:   lsof.rb\n        modified:   nano.rb\n        modified:   ncurses.rb\n        modified:   openldap.rb\n        modified:   openssh.rb\n        modified:   rsync.rb\n        modified:   tcl-tk.rb\n        modified:   tcpdump.rb\n        modified:   whois.rb\n```\n\n\u2193\u30d0\u30c3\u30b5\u30ea\u7dba\u9e97\u306b\u3059\u308b\u3002\n\n```bash:\n$ cd /usr/local/Library/Taps/homebrew/homebrew-dupes\n$ git reset --hard\n$ git pull\n```\n\n\u3067\u3001\u518d\u5ea6\u5b9f\u884c\u3002\n\n```bash:\n$ brew update\n:\nAlready up-to-date.\n```\n\n\u76f4\u3063\u305f\uff01\n\n"}