{"context": "\n\nDocker\u30b3\u30f3\u30c6\u30ca\u3092\u52d5\u304b\u3059\u6642\u306e\u30e1\u30e2\u30ea\u5236\u9650\nDocker\u306b\u306f\u30b3\u30f3\u30c6\u30ca\u304c\u4f7f\u3048\u308b\u30e1\u30e2\u30ea\u306e\u4e0a\u9650\u3092\u8a2d\u5b9a\u3059\u308b\u30aa\u30d7\u30b7\u30e7\u30f3\u304c\u3042\u308a\u307e\u3059\u3002\n\u305f\u3060\u3057\u3001Wercker\u304c\u30b3\u30f3\u30c6\u30ca\u3067\u4f7f\u7528\u53ef\u80fd\u306a\u30e1\u30e2\u30ea\u306e\u5236\u9650\u3092\u3057\u3066\u3044\u308b\u3053\u3068\u306f\u306a\u3044\u3088\u3046\u3067\u3059\u3002\n\n\u3068\u306f\u3044\u3048\u969b\u9650\u306a\u304f\u7121\u9650\u306b\u30e1\u30e2\u30ea\u304c\u4f7f\u3048\u308b\u304b\u3068\u3044\u3048\u3070\u305d\u3093\u306a\u3053\u3068\u306f\u306a\u3044\u306f\u305a\u306a\u306e\u3067\u3001\u7269\u7406\u7684\u306b\u3069\u306e\u7a0b\u5ea6\u307e\u3067\u4f59\u88d5\u304c\u3042\u308b\u306e\u304b\u898b\u305f\u304f\u306a\u308a\u307e\u3057\u305f\u3002\n\ncat /proc/meminfo\n\nMemTotal:       65965708 kB\nMemFree:        19718212 kB\nMemAvailable:   60278804 kB\nBuffers:        17326960 kB\nCached:         18271976 kB\nSwapCached:            0 kB\nActive:         25406236 kB\nInactive:       13851668 kB\nActive(anon):    3699772 kB\nInactive(anon):    72860 kB\nActive(file):   21706464 kB\nInactive(file): 13778808 kB\nUnevictable:           0 kB\nMlocked:               0 kB\nSwapTotal:             0 kB\nSwapFree:              0 kB\nDirty:           1038092 kB\nWriteback:             0 kB\nAnonPages:       3654520 kB\nMapped:           399196 kB\nShmem:            113660 kB\nSlab:            6550332 kB\nSReclaimable:    5800244 kB\nSUnreclaim:       750088 kB\nKernelStack:       24256 kB\nPageTables:        22288 kB\nNFS_Unstable:          0 kB\nBounce:                0 kB\nWritebackTmp:          0 kB\nCommitLimit:    32982852 kB\nCommitted_AS:    7536848 kB\nVmallocTotal:   34359738367 kB\nVmallocUsed:           0 kB\nVmallocChunk:          0 kB\nHardwareCorrupted:     0 kB\nAnonHugePages:    655360 kB\nHugePages_Total:       0\nHugePages_Free:        0\nHugePages_Rsvd:        0\nHugePages_Surp:        0\nHugepagesize:       2048 kB\nDirectMap4k:      225280 kB\nDirectMap2M:    67014656 kB\n\n\n\u307e\u3068\u3081\nPower is everything\n## Docker\u30b3\u30f3\u30c6\u30ca\u3092\u52d5\u304b\u3059\u6642\u306e\u30e1\u30e2\u30ea\u5236\u9650\n\nDocker\u306b\u306f\u30b3\u30f3\u30c6\u30ca\u304c\u4f7f\u3048\u308b\u30e1\u30e2\u30ea\u306e\u4e0a\u9650\u3092\u8a2d\u5b9a\u3059\u308b\u30aa\u30d7\u30b7\u30e7\u30f3\u304c\u3042\u308a\u307e\u3059\u3002\n\n\u305f\u3060\u3057\u3001Wercker\u304c\u30b3\u30f3\u30c6\u30ca\u3067\u4f7f\u7528\u53ef\u80fd\u306a\u30e1\u30e2\u30ea\u306e\u5236\u9650\u3092\u3057\u3066\u3044\u308b\u3053\u3068\u306f\u306a\u3044\u3088\u3046\u3067\u3059\u3002\n\n<blockquote class=\"twitter-tweet\" data-lang=\"ja\"><p lang=\"en\" dir=\"ltr\"><a href=\"https://twitter.com/KeithYokoma\">@KeithYokoma</a> currently, there is no limit for internal memory. If you&#39;re asking about storage, I&#39;ll need to get back to you!</p>&mdash; wercker (@wercker) <a href=\"https://twitter.com/wercker/status/720667514464706560\">2016\u5e744\u670814\u65e5</a></blockquote>\n<script async src=\"//platform.twitter.com/widgets.js\" charset=\"utf-8\"></script>\n\n\u3068\u306f\u3044\u3048\u969b\u9650\u306a\u304f\u7121\u9650\u306b\u30e1\u30e2\u30ea\u304c\u4f7f\u3048\u308b\u304b\u3068\u3044\u3048\u3070\u305d\u3093\u306a\u3053\u3068\u306f\u306a\u3044\u306f\u305a\u306a\u306e\u3067\u3001\u7269\u7406\u7684\u306b\u3069\u306e\u7a0b\u5ea6\u307e\u3067\u4f59\u88d5\u304c\u3042\u308b\u306e\u304b\u898b\u305f\u304f\u306a\u308a\u307e\u3057\u305f\u3002\n\n## `cat /proc/meminfo`\n\n```\nMemTotal:       65965708 kB\nMemFree:        19718212 kB\nMemAvailable:   60278804 kB\nBuffers:        17326960 kB\nCached:         18271976 kB\nSwapCached:            0 kB\nActive:         25406236 kB\nInactive:       13851668 kB\nActive(anon):    3699772 kB\nInactive(anon):    72860 kB\nActive(file):   21706464 kB\nInactive(file): 13778808 kB\nUnevictable:           0 kB\nMlocked:               0 kB\nSwapTotal:             0 kB\nSwapFree:              0 kB\nDirty:           1038092 kB\nWriteback:             0 kB\nAnonPages:       3654520 kB\nMapped:           399196 kB\nShmem:            113660 kB\nSlab:            6550332 kB\nSReclaimable:    5800244 kB\nSUnreclaim:       750088 kB\nKernelStack:       24256 kB\nPageTables:        22288 kB\nNFS_Unstable:          0 kB\nBounce:                0 kB\nWritebackTmp:          0 kB\nCommitLimit:    32982852 kB\nCommitted_AS:    7536848 kB\nVmallocTotal:   34359738367 kB\nVmallocUsed:           0 kB\nVmallocChunk:          0 kB\nHardwareCorrupted:     0 kB\nAnonHugePages:    655360 kB\nHugePages_Total:       0\nHugePages_Free:        0\nHugePages_Rsvd:        0\nHugePages_Surp:        0\nHugepagesize:       2048 kB\nDirectMap4k:      225280 kB\nDirectMap2M:    67014656 kB\n```\n\n## \u307e\u3068\u3081\n\nPower is everything\n", "tags": ["wercker", "docker"]}