{"context": " More than 1 year has passed since last update.\n\n\u30e1\u30e2\u30ea\u4f7f\u7528\u91cf\u304c\u5897\u3048\u3066\u3044\u308b\uff1f\naws-sdk\u3092\u5229\u7528\u3057\u305f\u30c4\u30fc\u30eb\u3092AmazonLinux\u4e0a\u3067\u5e38\u6642\u7a3c\u50cd\u3055\u305b\u3066\u3044\u308b\u3068\u30e1\u30e2\u30ea\u306eFree\u306a\u9818\u57df\u304c\u6e1b\u3063\u3066\u3044\u308b\u3053\u3068\u304c\u308f\u304b\u308b\u3002\n\u30a2\u30c3\u30d7\u30c7\u30fc\u30c8\u3057\u305f\u6700\u65b0\u306eAmazonLinux(2014/09/13)\u4e0a\u3067\u539f\u56e0\u3092\u8abf\u3079\u305f\u3002\n\nslab\u30ad\u30e3\u30c3\u30b7\u30e5\u304c\u5897\u5927\u5316\u3057\u3066\u3044\u308b\u3002\n\u4e00\u5ea6\u518d\u8d77\u52d5\u3055\u305b\u305f\u76f4\u5f8c(before)\u3068\u3001\u3057\u3070\u3089\u304faws-sdk\u3092\u4f7f\u3063\u305f\u30c4\u30fc\u30eb\u3092\u5b9f\u884c\u3057\u3066\u653e\u7f6e\u3057\u305f\u5f8c(after)\u306e\u30e1\u30e2\u30ea\u306e\u72b6\u6cc1(/proc/meminfo)\u3092\u6bd4\u8f03\u3059\u308b\u3002\n[before]\nMemTotal:        3859068 kB\nMemFree:         3668144 kB\nBuffers:           10020 kB\nCached:            89660 kB\nSwapCached:            0 kB\nActive:            67960 kB\nInactive:          66148 kB\nActive(anon):      34428 kB\nInactive(anon):       56 kB\nActive(file):      33532 kB\nInactive(file):    66092 kB\nUnevictable:           0 kB\nMlocked:               0 kB\nSwapTotal:             0 kB\nSwapFree:              0 kB\nDirty:                52 kB\nWriteback:             0 kB\nAnonPages:         34320 kB\nMapped:            14512 kB\nShmem:                64 kB\nSlab:              17756 kB\nSReclaimable:      10248 kB\nSUnreclaim:         7508 kB\nKernelStack:         848 kB\nPageTables:         2268 kB\nNFS_Unstable:          0 kB\nBounce:                0 kB\nWritebackTmp:          0 kB\nCommitLimit:     1929532 kB\nCommitted_AS:      99820 kB\nVmallocTotal:   34359738367 kB\nVmallocUsed:        7716 kB\nVmallocChunk:   34359726623 kB\nAnonHugePages:         0 kB\nHugePages_Total:       0\nHugePages_Free:        0\nHugePages_Rsvd:        0\nHugePages_Surp:        0\nHugepagesize:       2048 kB\nDirectMap4k:        8192 kB\nDirectMap2M:     3923968 kB\n\n[after]\nMemTotal:        3859068 kB\nMemFree:         1862624 kB\nBuffers:           15564 kB\nCached:           116060 kB\nSwapCached:            0 kB\nActive:            75444 kB\nInactive:          91172 kB\nActive(anon):      34992 kB\nInactive(anon):       56 kB\nActive(file):      40452 kB\nInactive(file):    91116 kB\nUnevictable:           0 kB\nMlocked:               0 kB\nSwapTotal:             0 kB\nSwapFree:              0 kB\nDirty:                20 kB\nWriteback:             0 kB\nAnonPages:         34952 kB\nMapped:            14660 kB\nShmem:                64 kB\nSlab:            1790820 kB\nSReclaimable:    1783112 kB\nSUnreclaim:         7708 kB\nKernelStack:         848 kB\nPageTables:         2348 kB\nNFS_Unstable:          0 kB\nBounce:                0 kB\nWritebackTmp:          0 kB\nCommitLimit:     1929532 kB\nCommitted_AS:     100988 kB\nVmallocTotal:   34359738367 kB\nVmallocUsed:        7716 kB\nVmallocChunk:   34359726623 kB\nAnonHugePages:         0 kB\nHugePages_Total:       0\nHugePages_Free:        0\nHugePages_Rsvd:        0\nHugePages_Surp:        0\nHugepagesize:       2048 kB\nDirectMap4k:        8192 kB\nDirectMap2M:     3923968 kB\n\nslab\u30ad\u30e3\u30c3\u30b7\u30e5\u304c\u5897\u5927\u3057\u3066\u3044\u3063\u3066\u308b\u306e\u304c\u308f\u304b\u308b\u3002\n\u4e0b\u8a18\u306fafter\u6642\u306eslabtop\u306e\u7d50\u679c\u3067\u3042\u308b\u3002\n[after\u6642\u306eslabtop]\n Active / Total Objects (% used)    : 9456449 / 9458084 (100.0%)\n Active / Total Slabs (% used)      : 449060 / 449060 (100.0%)\n Active / Total Caches (% used)     : 61 / 91 (67.0%)\n Active / Total Size (% used)       : 1776972.73K / 1777415.79K (100.0%)\n Minimum / Average / Maximum Object : 0.01K / 0.19K / 8.00K\n\n  OBJS ACTIVE  USE OBJ SIZE  SLABS OBJ/SLAB CACHE SIZE NAME                   \n9399537 9399537 100%    0.19K 447597       21   1790388K dentry\n  7776   7776 100%    0.11K    216       36       864K sysfs_dir_cache\n  6356   6356 100%    0.55K    227       28      3632K inode_cache\n  5056   4498  88%    0.06K     79       64       316K kmalloc-64\n  4524   4524 100%    0.10K    116       39       464K buffer_head\n  3472   3472 100%    0.07K     62       56       248K Acpi-ParseExt\n  2560   2560 100%    0.01K      5      512        20K kmalloc-8\n  2376   2376 100%    0.18K    108       22       432K vm_area_struct\n  2304   2304 100%    0.06K     36       64       144K anon_vma\n  2244   2244 100%    0.94K     66       34      2112K ext4_inode_cache\n  2210   2210 100%    0.05K     26       85       104K shared_policy_node\n  1792   1792 100%    0.02K      7      256        28K kmalloc-16\n  1792   1792 100%    0.03K     14      128        56K kmalloc-32\n  1764   1243  70%    0.19K     84       21       336K kmalloc-192   \n  1734   1734 100%    0.04K     17      102        68K Acpi-Namespace\n  1734   1734 100%    0.04K     17      102        68K jbd2_journal_handle\n  1504   1070  71%    0.25K     47       32       376K kmalloc-256\n  1400   1400 100%    0.55K     50       28       800K radix_tree_node\n   864    864 100%    0.12K     27       32       108K kmalloc-128\n   588    588 100%    0.09K     14       42        56K kmalloc-96\n   576    576 100%    0.50K     18       32       288K kmalloc-512\n   528    528 100%    0.64K     22       24       352K shmem_inode_cache\n   500    477  95%    0.62K     20       25       320K proc_inode_cache\n   429    429 100%    0.81K     11       39       352K task_xstate\n   384    384 100%    1.00K     12       32       384K kmalloc-1024\n\n\nsystemtap\u306b\u3088\u308bslab\u30ad\u30e3\u30c3\u30b7\u30e5\u5897\u5927\u7b87\u6240\u306e\u8abf\u67fb\nslab\u30ad\u30e3\u30c3\u30b7\u30e5\u3092\u5897\u5927\u3055\u305b\u3066\u3044\u308b\u539f\u56e0\u3092\u63a2\u308b\u305f\u3081\u3001\u30ab\u30fc\u30cd\u30eb\u5074\u304b\u3089dentry\u30ad\u30e3\u30c3\u30b7\u30e5\u3092\u78ba\u4fdd\u3057\u3066\u3044\u308b\u7b87\u6240\u3092\u8abf\u67fb\u3057\u3066\u307f\u308b\u3002\n\u4e0b\u8a18\u306e\u30c8\u30ec\u30fc\u30b9\u7d50\u679c\u306efilename\u304c\u3001dentry\u30ad\u30e3\u30c3\u30b7\u30e5\u3092\u5897\u5927\u3055\u305b\u3066\u3044\u308b\u30d5\u30a1\u30a4\u30eb\u540d\u3067\u3042\u308b\u3002\nfilename is .247076926_dOeSnotExist_.db\n 0xffffffff81191190 : d_splice_alias+0x0/0x100 [kernel]\n 0xffffffffa00d7988 : ext4_lookup+0xe8/0x150 [ext4]\n 0xffffffff8118555d : lookup_real+0x1d/0x50 [kernel]\n 0xffffffff81185ae3 : __lookup_hash+0x33/0x40 [kernel]\n 0xffffffff8144b2df : lookup_slow+0x42/0xa7 [kernel]\n 0xffffffff81188778 : path_lookupat+0x778/0x800 [kernel]\n 0xffffffff8118882b : filename_lookup+0x2b/0xc0 [kernel]\n 0xffffffff8118bb24 : user_path_at_empty+0x54/0x90 [kernel]\n 0xffffffff8118bb71 : user_path_at+0x11/0x20 [kernel]\n 0xffffffff8117a743 : sys_faccessat+0xa3/0x200 [kernel]\n 0xffffffff8117a8b8 : sys_access+0x18/0x20 [kernel]\n 0xffffffff8145a367 : tracesys+0xdd/0xe2 [kernel]\n 0x7f2b24364997 : access+0x7/0x30 [/lib64/libc-2.17.so]\n 0x7f2b1b7aeb58 : PR_Access+0x28/0x90 [/lib64/libnspr4.so]\n 0x7f2b195b6b8a : sdb_measureAccess+0xca/0x140 [/usr/lib64/libsoftokn3.so]\n 0x7f2b195b88ed : sdb_init+0x2ad/0x7f0 [/usr/lib64/libsoftokn3.so]\n 0x7f2b195b8ff5 : s_open+0x1c5/0x200 [/usr/lib64/libsoftokn3.so]\n 0x7f2b195bc762 : sftk_DBInit+0x3f2/0x670 [/usr/lib64/libsoftokn3.so]\n 0x7f2b195a75d2 : SFTK_SlotReInit+0x162/0x260 [/usr/lib64/libsoftokn3.so]\n 0x7f2b195a7a56 : SFTK_SlotInit+0x206/0x3a0 [/usr/lib64/libsoftokn3.so]\n 0x7f2b195a854c : nsc_CommonInitialize+0x23c/0x2d0 [/usr/lib64/libsoftokn3.so]\n 0x7f2b195a876a : NSC_Initialize+0x3a/0x50 [/usr/lib64/libsoftokn3.so]\n 0x7f2b1c037716 : secmod_ModuleInit+0x56/0x450 [/usr/lib64/libnss3.so]\n 0x7f2b1c037cea : secmod_LoadPKCS11Module+0xfa/0x500 [/usr/lib64/libnss3.so]\n 0x7f2b1c0433a7 : SECMOD_LoadModule+0x107/0x2b0 [/usr/lib64/libnss3.so]\n 0x7f2b1c0434a0 : SECMOD_LoadModule+0x200/0x2b0 [/usr/lib64/libnss3.so]\n 0x7f2b1c0434a0 : SECMOD_LoadModule+0x200/0x2b0 [/usr/lib64/libnss3.so]\n 0x7f2b1c0134d2 : nss_Init+0x622/0xd50 [/usr/lib64/libnss3.so]\n 0x7f2b1c013e71 : NSS_InitContext+0xa1/0xd0 [/usr/lib64/libnss3.so]\n 0x7f2b1cc5077f : curl_slist_free_all+0x122bf/0x13a10 [/usr/lib64/libcurl.so.4.3.0]\n 0x7f2b1cc50f4d : curl_slist_free_all+0x12a8d/0x13a10 [/usr/lib64/libcurl.so.4.3.0]\n 0x7f2b1cc4f957 : curl_slist_free_all+0x11497/0x13a10 [/usr/lib64/libcurl.so.4.3.0]\n\n\u4e0a\u8a18\u306e\u3088\u3046\u306a\u30c8\u30ec\u30fc\u30b9\u7d50\u679c\u304c\u5927\u91cf\u306b\u51fa\u529b\u3055\u308c\u305f\u3002\n\u5909\u306a\u30d5\u30a1\u30a4\u30eb\u540d(\u4e0a\u8a18\u3067\u306f .247076926_dOeSnotExist_.db )\u304caccess(2)\u3055\u308c\u3066\u3044\u308b\u3088\u3046\u3067\u3042\u308b\u3002\n\n\u554f\u984c\u306e\u7279\u5b9a\n\u4f3c\u305f\u3088\u3046\u306a\u73fe\u8c61\u3092\u30b0\u30b0\u3063\u3066\u307f\u308b\u3068\u4e0b\u8a18\u306e\u3088\u3046\u306a\u554f\u984c\u3092\u767a\u898b\u3057\u305f\u3002\nhttp://curl.haxx.se/mail/tracker-2013-06/0114.html\nhttps://bugzilla.redhat.com/show_bug.cgi?id=1044666\n\u307e\u305f\u30c8\u30ec\u30fc\u30b9\u306e\u7d50\u679c\u304b\u3089aws-sdk\u304b\u3089SSL\u901a\u4fe1\u3057\u3066\u3044\u308b\u90e8\u5206\u304c\u554f\u984c\u306e\u3088\u3046\u306b\u307f\u3048\u305f\u306e\u3067\u3001nss\u3092\u4f7f\u308f\u306a\u3044\u3088\u3046\u306b\u3057\u3066\u307f\u305f\u3068\u3053\u308ddentry\u30ad\u30e3\u30c3\u30b7\u30e5\u306e\u5897\u5927\u3092\u9632\u3050\u3053\u3068\u304c\u3067\u304d\u305f\u3002\n\u539f\u56e0\u306faws-sdk\u304b\u3089SSL\u901a\u4fe1\u3092\u884c\u3046\u969b\u306b\u5229\u7528\u3055\u308c\u308bnss\u95a2\u9023\u306e\u30e9\u30a4\u30d6\u30e9\u30ea\u3067\u3042\u308b\u3053\u3068\u304c\u308f\u304b\u3063\u305f\u3002\n\n\u5f71\u97ff\n\u554f\u984c\u3068\u306a\u3063\u305f\u30e9\u30a4\u30d6\u30e9\u30ea\u3092\u5229\u7528\u3059\u308b\u30e9\u30a4\u30d6\u30e9\u30ea\u3001\u30a2\u30d7\u30ea\u30b1\u30fc\u30b7\u30e7\u30f3\u306f\u5168\u3066\u5f71\u97ff\u3092\u53d7\u3051\u308b\u3053\u3068\u306b\u306a\u308b(\u305f\u3068\u3048\u3070LL\u306a\u30b9\u30af\u30ea\u30d7\u30c8\u304c\u3069\u3053\u304b\u306bSSL\u901a\u4fe1\u3059\u308b\u969b\u306b\u5229\u7528\u3057\u3066\u3044\u308b\u3053\u3068\u304c\u3042\u308b)\u3002\n\u5bfe\u7b56\u3068\u3057\u3066\u306f\u3001\u554f\u984c\u3068\u306a\u3063\u3066\u3044\u308b\u30e9\u30a4\u30d6\u30e9\u30ea\u3092\u4f7f\u308f\u306a\u3044\u3088\u3046\u306b\u3057\u306a\u308c\u3070\u306a\u3089\u306a\u3044\u3002\n\u306a\u304adentry\u30ad\u30e3\u30c3\u30b7\u30e5\u306a\u306e\u3067\u3001\u4e0b\u8a18\u306e\u3088\u3046\u306a\u30b3\u30de\u30f3\u30c9\u3092\u5b9f\u884c\u3059\u308c\u3070\u305d\u306e\u30ad\u30e3\u30c3\u30b7\u30e5\u3092\u968f\u6642\u6368\u3066\u308b\u3053\u3068\u306f\u3067\u304d\u308b\u3002\necho 2 > /proc/sys/vm/drop_caches\n\n\u540c\u69d8\u306e\u691c\u8a3c\u3092Amazon Linux AMI 2014.03\u304c\u30ea\u30ea\u30fc\u30b9\u3055\u308c\u305f\u9803\u306b\u3082\u884c\u3063\u3066\u3044\u305f\u304c\u3001\u4e0a\u8a18\u306e\u3088\u3046\u306b\u73fe\u5728\u3082\u554f\u984c\u306f\u89e3\u6d88\u3055\u308c\u3066\u3044\u306a\u3044\u306e\u3067\u6ce8\u610f\u304c\u5fc5\u8981\u3067\u3042\u308b\u3002\n##\u30e1\u30e2\u30ea\u4f7f\u7528\u91cf\u304c\u5897\u3048\u3066\u3044\u308b\uff1f\naws-sdk\u3092\u5229\u7528\u3057\u305f\u30c4\u30fc\u30eb\u3092AmazonLinux\u4e0a\u3067\u5e38\u6642\u7a3c\u50cd\u3055\u305b\u3066\u3044\u308b\u3068\u30e1\u30e2\u30ea\u306eFree\u306a\u9818\u57df\u304c\u6e1b\u3063\u3066\u3044\u308b\u3053\u3068\u304c\u308f\u304b\u308b\u3002\n\u30a2\u30c3\u30d7\u30c7\u30fc\u30c8\u3057\u305f\u6700\u65b0\u306eAmazonLinux(2014/09/13)\u4e0a\u3067\u539f\u56e0\u3092\u8abf\u3079\u305f\u3002\n\n\n##slab\u30ad\u30e3\u30c3\u30b7\u30e5\u304c\u5897\u5927\u5316\u3057\u3066\u3044\u308b\u3002\n\u4e00\u5ea6\u518d\u8d77\u52d5\u3055\u305b\u305f\u76f4\u5f8c(before)\u3068\u3001\u3057\u3070\u3089\u304faws-sdk\u3092\u4f7f\u3063\u305f\u30c4\u30fc\u30eb\u3092\u5b9f\u884c\u3057\u3066\u653e\u7f6e\u3057\u305f\u5f8c(after)\u306e\u30e1\u30e2\u30ea\u306e\u72b6\u6cc1(/proc/meminfo)\u3092\u6bd4\u8f03\u3059\u308b\u3002\n\n[before]\n\n```before\nMemTotal:        3859068 kB\nMemFree:         3668144 kB\nBuffers:           10020 kB\nCached:            89660 kB\nSwapCached:            0 kB\nActive:            67960 kB\nInactive:          66148 kB\nActive(anon):      34428 kB\nInactive(anon):       56 kB\nActive(file):      33532 kB\nInactive(file):    66092 kB\nUnevictable:           0 kB\nMlocked:               0 kB\nSwapTotal:             0 kB\nSwapFree:              0 kB\nDirty:                52 kB\nWriteback:             0 kB\nAnonPages:         34320 kB\nMapped:            14512 kB\nShmem:                64 kB\nSlab:              17756 kB\nSReclaimable:      10248 kB\nSUnreclaim:         7508 kB\nKernelStack:         848 kB\nPageTables:         2268 kB\nNFS_Unstable:          0 kB\nBounce:                0 kB\nWritebackTmp:          0 kB\nCommitLimit:     1929532 kB\nCommitted_AS:      99820 kB\nVmallocTotal:   34359738367 kB\nVmallocUsed:        7716 kB\nVmallocChunk:   34359726623 kB\nAnonHugePages:         0 kB\nHugePages_Total:       0\nHugePages_Free:        0\nHugePages_Rsvd:        0\nHugePages_Surp:        0\nHugepagesize:       2048 kB\nDirectMap4k:        8192 kB\nDirectMap2M:     3923968 kB\n```\n\n[after]\n\n```after\nMemTotal:        3859068 kB\nMemFree:         1862624 kB\nBuffers:           15564 kB\nCached:           116060 kB\nSwapCached:            0 kB\nActive:            75444 kB\nInactive:          91172 kB\nActive(anon):      34992 kB\nInactive(anon):       56 kB\nActive(file):      40452 kB\nInactive(file):    91116 kB\nUnevictable:           0 kB\nMlocked:               0 kB\nSwapTotal:             0 kB\nSwapFree:              0 kB\nDirty:                20 kB\nWriteback:             0 kB\nAnonPages:         34952 kB\nMapped:            14660 kB\nShmem:                64 kB\nSlab:            1790820 kB\nSReclaimable:    1783112 kB\nSUnreclaim:         7708 kB\nKernelStack:         848 kB\nPageTables:         2348 kB\nNFS_Unstable:          0 kB\nBounce:                0 kB\nWritebackTmp:          0 kB\nCommitLimit:     1929532 kB\nCommitted_AS:     100988 kB\nVmallocTotal:   34359738367 kB\nVmallocUsed:        7716 kB\nVmallocChunk:   34359726623 kB\nAnonHugePages:         0 kB\nHugePages_Total:       0\nHugePages_Free:        0\nHugePages_Rsvd:        0\nHugePages_Surp:        0\nHugepagesize:       2048 kB\nDirectMap4k:        8192 kB\nDirectMap2M:     3923968 kB\n```\n\nslab\u30ad\u30e3\u30c3\u30b7\u30e5\u304c\u5897\u5927\u3057\u3066\u3044\u3063\u3066\u308b\u306e\u304c\u308f\u304b\u308b\u3002\n\u4e0b\u8a18\u306fafter\u6642\u306eslabtop\u306e\u7d50\u679c\u3067\u3042\u308b\u3002\n\n[after\u6642\u306eslabtop]\n\n``` after_slabtop\n Active / Total Objects (% used)    : 9456449 / 9458084 (100.0%)\n Active / Total Slabs (% used)      : 449060 / 449060 (100.0%)\n Active / Total Caches (% used)     : 61 / 91 (67.0%)\n Active / Total Size (% used)       : 1776972.73K / 1777415.79K (100.0%)\n Minimum / Average / Maximum Object : 0.01K / 0.19K / 8.00K\n\n  OBJS ACTIVE  USE OBJ SIZE  SLABS OBJ/SLAB CACHE SIZE NAME                   \n9399537 9399537 100%    0.19K 447597       21   1790388K dentry\n  7776   7776 100%    0.11K    216       36       864K sysfs_dir_cache\n  6356   6356 100%    0.55K    227       28      3632K inode_cache\n  5056   4498  88%    0.06K     79       64       316K kmalloc-64\n  4524   4524 100%    0.10K    116       39       464K buffer_head\n  3472   3472 100%    0.07K     62       56       248K Acpi-ParseExt\n  2560   2560 100%    0.01K      5      512        20K kmalloc-8\n  2376   2376 100%    0.18K    108       22       432K vm_area_struct\n  2304   2304 100%    0.06K     36       64       144K anon_vma\n  2244   2244 100%    0.94K     66       34      2112K ext4_inode_cache\n  2210   2210 100%    0.05K     26       85       104K shared_policy_node\n  1792   1792 100%    0.02K      7      256        28K kmalloc-16\n  1792   1792 100%    0.03K     14      128        56K kmalloc-32\n  1764   1243  70%    0.19K     84       21       336K kmalloc-192   \n  1734   1734 100%    0.04K     17      102        68K Acpi-Namespace\n  1734   1734 100%    0.04K     17      102        68K jbd2_journal_handle\n  1504   1070  71%    0.25K     47       32       376K kmalloc-256\n  1400   1400 100%    0.55K     50       28       800K radix_tree_node\n   864    864 100%    0.12K     27       32       108K kmalloc-128\n   588    588 100%    0.09K     14       42        56K kmalloc-96\n   576    576 100%    0.50K     18       32       288K kmalloc-512\n   528    528 100%    0.64K     22       24       352K shmem_inode_cache\n   500    477  95%    0.62K     20       25       320K proc_inode_cache\n   429    429 100%    0.81K     11       39       352K task_xstate\n   384    384 100%    1.00K     12       32       384K kmalloc-1024\n```\n\n\n##systemtap\u306b\u3088\u308bslab\u30ad\u30e3\u30c3\u30b7\u30e5\u5897\u5927\u7b87\u6240\u306e\u8abf\u67fb\nslab\u30ad\u30e3\u30c3\u30b7\u30e5\u3092\u5897\u5927\u3055\u305b\u3066\u3044\u308b\u539f\u56e0\u3092\u63a2\u308b\u305f\u3081\u3001\u30ab\u30fc\u30cd\u30eb\u5074\u304b\u3089dentry\u30ad\u30e3\u30c3\u30b7\u30e5\u3092\u78ba\u4fdd\u3057\u3066\u3044\u308b\u7b87\u6240\u3092\u8abf\u67fb\u3057\u3066\u307f\u308b\u3002\n\n\u4e0b\u8a18\u306e\u30c8\u30ec\u30fc\u30b9\u7d50\u679c\u306efilename\u304c\u3001dentry\u30ad\u30e3\u30c3\u30b7\u30e5\u3092\u5897\u5927\u3055\u305b\u3066\u3044\u308b\u30d5\u30a1\u30a4\u30eb\u540d\u3067\u3042\u308b\u3002\n\n```trace\nfilename is .247076926_dOeSnotExist_.db\n 0xffffffff81191190 : d_splice_alias+0x0/0x100 [kernel]\n 0xffffffffa00d7988 : ext4_lookup+0xe8/0x150 [ext4]\n 0xffffffff8118555d : lookup_real+0x1d/0x50 [kernel]\n 0xffffffff81185ae3 : __lookup_hash+0x33/0x40 [kernel]\n 0xffffffff8144b2df : lookup_slow+0x42/0xa7 [kernel]\n 0xffffffff81188778 : path_lookupat+0x778/0x800 [kernel]\n 0xffffffff8118882b : filename_lookup+0x2b/0xc0 [kernel]\n 0xffffffff8118bb24 : user_path_at_empty+0x54/0x90 [kernel]\n 0xffffffff8118bb71 : user_path_at+0x11/0x20 [kernel]\n 0xffffffff8117a743 : sys_faccessat+0xa3/0x200 [kernel]\n 0xffffffff8117a8b8 : sys_access+0x18/0x20 [kernel]\n 0xffffffff8145a367 : tracesys+0xdd/0xe2 [kernel]\n 0x7f2b24364997 : access+0x7/0x30 [/lib64/libc-2.17.so]\n 0x7f2b1b7aeb58 : PR_Access+0x28/0x90 [/lib64/libnspr4.so]\n 0x7f2b195b6b8a : sdb_measureAccess+0xca/0x140 [/usr/lib64/libsoftokn3.so]\n 0x7f2b195b88ed : sdb_init+0x2ad/0x7f0 [/usr/lib64/libsoftokn3.so]\n 0x7f2b195b8ff5 : s_open+0x1c5/0x200 [/usr/lib64/libsoftokn3.so]\n 0x7f2b195bc762 : sftk_DBInit+0x3f2/0x670 [/usr/lib64/libsoftokn3.so]\n 0x7f2b195a75d2 : SFTK_SlotReInit+0x162/0x260 [/usr/lib64/libsoftokn3.so]\n 0x7f2b195a7a56 : SFTK_SlotInit+0x206/0x3a0 [/usr/lib64/libsoftokn3.so]\n 0x7f2b195a854c : nsc_CommonInitialize+0x23c/0x2d0 [/usr/lib64/libsoftokn3.so]\n 0x7f2b195a876a : NSC_Initialize+0x3a/0x50 [/usr/lib64/libsoftokn3.so]\n 0x7f2b1c037716 : secmod_ModuleInit+0x56/0x450 [/usr/lib64/libnss3.so]\n 0x7f2b1c037cea : secmod_LoadPKCS11Module+0xfa/0x500 [/usr/lib64/libnss3.so]\n 0x7f2b1c0433a7 : SECMOD_LoadModule+0x107/0x2b0 [/usr/lib64/libnss3.so]\n 0x7f2b1c0434a0 : SECMOD_LoadModule+0x200/0x2b0 [/usr/lib64/libnss3.so]\n 0x7f2b1c0434a0 : SECMOD_LoadModule+0x200/0x2b0 [/usr/lib64/libnss3.so]\n 0x7f2b1c0134d2 : nss_Init+0x622/0xd50 [/usr/lib64/libnss3.so]\n 0x7f2b1c013e71 : NSS_InitContext+0xa1/0xd0 [/usr/lib64/libnss3.so]\n 0x7f2b1cc5077f : curl_slist_free_all+0x122bf/0x13a10 [/usr/lib64/libcurl.so.4.3.0]\n 0x7f2b1cc50f4d : curl_slist_free_all+0x12a8d/0x13a10 [/usr/lib64/libcurl.so.4.3.0]\n 0x7f2b1cc4f957 : curl_slist_free_all+0x11497/0x13a10 [/usr/lib64/libcurl.so.4.3.0]\n```\n\n\u4e0a\u8a18\u306e\u3088\u3046\u306a\u30c8\u30ec\u30fc\u30b9\u7d50\u679c\u304c\u5927\u91cf\u306b\u51fa\u529b\u3055\u308c\u305f\u3002\n\u5909\u306a\u30d5\u30a1\u30a4\u30eb\u540d(\u4e0a\u8a18\u3067\u306f .247076926_dOeSnotExist_.db )\u304caccess(2)\u3055\u308c\u3066\u3044\u308b\u3088\u3046\u3067\u3042\u308b\u3002\n\n\n##\u554f\u984c\u306e\u7279\u5b9a\n\u4f3c\u305f\u3088\u3046\u306a\u73fe\u8c61\u3092\u30b0\u30b0\u3063\u3066\u307f\u308b\u3068\u4e0b\u8a18\u306e\u3088\u3046\u306a\u554f\u984c\u3092\u767a\u898b\u3057\u305f\u3002\n\nhttp://curl.haxx.se/mail/tracker-2013-06/0114.html\nhttps://bugzilla.redhat.com/show_bug.cgi?id=1044666\n\n\u307e\u305f\u30c8\u30ec\u30fc\u30b9\u306e\u7d50\u679c\u304b\u3089aws-sdk\u304b\u3089SSL\u901a\u4fe1\u3057\u3066\u3044\u308b\u90e8\u5206\u304c\u554f\u984c\u306e\u3088\u3046\u306b\u307f\u3048\u305f\u306e\u3067\u3001nss\u3092\u4f7f\u308f\u306a\u3044\u3088\u3046\u306b\u3057\u3066\u307f\u305f\u3068\u3053\u308ddentry\u30ad\u30e3\u30c3\u30b7\u30e5\u306e\u5897\u5927\u3092\u9632\u3050\u3053\u3068\u304c\u3067\u304d\u305f\u3002\n\u539f\u56e0\u306faws-sdk\u304b\u3089SSL\u901a\u4fe1\u3092\u884c\u3046\u969b\u306b\u5229\u7528\u3055\u308c\u308bnss\u95a2\u9023\u306e\u30e9\u30a4\u30d6\u30e9\u30ea\u3067\u3042\u308b\u3053\u3068\u304c\u308f\u304b\u3063\u305f\u3002\n\n\n##\u5f71\u97ff\n\u554f\u984c\u3068\u306a\u3063\u305f\u30e9\u30a4\u30d6\u30e9\u30ea\u3092\u5229\u7528\u3059\u308b\u30e9\u30a4\u30d6\u30e9\u30ea\u3001\u30a2\u30d7\u30ea\u30b1\u30fc\u30b7\u30e7\u30f3\u306f\u5168\u3066\u5f71\u97ff\u3092\u53d7\u3051\u308b\u3053\u3068\u306b\u306a\u308b(\u305f\u3068\u3048\u3070LL\u306a\u30b9\u30af\u30ea\u30d7\u30c8\u304c\u3069\u3053\u304b\u306bSSL\u901a\u4fe1\u3059\u308b\u969b\u306b\u5229\u7528\u3057\u3066\u3044\u308b\u3053\u3068\u304c\u3042\u308b)\u3002\n\u5bfe\u7b56\u3068\u3057\u3066\u306f\u3001\u554f\u984c\u3068\u306a\u3063\u3066\u3044\u308b\u30e9\u30a4\u30d6\u30e9\u30ea\u3092\u4f7f\u308f\u306a\u3044\u3088\u3046\u306b\u3057\u306a\u308c\u3070\u306a\u3089\u306a\u3044\u3002\n\n\u306a\u304adentry\u30ad\u30e3\u30c3\u30b7\u30e5\u306a\u306e\u3067\u3001\u4e0b\u8a18\u306e\u3088\u3046\u306a\u30b3\u30de\u30f3\u30c9\u3092\u5b9f\u884c\u3059\u308c\u3070\u305d\u306e\u30ad\u30e3\u30c3\u30b7\u30e5\u3092\u968f\u6642\u6368\u3066\u308b\u3053\u3068\u306f\u3067\u304d\u308b\u3002\n\n```workaround\necho 2 > /proc/sys/vm/drop_caches\n```\n\n\u540c\u69d8\u306e\u691c\u8a3c\u3092Amazon Linux AMI 2014.03\u304c\u30ea\u30ea\u30fc\u30b9\u3055\u308c\u305f\u9803\u306b\u3082\u884c\u3063\u3066\u3044\u305f\u304c\u3001\u4e0a\u8a18\u306e\u3088\u3046\u306b\u73fe\u5728\u3082\u554f\u984c\u306f\u89e3\u6d88\u3055\u308c\u3066\u3044\u306a\u3044\u306e\u3067\u6ce8\u610f\u304c\u5fc5\u8981\u3067\u3042\u308b\u3002\n\n", "tags": ["systemtap", "AWS", "AWS_SDK", "debug", "AmazonLinux"]}