{"context": " More than 1 year has passed since last update.ArchLinux\u306e\u6a19\u6e96\u914d\u5e03\u30a4\u30e1\u30fc\u30b8\u306f\u30eb\u30fc\u30c8\u30d1\u30fc\u30c6\u30a3\u30b7\u30e7\u30f3\u304c1.7GB\u3057\u304b\u3042\u308a\u307e\u305b\u3093\u3002\n\u3082\u3063\u3068\u5bb9\u91cf\u304c\u3042\u308b\u306e\u306b\u4f7f\u3048\u306a\u3044\uff01\u3068\u3044\u3046\u5834\u5408\u306b\u306ffdisk\u30b3\u30de\u30f3\u30c9\u3067\u30ea\u30b5\u30a4\u30ba\u3057\u307e\u3059\u3002\n\n\u72b6\u6cc1\u306e\u78ba\u8a8d\n[root@alarmpi ~]# df -h\nFilesystem      Size  Used Avail Use% Mounted on\n/dev/root       1.7G  563M  978M  37% /\ndevtmpfs        214M     0  214M   0% /dev\ntmpfs           218M     0  218M   0% /dev/shm\ntmpfs           218M  292K  218M   1% /run\ntmpfs           218M     0  218M   0% /sys/fs/cgroup\ntmpfs           218M     0  218M   0% /tmp\n/dev/mmcblk0p1   90M   26M   65M  28% /boot\ntmpfs            44M     0   44M   0% /run/user/0\n\n\n\u624b\u9806\n\nfdisk\u30b3\u30de\u30f3\u30c9\u3067\u30d1\u30fc\u30c6\u30a3\u30b7\u30e7\u30f3\u30c6\u30fc\u30d6\u30eb\u3092\u7de8\u96c6\u3059\u308b\nfdisk\u3092\u8d77\u52d5\u3002\n[root@alarmpi ~]# fdisk /dev/mmcblk0\n\nWelcome to fdisk (util-linux 2.24.2).\nChanges will remain in memory only, until you decide to write them.\nBe careful before using the write command.\n\np\u30b3\u30de\u30f3\u30c9\u3067\u30d1\u30fc\u30c6\u30a3\u30b7\u30e7\u30f3\u30c6\u30fc\u30d6\u30eb\u3092\u78ba\u8a8d\u3002\n/dev/mmcblk0p2\u306b\u62e1\u5f35\u30d1\u30fc\u30c6\u30a3\u30b7\u30e7\u30f3\u304c\u3042\u308b\u306e\u304c\u89e3\u308a\u307e\u3059\u3002\nCommand (m for help): p\n\nDisk /dev/mmcblk0: 14.4 GiB, 15476981760 bytes, 30228480 sectors\nUnits: sectors of 1 * 512 = 512 bytes\nSector size (logical/physical): 512 bytes / 512 bytes\nI/O size (minimum/optimal): 512 bytes / 512 bytes\nDisklabel type: dos\nDisk identifier: 0x417ee54b\n\nDevice         Boot     Start       End  Blocks  Id System\n/dev/mmcblk0p1           2048    186367   92160   c W95 FAT32 (LBA)\n/dev/mmcblk0p2         186368   3667967 1740800   5 Extended\n/dev/mmcblk0p5         188416   3667967 1739776  83 Linux\n\n\n\u30d1\u30fc\u30c6\u30a3\u30b7\u30e7\u30f3\u524a\u9664\n\u304a\u3082\u3080\u308d\u306b\u62e1\u5f35\u30d1\u30fc\u30c6\u30a3\u30b7\u30e7\u30f3\u3092\u524a\u9664\u3002\nCommand (m for help): d\nPartition number (1,2,5, default 5): 2\n\nPartition 2 has been deleted.\n\n\n\u30d1\u30fc\u30c6\u30a3\u30b7\u30e7\u30f3\u306e\u4f5c\u6210\n\u65b0\u3057\u3044\u62e1\u5f35\u30d1\u30fc\u30c6\u30a3\u30b7\u30e7\u30f3\u3092\u4f5c\u6210\u3002\nCommand (m for help): n\n\nPartition type:\n   p   primary (1 primary, 0 extended, 3 free)\n   e   extended\nSelect (default p): e\nPartition number (2-4, default 2):\nFirst sector (186368-30228479, default 186368):\nLast sector, +sectors or +size{K,M,G,T,P} (186368-30228479, default 30228479):\n\nCreated a new partition 2 of type 'Extended' and of size 14.3 GiB.\n\n\u65b0\u3057\u3044\u8ad6\u7406\u30d1\u30fc\u30c6\u30a3\u30b7\u30e7\u30f3\u3092\u4f5c\u6210\u3002\nCommand (m for help): n\n\nPartition type:\n   p   primary (1 primary, 1 extended, 2 free)\n   l   logical (numbered from 5)\nSelect (default p): l\n\nAdding logical partition 5\nFirst sector (188416-30228479, default 188416):\nLast sector, +sectors or +size{K,M,G,T,P} (188416-30228479, default 30228479):\n\nCreated a new partition 5 of type 'Linux' and of size 14.3 GiB.\n\n\u3082\u3046\u4e00\u5ea6\u30d1\u30fc\u30c6\u30a3\u30b7\u30e7\u30f3\u30c6\u30fc\u30d6\u30eb\u3092\u78ba\u8a8d\u3002\nCommand (m for help): p\nDisk /dev/mmcblk0: 14.4 GiB, 15476981760 bytes, 30228480 sectors\nUnits: sectors of 1 * 512 = 512 bytes\nSector size (logical/physical): 512 bytes / 512 bytes\nI/O size (minimum/optimal): 512 bytes / 512 bytes\nDisklabel type: dos\nDisk identifier: 0x417ee54b\n\nDevice         Boot     Start       End   Blocks  Id System\n/dev/mmcblk0p1           2048    186367    92160   c W95 FAT32 (LBA)\n/dev/mmcblk0p2         186368  30228479 15021056   5 Extended\n/dev/mmcblk0p5         188416  30228479 15020032  83 Linux\n\n\n\u30d1\u30fc\u30c6\u30a3\u30b7\u30e7\u30f3\u30c6\u30fc\u30d6\u30eb\u306e\u66f8\u304d\u8fbc\u307f\n\u30d1\u30fc\u30c6\u30a3\u30b7\u30e7\u30f3\u30c6\u30fc\u30d6\u30eb\u306e\u66f8\u304d\u8fbc\u307f\u3002\nDevice or resource busy\u30a8\u30e9\u30fc\u304c\u51fa\u308b\u3051\u3069\u6c17\u306b\u3057\u306a\u3044\u3002\nCommand (m for help): w\n\nThe partition table has been altered.\nCalling ioctl() to re-read partition table.\nRe-reading the partition table failed.: Device or resource busy\n\nThe kernel still uses the old table. The new table will be used at the next reboot or after you run partprobe(8) or kpartx(8).\n\n\n\u518d\u8d77\u52d5\u3068\u30ea\u30b5\u30a4\u30ba\n\u30ea\u30d6\u30fc\u30c8\u3057\u307e\u3059\u3002\n[root@alarmpi ~]# reboot\nConnection to 192.168.0.17 closed by remote host.\nConnection to 192.168.0.17 closed.\n\nresize2fs\u3067\u30d1\u30fc\u30c6\u30a3\u30b7\u30e7\u30f3\u3092\u62e1\u5f35\u3002\n[root@alarmpi ~]# resize2fs /dev/mmcblk0p5\nresize2fs 1.42.10 (18-May-2014)\nFilesystem at /dev/mmcblk0p5 is mounted on /; on-line resizing required\nold_desc_blocks = 1, new_desc_blocks = 1\nThe filesystem on /dev/mmcblk0p5 is now 3755008 blocks long.\n\n\n\u6700\u5f8c\u306e\u78ba\u8a8d\ndf\u30b3\u30de\u30f3\u30c9\u3067\u78ba\u8a8d\u3057\u3066\u559c\u3073\u3092\u565b\u307f\u7de0\u3081\u307e\u3059\u3002\n[root@alarmpi ~]# df -h\nFilesystem      Size  Used Avail Use% Mounted on\n/dev/root        15G  564M   13G   5% /\ndevtmpfs        214M     0  214M   0% /dev\ntmpfs           218M     0  218M   0% /dev/shm\ntmpfs           218M  292K  218M   1% /run\ntmpfs           218M     0  218M   0% /sys/fs/cgroup\ntmpfs           218M     0  218M   0% /tmp\n/dev/mmcblk0p1   90M   26M   65M  28% /boot\ntmpfs            44M     0   44M   0% /run/user/0\n\nAvailable 13GB\uff01\u30d2\u30e3\u30c3\u30cf\u30fc\uff01\n\n\u53c2\u8003\n\nHow to expand Arch Linux root partition\n\n\nArchLinux\u306e\u6a19\u6e96\u914d\u5e03\u30a4\u30e1\u30fc\u30b8\u306f\u30eb\u30fc\u30c8\u30d1\u30fc\u30c6\u30a3\u30b7\u30e7\u30f3\u304c1.7GB\u3057\u304b\u3042\u308a\u307e\u305b\u3093\u3002\n\u3082\u3063\u3068\u5bb9\u91cf\u304c\u3042\u308b\u306e\u306b\u4f7f\u3048\u306a\u3044\uff01\u3068\u3044\u3046\u5834\u5408\u306b\u306f`fdisk`\u30b3\u30de\u30f3\u30c9\u3067\u30ea\u30b5\u30a4\u30ba\u3057\u307e\u3059\u3002\n\n# \u72b6\u6cc1\u306e\u78ba\u8a8d\n\n```\n[root@alarmpi ~]# df -h\nFilesystem      Size  Used Avail Use% Mounted on\n/dev/root       1.7G  563M  978M  37% /\ndevtmpfs        214M     0  214M   0% /dev\ntmpfs           218M     0  218M   0% /dev/shm\ntmpfs           218M  292K  218M   1% /run\ntmpfs           218M     0  218M   0% /sys/fs/cgroup\ntmpfs           218M     0  218M   0% /tmp\n/dev/mmcblk0p1   90M   26M   65M  28% /boot\ntmpfs            44M     0   44M   0% /run/user/0\n```\n\n# \u624b\u9806\n## fdisk\u30b3\u30de\u30f3\u30c9\u3067\u30d1\u30fc\u30c6\u30a3\u30b7\u30e7\u30f3\u30c6\u30fc\u30d6\u30eb\u3092\u7de8\u96c6\u3059\u308b\n\nfdisk\u3092\u8d77\u52d5\u3002\n\n```\n[root@alarmpi ~]# fdisk /dev/mmcblk0\n\nWelcome to fdisk (util-linux 2.24.2).\nChanges will remain in memory only, until you decide to write them.\nBe careful before using the write command.\n```\n\n`p`\u30b3\u30de\u30f3\u30c9\u3067\u30d1\u30fc\u30c6\u30a3\u30b7\u30e7\u30f3\u30c6\u30fc\u30d6\u30eb\u3092\u78ba\u8a8d\u3002\n`/dev/mmcblk0p2`\u306b\u62e1\u5f35\u30d1\u30fc\u30c6\u30a3\u30b7\u30e7\u30f3\u304c\u3042\u308b\u306e\u304c\u89e3\u308a\u307e\u3059\u3002\n\n```\nCommand (m for help): p\n\nDisk /dev/mmcblk0: 14.4 GiB, 15476981760 bytes, 30228480 sectors\nUnits: sectors of 1 * 512 = 512 bytes\nSector size (logical/physical): 512 bytes / 512 bytes\nI/O size (minimum/optimal): 512 bytes / 512 bytes\nDisklabel type: dos\nDisk identifier: 0x417ee54b\n\nDevice         Boot     Start       End  Blocks  Id System\n/dev/mmcblk0p1           2048    186367   92160   c W95 FAT32 (LBA)\n/dev/mmcblk0p2         186368   3667967 1740800   5 Extended\n/dev/mmcblk0p5         188416   3667967 1739776  83 Linux\n```\n\n## \u30d1\u30fc\u30c6\u30a3\u30b7\u30e7\u30f3\u524a\u9664\n\u304a\u3082\u3080\u308d\u306b\u62e1\u5f35\u30d1\u30fc\u30c6\u30a3\u30b7\u30e7\u30f3\u3092\u524a\u9664\u3002\n\n```\nCommand (m for help): d\nPartition number (1,2,5, default 5): 2\n\nPartition 2 has been deleted.\n```\n\n\n## \u30d1\u30fc\u30c6\u30a3\u30b7\u30e7\u30f3\u306e\u4f5c\u6210\n\n\u65b0\u3057\u3044\u62e1\u5f35\u30d1\u30fc\u30c6\u30a3\u30b7\u30e7\u30f3\u3092\u4f5c\u6210\u3002\n\n```\nCommand (m for help): n\n\nPartition type:\n   p   primary (1 primary, 0 extended, 3 free)\n   e   extended\nSelect (default p): e\nPartition number (2-4, default 2):\nFirst sector (186368-30228479, default 186368):\nLast sector, +sectors or +size{K,M,G,T,P} (186368-30228479, default 30228479):\n\nCreated a new partition 2 of type 'Extended' and of size 14.3 GiB.\n```\n\n\n\u65b0\u3057\u3044\u8ad6\u7406\u30d1\u30fc\u30c6\u30a3\u30b7\u30e7\u30f3\u3092\u4f5c\u6210\u3002\n\n```\nCommand (m for help): n\n\nPartition type:\n   p   primary (1 primary, 1 extended, 2 free)\n   l   logical (numbered from 5)\nSelect (default p): l\n\nAdding logical partition 5\nFirst sector (188416-30228479, default 188416):\nLast sector, +sectors or +size{K,M,G,T,P} (188416-30228479, default 30228479):\n\nCreated a new partition 5 of type 'Linux' and of size 14.3 GiB.\n```\n\n\u3082\u3046\u4e00\u5ea6\u30d1\u30fc\u30c6\u30a3\u30b7\u30e7\u30f3\u30c6\u30fc\u30d6\u30eb\u3092\u78ba\u8a8d\u3002\n\n```\nCommand (m for help): p\nDisk /dev/mmcblk0: 14.4 GiB, 15476981760 bytes, 30228480 sectors\nUnits: sectors of 1 * 512 = 512 bytes\nSector size (logical/physical): 512 bytes / 512 bytes\nI/O size (minimum/optimal): 512 bytes / 512 bytes\nDisklabel type: dos\nDisk identifier: 0x417ee54b\n\nDevice         Boot     Start       End   Blocks  Id System\n/dev/mmcblk0p1           2048    186367    92160   c W95 FAT32 (LBA)\n/dev/mmcblk0p2         186368  30228479 15021056   5 Extended\n/dev/mmcblk0p5         188416  30228479 15020032  83 Linux\n```\n\n\n## \u30d1\u30fc\u30c6\u30a3\u30b7\u30e7\u30f3\u30c6\u30fc\u30d6\u30eb\u306e\u66f8\u304d\u8fbc\u307f\n\n\u30d1\u30fc\u30c6\u30a3\u30b7\u30e7\u30f3\u30c6\u30fc\u30d6\u30eb\u306e\u66f8\u304d\u8fbc\u307f\u3002\n`Device or resource busy`\u30a8\u30e9\u30fc\u304c\u51fa\u308b\u3051\u3069\u6c17\u306b\u3057\u306a\u3044\u3002\n\n```\nCommand (m for help): w\n\nThe partition table has been altered.\nCalling ioctl() to re-read partition table.\nRe-reading the partition table failed.: Device or resource busy\n\nThe kernel still uses the old table. The new table will be used at the next reboot or after you run partprobe(8) or kpartx(8).\n```\n\n## \u518d\u8d77\u52d5\u3068\u30ea\u30b5\u30a4\u30ba\n\n\u30ea\u30d6\u30fc\u30c8\u3057\u307e\u3059\u3002\n\n```\n[root@alarmpi ~]# reboot\nConnection to 192.168.0.17 closed by remote host.\nConnection to 192.168.0.17 closed.\n```\n\nresize2fs\u3067\u30d1\u30fc\u30c6\u30a3\u30b7\u30e7\u30f3\u3092\u62e1\u5f35\u3002\n\n```\n[root@alarmpi ~]# resize2fs /dev/mmcblk0p5\nresize2fs 1.42.10 (18-May-2014)\nFilesystem at /dev/mmcblk0p5 is mounted on /; on-line resizing required\nold_desc_blocks = 1, new_desc_blocks = 1\nThe filesystem on /dev/mmcblk0p5 is now 3755008 blocks long.\n```\n\n\n## \u6700\u5f8c\u306e\u78ba\u8a8d\n\n`df`\u30b3\u30de\u30f3\u30c9\u3067\u78ba\u8a8d\u3057\u3066\u559c\u3073\u3092\u565b\u307f\u7de0\u3081\u307e\u3059\u3002\n\n```\n[root@alarmpi ~]# df -h\nFilesystem      Size  Used Avail Use% Mounted on\n/dev/root        15G  564M   13G   5% /\ndevtmpfs        214M     0  214M   0% /dev\ntmpfs           218M     0  218M   0% /dev/shm\ntmpfs           218M  292K  218M   1% /run\ntmpfs           218M     0  218M   0% /sys/fs/cgroup\ntmpfs           218M     0  218M   0% /tmp\n/dev/mmcblk0p1   90M   26M   65M  28% /boot\ntmpfs            44M     0   44M   0% /run/user/0\n```\n\nAvailable 13GB\uff01\u30d2\u30e3\u30c3\u30cf\u30fc\uff01\n\n----\n\n\u53c2\u8003\n\n* [How to expand Arch Linux root partition](http://raspberry-hosting.com/faq/how-expand-arch-linux-root-partition)\n", "tags": ["archLinux", "RaspberryPi"]}