{"context": "\u307f\u306a\u3055\u3093git\u306esubmodule\u3063\u3066\u7406\u89e3\u3057\u3066\u4f7f\u3063\u3066\u307e\u3059\u304b\uff1f\n\u89aa\u30d7\u30ed\u30b8\u30a7\u30af\u30c8\u3092pull\u3057\u305f\u3089\u3001submodule\u304cmodified\u306b\u306a\u3063\u3066\u6df7\u4e71\u3057\u3066git add\u3057\u3066...\u3042\u3070\u3070\u3070\u3070\u3002\u307f\u305f\u3044\u306a\u4e8b\u306a\u3044\u3067\u3059\u304b\uff1f\n\u79c1\u306fsubmodule\u304c\u306a\u304b\u306a\u304b\u7406\u89e3\u3067\u304d\u305a\u306b\u7d50\u69cb\u82e6\u52b4\u3057\u307e\u3057\u305f\u3002^^;\n\u30d6\u30e9\u30f3\u30c1\u5358\u4f4d\u3067\u7ba1\u7406\u3059\u308b\u901a\u5e38\u306e\u30ea\u30dd\u30b8\u30c8\u30ea\u3068\u9055\u3044\u3001submodule\u306fCommitID\u5358\u4f4d\u3067\u7ba1\u7406\u3059\u308b\u3068\u3044\u3046\u306e\u304c\u4e00\u756a\u7406\u89e3\u3057\u306b\u304f\u3044\u90e8\u5206\u3060\u3068\u601d\u3044\u307e\u3059\u3002\n\u4eca\u56de\u306f\u3001\u30d7\u30ed\u30b8\u30a7\u30af\u30c8\u306bsubmodule\u3092\u8ffd\u52a0\u3001\u66f4\u65b0\u3001\u524a\u9664\u306e\u52d5\u304d\u3092\u66f4\u65b0\u3092\u639b\u3051\u308b\u5074\u306e\u30d7\u30ed\u30b8\u30a7\u30af\u30c8\u3068\u66f4\u65b0\u3092\u53d7\u3051\u5165\u308c\u308b\u5074\u306e\u30d7\u30ed\u30b8\u30a7\u30af\u30c8\u306e2\u3064\u306e\u8996\u70b9\u304b\u3089\u8ffd\u3044\u306a\u304c\u3089\u3001CommitID\u3067\u7ba1\u7406\u3059\u308b\u3068\u306f\u3069\u3046\u3044\u3046\u4e8b\u306a\u306e\u304b\u3092\u89e3\u8aac\u3057\u3066\u3044\u304d\u307e\u3059\u3002\n(\u7d50\u8ad6\u3060\u3051\u898b\u305f\u3044\u4eba\u306f\u672b\u5c3e\u306e\u307e\u3068\u3081\u3078)\n\n\u6e96\u5099\n\u300csubmodule\u3092\u958b\u767a\u3059\u308b\u5f79\u5272\u306e\u30d7\u30ed\u30b8\u30a7\u30af\u30c8 test_app_A\u300d\u3068\u300csubmodule\u3092\u53d6\u308a\u5165\u308c\u308b\u5f79\u5272\u306e\u30d7\u30ed\u30b8\u30a7\u30af\u30c8 test_app_B\u300d\u3092\u7528\u610f\u3057\u3001\u66f4\u65b0\u3059\u308b\u5074\u3068\u66f4\u65b0\u3092\u53d7\u3051\u53d6\u308b\u5074\u306e\u52d5\u304d\u3092\u898b\u3066\u884c\u304d\u307e\u3059\u3002\n\nsubmodule\u3092\u958b\u767a\u3059\u308b\u5f79\u5272\u306e\u30d7\u30ed\u30b8\u30a7\u30af\u30c8 test_app_A\n\ngit clone git@github.com:yusukeyamatani/test_app.git test_app_A\n\n\nsubmodule\u3092\u53d6\u308a\u5165\u308c\u308b\u5f79\u5272\u306e\u30d7\u30ed\u30b8\u30a7\u30af\u30c8 test_app_B\n\ngit clone git@github.com:yusukeyamatani/test_app.git test_app_B\n\n\ntest_app_A\u306e\u6e96\u5099\n\ngit submodule add \u3067 submodule \u3092\u53d6\u308a\u8fbc\u3080\n\u307e\u305a\u3001git submodule add\u30b3\u30de\u30f3\u30c9\u3067test_app_submodule\u3092\u8ffd\u52a0\u3057\u307e\u3059\ntest_app_A $ git submodule add git@github.com:yusukeyamatani/test_app_submodule.git \nsubmodule/test_app_submodule\nCloning into 'submodule/test_app_submodule'...\nWarning: Permanently added 'github.com,192.30.252.131' (RSA) to the list of known hosts.\nremote: Counting objects: 3, done.\nremote: Compressing objects: 100% (2/2), done.\nremote: Total 3 (delta 0), reused 3 (delta 0), pack-reused 0\nReceiving objects: 100% (3/3), done.\nChecking connectivity... done.\n\n\nsubmodule \u304c\u30d7\u30ed\u30b8\u30a7\u30af\u30c8\u306b\u8ffd\u52a0\u3055\u308c\u305f\u4e8b\u3092\u78ba\u8a8d\u3059\u308b\ntest_app_A \u306e.gitmodules\u304c\u8ffd\u52a0\u3055\u308c\u3066\u3044\u308b\u306e\u3068\u3001\u65b0\u3057\u304f test_app_submodule \u30c7\u30a3\u30ec\u30af\u30c8\u30ea\u304c\u51fa\u6765\u3066\u3044\u308b\u306e\u304c\u78ba\u8a8d\u3067\u304d\u307e\u3059\u3002\ntest_app_A $ git stash\nOn branch develop\nChanges to be committed:\n  (use \"git reset HEAD <file>...\" to unstage)\n\n    new file:   .gitmodules\n    new file:   submodule/test_app_submodule\n\n\ngit status \u3067 test_app_A \u30d7\u30ed\u30b8\u30a7\u30af\u30c8\u306e\u5909\u66f4\u5185\u5bb9\u306e\u78ba\u8a8d\u3059\u308b\n\u66f4\u65b0\u306e\u5185\u5bb9\u3092\u78ba\u8a8d\u3059\u308b\u3068 .gitmodules \u306b test_app_submodule\u306e\u60c5\u5831\u304c\u66f8\u304b\u308c\u3066\u3044\u308b\u4e8b\u304c\u308f\u304b\u308a\u307e\u3059\u3002\ndiff --git a/.gitmodules b/.gitmodules\nnew file mode 100644\nindex 0000000..a255f9f\n--- /dev/null\n+++ b/.gitmodules\n@@ -0,0 +1,3 @@\n+[submodule \"submodule/test_app_submodule\"]\n+       path = submodule/test_app_submodule\n+       url = git@github.com:yusukeyamatani/test_app_submodule.git\ndiff --git a/submodule/test_app_submodule b/submodule/test_app_submodule\nnew file mode 160000\nindex 0000000..2406d35\n--- /dev/null\n+++ b/submodule/test_app_submodule\n@@ -0,0 +1 @@\n+Subproject commit 2406d35dbc1581e56f94ad122d7a9f7ff248a6ff\n\n\n.gitmodules \u3092\u78ba\u8a8d\u3059\u308b\n.gitmodules\u306e\u4e2d\u8eab\u306f\u3053\u3093\u306a\u611f\u3058\u3067\u3059\u3002\n[submodule \"submodule/test_app_submodule\"]\n       path = submodule/test_app_submodule \u2190 \u89aa\u30d7\u30ed\u30b8\u30a7\u30af\u30c8\u5185\u3067\u306esubmodule\u306epath\n       url = git@github.com:yusukeyamatani/test_app_submodule.git \u2190 submodle\u306egit URL\n\n\n.gitmodules \u306b\u3064\u3044\u3066\n\u3053\u306e .gitmodules \u306e\u66f4\u65b0\u60c5\u5831\u3092push\u3059\u308b\u3053\u3068\u3067\u3001\u5225\u306e\u4eba\u304c test_app \u306e\u6700\u65b0\u7248\u3092\u843d\u3068\u3057\u3066\u304d\u305f\u6642\u306b .gitmodules \u5185\u306e\u60c5\u5831\u3092\u5143\u306b\u5404 submodule \u306e\u30ea\u30e2\u30fc\u30c8\u30ea\u30dd\u30b8\u30c8\u30ea\u306b\u63a5\u7d9a\u3057\u306b\u3044\u304f\u308f\u3051\u3067\u3059\u306d\u3002\n\nsubmodule \u306f commitID \u3067\u7ba1\u7406\u3055\u308c\u3066\u3044\u308b\n\u3055\u3066\u3001\u6ce8\u76ee\u3057\u305f\u3044\u306e\u304c git stash \u3067\u78ba\u8a8d\u3057\u305f \u300cnew file: submodule/test_app_submodule\u300d \u306e\u90e8\u5206\u3002\n\u66f4\u65b0\u5185\u5bb9\u3092\u898b\u3066\u307f\u308b\u3068\u3001\n+Subproject commit 2406d35dbc1581e56f94ad122d7a9f7ff248a6ff \n\n\u3068\u306a\u3063\u3066\u3044\u307e\u3059\u3002\n\u3053\u308c\u306f test_app_A \u304c\u73fe\u5728\u53c2\u7167\u3057\u3066\u3044\u308b test_app_submodule \u306e CommitID \u306b\u306a\u308a\u307e\u3059\u3002\n\u5148\u307b\u3069\u30c7\u30a3\u30ec\u30af\u30c8\u30ea\u304c\u8ffd\u52a0\u3055\u308c\u3066\u3044\u308b\u3068\u8a00\u3044\u307e\u3057\u305f\u304c\u3001 \u30a4\u30e1\u30fc\u30b8\u3068\u3057\u3066\u306f\u30b7\u30f3\u30dc\u30ea\u30c3\u30af\u30ea\u30f3\u30af\u306e\u69d8\u306a\u30a4\u30e1\u30fc\u30b8 \u3092\u6301\u3063\u3066\u3082\u3089\u3046\u3068\u5206\u304b\u308a\u3084\u3059\u3044\u304b\u3068\u601d\u3044\u307e\u3059\u3002\n\nsubmodule \u306f CommitID \u3092\u53c2\u7167\u3059\u308b\u3082\u306e\u3067\u3042\u308b\n\u3053\u308c\u304c submodule \u306e\u7279\u5fb4\u3067\u3001test_app_A \u306e.gitmodules \u5185\u306e\u60c5\u5831\u3092\u5143\u306b submodule \u306e\u63a5\u7d9a\u5148\u3092\u78ba\u8a8d\u3057\u3001test_app_A \u306b\u4fdd\u5b58\u3055\u308c\u3066\u3044\u308b submodule \u306e CommitID \u306e\u60c5\u5831\u3092\u3082\u3068\u306b\u3001\u6b63\u3057\u3044\u30d0\u30fc\u30b8\u30e7\u30f3\u306e\u30bd\u30fc\u30b9\u30b3\u30fc\u30c9\u3092\u6301\u3063\u3066\u304f\u308b\u308f\u3051\u3067\u3059\u3002\n\u3053\u306e\u6642\u70b9\u3067\u3001\u901a\u5e38\u306e\u30ea\u30dd\u30b8\u30c8\u30ea\u3068\u9055\u3044\u8ffd\u8de1\u3059\u308b\u5bfe\u8c61\u304c\u30d6\u30e9\u30f3\u30c1\u3067\u306f\u306a\u304f\u3001 CommitID \u3067\u3042\u308b\u4e8b\u304c\u308f\u304b\u308a\u307e\u3059\u3002\n\n\nsubmodule \u304c\u53c2\u7167\u3057\u3066\u3044\u308b CommitID \u3092\u78ba\u8a8d\ntest_app_A \u304c\u53c2\u7167\u3057\u3066\u3044\u308b submodule \u306e CommitID \u306f\u4e0b\u8a18\u306e\u69d8\u306bgit submodule\u30b3\u30de\u30f3\u30c9\u3067\u78ba\u8a8d\u3067\u304d\u307e\u3059\u3002\ntest_app_A $ git submodule\n 2406d35dbc1581e56f94ad122d7a9f7ff248a6ff submodule/test_app_submodule (heads/master)\n\n\ntest_app_A \u30c7\u30a3\u30ec\u30af\u30c8\u30ea\u69cb\u6210\u306e\u78ba\u8a8d\ntest_app_submodule \u3092\u8ffd\u52a0\u3057\u305f\u3001test_app_A \u306e\u30c7\u30a3\u30ec\u30af\u30c8\u30ea\u69cb\u6210\u306f\u3053\u3093\u306a\u611f\u3058\u306b\u306a\u3063\u3066\u3044\u307e\u3059\u3002\ntest_app_A $ tree\n.\n\u251c\u2500\u2500 README.md\n\u2514\u2500\u2500 submodule\n    \u2514\u2500\u2500 test_app_submodule\n        \u2514\u2500\u2500 README.md\n\n\u4e0a\u8a18\u306e\u66f4\u65b0\u3092push\u3059\u308c\u3070\u3001\u4ed6\u306e\u4eba\u306b\u3082submodule\u306e\u8ffd\u52a0\u304c\u53cd\u6620\u3055\u308c\u308b\u3088\u3046\u306b\u306a\u308a\u307e\u3059\u3002\n\u3067\u306f\u3001\u305d\u306e\u4ed6\u306e\u4eba\u306e\u52d5\u304d\u3092\u898b\u308b\u70ba\u306btest_app_B\u5074\u306f\u3069\u3046\u306a\u308b\u306e\u304b\u898b\u3066\u307f\u307e\u3057\u3087\u3046\u3002\n\ntest_app_B\u306e\u6e96\u5099\n\u3067\u306f\u6b21\u306btest_app_B\u3092\u898b\u3066\u307f\u307e\u3059\u3002\n\ntest_app_B \u30d7\u30ed\u30b8\u30a7\u30af\u30c8\u3092 clone \u3057\u3066\u304f\u308b\ntest_app_B \u3092 clone \u3057\u305f\u3060\u3051\u3067\u306f subumodule \u5185\u90e8\u304c\u53cd\u6620\u3055\u308c\u3066\u3044\u306a\u3044\u4e8b\u304c\u308f\u304b\u308a\u307e\u3059\u3002(README.md\u304c\u7121\u3044\u3067\u3059\u306d)\ntest_app_B $ tree\n.\n\u251c\u2500\u2500 README.md\n\u2514\u2500\u2500 submodule\n    \u2514\u2500\u2500 test_app_submodule\n\n\nsubmodule \u306e\u53c2\u7167\u5148\u3092\u78ba\u8a8d\n\u53c2\u7167\u5148\u306e CommitID \u3092\u898b\u3066\u307f\u308b\u3068\u300c-\u300d(\u30de\u30a4\u30ca\u30b9)\u3068\u3064\u3044\u3066\u3044\u307e\u3059\u3002\n\u3053\u308c\u306f\u3001CommitID\u306e\u53c2\u7167\u5148\u306e\u60c5\u5831\u306f\u3042\u308b\u3051\u3069\u3001\u5b9f\u969b\u306b\u30bd\u30fc\u30b9\u30b3\u30fc\u30c9\u3092\u6301\u3063\u3066\u6765\u3066\u3044\u306a\u3044\u5834\u5408\u306b\u8868\u793a\u3055\u308c\u307e\u3059\u3002\n\u30b7\u30f3\u30dc\u30ea\u30c3\u30af\u30ea\u30f3\u30af\u304c\u3064\u306a\u304c\u3063\u3066\u3044\u306a\u3044\u30a4\u30e1\u30fc\u30b8\u3067\u3059\u304b\u306d\u3002\ntest_app_B $ git submodule\n-2406d35dbc1581e56f94ad122d7a9f7ff248a6ff submodule/test_app_submodule\n\n\nsubmodule \u3092\u53d6\u308a\u8fbc\u3080\n\u3067\u306f\u5b9f\u969b\u306b\u30bd\u30fc\u30b9\u30b3\u30fc\u30c9\u3092\u6301\u3063\u3066\u304d\u307e\u3059\u3002\ngit submodule update -i\u3067 submodule \u3092\u53d6\u308a\u8fbc\u307f\u307e\u3059\u3002\n-i \u30aa\u30d7\u30b7\u30e7\u30f3\u3092\u4ed8\u3051\u308b\u4e8b\u3067 init \u3068 update \u3092\u884c\u3063\u3066\u304f\u308c\u307e\u3059\u3002\ntest_app_B $ git submodule update -i\nSubmodule 'submodule/test_app_submodule' (git@github.com:yusukeyamatani/test_app_submodule.git) registered for path 'submodule/test_app_submodule'\nCloning into 'submodule/test_app_submodule'...\nWarning: Permanently added 'github.com,192.30.252.131' (RSA) to the list of known hosts.\nremote: Counting objects: 5, done.\nremote: Compressing objects: 100% (4/4), done.\nremote: Total 5 (delta 0), reused 5 (delta 0), pack-reused 0\nReceiving objects: 100% (5/5), done.\nChecking connectivity... done.\nSubmodule path 'submodule/test_app_submodule': checked out '2406d35dbc1581e56f94ad122d7a9f7ff248a6ff'\n\n\n\u53d6\u308a\u8fbc\u3081\u305f\u4e8b\u3092\u78ba\u8a8d\n\u78ba\u8a8d\u3059\u308b\u3068\u300c-\u300d\u304c\u53d6\u308c\u3066\u3001\u300c(heads/master)\u300d\u3068\u3044\u3046CommitID\u306e\u4f4d\u7f6e\u60c5\u5831\u3082\u8868\u793a\u3055\u308c\u3001test_app_submodule\u304c\u53cd\u6620\u3055\u308c\u3066\u3044\u308b\u4e8b\u304c\u5206\u304b\u308a\u307e\u3059\u3002\ntest_app_B $ git submodule\n 2406d35dbc1581e56f94ad122d7a9f7ff248a6ff submodule/test_app_submodule (heads/master)\n\ntest_app_B $ tree\n.\n\u251c\u2500\u2500 README.md\n\u2514\u2500\u2500 submodule\n    \u2514\u2500\u2500 test_app_submodule\n        \u2514\u2500\u2500 README.md\n\n\u3053\u308c\u3067test_app_A\u3068test_app_B\u306e\u6e96\u5099\u304c\u6574\u3044\u307e\u3057\u305f\u3002\n\nsubmodule \u3092\u66f4\u65b0\u3059\u308b\n\u3067\u306f\u3001\u6b21\u306b\u5b9f\u969b\u306b submodule \u306b\u66f4\u65b0\u3092\u304b\u3051\u305f\u6642\u306e test_app_A (\u66f4\u65b0\u5143) \u3068 test_app_B  (\u53d6\u308a\u8fbc\u307f\u5148) \u306e\u52d5\u304d\u3092\u898b\u3066\u307f\u307e\u3059\u3002\n\ntest_app_A \u306e submodule \u306e\u30d6\u30e9\u30f3\u30c1\u3092\u5909\u66f4\u3059\u308b\nsubmodule \u306e\u30d6\u30e9\u30f3\u30c1\u3092 master\u30d6\u30e9\u30f3\u30c1 \u304b\u3089 test\u30d6\u30e9\u30f3\u30c1 \u5909\u66f4\u3057\u307e\u3059\u3002\ntest_app_A/submodule/test_app_submodule $ git checkout -b test\nSwitched to a new branch 'test'\ntest_app_A/submodule/test_app_submodule $ git branch\n  master\n* test\n\n\ntest_app_A \u306e submodule \u66f4\u65b0\u3057 push \u3059\u308b\n\u8a66\u3057\u306b test_app_submodule \u306e test\u30d6\u30e9\u30f3\u30c1 \u306b test.txt \u30d5\u30a1\u30a4\u30eb\u8ffd\u52a0\u3092 commit \u3057\u3066\u3001push \u3057\u307e\u3059\u3002\ntest_app_A/submodule/test_app_submodule $ git stash\nOn branch test\nChanges to be committed:\n  (use \"git reset HEAD <file>...\" to unstage)\n\n    new file:   test.txt\n\n\n\u3053\u308c\u3067 test_app_submodule (test\u30d6\u30e9\u30f3\u30c1) \u306f test.txt \u3092\u8ffd\u52a0\u3057\u305f\u66f4\u65b0\u304c\u53cd\u6620\u3055\u308c\u307e\u3057\u305f\n\ntest_app_A \u30d7\u30ed\u30b8\u30a7\u30af\u30c8\u306e\u66f4\u65b0\u3092\u78ba\u8a8d\ntest_app_submodule \u306e\u66f4\u65b0\u304c\u51fa\u6765\u305f\u3089\u3001\u89aa\u306e test_app_A \u306e\u72b6\u614b\u3092\u78ba\u8a8d\u3057\u3066\u307f\u307e\u3059\u3002\n\u3059\u308b\u3068\u3001submodule/test_app_submodule (new commits)\u3068\u3044\u3046\u98a8\u306bsubmodule\u306e\u66f4\u65b0\u304c\u53cd\u6620\u3055\u308c\u3066\u3044\u307e\u3059\u3002\ntest_app_A $ git stash\nOn branch develop\nChanges not staged for commit:\n  (use \"git add <file>...\" to update what will be committed)\n  (use \"git checkout -- <file>...\" to discard changes in working directory)\n\n    modified:   submodule/test_app_submodule (new commits)\n\nno changes added to commit (use \"git add\" and/or \"git commit -a\")\n\n\u66f4\u65b0\u5185\u5bb9\u3092\u898b\u3066\u307f\u308b\u3068\u3001test_app_submodule \u3092\u66f4\u65b0\u3057\u305f\u4e8b\u306b\u3088\u308a\u3001\u53c2\u7167\u5148\u306e CommitID \u304c\u5148\u307b\u3069\u306e test.txt \u30d5\u30a1\u30a4\u30eb\u3092\u8ffd\u52a0\u3057\u305f\u30b3\u30df\u30c3\u30c8\u306e CommitID \u306b\u5909\u66f4\u3055\u308c\u3066\u3044\u307e\u3059\u3002\ntest_app_A $ git diff submodule/test_app_submodule\ndiff --git a/submodule/test_app_submodule b/submodule/test_app_submodule\nindex 2406d35..6514fb8 160000\n--- a/submodule/test_app_submodule\n+++ b/submodule/test_app_submodule\n@@ -1 +1 @@\n-Subproject commit 2406d35dbc1581e56f94ad122d7a9f7ff248a6ff\n+Subproject commit 6514fb8a80aa6606e60bd00e09bd5d9ff5f924fd\n\n\u3067\u306f\u3001test_app_A \u30d7\u30ed\u30b8\u30a7\u30af\u30c8\u3067\u3001\u3053\u306e\u4fee\u6b63\u5185\u5bb9\u3092 commit \u3057\u3066 push \u3057\u307e\u3059\u3002\n\ntest_app_B \u3067 submodule \u66f4\u65b0\u3092\u53d7\u3051\u5165\u308c\u308b\n\u5148\u307b\u3069\u306e test_app_A \u30d7\u30ed\u30b8\u30a7\u30af\u30c8\u306e\u66f4\u65b0 \u3092 test_app_B \u30d7\u30ed\u30b8\u30a7\u30af\u30c8\u306b\u53cd\u6620\u3059\u308b\u305f\u3081\u306b\u89aa\u30d7\u30ed\u30b8\u30a7\u30af\u30c8\u306e\u66f4\u65b0\u3092\u53d6\u308a\u5165\u308c\u307e\u3059\u3002\ntest_app_B $ git pull origin develop\nWarning: Permanently added 'github.com,192.30.252.128' (RSA) to the list of known hosts.\nremote: Counting objects: 3, done.\nremote: Compressing objects: 100% (1/1), done.\nremote: Total 3 (delta 1), reused 3 (delta 1), pack-reused 0\nUnpacking objects: 100% (3/3), done.\nFrom github.com:yusukeyamatani/test_app\n * branch            develop    -> FETCH_HEAD\n   9287540..29dfec3  develop    -> origin/develop\nUpdating 9287540..29dfec3\nFast-forward\n submodule/test_app_submodule | 2 +-\n 1 file changed, 1 insertion(+), 1 deletion(-)\n\n\u3059\u308b\u3068\u5148\u307b\u3069 test_app_A \u3067 submodule \u3092\u66f4\u65b0\u3057\u305f\u6642\u3068\u540c\u3058\u69d8\u306b\u3001\nmodified:   submodule/test_app_submodule (new commits)\n\u3068 test_app_submodule \u304c\u66f4\u65b0\u3055\u308c\u3066\u3044\u308b\u72b6\u614b\u306b\u306a\u308a\u307e\u3059\u3002\n\u3053\u308c\u306f\u3001pull\u3057 \u305f\u4e8b\u306b\u3088\u308a test_app_A \u3067\u66f4\u65b0\u3055\u308c\u305f test_app_submodule \u6700\u65b0\u306e\u53c2\u7167\u5148\u306e CommitID \u304c\u53cd\u6620\u3055\u308c\u305f\u306e\u3067\u3059\u304c\u3001test_app_B \u306e test_app_submodule \u304c\u73fe\u5728\u53c2\u7167\u3057\u3066\u3044\u308b CommitID \u306f\u53e4\u3044\u307e\u307e\u306a\u306e\u3067\u3001\u30ba\u30ec\u304c\u751f\u3058\u3066\u3044\u308b\u4e8b\u3067 modified \u3068\u306a\u3063\u3066\u3044\u308b\u72b6\u614b\u3067\u3059\u3002\ntest_app_B $ git stash\nOn branch develop\nChanges not staged for commit:\n  (use \"git add <file>...\" to update what will be committed)\n  (use \"git checkout -- <file>...\" to discard changes in working directory)\n\n    modified:   submodule/test_app_submodule (new commits)\n\nno changes added to commit (use \"git add\" and/or \"git commit -a\")\n\n\u5f53\u7136\u3067\u3059\u304c\u3001submodule\u3092\u66f4\u65b0\u3057\u3066\u30ba\u30ec\u304c\u306a\u304f\u308c\u3070modified\u306f\u6d88\u3048\u308b\u306e\u3067\u3001\u3053\u3053\u3067\u306emodified\u306f\u7121\u8996\u3057\u307e\u3059\u3002\n\n\u30dd\u30a4\u30f3\u30c8\n\u3053\u3053\u304c\u30a4\u30e1\u30fc\u30b8\u3057\u306b\u304f\u3044\u90e8\u5206\u306a\u306e\u3067\u3059\u304c\u3001\nsubmodule \u306f\u3042\u304f\u307e\u3067\u5225\u30ea\u30dd\u30b8\u30c8\u30ea\u306a\u306e\u3067\u3001\u89aa\u306e\u30ea\u30dd\u30b8\u30c8\u30ea\u306e\u66f4\u65b0\u3092\u53cd\u6620\u3057\u3066\u3082 submodule \u81ea\u4f53\u306f\u52dd\u624b\u306b\u66f4\u65b0\u3057\u3066\u304f\u308c\u306a\u3044\u306e\u3067\u3059\u3002\n\n\u65e2\u5b58\u306e CommitID \u53c2\u7167\u5148\u304c\u4e0a\u66f8\u304d\u3055\u308c\u308b\u5f62\u306b\u306a\u308b\uff1f\n\u5909\u66f4\u5185\u5bb9\u3082\u78ba\u8a8d\u3059\u308b\u3068 CommitID \u304c test_app_A \u306e\u6642\u3068\u9006\u3067\u3059\u306d\u3002\n\u5148\u307b\u3069\u8aac\u660e\u3057\u305f\u901a\u308a\u3001pull \u3057\u305f\u3053\u3068\u3067\u53c2\u7167\u5148\u304c\u65b0\u3057\u3044 CommitID \u306b\u306a\u3063\u3066\u3044\u308b\u306e\u3067\u3059\u304c\u3001\u3053\u306e test_app_B \u306e test_app_submodule \u81ea\u4f53\u306f\u307e\u3060\u53c2\u7167\u5148\u304c\u53e4\u3044\u307e\u307e\u306a\u306e\u3067\u3001\u53e4\u3044\u53c2\u7167\u5148\u306e CommitID \u304c\u4e0a\u66f8\u304d\u3057\u305f\u4e8b\u306b\u306a\u3063\u3066\u3044\u308b\u3088\u3046\u3067\u3059\u3002\n\u2193test_app_A \u306e\u6642\ntest_app_A $ git diff submodule/test_app_submodule\ndiff --git a/submodule/test_app_submodule b/submodule/test_app_submodule\nindex 2406d35..6514fb8 160000\n--- a/submodule/test_app_submodule\n+++ b/submodule/test_app_submodule\n@@ -1 +1 @@\n-Subproject commit 2406d35dbc1581e56f94ad122d7a9f7ff248a6ff \n+Subproject commit 6514fb8a80aa6606e60bd00e09bd5d9ff5f924fd\n\n\u2193\u4eca\u56de (test_app_B)\ntest_app_B $ git diff submodule/test_app_submodule\ndiff --git a/submodule/test_app_submodule b/submodule/test_app_submodule\nindex 6514fb8..2406d35 160000\n--- a/submodule/test_app_submodule\n+++ b/submodule/test_app_submodule\n@@ -1 +1 @@\n-Subproject commit 6514fb8a80aa6606e60bd00e09bd5d9ff5f924fd #test_app_A\u66f4\u65b0\u306e\u65b0\u3057\u3044\u53c2\u7167\u5148\n+Subproject commit 2406d35dbc1581e56f94ad122d7a9f7ff248a6ff #test_app_B\u53e4\u3044\u53c2\u7167\u5148\u304c\u4e0a\u66f8\u304d\u3057\u305f\u5f62\u306b\u306a\u308b\n\n\nsubmodule \u306e CommitID \u53c2\u7167\u5148\u3092\u78ba\u8a8d\n\u5ff5\u306e\u305f\u3081\u3001test_app_B \u306e submodule \u306e\u53c2\u7167\u5148\u3092\u78ba\u8a8d\u3057\u3066\u307f\u307e\u3059\u3002\n\u53e4\u3044CommitID\u306e\u300c2406d35...(heads/master)\u300d\u306b\u306a\u3063\u3066\u3044\u307e\u3059\u306d\u3002\n\u3088\u304f\u898b\u308b\u3068\u3001CommitID \u306e\u4f4d\u7f6e\u60c5\u5831\u306e\u30d6\u30e9\u30f3\u30c1\u3082 master\u30d6\u30e9\u30f3\u30c1 \u306b\u306a\u3063\u3066\u3044\u307e\u3059\u3002\n\u5148\u307b\u3069\u3001test_app_A \u3067 submodule \u3092\u66f4\u65b0\u3059\u308b\u969b\u306b test\u30d6\u30e9\u30f3\u30c1 \u306b\u5909\u66f4\u3057\u305f\u306e\u3067\u3001\u6700\u65b0\u306e\u53c2\u7167\u5148\u306f test\u30d6\u30e9\u30f3\u30c1 \u306b\u306a\u308b\u306f\u305a\u3067\u3059\u306d\u3002\ntest_app_B $ git submodule\n+2406d35dbc1581e56f94ad122d7a9f7ff248a6ff submodule/test_app_submodule (heads/master)\n\n\nsubmodule \u3092 update \u3059\u308b\ntest_app_B \u3067\u3082 git submodule update \u30b3\u30de\u30f3\u30c9\u3067 submodule \u306e\u66f4\u65b0\u3092\u53d6\u308a\u5165\u308c\u307e\u3059\u3002\n\u6700\u65b0\u306e CommitID \u306e\u300c6514fb8...\u300d\u306b checked out \u3057\u3066\u308b\u306e\u304c\u5206\u304b\u308a\u307e\u3059\u3002\ntest_app_B $ git submodule update\nSubmodule path 'submodule/test_app_submodule': checked out '6514fb8a80aa6606e60bd00e09bd5d9ff5f924fd'\n\n\n\u3082\u3046\u4e00\u5ea6 submodule \u306e CommitID \u53c2\u7167\u5148\u3092\u78ba\u8a8d\n\u6539\u3081\u3066 test_app_B \u3067\u306e\u53c2\u7167\u5148\u3092\u78ba\u8a8d\u3059\u308b\u3068\u3001\u3061\u3083\u3093\u3068\u53c2\u7167\u5148\u304c\u5909\u308f\u3063\u3066\u3044\u307e\u3059\u3002\nCommitID \u306e\u4f4d\u7f6e\u60c5\u5831\u306e\u30d6\u30e9\u30f3\u30c1\u3082test\u30d6\u30e9\u30f3\u30c1\u306b\u306a\u3063\u3066\u307e\u3059\u3002\ntest_app_B $ git submodule\n 6514fb8a80aa6606e60bd00e09bd5d9ff5f924fd submodule/test_app_submodule (remotes/origin/test)\n\n\n\u66f4\u65b0\u304c\u53cd\u6620\u3055\u308c\u305f\u304b\u30d5\u30a1\u30a4\u30eb\u306e\u6709\u7121\u3092\u78ba\u8a8d\n\u66f4\u65b0\u304c\u53cd\u6620\u3055\u308c\u305f\u306e\u3067\u3001tree\u30b3\u30de\u30f3\u30c9\u3067 test.txt \u304c\u8ffd\u52a0\u3055\u308c\u3066\u3044\u308b\u4e8b\u304c\u78ba\u8a8d\u3067\u304d\u307e\u3057\u305f\u3002\n\u3053\u308c\u3067\u3001submodule \u3082 test_app_A \u3068\u540c\u3058\u72b6\u614b\u306b\u306a\u308a\u307e\u3057\u305f\u3002\ntest_app_B $ tree\n.\n\u251c\u2500\u2500 README.md\n\u2514\u2500\u2500 submodule\n    \u2514\u2500\u2500 test_app_submodule\n        \u251c\u2500\u2500 README.md\n        \u2514\u2500\u2500 test.txt\n\n\u3082\u3061\u308d\u3093submodule\u3092\u66f4\u65b0\u3057\u305f\u4e8b\u306b\u3088\u308a\u3001\u89aa\u30d7\u30ed\u30b8\u30a7\u30af\u30c8\u306e\u5dee\u5206\u304c\u306a\u304f\u306a\u3063\u305f\u306e\u3067\u3001\u89aa\u30d7\u30ed\u30b8\u30a7\u30af\u30c8\u306e modified \u3082\u7121\u304f\u306a\u3063\u3066\u3044\u307e\u3059\u3002\ntest_app_B $ git stash\nOn branch develop\nnothing to commit, working directory clean\n\n\u3053\u308c\u3067\u3001test_app_A \u3082 test_app_B \u3082\u7121\u4e8b\u306b\u6700\u65b0\u306e submodule \u3092\u4fdd\u6301\u3059\u308b\u4e8b\u304c\u3067\u304d\u307e\u3057\u305f\u3002\n\nsubmodule\u306e\u524a\u9664\u3059\u308b\n\u6700\u5f8c\u306b\u3001submodule\u3092\u524a\u9664\u3057\u3066\u307f\u307e\u3059\u3002\n\n\u53c2\u7167\u5148\u3068\u306e\u30ea\u30f3\u30af\u3092\u5207\u308b\n\u307e\u305a\u306fgit submodule deinit \u30b3\u30de\u30f3\u30c9\u3067\u30b3\u30df\u30c3\u30c8\u306e\u53c2\u7167\u3092\u524a\u9664\u3057\u307e\u3059\u3002\ntest_app_A $ git submodule deinit submodule/test_app_submodule\nCleared directory 'submodule/test_app_submodule'\nSubmodule 'submodule/test_app_submodule' (git@github.com:yusukeyamatani/test_app_submodule.git) unregistered for path 'submodule/test_app_submodule'\n\n\u3053\u306e\u6642\u70b9\u3067submodule\u306e\u53c2\u7167\u5148\u3068\u306e\u30ea\u30f3\u30af\u304c\u5207\u308c\u308b\u5f62\u306b\u306a\u308a\u307e\u3059\u3002\n\u4e00\u756a\u521d\u3081\u306btest_app_B\u3067git submodule update -i\u3092\u884c\u3046\u524d\u3068\u540c\u3058\u72b6\u614b\u306b\u306a\u308a\u307e\u3059\u306d\u3002\n\u3053\u306e\u6642\u70b9\u3067\u306f\u3001.gitmodules \u306e\u4e2d\u306e\u60c5\u5831\u306f\u5065\u5728\u3067\u3059\u3002\ntest_app_A $ git submodule\n-6514fb8a80aa6606e60bd00e09bd5d9ff5f924fd submodule/test_app_submodule\n\ntest_app_A $ tree\n.\n\u251c\u2500\u2500 README.md\n\u2514\u2500\u2500 submodule\n \u00a0\u00a0 \u2514\u2500\u2500 test_app_submodule\n\n\n.gitmodules \u304b\u3089\u3082\u60c5\u5831\u3092\u524a\u9664\n\u6b21\u306bgit rm\u30b3\u30de\u30f3\u30c9\u3067.gitmodules\u5185\u304b\u3089\u3082\u60c5\u5831\u3092\u524a\u9664\u3057\u307e\u3059\u3002\ntest_app_A $ git rm submodule/test_app_submodule\nrm 'submodule/test_app_submodule'\n\n\n\u5909\u66f4\u5185\u5bb9\u306e\u78ba\u8a8d\n\u3067\u306f\u3001\u5909\u66f4\u5185\u5bb9\u3092\u78ba\u8a8d\u3057\u3066\u307f\u307e\u3057\u3087\u3046\u3002\n.gitmodules\u5185\u306e\u60c5\u5831\u3068\u3001\u53c2\u7167\u5148\u306eCommitID\u304c\u524a\u9664\u3055\u308c\u3066\u3044\u308b\u4e8b\u304c\u308f\u304b\u308a\u307e\u3059\u3002 \ngit stash\nOn branch develop\nChanges to be committed:\n  (use \"git reset HEAD <file>...\" to unstage)\n\n    modified:   .gitmodules\n    deleted:    submodule/test_app_submodule\n\ndiff --git a/.gitmodules b/.gitmodules\nindex a255f9f..e69de29 100644\n--- a/.gitmodules\n+++ b/.gitmodules\n@@ -1,3 +0,0 @@\n-[submodule \"submodule/test_app_submodule\"]\n-       path = submodule/test_app_submodule\n-       url = git@github.com:yusukeyamatani/test_app_submodule.git\ndiff --git a/submodule/test_app_submodule b/submodule/test_app_submodule\ndeleted file mode 160000\nindex 6514fb8..0000000\n--- a/submodule/test_app_submodule\n+++ /dev/null\n@@ -1 +0,0 @@\n-Subproject commit 6514fb8a80aa6606e60bd00e09bd5d9ff5f924fd\n\n\u30d5\u30a1\u30a4\u30eb\u3092\u78ba\u8a8d\u3057\u3066\u3082\u3001submodule\u30c7\u30a3\u30ec\u30af\u30c8\u30ea\u4ee5\u4e0b\u304c\u7a7a\u306a\u306e\u304c\u5206\u304b\u308a\u307e\u3059\u3002\ntest_app_A $ tree\n.\n\u251c\u2500\u2500 README.md\n\u2514\u2500\u2500 submodule\n\n\u3042\u3068\u306f\u3001\u3053\u306e\u4fee\u6b63\u3092\u30b3\u30df\u30c3\u30c8\u3057\u3001push\u3057\u305f\u3089\u524a\u9664\u5b8c\u4e86\u3067\u3059\u3002\n\u3061\u306a\u307f\u306b\u3001\u524a\u9664\u306e\u5834\u5408\u306ftest_app_B\u304c\u3053\u306e\u30b3\u30df\u30c3\u30c8pull\u3059\u308b\u3060\u3051\u3067\u3001submodule\u306e\u524a\u9664\u306f\u53cd\u6620\u3055\u308c\u307e\u3059\u3002\nsubmodule\u306e\u8ffd\u52a0\u3001\u66f4\u65b0\u3001\u524a\u9664\u307e\u3067\u306e\u57fa\u672c\u7684\u306a\u4f7f\u3044\u65b9\u3068\u3057\u3066\u306f\u4ee5\u4e0a\u306b\u306a\u308a\u307e\u3059\u3002\n\n\u307e\u3068\u3081\n\u9577\u3005\u3068\u8aac\u660e\u3057\u3066\u304d\u307e\u3057\u305f\u304c\u3001\u6700\u5f8c\u306bsubmodule\u3092\u899a\u3048\u308b\u70ba\u306e\u30dd\u30a4\u30f3\u30c8\u3092\u307e\u3068\u3081\u307e\u3059\u3002\n\nsubmodule\u306f.gitmodules\u3067\u7ba1\u7406\u3055\u308c\u3066\u3044\u308b\u3002\n\nsubmodule\u306fgit submodule add\u30b3\u30de\u30f3\u30c9\u3067\u8ffd\u52a0\u3055\u308c\u308b\u3002\nsubmodule\u306e\u30ea\u30dd\u30b8\u30c8\u30ea\u5148\u306e\u60c5\u5831\u7b49\u306f.gitmodules\u3068\u3044\u3046\u30d5\u30a1\u30a4\u30eb\u306b\u8a18\u8f09\u3055\u308c\u308b\u3002\n.gitmodules\u306b\u8a18\u8f09\u3055\u308c\u305f\u30ea\u30dd\u30b8\u30c8\u30ea\u60c5\u5831\u3068\u53c2\u7167\u5148\u306eCommitID\u60c5\u5831\u3092\u5143\u306bsubmodule\u3068\u63a5\u7d9a\u3059\u308b\u3002\n\n\nsubmodule\u306f\u89aa\u30d7\u30ed\u30b8\u30a7\u30af\u30c8\u306e\u7279\u5b9a\u306e\u30b3\u30df\u30c3\u30c8\u3068\u30b3\u30df\u30c3\u30c8\u5358\u4f4d\u3067\u7d10\u3065\u304f\u3002\n\nsubmodule\u3092\u8ffd\u8de1\u3059\u308b\u5bfe\u8c61\u306f\u30d6\u30e9\u30f3\u30c1\u3067\u306f\u306a\u304f\u30b3\u30df\u30c3\u30c8\u3067\u3042\u308b\u3002\nsubmodule\u306fCommitID\u3092\u53c2\u7167\u3059\u308b\u4e8b\u3067\u7ba1\u7406\u3057\u3066\u3044\u307e\u3059\u3002\n\ngit submodule\u30b3\u30de\u30f3\u30c9\u3067\u73fe\u5728\u306e\u53c2\u7167\u5148\u306eCommitID\u304c\u78ba\u8a8d\u3067\u304d\u307e\u3059\u3002\n\n\n\nsubmodule\u306fupdate\u30b3\u30de\u30f3\u30c9\u3067\u66f4\u65b0\u3057\u306a\u3051\u308c\u3070\u306a\u3089\u306a\u3044\u3002\n\n\u89aa\u30d7\u30ed\u30b8\u30a7\u30af\u30c8\u3092pull\u3067\u66f4\u65b0\u3057\u3066\u3082\u3001submodule\u306f\u52dd\u624b\u306b\u66f4\u65b0\u3055\u308c\u307e\u305b\u3093\u3002\n\u5fc5\u305agit submodule update\u30b3\u30de\u30f3\u30c9\u3067\u306e\u66f4\u65b0\u624b\u7d9a\u304d\u304c\u5fc5\u8981\u3002\n\u6700\u60aa\u306e\u5834\u5408\u300c\u89aa\u30d7\u30ed\u30b8\u30a7\u30af\u30c8\u3092pull\u3057\u305f\u6642\u306bsubmodule\u304cmodified\u306b\u306a\u3063\u3066\u3044\u305f\u3089submodule update\u3059\u308b\u300d\u3068\u3044\u3046\u304a\u307e\u3058\u306a\u3044\u3092\u899a\u3048\u3066\u304a\u3051\u3070\u306a\u3093\u3068\u304b\u306a\u308b\u3002\u7b11\n\n\nsubmodule\u524a\u9664\u3059\u308b\u3068\u304d\u306f\u30d5\u30a1\u30a4\u30eb\u3092\u6d88\u3059\u3060\u3051\u3067\u306f\u30c0\u30e1\n\n\ngit submodule deinit\u30b3\u30de\u30f3\u30c9\u3068git rm\u30b3\u30de\u30f3\u30c9\u306e\uff12\u6bb5\u968e\u3067\u524a\u9664\u3059\u308b\u3002\n\u524a\u9664\u306e\u5834\u5408\u306f\u89aa\u30d7\u30ed\u30b8\u30a7\u30af\u30c8\u3092pull\u3057\u305f\u3060\u3051\u3067\u3001\u524a\u9664\u304c\u53cd\u6620\u3055\u308c\u308b\u3002\n\ngit submodule deinit submodule/test_app_submodule  \ngit rm submodule/test_app_submodule\n\n\n\u5c0e\u5165\u30e1\u30ea\u30c3\u30c8\n\n\u89aa\u30d7\u30ed\u30b8\u30a7\u30af\u30c8\u304b\u3089\u5168\u3066\u306esubmodule\u306e\u30d0\u30fc\u30b8\u30e7\u30f3\u3092\u4e00\u62ec\u7ba1\u7406\u3067\u304d\u308b\u3002\nsubmodule\u306f\u3042\u304f\u307e\u3067\u5916\u90e8\u30e2\u30b8\u30e5\u30fc\u30eb\u306a\u306e\u3067\u3001\u89aa\u30d7\u30ed\u30b8\u30a7\u30af\u30c8\u3068\u5225\u9014\u958b\u767a\u304c\u3067\u304d\u308b\u3002\n\u30b3\u30df\u30c3\u30c8\u30ec\u30d9\u30eb\u3067\u5916\u90e8\u30e2\u30b8\u30e5\u30fc\u30eb(submodule)\u306e\u30d0\u30fc\u30b8\u30e7\u30f3\u3068\u7d10\u3065\u3051\u308b\u306e\u3067\u3001\u89aa\u30d7\u30ed\u30b8\u30a7\u30af\u30c8\u306e\u30d0\u30fc\u30b8\u30e7\u30f3\u3092\u5909\u66f4\u3057\u305f\u5834\u5408\u3082\u5b89\u5fc3\u3002\n\n\u3068\u307e\u3041\u3001\u3053\u3093\u306a\u611f\u3058\u3067\u3057\u3087\u3046\u304b^^;\n\u307f\u306a\u3055\u3093git\u306esubmodule\u3063\u3066\u7406\u89e3\u3057\u3066\u4f7f\u3063\u3066\u307e\u3059\u304b\uff1f\n\u89aa\u30d7\u30ed\u30b8\u30a7\u30af\u30c8\u3092pull\u3057\u305f\u3089\u3001submodule\u304cmodified\u306b\u306a\u3063\u3066\u6df7\u4e71\u3057\u3066git add\u3057\u3066...\u3042\u3070\u3070\u3070\u3070\u3002\u307f\u305f\u3044\u306a\u4e8b\u306a\u3044\u3067\u3059\u304b\uff1f\n\u79c1\u306fsubmodule\u304c\u306a\u304b\u306a\u304b\u7406\u89e3\u3067\u304d\u305a\u306b\u7d50\u69cb\u82e6\u52b4\u3057\u307e\u3057\u305f\u3002^^;\n\n\u30d6\u30e9\u30f3\u30c1\u5358\u4f4d\u3067\u7ba1\u7406\u3059\u308b\u901a\u5e38\u306e\u30ea\u30dd\u30b8\u30c8\u30ea\u3068\u9055\u3044\u3001submodule\u306f<b>CommitID\u5358\u4f4d\u3067\u7ba1\u7406\u3059\u308b</b>\u3068\u3044\u3046\u306e\u304c\u4e00\u756a\u7406\u89e3\u3057\u306b\u304f\u3044\u90e8\u5206\u3060\u3068\u601d\u3044\u307e\u3059\u3002\n\n\u4eca\u56de\u306f\u3001\u30d7\u30ed\u30b8\u30a7\u30af\u30c8\u306bsubmodule\u3092\u8ffd\u52a0\u3001\u66f4\u65b0\u3001\u524a\u9664\u306e\u52d5\u304d\u3092\u66f4\u65b0\u3092\u639b\u3051\u308b\u5074\u306e\u30d7\u30ed\u30b8\u30a7\u30af\u30c8\u3068\u66f4\u65b0\u3092\u53d7\u3051\u5165\u308c\u308b\u5074\u306e\u30d7\u30ed\u30b8\u30a7\u30af\u30c8\u306e2\u3064\u306e\u8996\u70b9\u304b\u3089\u8ffd\u3044\u306a\u304c\u3089\u3001CommitID\u3067\u7ba1\u7406\u3059\u308b\u3068\u306f\u3069\u3046\u3044\u3046\u4e8b\u306a\u306e\u304b\u3092\u89e3\u8aac\u3057\u3066\u3044\u304d\u307e\u3059\u3002\n(\u7d50\u8ad6\u3060\u3051\u898b\u305f\u3044\u4eba\u306f\u672b\u5c3e\u306e\u307e\u3068\u3081\u3078)\n\n# \u6e96\u5099\n\u300c<b>submodule\u3092\u958b\u767a\u3059\u308b\u5f79\u5272\u306e\u30d7\u30ed\u30b8\u30a7\u30af\u30c8 test_app_A</b>\u300d\u3068\u300c<b>submodule\u3092\u53d6\u308a\u5165\u308c\u308b\u5f79\u5272\u306e\u30d7\u30ed\u30b8\u30a7\u30af\u30c8 test_app_B</b>\u300d\u3092\u7528\u610f\u3057\u3001\u66f4\u65b0\u3059\u308b\u5074\u3068\u66f4\u65b0\u3092\u53d7\u3051\u53d6\u308b\u5074\u306e\u52d5\u304d\u3092\u898b\u3066\u884c\u304d\u307e\u3059\u3002\n\n\n* submodule\u3092\u958b\u767a\u3059\u308b\u5f79\u5272\u306e\u30d7\u30ed\u30b8\u30a7\u30af\u30c8 test_app_A\n\n```\ngit clone git@github.com:yusukeyamatani/test_app.git test_app_A\n```\n\n* submodule\u3092\u53d6\u308a\u5165\u308c\u308b\u5f79\u5272\u306e\u30d7\u30ed\u30b8\u30a7\u30af\u30c8 test_app_B\n\n```\ngit clone git@github.com:yusukeyamatani/test_app.git test_app_B\n```\n\n# test_app_A\u306e\u6e96\u5099\n\n## git submodule add \u3067 submodule \u3092\u53d6\u308a\u8fbc\u3080\n\n\u307e\u305a\u3001```git submodule add```\u30b3\u30de\u30f3\u30c9\u3067test_app_submodule\u3092\u8ffd\u52a0\u3057\u307e\u3059\n\n```bash\ntest_app_A $ git submodule add git@github.com:yusukeyamatani/test_app_submodule.git \nsubmodule/test_app_submodule\nCloning into 'submodule/test_app_submodule'...\nWarning: Permanently added 'github.com,192.30.252.131' (RSA) to the list of known hosts.\nremote: Counting objects: 3, done.\nremote: Compressing objects: 100% (2/2), done.\nremote: Total 3 (delta 0), reused 3 (delta 0), pack-reused 0\nReceiving objects: 100% (3/3), done.\nChecking connectivity... done.\n```\n\n## submodule \u304c\u30d7\u30ed\u30b8\u30a7\u30af\u30c8\u306b\u8ffd\u52a0\u3055\u308c\u305f\u4e8b\u3092\u78ba\u8a8d\u3059\u308b\n\ntest_app_A \u306e.gitmodules\u304c\u8ffd\u52a0\u3055\u308c\u3066\u3044\u308b\u306e\u3068\u3001\u65b0\u3057\u304f test_app_submodule \u30c7\u30a3\u30ec\u30af\u30c8\u30ea\u304c\u51fa\u6765\u3066\u3044\u308b\u306e\u304c\u78ba\u8a8d\u3067\u304d\u307e\u3059\u3002\n\n```bash\ntest_app_A $ git stash\nOn branch develop\nChanges to be committed:\n  (use \"git reset HEAD <file>...\" to unstage)\n\n    new file:   .gitmodules\n    new file:   submodule/test_app_submodule\n```\n\n## git status \u3067 test_app_A \u30d7\u30ed\u30b8\u30a7\u30af\u30c8\u306e\u5909\u66f4\u5185\u5bb9\u306e\u78ba\u8a8d\u3059\u308b\n\n\u66f4\u65b0\u306e\u5185\u5bb9\u3092\u78ba\u8a8d\u3059\u308b\u3068 .gitmodules \u306b test_app_submodule\u306e\u60c5\u5831\u304c\u66f8\u304b\u308c\u3066\u3044\u308b\u4e8b\u304c\u308f\u304b\u308a\u307e\u3059\u3002\n\n```diff\ndiff --git a/.gitmodules b/.gitmodules\nnew file mode 100644\nindex 0000000..a255f9f\n--- /dev/null\n+++ b/.gitmodules\n@@ -0,0 +1,3 @@\n+[submodule \"submodule/test_app_submodule\"]\n+       path = submodule/test_app_submodule\n+       url = git@github.com:yusukeyamatani/test_app_submodule.git\ndiff --git a/submodule/test_app_submodule b/submodule/test_app_submodule\nnew file mode 160000\nindex 0000000..2406d35\n--- /dev/null\n+++ b/submodule/test_app_submodule\n@@ -0,0 +1 @@\n+Subproject commit 2406d35dbc1581e56f94ad122d7a9f7ff248a6ff\n```\n\n## .gitmodules \u3092\u78ba\u8a8d\u3059\u308b\n\n.gitmodules\u306e\u4e2d\u8eab\u306f\u3053\u3093\u306a\u611f\u3058\u3067\u3059\u3002\n\n```vim\n[submodule \"submodule/test_app_submodule\"]\n       path = submodule/test_app_submodule \u2190 \u89aa\u30d7\u30ed\u30b8\u30a7\u30af\u30c8\u5185\u3067\u306esubmodule\u306epath\n       url = git@github.com:yusukeyamatani/test_app_submodule.git \u2190 submodle\u306egit URL\n```\n\n## .gitmodules \u306b\u3064\u3044\u3066\n\n\u3053\u306e .gitmodules \u306e\u66f4\u65b0\u60c5\u5831\u3092push\u3059\u308b\u3053\u3068\u3067\u3001\u5225\u306e\u4eba\u304c test_app \u306e\u6700\u65b0\u7248\u3092\u843d\u3068\u3057\u3066\u304d\u305f\u6642\u306b .gitmodules \u5185\u306e\u60c5\u5831\u3092\u5143\u306b\u5404 submodule \u306e\u30ea\u30e2\u30fc\u30c8\u30ea\u30dd\u30b8\u30c8\u30ea\u306b\u63a5\u7d9a\u3057\u306b\u3044\u304f\u308f\u3051\u3067\u3059\u306d\u3002\n\n## submodule \u306f commitID \u3067\u7ba1\u7406\u3055\u308c\u3066\u3044\u308b\n\n\u3055\u3066\u3001\u6ce8\u76ee\u3057\u305f\u3044\u306e\u304c git stash \u3067\u78ba\u8a8d\u3057\u305f \u300c```new file: submodule/test_app_submodule```\u300d \u306e\u90e8\u5206\u3002\n\n\u66f4\u65b0\u5185\u5bb9\u3092\u898b\u3066\u307f\u308b\u3068\u3001\n\n```diff\n+Subproject commit 2406d35dbc1581e56f94ad122d7a9f7ff248a6ff \n```\n\u3068\u306a\u3063\u3066\u3044\u307e\u3059\u3002\n\n\u3053\u308c\u306f test_app_A \u304c\u73fe\u5728\u53c2\u7167\u3057\u3066\u3044\u308b test_app_submodule \u306e CommitID \u306b\u306a\u308a\u307e\u3059\u3002\n\u5148\u307b\u3069\u30c7\u30a3\u30ec\u30af\u30c8\u30ea\u304c\u8ffd\u52a0\u3055\u308c\u3066\u3044\u308b\u3068\u8a00\u3044\u307e\u3057\u305f\u304c\u3001 <b>\u30a4\u30e1\u30fc\u30b8\u3068\u3057\u3066\u306f\u30b7\u30f3\u30dc\u30ea\u30c3\u30af\u30ea\u30f3\u30af\u306e\u69d8\u306a\u30a4\u30e1\u30fc\u30b8</b> \u3092\u6301\u3063\u3066\u3082\u3089\u3046\u3068\u5206\u304b\u308a\u3084\u3059\u3044\u304b\u3068\u601d\u3044\u307e\u3059\u3002\n\n## submodule \u306f CommitID \u3092\u53c2\u7167\u3059\u308b\u3082\u306e\u3067\u3042\u308b\n\n\u3053\u308c\u304c submodule \u306e\u7279\u5fb4\u3067\u3001test_app_A \u306e<b>.gitmodules \u5185\u306e\u60c5\u5831\u3092\u5143\u306b submodule \u306e\u63a5\u7d9a\u5148\u3092\u78ba\u8a8d</b>\u3057\u3001test_app_A \u306b\u4fdd\u5b58\u3055\u308c\u3066\u3044\u308b submodule \u306e <b>CommitID \u306e\u60c5\u5831\u3092\u3082\u3068\u306b\u3001\u6b63\u3057\u3044\u30d0\u30fc\u30b8\u30e7\u30f3\u306e\u30bd\u30fc\u30b9\u30b3\u30fc\u30c9\u3092\u6301\u3063\u3066\u304f\u308b</b>\u308f\u3051\u3067\u3059\u3002\n\n\u3053\u306e\u6642\u70b9\u3067\u3001\u901a\u5e38\u306e\u30ea\u30dd\u30b8\u30c8\u30ea\u3068\u9055\u3044\u8ffd\u8de1\u3059\u308b\u5bfe\u8c61\u304c\u30d6\u30e9\u30f3\u30c1\u3067\u306f\u306a\u304f\u3001 CommitID \u3067\u3042\u308b\u4e8b\u304c\u308f\u304b\u308a\u307e\u3059\u3002\n\n<img width=\"1003\" alt=\"\u30b9\u30af\u30ea\u30fc\u30f3\u30b7\u30e7\u30c3\u30c8_2016-05-04_11_30_06.png\" src=\"https://qiita-image-store.s3.amazonaws.com/0/93763/808cdfaf-ba02-8135-01d6-2f4304b22f32.png\">\n\n\n## submodule \u304c\u53c2\u7167\u3057\u3066\u3044\u308b CommitID \u3092\u78ba\u8a8d\ntest_app_A \u304c\u53c2\u7167\u3057\u3066\u3044\u308b submodule \u306e CommitID \u306f\u4e0b\u8a18\u306e\u69d8\u306b```git submodule```\u30b3\u30de\u30f3\u30c9\u3067\u78ba\u8a8d\u3067\u304d\u307e\u3059\u3002\n\n```bash\ntest_app_A $ git submodule\n 2406d35dbc1581e56f94ad122d7a9f7ff248a6ff submodule/test_app_submodule (heads/master)\n```\n\n\n## test_app_A \u30c7\u30a3\u30ec\u30af\u30c8\u30ea\u69cb\u6210\u306e\u78ba\u8a8d\ntest_app_submodule \u3092\u8ffd\u52a0\u3057\u305f\u3001test_app_A \u306e\u30c7\u30a3\u30ec\u30af\u30c8\u30ea\u69cb\u6210\u306f\u3053\u3093\u306a\u611f\u3058\u306b\u306a\u3063\u3066\u3044\u307e\u3059\u3002\n\n```bash\ntest_app_A $ tree\n.\n\u251c\u2500\u2500 README.md\n\u2514\u2500\u2500 submodule\n    \u2514\u2500\u2500 test_app_submodule\n        \u2514\u2500\u2500 README.md\n```\n\n\u4e0a\u8a18\u306e\u66f4\u65b0\u3092push\u3059\u308c\u3070\u3001\u4ed6\u306e\u4eba\u306b\u3082submodule\u306e\u8ffd\u52a0\u304c\u53cd\u6620\u3055\u308c\u308b\u3088\u3046\u306b\u306a\u308a\u307e\u3059\u3002\n\u3067\u306f\u3001\u305d\u306e\u4ed6\u306e\u4eba\u306e\u52d5\u304d\u3092\u898b\u308b\u70ba\u306btest_app_B\u5074\u306f\u3069\u3046\u306a\u308b\u306e\u304b\u898b\u3066\u307f\u307e\u3057\u3087\u3046\u3002\n\n# test_app_B\u306e\u6e96\u5099\n\u3067\u306f\u6b21\u306btest_app_B\u3092\u898b\u3066\u307f\u307e\u3059\u3002\n## test_app_B \u30d7\u30ed\u30b8\u30a7\u30af\u30c8\u3092 clone \u3057\u3066\u304f\u308b\n\ntest_app_B \u3092 clone \u3057\u305f\u3060\u3051\u3067\u306f subumodule \u5185\u90e8\u304c\u53cd\u6620\u3055\u308c\u3066\u3044\u306a\u3044\u4e8b\u304c\u308f\u304b\u308a\u307e\u3059\u3002(README.md\u304c\u7121\u3044\u3067\u3059\u306d)\n\n```bash\ntest_app_B $ tree\n.\n\u251c\u2500\u2500 README.md\n\u2514\u2500\u2500 submodule\n    \u2514\u2500\u2500 test_app_submodule\n```\n\n## submodule \u306e\u53c2\u7167\u5148\u3092\u78ba\u8a8d\n\n\u53c2\u7167\u5148\u306e CommitID \u3092\u898b\u3066\u307f\u308b\u3068\u300c-\u300d(\u30de\u30a4\u30ca\u30b9)\u3068\u3064\u3044\u3066\u3044\u307e\u3059\u3002\n\u3053\u308c\u306f\u3001CommitID\u306e\u53c2\u7167\u5148\u306e\u60c5\u5831\u306f\u3042\u308b\u3051\u3069\u3001\u5b9f\u969b\u306b\u30bd\u30fc\u30b9\u30b3\u30fc\u30c9\u3092\u6301\u3063\u3066\u6765\u3066\u3044\u306a\u3044\u5834\u5408\u306b\u8868\u793a\u3055\u308c\u307e\u3059\u3002\n\u30b7\u30f3\u30dc\u30ea\u30c3\u30af\u30ea\u30f3\u30af\u304c\u3064\u306a\u304c\u3063\u3066\u3044\u306a\u3044\u30a4\u30e1\u30fc\u30b8\u3067\u3059\u304b\u306d\u3002\n\n```bash\ntest_app_B $ git submodule\n-2406d35dbc1581e56f94ad122d7a9f7ff248a6ff submodule/test_app_submodule\n```\n\n## submodule \u3092\u53d6\u308a\u8fbc\u3080\n\n\u3067\u306f\u5b9f\u969b\u306b\u30bd\u30fc\u30b9\u30b3\u30fc\u30c9\u3092\u6301\u3063\u3066\u304d\u307e\u3059\u3002\n```git submodule update -i```\u3067 submodule \u3092\u53d6\u308a\u8fbc\u307f\u307e\u3059\u3002\n-i \u30aa\u30d7\u30b7\u30e7\u30f3\u3092\u4ed8\u3051\u308b\u4e8b\u3067 init \u3068 update \u3092\u884c\u3063\u3066\u304f\u308c\u307e\u3059\u3002\n\n```bash\ntest_app_B $ git submodule update -i\nSubmodule 'submodule/test_app_submodule' (git@github.com:yusukeyamatani/test_app_submodule.git) registered for path 'submodule/test_app_submodule'\nCloning into 'submodule/test_app_submodule'...\nWarning: Permanently added 'github.com,192.30.252.131' (RSA) to the list of known hosts.\nremote: Counting objects: 5, done.\nremote: Compressing objects: 100% (4/4), done.\nremote: Total 5 (delta 0), reused 5 (delta 0), pack-reused 0\nReceiving objects: 100% (5/5), done.\nChecking connectivity... done.\nSubmodule path 'submodule/test_app_submodule': checked out '2406d35dbc1581e56f94ad122d7a9f7ff248a6ff'\n```\n\n## \u53d6\u308a\u8fbc\u3081\u305f\u4e8b\u3092\u78ba\u8a8d\n\n\u78ba\u8a8d\u3059\u308b\u3068\u300c-\u300d\u304c\u53d6\u308c\u3066\u3001\u300c(heads/master)\u300d\u3068\u3044\u3046CommitID\u306e\u4f4d\u7f6e\u60c5\u5831\u3082\u8868\u793a\u3055\u308c\u3001test_app_submodule\u304c\u53cd\u6620\u3055\u308c\u3066\u3044\u308b\u4e8b\u304c\u5206\u304b\u308a\u307e\u3059\u3002\n\n```bash\ntest_app_B $ git submodule\n 2406d35dbc1581e56f94ad122d7a9f7ff248a6ff submodule/test_app_submodule (heads/master)\n```\n\n```bash\ntest_app_B $ tree\n.\n\u251c\u2500\u2500 README.md\n\u2514\u2500\u2500 submodule\n    \u2514\u2500\u2500 test_app_submodule\n        \u2514\u2500\u2500 README.md\n```\n\n\u3053\u308c\u3067test_app_A\u3068test_app_B\u306e\u6e96\u5099\u304c\u6574\u3044\u307e\u3057\u305f\u3002\n\n# submodule \u3092\u66f4\u65b0\u3059\u308b\n\u3067\u306f\u3001\u6b21\u306b\u5b9f\u969b\u306b submodule \u306b\u66f4\u65b0\u3092\u304b\u3051\u305f\u6642\u306e test_app_A (\u66f4\u65b0\u5143) \u3068 test_app_B  (\u53d6\u308a\u8fbc\u307f\u5148) \u306e\u52d5\u304d\u3092\u898b\u3066\u307f\u307e\u3059\u3002\n\n## test_app_A \u306e submodule \u306e\u30d6\u30e9\u30f3\u30c1\u3092\u5909\u66f4\u3059\u308b\nsubmodule \u306e\u30d6\u30e9\u30f3\u30c1\u3092 master\u30d6\u30e9\u30f3\u30c1 \u304b\u3089 test\u30d6\u30e9\u30f3\u30c1 \u5909\u66f4\u3057\u307e\u3059\u3002\n\n```bash\ntest_app_A/submodule/test_app_submodule $ git checkout -b test\nSwitched to a new branch 'test'\ntest_app_A/submodule/test_app_submodule $ git branch\n  master\n* test\n```\n\n## test_app_A \u306e submodule \u66f4\u65b0\u3057 push \u3059\u308b\n\u8a66\u3057\u306b test_app_submodule \u306e test\u30d6\u30e9\u30f3\u30c1 \u306b test.txt \u30d5\u30a1\u30a4\u30eb\u8ffd\u52a0\u3092 commit \u3057\u3066\u3001push \u3057\u307e\u3059\u3002\n\n```bash\ntest_app_A/submodule/test_app_submodule $ git stash\nOn branch test\nChanges to be committed:\n  (use \"git reset HEAD <file>...\" to unstage)\n\n    new file:   test.txt\n```\n<img width=\"980\" alt=\"\u30b9\u30af\u30ea\u30fc\u30f3\u30b7\u30e7\u30c3\u30c8_2016-05-04_19_42_59.png\" src=\"https://qiita-image-store.s3.amazonaws.com/0/93763/3fa61867-66be-fb9e-e3d2-87106b7921d4.png\">\n\n\u3053\u308c\u3067 test_app_submodule (test\u30d6\u30e9\u30f3\u30c1) \u306f test.txt \u3092\u8ffd\u52a0\u3057\u305f\u66f4\u65b0\u304c\u53cd\u6620\u3055\u308c\u307e\u3057\u305f\n\n\n## test_app_A \u30d7\u30ed\u30b8\u30a7\u30af\u30c8\u306e\u66f4\u65b0\u3092\u78ba\u8a8d\ntest_app_submodule \u306e\u66f4\u65b0\u304c\u51fa\u6765\u305f\u3089\u3001\u89aa\u306e test_app_A \u306e\u72b6\u614b\u3092\u78ba\u8a8d\u3057\u3066\u307f\u307e\u3059\u3002\n\u3059\u308b\u3068\u3001```submodule/test_app_submodule (new commits)```\u3068\u3044\u3046\u98a8\u306bsubmodule\u306e\u66f4\u65b0\u304c\u53cd\u6620\u3055\u308c\u3066\u3044\u307e\u3059\u3002\n\n```bash\ntest_app_A $ git stash\nOn branch develop\nChanges not staged for commit:\n  (use \"git add <file>...\" to update what will be committed)\n  (use \"git checkout -- <file>...\" to discard changes in working directory)\n\n    modified:   submodule/test_app_submodule (new commits)\n\nno changes added to commit (use \"git add\" and/or \"git commit -a\")\n```\n\n\u66f4\u65b0\u5185\u5bb9\u3092\u898b\u3066\u307f\u308b\u3068\u3001test_app_submodule \u3092\u66f4\u65b0\u3057\u305f\u4e8b\u306b\u3088\u308a\u3001\u53c2\u7167\u5148\u306e CommitID \u304c\u5148\u307b\u3069\u306e test.txt \u30d5\u30a1\u30a4\u30eb\u3092\u8ffd\u52a0\u3057\u305f\u30b3\u30df\u30c3\u30c8\u306e CommitID \u306b\u5909\u66f4\u3055\u308c\u3066\u3044\u307e\u3059\u3002\n\n```diff\ntest_app_A $ git diff submodule/test_app_submodule\ndiff --git a/submodule/test_app_submodule b/submodule/test_app_submodule\nindex 2406d35..6514fb8 160000\n--- a/submodule/test_app_submodule\n+++ b/submodule/test_app_submodule\n@@ -1 +1 @@\n-Subproject commit 2406d35dbc1581e56f94ad122d7a9f7ff248a6ff\n+Subproject commit 6514fb8a80aa6606e60bd00e09bd5d9ff5f924fd\n```\n\n\u3067\u306f\u3001test_app_A \u30d7\u30ed\u30b8\u30a7\u30af\u30c8\u3067\u3001\u3053\u306e\u4fee\u6b63\u5185\u5bb9\u3092 commit \u3057\u3066 push \u3057\u307e\u3059\u3002\n\n## test_app_B \u3067 submodule \u66f4\u65b0\u3092\u53d7\u3051\u5165\u308c\u308b\n\u5148\u307b\u3069\u306e test_app_A \u30d7\u30ed\u30b8\u30a7\u30af\u30c8\u306e\u66f4\u65b0 \u3092 test_app_B \u30d7\u30ed\u30b8\u30a7\u30af\u30c8\u306b\u53cd\u6620\u3059\u308b\u305f\u3081\u306b\u89aa\u30d7\u30ed\u30b8\u30a7\u30af\u30c8\u306e\u66f4\u65b0\u3092\u53d6\u308a\u5165\u308c\u307e\u3059\u3002\n\n```bash\ntest_app_B $ git pull origin develop\nWarning: Permanently added 'github.com,192.30.252.128' (RSA) to the list of known hosts.\nremote: Counting objects: 3, done.\nremote: Compressing objects: 100% (1/1), done.\nremote: Total 3 (delta 1), reused 3 (delta 1), pack-reused 0\nUnpacking objects: 100% (3/3), done.\nFrom github.com:yusukeyamatani/test_app\n * branch            develop    -> FETCH_HEAD\n   9287540..29dfec3  develop    -> origin/develop\nUpdating 9287540..29dfec3\nFast-forward\n submodule/test_app_submodule | 2 +-\n 1 file changed, 1 insertion(+), 1 deletion(-)\n```\n\n\u3059\u308b\u3068\u5148\u307b\u3069 test_app_A \u3067 submodule \u3092\u66f4\u65b0\u3057\u305f\u6642\u3068\u540c\u3058\u69d8\u306b\u3001\n```modified:   submodule/test_app_submodule (new commits)```\n\u3068 test_app_submodule \u304c\u66f4\u65b0\u3055\u308c\u3066\u3044\u308b\u72b6\u614b\u306b\u306a\u308a\u307e\u3059\u3002\n\n\u3053\u308c\u306f\u3001pull\u3057 \u305f\u4e8b\u306b\u3088\u308a test_app_A \u3067\u66f4\u65b0\u3055\u308c\u305f test_app_submodule \u6700\u65b0\u306e\u53c2\u7167\u5148\u306e CommitID \u304c\u53cd\u6620\u3055\u308c\u305f\u306e\u3067\u3059\u304c\u3001test_app_B \u306e test_app_submodule \u304c\u73fe\u5728\u53c2\u7167\u3057\u3066\u3044\u308b CommitID \u306f\u53e4\u3044\u307e\u307e\u306a\u306e\u3067\u3001\u30ba\u30ec\u304c\u751f\u3058\u3066\u3044\u308b\u4e8b\u3067 modified \u3068\u306a\u3063\u3066\u3044\u308b\u72b6\u614b\u3067\u3059\u3002\n\n```bash\ntest_app_B $ git stash\nOn branch develop\nChanges not staged for commit:\n  (use \"git add <file>...\" to update what will be committed)\n  (use \"git checkout -- <file>...\" to discard changes in working directory)\n\n    modified:   submodule/test_app_submodule (new commits)\n\nno changes added to commit (use \"git add\" and/or \"git commit -a\")\n```\n\n\u5f53\u7136\u3067\u3059\u304c\u3001submodule\u3092\u66f4\u65b0\u3057\u3066\u30ba\u30ec\u304c\u306a\u304f\u308c\u3070modified\u306f\u6d88\u3048\u308b\u306e\u3067\u3001\u3053\u3053\u3067\u306emodified\u306f\u7121\u8996\u3057\u307e\u3059\u3002\n\n## \u30dd\u30a4\u30f3\u30c8\n\u3053\u3053\u304c\u30a4\u30e1\u30fc\u30b8\u3057\u306b\u304f\u3044\u90e8\u5206\u306a\u306e\u3067\u3059\u304c\u3001\n<b>submodule \u306f\u3042\u304f\u307e\u3067\u5225\u30ea\u30dd\u30b8\u30c8\u30ea\u306a\u306e\u3067\u3001\u89aa\u306e\u30ea\u30dd\u30b8\u30c8\u30ea\u306e\u66f4\u65b0\u3092\u53cd\u6620\u3057\u3066\u3082 submodule \u81ea\u4f53\u306f\u52dd\u624b\u306b\u66f4\u65b0\u3057\u3066\u304f\u308c\u306a\u3044</b>\u306e\u3067\u3059\u3002\n\n## \u65e2\u5b58\u306e CommitID \u53c2\u7167\u5148\u304c\u4e0a\u66f8\u304d\u3055\u308c\u308b\u5f62\u306b\u306a\u308b\uff1f\n\n\u5909\u66f4\u5185\u5bb9\u3082\u78ba\u8a8d\u3059\u308b\u3068 CommitID \u304c test_app_A \u306e\u6642\u3068\u9006\u3067\u3059\u306d\u3002\n\u5148\u307b\u3069\u8aac\u660e\u3057\u305f\u901a\u308a\u3001pull \u3057\u305f\u3053\u3068\u3067\u53c2\u7167\u5148\u304c\u65b0\u3057\u3044 CommitID \u306b\u306a\u3063\u3066\u3044\u308b\u306e\u3067\u3059\u304c\u3001\u3053\u306e test_app_B \u306e test_app_submodule \u81ea\u4f53\u306f\u307e\u3060\u53c2\u7167\u5148\u304c\u53e4\u3044\u307e\u307e\u306a\u306e\u3067\u3001\u53e4\u3044\u53c2\u7167\u5148\u306e CommitID \u304c\u4e0a\u66f8\u304d\u3057\u305f\u4e8b\u306b\u306a\u3063\u3066\u3044\u308b\u3088\u3046\u3067\u3059\u3002\n\n\u2193test_app_A \u306e\u6642\n\n```diff\ntest_app_A $ git diff submodule/test_app_submodule\ndiff --git a/submodule/test_app_submodule b/submodule/test_app_submodule\nindex 2406d35..6514fb8 160000\n--- a/submodule/test_app_submodule\n+++ b/submodule/test_app_submodule\n@@ -1 +1 @@\n-Subproject commit 2406d35dbc1581e56f94ad122d7a9f7ff248a6ff \n+Subproject commit 6514fb8a80aa6606e60bd00e09bd5d9ff5f924fd\n```\n\n\u2193\u4eca\u56de (test_app_B)\n\n```diff\ntest_app_B $ git diff submodule/test_app_submodule\ndiff --git a/submodule/test_app_submodule b/submodule/test_app_submodule\nindex 6514fb8..2406d35 160000\n--- a/submodule/test_app_submodule\n+++ b/submodule/test_app_submodule\n@@ -1 +1 @@\n-Subproject commit 6514fb8a80aa6606e60bd00e09bd5d9ff5f924fd #test_app_A\u66f4\u65b0\u306e\u65b0\u3057\u3044\u53c2\u7167\u5148\n+Subproject commit 2406d35dbc1581e56f94ad122d7a9f7ff248a6ff #test_app_B\u53e4\u3044\u53c2\u7167\u5148\u304c\u4e0a\u66f8\u304d\u3057\u305f\u5f62\u306b\u306a\u308b\n```\n\n## submodule \u306e CommitID \u53c2\u7167\u5148\u3092\u78ba\u8a8d\n\n\u5ff5\u306e\u305f\u3081\u3001test_app_B \u306e submodule \u306e\u53c2\u7167\u5148\u3092\u78ba\u8a8d\u3057\u3066\u307f\u307e\u3059\u3002\n\u53e4\u3044CommitID\u306e\u300c2406d35...(heads/master)\u300d\u306b\u306a\u3063\u3066\u3044\u307e\u3059\u306d\u3002\n\n\u3088\u304f\u898b\u308b\u3068\u3001CommitID \u306e\u4f4d\u7f6e\u60c5\u5831\u306e\u30d6\u30e9\u30f3\u30c1\u3082 master\u30d6\u30e9\u30f3\u30c1 \u306b\u306a\u3063\u3066\u3044\u307e\u3059\u3002\n\u5148\u307b\u3069\u3001test_app_A \u3067 submodule \u3092\u66f4\u65b0\u3059\u308b\u969b\u306b test\u30d6\u30e9\u30f3\u30c1 \u306b\u5909\u66f4\u3057\u305f\u306e\u3067\u3001\u6700\u65b0\u306e\u53c2\u7167\u5148\u306f test\u30d6\u30e9\u30f3\u30c1 \u306b\u306a\u308b\u306f\u305a\u3067\u3059\u306d\u3002\n\n```bash\ntest_app_B $ git submodule\n+2406d35dbc1581e56f94ad122d7a9f7ff248a6ff submodule/test_app_submodule (heads/master)\n```\n\n## submodule \u3092 update \u3059\u308b\n\ntest_app_B \u3067\u3082 ```git submodule update``` \u30b3\u30de\u30f3\u30c9\u3067 submodule \u306e\u66f4\u65b0\u3092\u53d6\u308a\u5165\u308c\u307e\u3059\u3002\n\u6700\u65b0\u306e CommitID \u306e\u300c6514fb8...\u300d\u306b checked out \u3057\u3066\u308b\u306e\u304c\u5206\u304b\u308a\u307e\u3059\u3002\n\n```bash\ntest_app_B $ git submodule update\nSubmodule path 'submodule/test_app_submodule': checked out '6514fb8a80aa6606e60bd00e09bd5d9ff5f924fd'\n```\n\n## \u3082\u3046\u4e00\u5ea6 submodule \u306e CommitID \u53c2\u7167\u5148\u3092\u78ba\u8a8d\n\u6539\u3081\u3066 test_app_B \u3067\u306e\u53c2\u7167\u5148\u3092\u78ba\u8a8d\u3059\u308b\u3068\u3001\u3061\u3083\u3093\u3068\u53c2\u7167\u5148\u304c\u5909\u308f\u3063\u3066\u3044\u307e\u3059\u3002\nCommitID \u306e\u4f4d\u7f6e\u60c5\u5831\u306e\u30d6\u30e9\u30f3\u30c1\u3082test\u30d6\u30e9\u30f3\u30c1\u306b\u306a\u3063\u3066\u307e\u3059\u3002\n\n```bash\ntest_app_B $ git submodule\n 6514fb8a80aa6606e60bd00e09bd5d9ff5f924fd submodule/test_app_submodule (remotes/origin/test)\n```\n\n## \u66f4\u65b0\u304c\u53cd\u6620\u3055\u308c\u305f\u304b\u30d5\u30a1\u30a4\u30eb\u306e\u6709\u7121\u3092\u78ba\u8a8d\n\n\u66f4\u65b0\u304c\u53cd\u6620\u3055\u308c\u305f\u306e\u3067\u3001tree\u30b3\u30de\u30f3\u30c9\u3067 test.txt \u304c\u8ffd\u52a0\u3055\u308c\u3066\u3044\u308b\u4e8b\u304c\u78ba\u8a8d\u3067\u304d\u307e\u3057\u305f\u3002\n\u3053\u308c\u3067\u3001submodule \u3082 test_app_A \u3068\u540c\u3058\u72b6\u614b\u306b\u306a\u308a\u307e\u3057\u305f\u3002\n\n```bash\ntest_app_B $ tree\n.\n\u251c\u2500\u2500 README.md\n\u2514\u2500\u2500 submodule\n    \u2514\u2500\u2500 test_app_submodule\n        \u251c\u2500\u2500 README.md\n        \u2514\u2500\u2500 test.txt\n```\n\n\u3082\u3061\u308d\u3093submodule\u3092\u66f4\u65b0\u3057\u305f\u4e8b\u306b\u3088\u308a\u3001\u89aa\u30d7\u30ed\u30b8\u30a7\u30af\u30c8\u306e\u5dee\u5206\u304c\u306a\u304f\u306a\u3063\u305f\u306e\u3067\u3001\u89aa\u30d7\u30ed\u30b8\u30a7\u30af\u30c8\u306e modified \u3082\u7121\u304f\u306a\u3063\u3066\u3044\u307e\u3059\u3002\n\n```bash\ntest_app_B $ git stash\nOn branch develop\nnothing to commit, working directory clean\n```\n\n\u3053\u308c\u3067\u3001test_app_A \u3082 test_app_B \u3082\u7121\u4e8b\u306b\u6700\u65b0\u306e submodule \u3092\u4fdd\u6301\u3059\u308b\u4e8b\u304c\u3067\u304d\u307e\u3057\u305f\u3002\n\n\n#submodule\u306e\u524a\u9664\u3059\u308b\n\u6700\u5f8c\u306b\u3001submodule\u3092\u524a\u9664\u3057\u3066\u307f\u307e\u3059\u3002\n\n## \u53c2\u7167\u5148\u3068\u306e\u30ea\u30f3\u30af\u3092\u5207\u308b\n\u307e\u305a\u306f```git submodule deinit``` \u30b3\u30de\u30f3\u30c9\u3067\u30b3\u30df\u30c3\u30c8\u306e\u53c2\u7167\u3092\u524a\u9664\u3057\u307e\u3059\u3002\n\n```bash\ntest_app_A $ git submodule deinit submodule/test_app_submodule\nCleared directory 'submodule/test_app_submodule'\nSubmodule 'submodule/test_app_submodule' (git@github.com:yusukeyamatani/test_app_submodule.git) unregistered for path 'submodule/test_app_submodule'\n```\n\n\u3053\u306e\u6642\u70b9\u3067submodule\u306e\u53c2\u7167\u5148\u3068\u306e\u30ea\u30f3\u30af\u304c\u5207\u308c\u308b\u5f62\u306b\u306a\u308a\u307e\u3059\u3002\n\u4e00\u756a\u521d\u3081\u306btest_app_B\u3067```git submodule update -i```\u3092\u884c\u3046\u524d\u3068\u540c\u3058\u72b6\u614b\u306b\u306a\u308a\u307e\u3059\u306d\u3002\n\n\u3053\u306e\u6642\u70b9\u3067\u306f\u3001.gitmodules \u306e\u4e2d\u306e\u60c5\u5831\u306f\u5065\u5728\u3067\u3059\u3002\n\n```bash\ntest_app_A $ git submodule\n-6514fb8a80aa6606e60bd00e09bd5d9ff5f924fd submodule/test_app_submodule\n```\n\n```bash\ntest_app_A $ tree\n.\n\u251c\u2500\u2500 README.md\n\u2514\u2500\u2500 submodule\n \u00a0\u00a0 \u2514\u2500\u2500 test_app_submodule\n```\n\n## .gitmodules \u304b\u3089\u3082\u60c5\u5831\u3092\u524a\u9664\n\n\u6b21\u306b```git rm```\u30b3\u30de\u30f3\u30c9\u3067.gitmodules\u5185\u304b\u3089\u3082\u60c5\u5831\u3092\u524a\u9664\u3057\u307e\u3059\u3002\n\n```bash\ntest_app_A $ git rm submodule/test_app_submodule\nrm 'submodule/test_app_submodule'\n```\n\n## \u5909\u66f4\u5185\u5bb9\u306e\u78ba\u8a8d\n\n\u3067\u306f\u3001\u5909\u66f4\u5185\u5bb9\u3092\u78ba\u8a8d\u3057\u3066\u307f\u307e\u3057\u3087\u3046\u3002\n.gitmodules\u5185\u306e\u60c5\u5831\u3068\u3001\u53c2\u7167\u5148\u306eCommitID\u304c\u524a\u9664\u3055\u308c\u3066\u3044\u308b\u4e8b\u304c\u308f\u304b\u308a\u307e\u3059\u3002 \n\n```bash\ngit stash\nOn branch develop\nChanges to be committed:\n  (use \"git reset HEAD <file>...\" to unstage)\n\n\tmodified:   .gitmodules\n\tdeleted:    submodule/test_app_submodule\n```\n\n```diff\ndiff --git a/.gitmodules b/.gitmodules\nindex a255f9f..e69de29 100644\n--- a/.gitmodules\n+++ b/.gitmodules\n@@ -1,3 +0,0 @@\n-[submodule \"submodule/test_app_submodule\"]\n-       path = submodule/test_app_submodule\n-       url = git@github.com:yusukeyamatani/test_app_submodule.git\ndiff --git a/submodule/test_app_submodule b/submodule/test_app_submodule\ndeleted file mode 160000\nindex 6514fb8..0000000\n--- a/submodule/test_app_submodule\n+++ /dev/null\n@@ -1 +0,0 @@\n-Subproject commit 6514fb8a80aa6606e60bd00e09bd5d9ff5f924fd\n```\n\n\u30d5\u30a1\u30a4\u30eb\u3092\u78ba\u8a8d\u3057\u3066\u3082\u3001submodule\u30c7\u30a3\u30ec\u30af\u30c8\u30ea\u4ee5\u4e0b\u304c\u7a7a\u306a\u306e\u304c\u5206\u304b\u308a\u307e\u3059\u3002\n\n```bash\ntest_app_A $ tree\n.\n\u251c\u2500\u2500 README.md\n\u2514\u2500\u2500 submodule\n```\n\u3042\u3068\u306f\u3001\u3053\u306e\u4fee\u6b63\u3092\u30b3\u30df\u30c3\u30c8\u3057\u3001push\u3057\u305f\u3089\u524a\u9664\u5b8c\u4e86\u3067\u3059\u3002\n\u3061\u306a\u307f\u306b\u3001\u524a\u9664\u306e\u5834\u5408\u306ftest_app_B\u304c\u3053\u306e\u30b3\u30df\u30c3\u30c8pull\u3059\u308b\u3060\u3051\u3067\u3001submodule\u306e\u524a\u9664\u306f\u53cd\u6620\u3055\u308c\u307e\u3059\u3002\n\nsubmodule\u306e\u8ffd\u52a0\u3001\u66f4\u65b0\u3001\u524a\u9664\u307e\u3067\u306e\u57fa\u672c\u7684\u306a\u4f7f\u3044\u65b9\u3068\u3057\u3066\u306f\u4ee5\u4e0a\u306b\u306a\u308a\u307e\u3059\u3002\n\n#\u307e\u3068\u3081\n\u9577\u3005\u3068\u8aac\u660e\u3057\u3066\u304d\u307e\u3057\u305f\u304c\u3001\u6700\u5f8c\u306bsubmodule\u3092\u899a\u3048\u308b\u70ba\u306e\u30dd\u30a4\u30f3\u30c8\u3092\u307e\u3068\u3081\u307e\u3059\u3002\n\n## submodule\u306f.gitmodules\u3067\u7ba1\u7406\u3055\u308c\u3066\u3044\u308b\u3002\n* submodule\u306f```git submodule add```\u30b3\u30de\u30f3\u30c9\u3067\u8ffd\u52a0\u3055\u308c\u308b\u3002\n* submodule\u306e\u30ea\u30dd\u30b8\u30c8\u30ea\u5148\u306e\u60c5\u5831\u7b49\u306f.gitmodules\u3068\u3044\u3046\u30d5\u30a1\u30a4\u30eb\u306b\u8a18\u8f09\u3055\u308c\u308b\u3002\n* .gitmodules\u306b\u8a18\u8f09\u3055\u308c\u305f\u30ea\u30dd\u30b8\u30c8\u30ea\u60c5\u5831\u3068\u53c2\u7167\u5148\u306eCommitID\u60c5\u5831\u3092\u5143\u306bsubmodule\u3068\u63a5\u7d9a\u3059\u308b\u3002\n\n## submodule\u306f\u89aa\u30d7\u30ed\u30b8\u30a7\u30af\u30c8\u306e\u7279\u5b9a\u306e\u30b3\u30df\u30c3\u30c8\u3068\u30b3\u30df\u30c3\u30c8\u5358\u4f4d\u3067\u7d10\u3065\u304f\u3002\n* submodule\u3092\u8ffd\u8de1\u3059\u308b\u5bfe\u8c61\u306f\u30d6\u30e9\u30f3\u30c1\u3067\u306f\u306a\u304f\u30b3\u30df\u30c3\u30c8\u3067\u3042\u308b\u3002\n* submodule\u306fCommitID\u3092\u53c2\u7167\u3059\u308b\u4e8b\u3067\u7ba1\u7406\u3057\u3066\u3044\u307e\u3059\u3002\n* ```git submodule```\u30b3\u30de\u30f3\u30c9\u3067\u73fe\u5728\u306e\u53c2\u7167\u5148\u306eCommitID\u304c\u78ba\u8a8d\u3067\u304d\u307e\u3059\u3002\n    \n![submodule_commit.png](https://qiita-image-store.s3.amazonaws.com/0/93763/13f11972-2d66-3c5e-aea1-82248c2c7f96.png)\n\n## submodule\u306fupdate\u30b3\u30de\u30f3\u30c9\u3067\u66f4\u65b0\u3057\u306a\u3051\u308c\u3070\u306a\u3089\u306a\u3044\u3002\n* \u89aa\u30d7\u30ed\u30b8\u30a7\u30af\u30c8\u3092pull\u3067\u66f4\u65b0\u3057\u3066\u3082\u3001submodule\u306f\u52dd\u624b\u306b\u66f4\u65b0\u3055\u308c\u307e\u305b\u3093\u3002\n* \u5fc5\u305a```git submodule update```\u30b3\u30de\u30f3\u30c9\u3067\u306e\u66f4\u65b0\u624b\u7d9a\u304d\u304c\u5fc5\u8981\u3002\n* \u6700\u60aa\u306e\u5834\u5408<b>\u300c\u89aa\u30d7\u30ed\u30b8\u30a7\u30af\u30c8\u3092pull\u3057\u305f\u6642\u306bsubmodule\u304cmodified\u306b\u306a\u3063\u3066\u3044\u305f\u3089submodule update\u3059\u308b\u300d</b>\u3068\u3044\u3046\u304a\u307e\u3058\u306a\u3044\u3092\u899a\u3048\u3066\u304a\u3051\u3070\u306a\u3093\u3068\u304b\u306a\u308b\u3002\u7b11\n\n## submodule\u524a\u9664\u3059\u308b\u3068\u304d\u306f\u30d5\u30a1\u30a4\u30eb\u3092\u6d88\u3059\u3060\u3051\u3067\u306f\u30c0\u30e1\n* ```git submodule deinit```\u30b3\u30de\u30f3\u30c9\u3068```git rm```\u30b3\u30de\u30f3\u30c9\u306e\uff12\u6bb5\u968e\u3067\u524a\u9664\u3059\u308b\u3002\n* \u524a\u9664\u306e\u5834\u5408\u306f\u89aa\u30d7\u30ed\u30b8\u30a7\u30af\u30c8\u3092pull\u3057\u305f\u3060\u3051\u3067\u3001\u524a\u9664\u304c\u53cd\u6620\u3055\u308c\u308b\u3002\n\n```bash\ngit submodule deinit submodule/test_app_submodule  \ngit rm submodule/test_app_submodule\n```\n\n\n## \u5c0e\u5165\u30e1\u30ea\u30c3\u30c8\n* \u89aa\u30d7\u30ed\u30b8\u30a7\u30af\u30c8\u304b\u3089\u5168\u3066\u306esubmodule\u306e\u30d0\u30fc\u30b8\u30e7\u30f3\u3092\u4e00\u62ec\u7ba1\u7406\u3067\u304d\u308b\u3002\n* submodule\u306f\u3042\u304f\u307e\u3067\u5916\u90e8\u30e2\u30b8\u30e5\u30fc\u30eb\u306a\u306e\u3067\u3001\u89aa\u30d7\u30ed\u30b8\u30a7\u30af\u30c8\u3068\u5225\u9014\u958b\u767a\u304c\u3067\u304d\u308b\u3002\n* \u30b3\u30df\u30c3\u30c8\u30ec\u30d9\u30eb\u3067\u5916\u90e8\u30e2\u30b8\u30e5\u30fc\u30eb(submodule)\u306e\u30d0\u30fc\u30b8\u30e7\u30f3\u3068\u7d10\u3065\u3051\u308b\u306e\u3067\u3001\u89aa\u30d7\u30ed\u30b8\u30a7\u30af\u30c8\u306e\u30d0\u30fc\u30b8\u30e7\u30f3\u3092\u5909\u66f4\u3057\u305f\u5834\u5408\u3082\u5b89\u5fc3\u3002\n\n\n\u3068\u307e\u3041\u3001\u3053\u3093\u306a\u611f\u3058\u3067\u3057\u3087\u3046\u304b^^;\n", "tags": ["Git", "submodule", "GitHub", "\u5165\u9580", "\u521d\u5fc3\u8005"]}