{"context": " More than 1 year has passed since last update.$ git remote add upstream@octopress-tagcloud git://github.com/tokkonopapa/octopress-tagcloud.git\n$ git fetch upstream@octopress-tagcloud\n$ git show upstream@octopress-tagcloud/master:plugins/tag_cloud.rb | less\n$ git archive upstream@octopress-tagcloud/master --format=tar | tar tvf -\n-rw-rw-r--  0 root   root     1221 Jul 15  2013 README.md\ndrwxrwxr-x  0 root   root        0 Jul 15  2013 plugins/\n-rw-rw-r--  0 root   root     3080 Jul 15  2013 plugins/tag_cloud.rb\ndrwxrwxr-x  0 root   root        0 Jul 15  2013 source/\ndrwxrwxr-x  0 root   root        0 Jul 15  2013 source/_includes/\ndrwxrwxr-x  0 root   root        0 Jul 15  2013 source/_includes/custom/\ndrwxrwxr-x  0 root   root        0 Jul 15  2013 source/_includes/custom/asides/\n-rw-rw-r--  0 root   root      108 Jul 15  2013 source/_includes/custom/asides/category_list.html\n-rw-rw-r--  0 root   root      103 Jul 15  2013 source/_includes/custom/asides/tag_cloud.html\n$ git archive upstream@octopress-tagcloud/master --format=tar | tar xf - -C octopress/plugins/ --strip=1 plugins/tag_cloud.rb\n$ git archive upstream@octopress-tagcloud/master --format=tar | tar xf - -C octopress/source/_includes/custom/asides/ --strip=4 source/_includes/custom/asides/tag_cloud.html\n$ git archive upstream@octopress-tagcloud/master --format=tar | tar xf - -C octopress/source/_includes/custom/asides/ --strip=4 source/_includes/custom/asides/category_list.html\n$ git status\nOn branch master\nUntracked files:\n  (use \"git add <file>...\" to include in what will be committed)\n\n    octopress/plugins/tag_cloud.rb\n    octopress/source/_includes/custom/asides/category_list.html\n    octopress/source/_includes/custom/asides/tag_cloud.html\n\nnothing added to commit but untracked files present (use \"git add\" to track)\n$ git add -A .\n$ git commit -m \"Initial Setup: octopress-tagcloud\"\n$ git push origin master\n\n\n```console\n$ git remote add upstream@octopress-tagcloud git://github.com/tokkonopapa/octopress-tagcloud.git\n$ git fetch upstream@octopress-tagcloud\n$ git show upstream@octopress-tagcloud/master:plugins/tag_cloud.rb | less\n$ git archive upstream@octopress-tagcloud/master --format=tar | tar tvf -\n-rw-rw-r--  0 root   root     1221 Jul 15  2013 README.md\ndrwxrwxr-x  0 root   root        0 Jul 15  2013 plugins/\n-rw-rw-r--  0 root   root     3080 Jul 15  2013 plugins/tag_cloud.rb\ndrwxrwxr-x  0 root   root        0 Jul 15  2013 source/\ndrwxrwxr-x  0 root   root        0 Jul 15  2013 source/_includes/\ndrwxrwxr-x  0 root   root        0 Jul 15  2013 source/_includes/custom/\ndrwxrwxr-x  0 root   root        0 Jul 15  2013 source/_includes/custom/asides/\n-rw-rw-r--  0 root   root      108 Jul 15  2013 source/_includes/custom/asides/category_list.html\n-rw-rw-r--  0 root   root      103 Jul 15  2013 source/_includes/custom/asides/tag_cloud.html\n$ git archive upstream@octopress-tagcloud/master --format=tar | tar xf - -C octopress/plugins/ --strip=1 plugins/tag_cloud.rb\n$ git archive upstream@octopress-tagcloud/master --format=tar | tar xf - -C octopress/source/_includes/custom/asides/ --strip=4 source/_includes/custom/asides/tag_cloud.html\n$ git archive upstream@octopress-tagcloud/master --format=tar | tar xf - -C octopress/source/_includes/custom/asides/ --strip=4 source/_includes/custom/asides/category_list.html\n$ git status\nOn branch master\nUntracked files:\n  (use \"git add <file>...\" to include in what will be committed)\n\n\toctopress/plugins/tag_cloud.rb\n\toctopress/source/_includes/custom/asides/category_list.html\n\toctopress/source/_includes/custom/asides/tag_cloud.html\n\nnothing added to commit but untracked files present (use \"git add\" to track)\n$ git add -A .\n$ git commit -m \"Initial Setup: octopress-tagcloud\"\n$ git push origin master\n```\n", "tags": ["Octopress", "Git"]}