{"tags": ["Git", "FuelPHP", "PHP"], "context": "\u30ed\u30fc\u30ab\u30eb\u3067\u4f5c\u696d\u3092\u3059\u308b\u3068\u304d\u306b\u3001\nfuel/app/config/development/db.php\n\n\u3067\u8a2d\u5b9a\u3092\u5909\u66f4\u3057\u307e\u3057\u305f\u3002\n\u307e\u305f\u3001\nhttp://qiita.com/maximum80/items/729af0392a84a3196088\n\u3067\u66f8\u304b\u308c\u3066\u3044\u308b\u3088\u3046\u306b\u3001composer\u306e\u30a2\u30c3\u30d7\u30c7\u30fc\u30c8\u3092\u884c\u3044\u307e\u3057\u305f\u3002\n\u305d\u306e\u5f8c\u306b\u30ea\u30e2\u30fc\u30c8\u306e\u6700\u65b0\u72b6\u614b\u3092pull\u3057\u3088\u3046\u3068\u3059\u308b\u3068\u3001\nCannot pull with rebase: You have unstaged changes.\nPlease commit or stash them.\n\n\u3068git\u306b\u6012\u3089\u308c\u3066\u3057\u307e\u3044\u307e\u3059\u3002\n\u3067\u3082\u3001\u30ed\u30fc\u30ab\u30eb\u3067\u306e\u958b\u767a\u7528\u306b\u8a2d\u5b9a\u3057\u3066\u3044\u308b\u30d5\u30a1\u30a4\u30eb\u306a\u306e\u3067\u3001\u3053\u306e\u5b50\u9054\u306f\u30b3\u30df\u30c3\u30c8\u3057\u305f\u304f\u3042\u308a\u307e\u305b\u3093\u3002\n\u305d\u3093\u306a\u6642\u306e\u5bfe\u51e6\u6cd5\u3067\u3059\u3002\n\n1. git rm --cached \u30d5\u30a1\u30a4\u30eb\u540d\n\u307e\u305a\u3001\n$ git status\nChanges not staged for commit:\n  (use \"git add <file>...\" to update what will be committed)\n  (use \"git checkout -- <file>...\" to discard changes in working directory)\n\n    modified:   composer.phar\n    modified:   fuel/app/config/development/db.php\n\n\n\u3068\u3001\u30b9\u30c6\u30fc\u30b8\u30f3\u30b0\u3092\u3057\u3066\u3044\u306a\u3044\u30d5\u30a1\u30a4\u30eb\u304c2\u3064\u3042\u308a\u307e\u3059\u3002\n\u3053\u308c\u3089\u306e\u30d5\u30a1\u30a4\u30eb\u306e\u5909\u66f4\u5c65\u6b74\u3092git\u304b\u3089\u524a\u9664\u3057\u307e\u3057\u3087\u3046\u3002\n$ git rm --cached fuel/app/config/development/db.php\n$ git rm --cached composer.phar\n\n\u3053\u308c\u3067\u3001\u5909\u66f4\u3092\u3057\u305f\u3068\u3044\u3046\u5c65\u6b74\u304cgit\u304b\u3089\u524a\u9664\u3055\u308c\u307e\u3059\u3002\n\n2. .gitignore\u306b\u6307\u5b9a\u306e\u30d5\u30a1\u30a4\u30eb\u3092\u8ffd\u8a18\n.gitignore\u306f\u3001\ngit\u306b\u7121\u8996\u3092\u3055\u305b\u308b\u30d5\u30a1\u30a4\u30eb\uff08\u5909\u66f4\u3092\u3057\u3066\u3082\u7121\u8996\u3092\u3059\u308b\uff09\u30d5\u30a1\u30a4\u30eb\u3092\u6307\u5b9a\u3059\u308b\u30d5\u30a1\u30a4\u30eb\u306e\u3053\u3068\u3067\u3059\u3002\n$ vim .gitignore\n\n/fuel/app/config/development/db.php\ncomposer.phar\n\n\u3068\u3001\u5909\u66f4\u3092\u7121\u8996\u3057\u305f\u3044\u30d5\u30a1\u30a4\u30eb\u3092\u8ffd\u8a18\u3059\u308c\u3070\u30aa\u30fc\u30b1\u30fc\u3002\n$ git status\nOn branch master\nYour branch and 'origin/master' have diverged,\nand have 131 and 1 different commit each, respectively.\n  (use \"git pull\" to merge the remote branch into yours)\n\nnothing to commit, working directory clean\n\n\u3068\u306a\u3063\u3066\u3044\u308c\u3070\u5b8c\u4e86\u3002\n[\u53c2\u8003URL]\nhttp://www.omakase.org/misc/gitignore.html\n\u30ed\u30fc\u30ab\u30eb\u3067\u4f5c\u696d\u3092\u3059\u308b\u3068\u304d\u306b\u3001\n\n```\nfuel/app/config/development/db.php\n```\n\n\u3067\u8a2d\u5b9a\u3092\u5909\u66f4\u3057\u307e\u3057\u305f\u3002\n\u307e\u305f\u3001\nhttp://qiita.com/maximum80/items/729af0392a84a3196088\n\u3067\u66f8\u304b\u308c\u3066\u3044\u308b\u3088\u3046\u306b\u3001composer\u306e\u30a2\u30c3\u30d7\u30c7\u30fc\u30c8\u3092\u884c\u3044\u307e\u3057\u305f\u3002\n\n\u305d\u306e\u5f8c\u306b\u30ea\u30e2\u30fc\u30c8\u306e\u6700\u65b0\u72b6\u614b\u3092pull\u3057\u3088\u3046\u3068\u3059\u308b\u3068\u3001\n\n```\nCannot pull with rebase: You have unstaged changes.\nPlease commit or stash them.\n```\n\n\u3068git\u306b\u6012\u3089\u308c\u3066\u3057\u307e\u3044\u307e\u3059\u3002\n\n\u3067\u3082\u3001\u30ed\u30fc\u30ab\u30eb\u3067\u306e\u958b\u767a\u7528\u306b\u8a2d\u5b9a\u3057\u3066\u3044\u308b\u30d5\u30a1\u30a4\u30eb\u306a\u306e\u3067\u3001\u3053\u306e\u5b50\u9054\u306f\u30b3\u30df\u30c3\u30c8\u3057\u305f\u304f\u3042\u308a\u307e\u305b\u3093\u3002\n\u305d\u3093\u306a\u6642\u306e\u5bfe\u51e6\u6cd5\u3067\u3059\u3002\n\n#1. git rm --cached \u30d5\u30a1\u30a4\u30eb\u540d\n\n\u307e\u305a\u3001\n\n```\n$ git status\nChanges not staged for commit:\n  (use \"git add <file>...\" to update what will be committed)\n  (use \"git checkout -- <file>...\" to discard changes in working directory)\n\n\tmodified:   composer.phar\n\tmodified:   fuel/app/config/development/db.php\n\n```\n\n\u3068\u3001\u30b9\u30c6\u30fc\u30b8\u30f3\u30b0\u3092\u3057\u3066\u3044\u306a\u3044\u30d5\u30a1\u30a4\u30eb\u304c2\u3064\u3042\u308a\u307e\u3059\u3002\n\u3053\u308c\u3089\u306e\u30d5\u30a1\u30a4\u30eb\u306e\u5909\u66f4\u5c65\u6b74\u3092git\u304b\u3089\u524a\u9664\u3057\u307e\u3057\u3087\u3046\u3002\n\n```\n$ git rm --cached fuel/app/config/development/db.php\n$ git rm --cached composer.phar\n```\n\n\u3053\u308c\u3067\u3001\u5909\u66f4\u3092\u3057\u305f\u3068\u3044\u3046\u5c65\u6b74\u304cgit\u304b\u3089\u524a\u9664\u3055\u308c\u307e\u3059\u3002\n\n#2. .gitignore\u306b\u6307\u5b9a\u306e\u30d5\u30a1\u30a4\u30eb\u3092\u8ffd\u8a18\n.gitignore\u306f\u3001\ngit\u306b\u7121\u8996\u3092\u3055\u305b\u308b\u30d5\u30a1\u30a4\u30eb\uff08\u5909\u66f4\u3092\u3057\u3066\u3082\u7121\u8996\u3092\u3059\u308b\uff09\u30d5\u30a1\u30a4\u30eb\u3092\u6307\u5b9a\u3059\u308b\u30d5\u30a1\u30a4\u30eb\u306e\u3053\u3068\u3067\u3059\u3002\n\n```\n$ vim .gitignore\n```\n\n```.gitignore\n/fuel/app/config/development/db.php\ncomposer.phar\n```\n\u3068\u3001\u5909\u66f4\u3092\u7121\u8996\u3057\u305f\u3044\u30d5\u30a1\u30a4\u30eb\u3092\u8ffd\u8a18\u3059\u308c\u3070\u30aa\u30fc\u30b1\u30fc\u3002\n\n```\n$ git status\nOn branch master\nYour branch and 'origin/master' have diverged,\nand have 131 and 1 different commit each, respectively.\n  (use \"git pull\" to merge the remote branch into yours)\n\nnothing to commit, working directory clean\n```\n\n\u3068\u306a\u3063\u3066\u3044\u308c\u3070\u5b8c\u4e86\u3002\n\n[\u53c2\u8003URL]\nhttp://www.omakase.org/misc/gitignore.html\n"}