{"context": " More than 1 year has passed since last update.\n\n\u306f\u3058\u3081\u306b\n\u524d\u56de\u306f\u305a\u3044\u3076\u3093\u524d\u306b\u306a\u3063\u3066\u3057\u307e\u3044\u307e\u3057\u305f\u304c\u3001\u30de\u30a4\u30da\u30fc\u30b9\u306b\u884c\u304d\u307e\u3057\u3087\u3046\u3002\n\u2193\u2193\u2193\u524d\u56de\u306f\u3053\u3061\u3089\u2193\u2193\u2193\n\nGitHub \u521d\u5fc3\u8005\u306b\u3088\u308b GitHub \u5165\u9580 \uff08\uff11\uff09\u301c git \u306e\u30a4\u30f3\u30b9\u30c8\u30fc\u30eb\u3068\u30bb\u30c3\u30c8\u30a2\u30c3\u30d7\u30fb\u30ea\u30dd\u30b8\u30c8\u30ea\u306e\u4f5c\u6210\u30fb clone \u301c - Qiita\n\n\u4eca\u56de\u306f GitHub \u3068\u3044\u3046\u3088\u308a\u3001git \u306e\u5165\u9580\u306b\u306a\u308a\u307e\u3059\u3002\n\n\u53c2\u8003\u30b5\u30a4\u30c8\n\u4eca\u56de\u306f\u3053\u3061\u3089\u306e\u30b5\u30a4\u30c8\u3092\u53c2\u8003\u306b\u3055\u305b\u3066\u3044\u305f\u3060\u304d\u307e\u3057\u305f\u3002\u611f\u8b1d\uff01\n\ntransitive.info - git commit \u4f7f\u3044\u65b9\nGit\u306e\u30b3\u30df\u30c3\u30c8\u30e1\u30c3\u30bb\u30fc\u30b8\u306e\u66f8\u304d\u65b9 - Qiita\n\u4eca\u3055\u3089\u805e\u3051\u306a\u3044git push\u30b3\u30de\u30f3\u30c9 - shoma2da's diary\n\n\n\u65b0\u3057\u3044\u30d5\u30a1\u30a4\u30eb\u4f5c\u3063\u3066\n\u307e\u305a\u3001\u9069\u5f53\u306b\u65b0\u3057\u3044\u30d5\u30a1\u30a4\u30eb\u3092\u4f5c\u6210\u3057\u3001\n\u305d\u306e\u30d5\u30a1\u30a4\u30eb\u3092 git \u306e\u7ba1\u7406\u5bfe\u8c61\u3068\u3057\u3066 add \u3057\u3066\u307f\u307e\u3057\u3087\u3046\u3002\n\u30d0\u30ec\u30f3\u30bf\u30a4\u30f3\u306a\u306e\u3067\u3001\u305d\u308c\u3063\u307d\u3044\u306e\u3092\u8ffd\u52a0\u3057\u3066\u307f\u3088\u3046\u304b\u306a\u3002\u3002\u3002\nvalentine.md \u3068\u3044\u3046\u30d5\u30a1\u30a4\u30eb\u3092\u4f5c\u6210\u3057\u3066\u307f\u307e\u3057\u305f\u3002\n\u3067\u306f\u3001\u3053\u306e\u30d5\u30a1\u30a4\u30eb\u3092 add \u3057\u3066\u307f\u307e\u3057\u3087\u3046\u3002\n\nstatus \u307f\u3066\nadd \u3059\u308b\u524d\u306b\u3001git status \u30b3\u30de\u30f3\u30c9\u3067\u72b6\u614b\u3092\u78ba\u8a8d\u3057\u3066\u307f\u307e\u3057\u3087\u3046\u3002\n\u73fe\u5728\u306f master \u30d6\u30e9\u30f3\u30c1\u3067\u4f5c\u696d\u3092\u3057\u3066\u3044\u307e\u3059\u3002\n\n\u30bf\u30fc\u30df\u30ca\u30eb\n$ git status\nOn branch master\nYour branch is up-to-date with 'origin/master'.\nUntracked files:\n  (use \"git add <file>...\" to include in what will be committed)\n\n    valentine.md\n\nnothing added to commit but untracked files present (use \"git add\" to track)\n\n\n\u3054\u4e01\u5be7\u306b\u8aac\u660e\u66f8\u304d\u304c\u8868\u793a\u3055\u308c\u307e\u3057\u305f\u306d\u3002\u3042\u308a\u304c\u305f\u3044\u3002\n\u300c\u30b3\u30df\u30c3\u30c8\u3059\u308b\u3082\u3093\u306f\u306a\u3044\u3088\uff01\n\u3000\u3067\u3082\u3001\u7ba1\u7406\u3055\u308c\u3066\u306a\u3044\u30d5\u30a1\u30a4\u30eb\u304c\u3042\u308b\u3088\uff01\n\u3000\"git add\"\u3092\u4f7f\u3063\u3066\u7ba1\u7406\u4e0b\u306b\u8ffd\u52a0\u3057\u305f\u3089\u3048\u3048\u3093\u3084\u3067\uff01\u300d\n\u3063\u3066\u66f8\u3044\u3066\u3042\u308b\u3088\u3046\u306a\u6c17\u304c\u3057\u307e\u3059\u3002\u300d\n\u3068\u3044\u3046\u308f\u3051\u3067\u3001add \u3057\u3066 track \u3055\u308c\u3061\u3083\u3044\u307e\u3057\u3087\u3046\u3002\n\nadd \u3057\u3066\n\u304a\u307e\u305f\u305b\u3057\u307e\u3057\u305f\u3001\u3084\u3063\u3068\u3067\u3059\u306d\u3002\ngit add \u30b3\u30de\u30f3\u30c9\u3092\u5b9f\u884c\u3057\u307e\u3059\u3002\n\u30b3\u30de\u30f3\u30c9\u306e\u5f8c\u308d\u306b\u8ffd\u52a0\u3059\u308b\u30d5\u30a1\u30a4\u30eb\u540d\u3092\u305d\u3063\u3068\u6dfb\u3048\u307e\u3059\u3002\n\u305d\u3046\u3001\u30d5\u30a1\u30a4\u30eb\u540d\u306f\u305d\u3063\u3068\u6dfb\u3048\u308b\u3060\u3051\u3002\uff08\u5927\u4e8b\u306a\u3053\u3068\u306a\u306e\u3067ry\uff09\n\n\u30bf\u30fc\u30df\u30ca\u30eb\n$ git add valentine.md \n\n\n\u3053\u308c\u3067\u3001\u65b0\u3057\u304f\u8ffd\u52a0\u3057\u305f\u30d5\u30a1\u30a4\u30eb\u304c git \u306e\u7ba1\u7406\u4e0b\u306b\u7121\u4e8b\u8ffd\u52a0\u3055\u308c\u307e\u3057\u305f\u3002\n\u3082\u3046\u4e00\u5ea6\u3001\u30b9\u30c6\u30fc\u30bf\u30b9\u3092\u78ba\u8a8d\u3057\u3066\u307f\u307e\u3057\u3087\u3046\u3002\n\n\u30bf\u30fc\u30df\u30ca\u30eb\n$ git status\nOn branch master\nYour branch is up-to-date with 'origin/master'.\nChanges to be committed:\n  (use \"git reset HEAD <file>...\" to unstage)\n\n    new file:   valentine.md\n\n\n\u300c\u3053\u3044\u3064\u3041\u3001\u65b0\u5165\u308a\u3060\u305c\u30fb\u30fb\u30fb\u300d\u3068\u3067\u3082\u3001\u8a00\u3044\u305f\u3052\u3067\u3059\u306d\u3002\ngit \u306e\u7ba1\u7406\u4e0b\u306b\u8ffd\u52a0\u3057\u3066\u3042\u3052\u308b\u3053\u3068\u306b\u3088\u3063\u3066\u3001\n\u65b0\u3057\u3044\u30d5\u30a1\u30a4\u30eb\u304c\u8ffd\u52a0\u3055\u308c\u305f\u3053\u3068\u304c\u3001\" new file: \"\u3068\u3044\u3046\u8868\u793a\u3067\u8868\u3055\u308c\u3066\u3044\u307e\u3059\u3002 \nadd \u3057\u305f\u3082\u306e\u306f commit \u3059\u308b\u3053\u3068\u304c\u3067\u304d\u307e\u3059\u3002\n\u51fa\u308b\u676d\u306f\u6253\u305f\u308c\u308b\u3057\u3001add \u3057\u305f\u3084\u3064\u306f commit \u3055\u308c\u308b\u3002\n\n\u3053\u3053\u3001\u30c6\u30b9\u30c8\u306b\u51fa\u308b\u304b\u3089\u306d\u3002\n\ncommit \u3057\u3066\ngit commit \u30b3\u30de\u30f3\u30c9\u3092\u5b9f\u884c\u3057\u307e\u3059\u3002\n\u5f8c\u308d\u306b\u305d\u3063\u3068\u30d5\u30a1\u30a4\u30eb\u540d\u3092\u6dfb\u3048\u306a\u304f\u3066\u3044\u3044\u3067\u3059\u3002\n\u30d5\u30a1\u30a4\u30eb\u540d\u3092\u305d\u3063\u3068\u6dfb\u3048\u308b\u3068\u3001\u305d\u306e\u30d5\u30a1\u30a4\u30eb\u3060\u3051 commit \u306e\u5bfe\u8c61\u306b\u306a\u308a\u307e\u3059\u3002\n\u306a\u306b\u3082\u6dfb\u3048\u306a\u3044\u5834\u5408\u306f\u3001add \u3055\u308c\u305f\u3082\u306e\u5168\u3066 commit \u306e\u5bfe\u8c61\u306b\u306a\u308a\u307e\u3059\u3002\n\n\u30bf\u30fc\u30df\u30ca\u30eb\n$ git commit\n\n\n\u30a8\u30c7\u30a3\u30bf\u304c\u7acb\u3061\u4e0a\u304c\u308b\u306e\u3067\u3001\u30b3\u30df\u30c3\u30c8\u30e1\u30c3\u30bb\u30fc\u30b8\u3092\u5165\u529b\u3057\u307e\u3059\u3002\n\u4eca\u56de\u306f\n\n\u30b3\u30df\u30c3\u30c8\u30e1\u30fc\u30bb\u30fc\u30b8\n[add]\u306f\u3063\u3074\u30fc\u3070\u308c\u3093\u305f\u3044\u3093\u266a\uff08add\u3057\u3066commit\u3057\u3066push\u3059\u308b\u7df4\u7fd2\u7528\uff09\n\n\n\u3053\u3093\u306a\u611f\u3058\u3067\u30b3\u30df\u30c3\u30c8\u30e1\u30c3\u30bb\u30fc\u30b8\u3092\u66f8\u3044\u3066\u307f\u307e\u3057\u305f\u3002\n\u4fdd\u5b58\u3057\u3066\u3001\u30a8\u30c7\u30a3\u30bf\u3092\u9589\u3058\u308b\u3068\u3001\u7d9a\u3051\u3066\u81ea\u52d5\u7684\u306b\u30b3\u30df\u30c3\u30c8\u51e6\u7406\u304c\u7d9a\u304d\u307e\u3059\u3002\n\n\u30bf\u30fc\u30df\u30ca\u30eb\n$ git commit\n[master 55dcf98] [add]\u306f\u3063\u3074\u30fc\u3070\u308c\u3093\u305f\u3044\u3093\u266a\uff08add\u3057\u3066commit\u3057\u3066push\u3059\u308b\u7df4\u7fd2\u7528\uff09\n 1 file changed, 3 insertions(+)\n create mode 100644 valentine.md\n\n\n\u3082\u3046\u4e00\u5ea6\u30b9\u30c6\u30fc\u30bf\u30b9\u3092\u78ba\u8a8d\u3057\u3066\u307f\u307e\u3057\u3087\u3046\u3002\n\n\u30bf\u30fc\u30df\u30ca\u30eb\n$ git status\nOn branch master\nYour branch is ahead of 'origin/master' by 1 commit.\n  (use \"git push\" to publish your local commits)\nnothing to commit, working directory clean\n\n\n\u307e\u305f\u307e\u305f\u3054\u89aa\u5207\u306b\u8aac\u660e\u66f8\u304d\u304c\u3042\u308a\u307e\u3059\u306d\u3002\n\u300c\u30ea\u30e2\u30fc\u30c8\u306e master \u30d6\u30e9\u30f3\u30c1\u3088\u308a 1 \u30b3\u30df\u30c3\u30c8\u9032\u3093\u3067\u308b\u3084\u3093\u3002\n\u3000 \"git push\" \u4f7f\u3063\u3066\u3001\u3042\u306a\u305f\u306e\u30ed\u30fc\u30ab\u30eb\u306e\u30b3\u30df\u30c3\u30c8\u3092\u516c\u958b\u3057\u306a\u306f\u308c\u3002\n\u3000\u30b3\u30df\u30c3\u30c8\u3059\u308b\u3082\u3093\u306f\u306a\u3044\u304b\u3089\u3001\u3059\u3063\u304d\u308a\u3084\u301c\u3002\u300d\n\u9069\u5f53\u306a\u7ffb\u8a33\u306a\u306e\u306f\u52d8\u5f01\u3084\u3067\u3002\n\u3068\u3044\u3046\u3053\u3068\u3067\u3001\u6b21\u306f push \u3057\u307e\u3057\u3087\u3046\u3002\n\npush \u3057\u305f\n\u30ed\u30fc\u30ab\u30eb\u30ea\u30dd\u30b8\u30c8\u30ea\u306e master \u30d6\u30e9\u30f3\u30c1\u306e\u30b3\u30df\u30c3\u30c8\u3092\u3001\n\u30ea\u30e2\u30fc\u30c8\u30ea\u30dd\u30b8\u30c8\u30ea\u306e master \u30d6\u30e9\u30f3\u30c1\u306b push \u3057\u307e\u3059\u3002\ngit push \u30b3\u30de\u30f3\u30c9\u3092\u5b9f\u884c\u3057\u307e\u3057\u3087\u3046\u3002\ngit push origin [\u30ed\u30fc\u30ab\u30eb\u30d6\u30e9\u30f3\u30c1]:[\u30ea\u30e2\u30fc\u30c8\u30d6\u30e9\u30f3\u30c1]\n\n\u306e\u66f8\u304d\u65b9\u306b\u306a\u308a\u307e\u3059\u3002\n\u3053\u306e\u66f8\u304d\u65b9\u3067\u3001\n[\u30ed\u30fc\u30ab\u30eb\u30d6\u30e9\u30f3\u30c1]\u3092[\u30ea\u30e2\u30fc\u30c8\u30d6\u30e9\u30f3\u30c1]\u306b push \u3059\u308b\n\n\u3053\u3068\u306b\u306a\u308a\u307e\u3059\u3002\n\n\u30bf\u30fc\u30df\u30ca\u30eb\n$ git push origin master:master\n\nUsername for 'https://github.com': meguma  \nPassword for 'https://meguma@github.com': \nCounting objects: 3, done.\nDelta compression using up to 4 threads.\nCompressing objects: 100% (3/3), done.\nWriting objects: 100% (3/3), 406 bytes | 0 bytes/s, done.\nTotal 3 (delta 0), reused 0 (delta 0)\nTo https://github.com/meguma/sample.git\n   fdc4cc8..55dcf98  master -> master\n\n\n\u3053\u308c\u3067\u30ea\u30e2\u30fc\u30c8\u30ea\u30dd\u30b8\u30c8\u30ea\u306b\u3082\u3001\n\u30ed\u30fc\u30ab\u30eb\u30ea\u30dd\u30b8\u30c8\u30ea\u306e\u30b3\u30df\u30c3\u30c8\u3092\u53cd\u6620\u3059\u308b\u3053\u3068\u304c\u3067\u304d\u307e\u3057\u305f\uff01\n\n\u304a\u307e\u3051\npush \u3057\u305f\u5f8c\u3001\u6c17\u3065\u3044\u3066\u3057\u307e\u3063\u305f\u3002\u3002\u3002\n\n\u304a\u3082\u3044\u3063\u304d\u3057\u30bf\u30a4\u30dd\u3092\u3057\u3066\u3057\u307e\u3044\u307e\u3057\u305f\u30fb\u30fb\u30fb\u3002\u6065\u305a\u304b\u3057\u3044\uff08\uff1b\uff1b\uff09\n\u306a\u306e\u3067\u3001\u3064\u3044\u3067\u306b\u4fee\u6b63\u3082\u3057\u3066\u307f\u307e\u3057\u305f\u3002\n\u30d5\u30a1\u30a4\u30eb\u3092\u4fee\u6b63\u5f8c\u3001add \u3059\u308b\u524d\u306e\u30b9\u30c6\u30fc\u30bf\u30b9\u3092\u898b\u3066\u307f\u307e\u3057\u3087\u3046\u3002\n\n\u30bf\u30fc\u30df\u30ca\u30eb\n$ git status\nOn branch master\nYour branch is up-to-date with 'origin/master'.\nChanges not staged for commit:\n  (use \"git add <file>...\" to update what will be committed)\n  (use \"git checkout -- <file>...\" to discard changes in working directory)\n\n    modified:   valentine.md\n\nno changes added to commit (use \"git add\" and/or \"git commit -a\")\n\n\n\u4eca\u5ea6\u306f\u30d5\u30a1\u30a4\u30eb\u304c\u300c\u5909\u66f4\u300d\u3055\u308c\u305f\u306e\u3067 modified: \u3068\u3044\u3046\u8868\u793a\u306b\u306a\u3063\u3066\u3044\u307e\u3059\u3002\n\u3067\u306f\u3001\u4eca\u56de\u306f\u300c add \u3057\u3066 commit \u300d\u3068\u3044\u3046\u6d41\u308c\u3092\ngit commit \u30b3\u30de\u30f3\u30c9\u306e -a \u30aa\u30d7\u30b7\u30e7\u30f3\u3092\u5229\u7528\u3057\u3066\u3001\u4e00\u6c17\u306b\u3084\u3063\u3066\u3057\u307e\u3044\u307e\u3059\u3002\ngit commit -a \u306e\u30b3\u30de\u30f3\u30c9\u3092\u5b9f\u884c\u3059\u308b\u3068\u3001\n\u5909\u66f4\u70b9\u304c\u81ea\u52d5\u7684\u306b add \u3055\u308c\u3066\u304b\u3089 commit \u304c\u5b9f\u884c\u3055\u308c\u307e\u3059\u3002\n\n\u30bf\u30fc\u30df\u30ca\u30eb\n$ git commit -a\n[master 9f086de] [fix]\u30bf\u30a4\u30dd\u3092\u4fee\u6b63\n 1 file changed, 1 insertion(+), 1 deletion(-)\n\n\n\n\u30bf\u30fc\u30df\u30ca\u30eb\n$ git status\nOn branch master\nYour branch is ahead of 'origin/master' by 1 commit.\n  (use \"git push\" to publish your local commits)\nnothing to commit, working directory clean\n\n\ncommit \u304c\u5b8c\u4e86\u3057\u305f\u306e\u3067\u3001\u6539\u3081\u3066 push \u3092\u884c\u3044\u307e\u3059\u3002\n\u4eca\u56de\u306f push \u3059\u308b\u5148\u306e branch \u540d\u306e\u8868\u8a18\u3092\u7701\u7565\u3057\u305f\u66f8\u304d\u65b9\u3092\u3057\u3066\u3044\u307e\u3059\u3002\n\uff08\u66f8\u304d\u65b9\u306e\u8a73\u3057\u3044\u8aac\u660e\u306f\u53c2\u8003\u30b5\u30a4\u30c8\u7b49\u3092\u3054\u53c2\u7167\u304f\u3060\u3055\u3044\u307e\u305b\u3002\uff09\n\n\u30bf\u30fc\u30df\u30ca\u30eb\n$ git push origin master\nUsername for 'https://github.com': meguma\nPassword for 'https://meguma@github.com': \nCounting objects: 3, done.\nDelta compression using up to 4 threads.\nCompressing objects: 100% (3/3), done.\nWriting objects: 100% (3/3), 352 bytes | 0 bytes/s, done.\nTotal 3 (delta 0), reused 0 (delta 0)\nTo https://github.com/meguma/sample.git\n   55dcf98..9f086de  master -> master\n\n\n\u3053\u308c\u3067\u3001\u7121\u4e8b\u3001\u6065\u305a\u304b\u3057\u3044\u30bf\u30a4\u30dd\u306e\u4fee\u6b63\u3092 GitHub \u306b\u53cd\u6620\u3059\u308b\u3053\u3068\u304c\u3067\u304d\u307e\u3057\u305f\u3002\n\n\u6b21\u56de\u4e88\u544a\n\u3068\u308a\u3042\u3048\u305a Https \u7d4c\u7531\u3060\u3068 push \u304c\u6bce\u56de\u9762\u5012\u306a\u306e\u3067\u3001\n\u307e\u305a\u306f ssh \u7d4c\u7531\u306b\u79fb\u884c\u3057\u3088\u3046\u304b\u306a\u3041\u301c\u3068\u601d\u3063\u3066\u304a\u308a\u307e\u3059\u3002\n\u30b3\u30de\u30f3\u30c9\u3084\u308b\u306a\u3089 branch \u5468\u308a\u304c\u3084\u308a\u305f\u3044\u304b\u306a\u3002\n\u306a\u306e\u3067\u3001\u6b21\u56de\u306f ssh \u79fb\u884c\u624b\u9806\u304b\u3001branch \u5468\u308a\u3067\u3002\n\u4ee5\u4e0a\u3001\u304a\u308f\u308a\u3002\n## \u306f\u3058\u3081\u306b\n\n\u524d\u56de\u306f\u305a\u3044\u3076\u3093\u524d\u306b\u306a\u3063\u3066\u3057\u307e\u3044\u307e\u3057\u305f\u304c\u3001\u30de\u30a4\u30da\u30fc\u30b9\u306b\u884c\u304d\u307e\u3057\u3087\u3046\u3002\n\n\u2193\u2193\u2193\u524d\u56de\u306f\u3053\u3061\u3089\u2193\u2193\u2193\n\n* [GitHub \u521d\u5fc3\u8005\u306b\u3088\u308b GitHub \u5165\u9580 \uff08\uff11\uff09\u301c git \u306e\u30a4\u30f3\u30b9\u30c8\u30fc\u30eb\u3068\u30bb\u30c3\u30c8\u30a2\u30c3\u30d7\u30fb\u30ea\u30dd\u30b8\u30c8\u30ea\u306e\u4f5c\u6210\u30fb clone \u301c - Qiita](http://qiita.com/megu_ma/items/e459e62821bdd6dbaccb \"GitHub \u521d\u5fc3\u8005\u306b\u3088\u308b GitHub \u5165\u9580 \uff08\uff11\uff09\u301c git \u306e\u30a4\u30f3\u30b9\u30c8\u30fc\u30eb\u3068\u30bb\u30c3\u30c8\u30a2\u30c3\u30d7\u30fb\u30ea\u30dd\u30b8\u30c8\u30ea\u306e\u4f5c\u6210\u30fb clone \u301c - Qiita\")\n\n\u4eca\u56de\u306f GitHub \u3068\u3044\u3046\u3088\u308a\u3001git \u306e\u5165\u9580\u306b\u306a\u308a\u307e\u3059\u3002\n\n\n### \u53c2\u8003\u30b5\u30a4\u30c8\n\n\u4eca\u56de\u306f\u3053\u3061\u3089\u306e\u30b5\u30a4\u30c8\u3092\u53c2\u8003\u306b\u3055\u305b\u3066\u3044\u305f\u3060\u304d\u307e\u3057\u305f\u3002\u611f\u8b1d\uff01\n\n* [transitive.info - git commit \u4f7f\u3044\u65b9](http://transitive.info/article/git/command/commit/ \"transitive.info - git commit \u4f7f\u3044\u65b9\")\n* [Git\u306e\u30b3\u30df\u30c3\u30c8\u30e1\u30c3\u30bb\u30fc\u30b8\u306e\u66f8\u304d\u65b9 - Qiita](http://qiita.com/itosho/items/9565c6ad2ffc24c09364 \"Git\u306e\u30b3\u30df\u30c3\u30c8\u30e1\u30c3\u30bb\u30fc\u30b8\u306e\u66f8\u304d\u65b9 - Qiita\")\n* [\u4eca\u3055\u3089\u805e\u3051\u306a\u3044git push\u30b3\u30de\u30f3\u30c9 - shoma2da's diary](http://shoma2da.hatenablog.com/entry/2014/03/08/234523 \"\u4eca\u3055\u3089\u805e\u3051\u306a\u3044git push\u30b3\u30de\u30f3\u30c9 - shoma2da's diary\")\n\n## \u65b0\u3057\u3044\u30d5\u30a1\u30a4\u30eb\u4f5c\u3063\u3066\n\n\u307e\u305a\u3001\u9069\u5f53\u306b\u65b0\u3057\u3044\u30d5\u30a1\u30a4\u30eb\u3092\u4f5c\u6210\u3057\u3001\n\u305d\u306e\u30d5\u30a1\u30a4\u30eb\u3092 git \u306e\u7ba1\u7406\u5bfe\u8c61\u3068\u3057\u3066 add \u3057\u3066\u307f\u307e\u3057\u3087\u3046\u3002\n\n\u30d0\u30ec\u30f3\u30bf\u30a4\u30f3\u306a\u306e\u3067\u3001\u305d\u308c\u3063\u307d\u3044\u306e\u3092\u8ffd\u52a0\u3057\u3066\u307f\u3088\u3046\u304b\u306a\u3002\u3002\u3002\n\n`valentine.md` \u3068\u3044\u3046\u30d5\u30a1\u30a4\u30eb\u3092\u4f5c\u6210\u3057\u3066\u307f\u307e\u3057\u305f\u3002\n\n\u3067\u306f\u3001\u3053\u306e\u30d5\u30a1\u30a4\u30eb\u3092 add \u3057\u3066\u307f\u307e\u3057\u3087\u3046\u3002\n\n## status \u307f\u3066\n\nadd \u3059\u308b\u524d\u306b\u3001`git status` \u30b3\u30de\u30f3\u30c9\u3067\u72b6\u614b\u3092\u78ba\u8a8d\u3057\u3066\u307f\u307e\u3057\u3087\u3046\u3002\n\u73fe\u5728\u306f `master` \u30d6\u30e9\u30f3\u30c1\u3067\u4f5c\u696d\u3092\u3057\u3066\u3044\u307e\u3059\u3002\n\n```bash:\u30bf\u30fc\u30df\u30ca\u30eb\n$ git status\nOn branch master\nYour branch is up-to-date with 'origin/master'.\nUntracked files:\n  (use \"git add <file>...\" to include in what will be committed)\n\n\tvalentine.md\n\nnothing added to commit but untracked files present (use \"git add\" to track)\n```\n\n\u3054\u4e01\u5be7\u306b\u8aac\u660e\u66f8\u304d\u304c\u8868\u793a\u3055\u308c\u307e\u3057\u305f\u306d\u3002\u3042\u308a\u304c\u305f\u3044\u3002\n\n\u300c\u30b3\u30df\u30c3\u30c8\u3059\u308b\u3082\u3093\u306f\u306a\u3044\u3088\uff01\n\u3000\u3067\u3082\u3001\u7ba1\u7406\u3055\u308c\u3066\u306a\u3044\u30d5\u30a1\u30a4\u30eb\u304c\u3042\u308b\u3088\uff01\n\u3000\"git add\"\u3092\u4f7f\u3063\u3066\u7ba1\u7406\u4e0b\u306b\u8ffd\u52a0\u3057\u305f\u3089\u3048\u3048\u3093\u3084\u3067\uff01\u300d\n\n\u3063\u3066\u66f8\u3044\u3066\u3042\u308b\u3088\u3046\u306a\u6c17\u304c\u3057\u307e\u3059\u3002\u300d\n\n\u3068\u3044\u3046\u308f\u3051\u3067\u3001add \u3057\u3066 track \u3055\u308c\u3061\u3083\u3044\u307e\u3057\u3087\u3046\u3002\n\n## add \u3057\u3066\n\n\u304a\u307e\u305f\u305b\u3057\u307e\u3057\u305f\u3001\u3084\u3063\u3068\u3067\u3059\u306d\u3002\n\n`git add` \u30b3\u30de\u30f3\u30c9\u3092\u5b9f\u884c\u3057\u307e\u3059\u3002\n\u30b3\u30de\u30f3\u30c9\u306e\u5f8c\u308d\u306b\u8ffd\u52a0\u3059\u308b\u30d5\u30a1\u30a4\u30eb\u540d\u3092\u305d\u3063\u3068\u6dfb\u3048\u307e\u3059\u3002\n\n\u305d\u3046\u3001\u30d5\u30a1\u30a4\u30eb\u540d\u306f\u305d\u3063\u3068\u6dfb\u3048\u308b\u3060\u3051\u3002\uff08\u5927\u4e8b\u306a\u3053\u3068\u306a\u306e\u3067ry\uff09\n\n```bash:\u30bf\u30fc\u30df\u30ca\u30eb\n$ git add valentine.md \n```\n\n\u3053\u308c\u3067\u3001\u65b0\u3057\u304f\u8ffd\u52a0\u3057\u305f\u30d5\u30a1\u30a4\u30eb\u304c git \u306e\u7ba1\u7406\u4e0b\u306b\u7121\u4e8b\u8ffd\u52a0\u3055\u308c\u307e\u3057\u305f\u3002\n\n\u3082\u3046\u4e00\u5ea6\u3001\u30b9\u30c6\u30fc\u30bf\u30b9\u3092\u78ba\u8a8d\u3057\u3066\u307f\u307e\u3057\u3087\u3046\u3002\n\n```bash:\u30bf\u30fc\u30df\u30ca\u30eb\n$ git status\nOn branch master\nYour branch is up-to-date with 'origin/master'.\nChanges to be committed:\n  (use \"git reset HEAD <file>...\" to unstage)\n\n\tnew file:   valentine.md\n```\n\n\u300c\u3053\u3044\u3064\u3041\u3001\u65b0\u5165\u308a\u3060\u305c\u30fb\u30fb\u30fb\u300d\u3068\u3067\u3082\u3001\u8a00\u3044\u305f\u3052\u3067\u3059\u306d\u3002\n\ngit \u306e\u7ba1\u7406\u4e0b\u306b\u8ffd\u52a0\u3057\u3066\u3042\u3052\u308b\u3053\u3068\u306b\u3088\u3063\u3066\u3001\n\u65b0\u3057\u3044\u30d5\u30a1\u30a4\u30eb\u304c\u8ffd\u52a0\u3055\u308c\u305f\u3053\u3068\u304c\u3001\" new file: \"\u3068\u3044\u3046\u8868\u793a\u3067\u8868\u3055\u308c\u3066\u3044\u307e\u3059\u3002 \n\nadd \u3057\u305f\u3082\u306e\u306f commit \u3059\u308b\u3053\u3068\u304c\u3067\u304d\u307e\u3059\u3002\n\n```\n\u51fa\u308b\u676d\u306f\u6253\u305f\u308c\u308b\u3057\u3001add \u3057\u305f\u3084\u3064\u306f commit \u3055\u308c\u308b\u3002\n```\n\n\u3053\u3053\u3001\u30c6\u30b9\u30c8\u306b\u51fa\u308b\u304b\u3089\u306d\u3002\n\n## commit \u3057\u3066\n\n`git commit` \u30b3\u30de\u30f3\u30c9\u3092\u5b9f\u884c\u3057\u307e\u3059\u3002\n\u5f8c\u308d\u306b\u305d\u3063\u3068\u30d5\u30a1\u30a4\u30eb\u540d\u3092\u6dfb\u3048\u306a\u304f\u3066\u3044\u3044\u3067\u3059\u3002\n\u30d5\u30a1\u30a4\u30eb\u540d\u3092\u305d\u3063\u3068\u6dfb\u3048\u308b\u3068\u3001\u305d\u306e\u30d5\u30a1\u30a4\u30eb\u3060\u3051 commit \u306e\u5bfe\u8c61\u306b\u306a\u308a\u307e\u3059\u3002\n\u306a\u306b\u3082\u6dfb\u3048\u306a\u3044\u5834\u5408\u306f\u3001add \u3055\u308c\u305f\u3082\u306e\u5168\u3066 commit \u306e\u5bfe\u8c61\u306b\u306a\u308a\u307e\u3059\u3002\n\n```bash:\u30bf\u30fc\u30df\u30ca\u30eb\n$ git commit\n```\n\n\u30a8\u30c7\u30a3\u30bf\u304c\u7acb\u3061\u4e0a\u304c\u308b\u306e\u3067\u3001\u30b3\u30df\u30c3\u30c8\u30e1\u30c3\u30bb\u30fc\u30b8\u3092\u5165\u529b\u3057\u307e\u3059\u3002\n\u4eca\u56de\u306f\n\n```text:\u30b3\u30df\u30c3\u30c8\u30e1\u30fc\u30bb\u30fc\u30b8\n[add]\u306f\u3063\u3074\u30fc\u3070\u308c\u3093\u305f\u3044\u3093\u266a\uff08add\u3057\u3066commit\u3057\u3066push\u3059\u308b\u7df4\u7fd2\u7528\uff09\n```\n\u3053\u3093\u306a\u611f\u3058\u3067\u30b3\u30df\u30c3\u30c8\u30e1\u30c3\u30bb\u30fc\u30b8\u3092\u66f8\u3044\u3066\u307f\u307e\u3057\u305f\u3002\n\u4fdd\u5b58\u3057\u3066\u3001\u30a8\u30c7\u30a3\u30bf\u3092\u9589\u3058\u308b\u3068\u3001\u7d9a\u3051\u3066\u81ea\u52d5\u7684\u306b\u30b3\u30df\u30c3\u30c8\u51e6\u7406\u304c\u7d9a\u304d\u307e\u3059\u3002\n\n```bash:\u30bf\u30fc\u30df\u30ca\u30eb\n$ git commit\n[master 55dcf98] [add]\u306f\u3063\u3074\u30fc\u3070\u308c\u3093\u305f\u3044\u3093\u266a\uff08add\u3057\u3066commit\u3057\u3066push\u3059\u308b\u7df4\u7fd2\u7528\uff09\n 1 file changed, 3 insertions(+)\n create mode 100644 valentine.md\n```\n\n\u3082\u3046\u4e00\u5ea6\u30b9\u30c6\u30fc\u30bf\u30b9\u3092\u78ba\u8a8d\u3057\u3066\u307f\u307e\u3057\u3087\u3046\u3002\n\n```bash:\u30bf\u30fc\u30df\u30ca\u30eb\n$ git status\nOn branch master\nYour branch is ahead of 'origin/master' by 1 commit.\n  (use \"git push\" to publish your local commits)\nnothing to commit, working directory clean\n```\n\n\u307e\u305f\u307e\u305f\u3054\u89aa\u5207\u306b\u8aac\u660e\u66f8\u304d\u304c\u3042\u308a\u307e\u3059\u306d\u3002\n\n\u300c\u30ea\u30e2\u30fc\u30c8\u306e master \u30d6\u30e9\u30f3\u30c1\u3088\u308a 1 \u30b3\u30df\u30c3\u30c8\u9032\u3093\u3067\u308b\u3084\u3093\u3002\n\u3000 \"git push\" \u4f7f\u3063\u3066\u3001\u3042\u306a\u305f\u306e\u30ed\u30fc\u30ab\u30eb\u306e\u30b3\u30df\u30c3\u30c8\u3092\u516c\u958b\u3057\u306a\u306f\u308c\u3002\n\u3000\u30b3\u30df\u30c3\u30c8\u3059\u308b\u3082\u3093\u306f\u306a\u3044\u304b\u3089\u3001\u3059\u3063\u304d\u308a\u3084\u301c\u3002\u300d\n\n\u9069\u5f53\u306a\b\u7ffb\u8a33\u306a\u306e\u306f\u52d8\u5f01\u3084\u3067\u3002\n\n\u3068\u3044\u3046\u3053\u3068\u3067\u3001\u6b21\u306f push \u3057\u307e\u3057\u3087\u3046\u3002\n\n## push \u3057\u305f\n\n\u30ed\u30fc\u30ab\u30eb\u30ea\u30dd\u30b8\u30c8\u30ea\u306e `master` \u30d6\u30e9\u30f3\u30c1\u306e\u30b3\u30df\u30c3\u30c8\u3092\u3001\n\u30ea\u30e2\u30fc\u30c8\u30ea\u30dd\u30b8\u30c8\u30ea\u306e `master` \u30d6\u30e9\u30f3\u30c1\u306b push \u3057\u307e\u3059\u3002\n\n`git push` \u30b3\u30de\u30f3\u30c9\u3092\u5b9f\u884c\u3057\u307e\u3057\u3087\u3046\u3002\n\n```\ngit push origin [\u30ed\u30fc\u30ab\u30eb\u30d6\u30e9\u30f3\u30c1]:[\u30ea\u30e2\u30fc\u30c8\u30d6\u30e9\u30f3\u30c1]\n```\n\n\u306e\u66f8\u304d\u65b9\u306b\u306a\u308a\u307e\u3059\u3002\n\n\u3053\u306e\u66f8\u304d\u65b9\u3067\u3001\n\n```\n[\u30ed\u30fc\u30ab\u30eb\u30d6\u30e9\u30f3\u30c1]\u3092[\u30ea\u30e2\u30fc\u30c8\u30d6\u30e9\u30f3\u30c1]\u306b push \u3059\u308b\n```\n\n\u3053\u3068\u306b\u306a\u308a\u307e\u3059\u3002\n\n\n```bash:\u30bf\u30fc\u30df\u30ca\u30eb\n$ git push origin master:master\n\nUsername for 'https://github.com': meguma  \nPassword for 'https://meguma@github.com': \nCounting objects: 3, done.\nDelta compression using up to 4 threads.\nCompressing objects: 100% (3/3), done.\nWriting objects: 100% (3/3), 406 bytes | 0 bytes/s, done.\nTotal 3 (delta 0), reused 0 (delta 0)\nTo https://github.com/meguma/sample.git\n   fdc4cc8..55dcf98  master -> master\n```\n\n\u3053\u308c\u3067\u30ea\u30e2\u30fc\u30c8\u30ea\u30dd\u30b8\u30c8\u30ea\u306b\u3082\u3001\n\u30ed\u30fc\u30ab\u30eb\u30ea\u30dd\u30b8\u30c8\u30ea\u306e\u30b3\u30df\u30c3\u30c8\u3092\u53cd\u6620\u3059\u308b\u3053\u3068\u304c\u3067\u304d\u307e\u3057\u305f\uff01\n\n## \u304a\u307e\u3051\n\npush \u3057\u305f\u5f8c\u3001\u6c17\u3065\u3044\u3066\u3057\u307e\u3063\u305f\u3002\u3002\u3002\n\n![typo.png](https://qiita-image-store.s3.amazonaws.com/0/62698/71e06d68-d32d-47c0-6222-68de342319e6.png)\n\n\u304a\u3082\u3044\u3063\u304d\u3057\u30bf\u30a4\u30dd\u3092\u3057\u3066\u3057\u307e\u3044\u307e\u3057\u305f\u30fb\u30fb\u30fb\u3002\u6065\u305a\u304b\u3057\u3044\uff08\uff1b\uff1b\uff09\n\u306a\u306e\u3067\u3001\u3064\u3044\u3067\u306b\u4fee\u6b63\u3082\u3057\u3066\u307f\u307e\u3057\u305f\u3002\n\n\u30d5\u30a1\u30a4\u30eb\u3092\u4fee\u6b63\u5f8c\u3001add \u3059\u308b\u524d\u306e\u30b9\u30c6\u30fc\u30bf\u30b9\u3092\u898b\u3066\u307f\u307e\u3057\u3087\u3046\u3002\n\n```bash:\u30bf\u30fc\u30df\u30ca\u30eb\n$ git status\nOn branch master\nYour branch is up-to-date with 'origin/master'.\nChanges not staged for commit:\n  (use \"git add <file>...\" to update what will be committed)\n  (use \"git checkout -- <file>...\" to discard changes in working directory)\n\n\tmodified:   valentine.md\n\nno changes added to commit (use \"git add\" and/or \"git commit -a\")\n```\n\n\u4eca\u5ea6\u306f\u30d5\u30a1\u30a4\u30eb\u304c\u300c\u5909\u66f4\u300d\u3055\u308c\u305f\u306e\u3067 `modified:` \u3068\u3044\u3046\u8868\u793a\u306b\u306a\u3063\u3066\u3044\u307e\u3059\u3002\n\n\u3067\u306f\u3001\u4eca\u56de\u306f\u300c add \u3057\u3066 commit \u300d\u3068\u3044\u3046\u6d41\u308c\u3092\n`git commit` \u30b3\u30de\u30f3\u30c9\u306e `-a` \u30aa\u30d7\u30b7\u30e7\u30f3\u3092\u5229\u7528\u3057\u3066\u3001\u4e00\u6c17\u306b\u3084\u3063\u3066\u3057\u307e\u3044\u307e\u3059\u3002\n\n`git commit -a` \u306e\u30b3\u30de\u30f3\u30c9\u3092\u5b9f\u884c\u3059\u308b\u3068\u3001\n\u5909\u66f4\u70b9\u304c\u81ea\u52d5\u7684\u306b add \u3055\u308c\u3066\u304b\u3089 commit \u304c\u5b9f\u884c\u3055\u308c\u307e\u3059\u3002\n\n```bash:\u30bf\u30fc\u30df\u30ca\u30eb\n$ git commit -a\n[master 9f086de] [fix]\u30bf\u30a4\u30dd\u3092\u4fee\u6b63\n 1 file changed, 1 insertion(+), 1 deletion(-)\n```\n\n```bash:\u30bf\u30fc\u30df\u30ca\u30eb\n$ git status\nOn branch master\nYour branch is ahead of 'origin/master' by 1 commit.\n  (use \"git push\" to publish your local commits)\nnothing to commit, working directory clean\n```\n\ncommit \u304c\u5b8c\u4e86\u3057\u305f\u306e\u3067\u3001\u6539\u3081\u3066 push \u3092\u884c\u3044\u307e\u3059\u3002\n\u4eca\u56de\u306f push \u3059\u308b\u5148\u306e branch \u540d\u306e\u8868\u8a18\u3092\u7701\u7565\u3057\u305f\u66f8\u304d\u65b9\u3092\u3057\u3066\u3044\u307e\u3059\u3002\n\uff08\u66f8\u304d\u65b9\u306e\u8a73\u3057\u3044\u8aac\u660e\u306f\u53c2\u8003\u30b5\u30a4\u30c8\u7b49\u3092\u3054\u53c2\u7167\u304f\u3060\u3055\u3044\u307e\u305b\u3002\uff09\n\n```bash:\u30bf\u30fc\u30df\u30ca\u30eb\n$ git push origin master\nUsername for 'https://github.com': meguma\nPassword for 'https://meguma@github.com': \nCounting objects: 3, done.\nDelta compression using up to 4 threads.\nCompressing objects: 100% (3/3), done.\nWriting objects: 100% (3/3), 352 bytes | 0 bytes/s, done.\nTotal 3 (delta 0), reused 0 (delta 0)\nTo https://github.com/meguma/sample.git\n   55dcf98..9f086de  master -> master\n```\n\n\u3053\u308c\u3067\u3001\u7121\u4e8b\u3001\u6065\u305a\u304b\u3057\u3044\u30bf\u30a4\u30dd\u306e\u4fee\u6b63\u3092 GitHub \u306b\u53cd\u6620\u3059\u308b\u3053\u3068\u304c\u3067\u304d\u307e\u3057\u305f\u3002\n\n\n## \u6b21\u56de\u4e88\u544a\n\n\u3068\u308a\u3042\u3048\u305a Https \u7d4c\u7531\u3060\u3068 push \u304c\u6bce\u56de\u9762\u5012\u306a\u306e\u3067\u3001\n\u307e\u305a\u306f ssh \u7d4c\u7531\u306b\u79fb\u884c\u3057\u3088\u3046\u304b\u306a\u3041\u301c\u3068\u601d\u3063\u3066\u304a\u308a\u307e\u3059\u3002\n\n\u30b3\u30de\u30f3\u30c9\u3084\u308b\u306a\u3089 branch \u5468\u308a\u304c\u3084\u308a\u305f\u3044\u304b\u306a\u3002\n\n\u306a\u306e\u3067\u3001\u6b21\u56de\u306f ssh \u79fb\u884c\u624b\u9806\u304b\u3001branch \u5468\u308a\u3067\u3002\n\n\u4ee5\u4e0a\u3001\u304a\u308f\u308a\u3002\n", "tags": ["GitHub", "Git", "\u5165\u9580"]}