{"context": "\u3055\u304f\u3089\u30ec\u30f3\u30bf\u30eb\u30b5\u30fc\u30d0\u30fc\u4e0a\u306bGit\u30ea\u30dd\u30b8\u30c8\u30ea\u3092\u4f5c\u6210\u3057\u3066\u8272\u3005\u30d5\u30a1\u30a4\u30eb\u3092\u7f6e\u3044\u3066\u307e\u3059\u304c\u3001\u305d\u306eGit\u30ea\u30dd\u30b8\u30c8\u30ea\u3092\u4f5c\u308b\u307e\u3067\u306e\u624b\u9806\u3092\u30e1\u30e2\u7a0b\u5ea6\u306b\u6b8b\u3057\u3066\u304a\u304d\u307e\u3059\u3002\n\n\u3084\u308a\u305f\u3044\u3053\u3068\n\u3000\u3055\u304f\u3089\u30ec\u30f3\u30bf\u30eb\u30b5\u30fc\u30d0\u30fc\u306e\u521d\u671f\u30c9\u30e1\u30a4\u30f3 hogehoge.sakura.ne.jp \u306e\u30eb\u30fc\u30c8\u30c7\u30a3\u30ec\u30af\u30c8\u30ea\u306f\n/home/hogehoge/www/\n\u3067\u3059\u3002(\u30e6\u30fc\u30b6\u30fcID\u304c hogehoge \u306e\u5834\u5408)\n\u4eca\u56de\u3001\u4f8b\u3068\u3057\u3066\u305d\u306e\u30eb\u30fc\u30c8\u30c7\u30a3\u30ec\u30af\u30c8\u30ea\u76f4\u4e0b\u306b\u3042\u308b\n/home/hogehoge/www/git_test\n\u3092Git\u3067\u30d0\u30fc\u30b8\u30e7\u30f3\u7ba1\u7406\u3057\u305f\u3044\u3068\u601d\u3044\u307e\u3059\u3002\n\nGit\u30ea\u30dd\u30b8\u30c8\u30ea\u4f5c\u6210\u624b\u9806\n\n1. Git\u7ba1\u7406\u3057\u305f\u3044\u30c7\u30a3\u30ec\u30af\u30c8\u30ea\u3078\u79fb\u52d5\u3002\u521d\u671f\u5316\u3002\n\u3000\u4eca\u56de\u306f git_test \u4ee5\u4e0b\u3092Git\u7ba1\u7406\u3057\u305f\u3044\u306e\u3067 git_test \u3078\u79fb\u52d5\u3002\n$ cd /home/hogehoge/www/git_test\n\n\u79fb\u52d5\u3057\u305f\u3089\u6b21\u306e\u30b3\u30de\u30f3\u30c9\u3067\u521d\u671f\u5316\u3057\u307e\u3059\u3002\n$ git init\n\n\u3000\u521d\u671f\u5316\u304c\u5b8c\u4e86\u3059\u308b\u3068\u4e0b\u8a18\u30e1\u30c3\u30bb\u30fc\u30b8\u304c\u8868\u793a\u3055\u308c\u3001\u30c7\u30a3\u30ec\u30af\u30c8\u30ea\u5185\u306b .git \u30c7\u30a3\u30ec\u30af\u30c8\u30ea\u304c\u4f5c\u6210\u3055\u308c\u307e\u3059\u3002\nInitialized empty Git repository in /home/hogehoge/www/git_test/.git/\n\n\n2. \u30b9\u30c6\u30fc\u30bf\u30b9\u78ba\u8a8d\u3001\u521d\u56de\u30b3\u30df\u30c3\u30c8\n\u3000Git\u7ba1\u7406\u3057\u305f\u3044\u30c7\u30a3\u30ec\u30af\u30c8\u30ea\u306e\u521d\u671f\u5316\u304c\u7d42\u308f\u3063\u305f\u3089\u3001\u9069\u5f53\u306a\u30d5\u30a1\u30a4\u30eb\u3092\u4f5c\u3063\u3066\u30b3\u30df\u30c3\u30c8\u3057\u3066\u307f\u307e\u3059\u3002\n$ touch example.txt\n$ git status\nOn branch master\n\nInitial commit\n\nUntracked files:\n  (use \"git add <file>...\" to include in what will be committed)\n\n    example.txt\n\nnothing added to commit but untracked files present (use \"git add\" to track)\n\n$ git add .\u3000\u3000(\u5168\u3066\u306e\u30d5\u30a1\u30a4\u30eb\u3092\u30a4\u30f3\u30c7\u30c3\u30af\u30b9\u3078\u8ffd\u52a0\u3059\u308b)\n$ git commit -m \"first commit\"\u3000\u3000(\u30b3\u30e1\u30f3\u30c8\u306f\u4efb\u610f)\n\n\n3. \u30ea\u30e2\u30fc\u30c8\u30ea\u30dd\u30b8\u30c8\u30ea\u3092\u4f5c\u6210\n\u3000\u7d9a\u3044\u3066\u30ea\u30e2\u30fc\u30c8\u30ea\u30dd\u30b8\u30c8\u30ea\u306e\u4f5c\u6210\u3067\u3059\u304c\u3001\u3055\u304f\u3089\u30ec\u30f3\u30bf\u30eb\u30b5\u30fc\u30d0\u30fc\u306e\u5834\u5408\u306f\n\u3000/home/hogehoge/git/\n\u3000\u4ee5\u4e0b\u306b\u30ea\u30e2\u30fc\u30c8\u30ea\u30dd\u30b8\u30c8\u30ea\u3092\u4f5c\u308a\u307e\u3059\u3002\n\u3000$ cd /home/hogehoge/git\n\u3000$ mkdir git_test.git\n\n\u3000$ cd git_test.git\n\u3000$ git init --bare\n\n\u3000\u4e0a\u8a18\u3067\u4f5c\u6210\u3059\u308b\u30c7\u30a3\u30ec\u30af\u30c8\u30ea\u540d\u306f\u4efb\u610f\u3067\u3059\u304c\u3001\u5b9f\u969b\u306bGit\u7ba1\u7406\u3057\u305f\u3044\u30c7\u30a3\u30ec\u30af\u30c8\u30ea\u3068\u5408\u308f\u305b\u305f\u307b\u3046\u304c\u826f\u3044\u3068\u601d\u3044\u307e\u3059\u3002\u4efb\u610f\u3067\u306f\u3042\u308a\u307e\u3059\u304c\u3001\u8a9e\u5c3e\u306b\u306f .git \u3092\u4ed8\u3051\u307e\u3059\u3002\n\n4. \u30ea\u30e2\u30fc\u30c8\u30ea\u30dd\u30b8\u30c8\u30ea\u3078\u306e\u6700\u521d\u306epush\n\u30003\u3067\u4f5c\u3063\u305f\u30ea\u30e2\u30fc\u30c8\u30ea\u30dd\u30b8\u30c8\u30ea\u3068\u30011\u306e\u30c7\u30a3\u30ec\u30af\u30c8\u30ea\u3092\u7d10\u4ed8\u3051\u307e\u3059\u3002\n\u3000$ cd /home/hogehoge/www/git_test\n\u3000$ git remote add origin ssh://hogehoge@hogehoge.sakura.ne.jp/home/hogehoge/git/git_test.git\n\u3000$ git remote -v \u3000\u3000   (\u8a2d\u5b9a\u304c\u51fa\u6765\u3066\u3044\u308b\u304b\u78ba\u8a8d)\n\n\u3000push\u3057\u307e\u3059\u3002\n\u3000$ git push origin master:master\n\n\u3053\u308c\u3067\u4e00\u901a\u308a\u306e\u6d41\u308c\u304c\u7d42\u308f\u3063\u305f\u306e\u3067\u3001\u3042\u3068\u306fGit\u306e\u30b3\u30de\u30f3\u30c9\u3092\u99c6\u4f7f\u3057\u3066commit\u3001push\u3057\u3066\u3044\u304d\u307e\u3059\u3002\n\n\u756a\u5916\u7de8. \u30ea\u30e2\u30fc\u30c8\u30ea\u30dd\u30b8\u30c8\u30ea\u304b\u3089clone\u3059\u308b\n\u3000\u30ea\u30e2\u30fc\u30c8\u30ea\u30dd\u30b8\u30c8\u30ea\u304b\u3089\u30bd\u30fc\u30b9\u3092clone\u3059\u308b\u3068\u304d\u306f\u4e0b\u8a18\u30b3\u30de\u30f3\u30c9\u3067\u3002\n$ cd /home/hogehoge/www\n$ git clone /home/hogehoge/git/git_test.git git_test_clone\n\n\u3053\u308c\u3067 /home/hogehoge/www/git_test_clone \u306b\u30bd\u30fc\u30b9\u304c\u843d\u3061\u3066\u304d\u307e\u3059\u3002\n\u3055\u304f\u3089\u30ec\u30f3\u30bf\u30eb\u30b5\u30fc\u30d0\u30fc\u4e0a\u306bGit\u30ea\u30dd\u30b8\u30c8\u30ea\u3092\u4f5c\u6210\u3057\u3066\u8272\u3005\u30d5\u30a1\u30a4\u30eb\u3092\u7f6e\u3044\u3066\u307e\u3059\u304c\u3001\u305d\u306eGit\u30ea\u30dd\u30b8\u30c8\u30ea\u3092\u4f5c\u308b\u307e\u3067\u306e\u624b\u9806\u3092\u30e1\u30e2\u7a0b\u5ea6\u306b\u6b8b\u3057\u3066\u304a\u304d\u307e\u3059\u3002\n\n#\u3084\u308a\u305f\u3044\u3053\u3068\n\u3000\u3055\u304f\u3089\u30ec\u30f3\u30bf\u30eb\u30b5\u30fc\u30d0\u30fc\u306e\u521d\u671f\u30c9\u30e1\u30a4\u30f3 **hogehoge.sakura.ne.jp** \u306e\u30eb\u30fc\u30c8\u30c7\u30a3\u30ec\u30af\u30c8\u30ea\u306f\n`/home/hogehoge/www/`\n\u3067\u3059\u3002(\u30e6\u30fc\u30b6\u30fcID\u304c **hogehoge** \u306e\u5834\u5408)\n\u4eca\u56de\u3001\u4f8b\u3068\u3057\u3066\u305d\u306e\u30eb\u30fc\u30c8\u30c7\u30a3\u30ec\u30af\u30c8\u30ea\u76f4\u4e0b\u306b\u3042\u308b\n`/home/hogehoge/www/git_test`\n\u3092Git\u3067\u30d0\u30fc\u30b8\u30e7\u30f3\u7ba1\u7406\u3057\u305f\u3044\u3068\u601d\u3044\u307e\u3059\u3002\n\n#Git\u30ea\u30dd\u30b8\u30c8\u30ea\u4f5c\u6210\u624b\u9806\n##1. Git\u7ba1\u7406\u3057\u305f\u3044\u30c7\u30a3\u30ec\u30af\u30c8\u30ea\u3078\u79fb\u52d5\u3002\u521d\u671f\u5316\u3002\n\u3000\u4eca\u56de\u306f **git_test** \u4ee5\u4e0b\u3092Git\u7ba1\u7406\u3057\u305f\u3044\u306e\u3067 **git_test** \u3078\u79fb\u52d5\u3002\n\n```text\n$ cd /home/hogehoge/www/git_test\n```\n\n\u79fb\u52d5\u3057\u305f\u3089\u6b21\u306e\u30b3\u30de\u30f3\u30c9\u3067\u521d\u671f\u5316\u3057\u307e\u3059\u3002\n\n```text\n$ git init\n```\n\n\u3000\u521d\u671f\u5316\u304c\u5b8c\u4e86\u3059\u308b\u3068\u4e0b\u8a18\u30e1\u30c3\u30bb\u30fc\u30b8\u304c\u8868\u793a\u3055\u308c\u3001\u30c7\u30a3\u30ec\u30af\u30c8\u30ea\u5185\u306b **.git** \u30c7\u30a3\u30ec\u30af\u30c8\u30ea\u304c\u4f5c\u6210\u3055\u308c\u307e\u3059\u3002\n\n```text\nInitialized empty Git repository in /home/hogehoge/www/git_test/.git/\n```\n\n##2. \u30b9\u30c6\u30fc\u30bf\u30b9\u78ba\u8a8d\u3001\u521d\u56de\u30b3\u30df\u30c3\u30c8\n\u3000Git\u7ba1\u7406\u3057\u305f\u3044\u30c7\u30a3\u30ec\u30af\u30c8\u30ea\u306e\u521d\u671f\u5316\u304c\u7d42\u308f\u3063\u305f\u3089\u3001\u9069\u5f53\u306a\u30d5\u30a1\u30a4\u30eb\u3092\u4f5c\u3063\u3066\u30b3\u30df\u30c3\u30c8\u3057\u3066\u307f\u307e\u3059\u3002\n\n```text\n$ touch example.txt\n$ git status\nOn branch master\n\nInitial commit\n\nUntracked files:\n  (use \"git add <file>...\" to include in what will be committed)\n\n\texample.txt\n\nnothing added to commit but untracked files present (use \"git add\" to track)\n\n$ git add .\u3000\u3000(\u5168\u3066\u306e\u30d5\u30a1\u30a4\u30eb\u3092\u30a4\u30f3\u30c7\u30c3\u30af\u30b9\u3078\u8ffd\u52a0\u3059\u308b)\n$ git commit -m \"first commit\"\u3000\u3000(\u30b3\u30e1\u30f3\u30c8\u306f\u4efb\u610f)\n```\n\n##3. \u30ea\u30e2\u30fc\u30c8\u30ea\u30dd\u30b8\u30c8\u30ea\u3092\u4f5c\u6210\n\u3000\u7d9a\u3044\u3066\u30ea\u30e2\u30fc\u30c8\u30ea\u30dd\u30b8\u30c8\u30ea\u306e\u4f5c\u6210\u3067\u3059\u304c\u3001\u3055\u304f\u3089\u30ec\u30f3\u30bf\u30eb\u30b5\u30fc\u30d0\u30fc\u306e\u5834\u5408\u306f\n\u3000`/home/hogehoge/git/`\n\u3000\u4ee5\u4e0b\u306b\u30ea\u30e2\u30fc\u30c8\u30ea\u30dd\u30b8\u30c8\u30ea\u3092\u4f5c\u308a\u307e\u3059\u3002\n\n```text\n\u3000$ cd /home/hogehoge/git\n\u3000$ mkdir git_test.git\n\n\u3000$ cd git_test.git\n\u3000$ git init --bare\n```\n\n\u3000\u4e0a\u8a18\u3067\u4f5c\u6210\u3059\u308b\u30c7\u30a3\u30ec\u30af\u30c8\u30ea\u540d\u306f\u4efb\u610f\u3067\u3059\u304c\u3001\u5b9f\u969b\u306bGit\u7ba1\u7406\u3057\u305f\u3044\u30c7\u30a3\u30ec\u30af\u30c8\u30ea\u3068\u5408\u308f\u305b\u305f\u307b\u3046\u304c\u826f\u3044\u3068\u601d\u3044\u307e\u3059\u3002\u4efb\u610f\u3067\u306f\u3042\u308a\u307e\u3059\u304c\u3001\u8a9e\u5c3e\u306b\u306f **.git** \u3092\u4ed8\u3051\u307e\u3059\u3002\n\n##4. \u30ea\u30e2\u30fc\u30c8\u30ea\u30dd\u30b8\u30c8\u30ea\u3078\u306e\u6700\u521d\u306epush\n\u30003\u3067\u4f5c\u3063\u305f\u30ea\u30e2\u30fc\u30c8\u30ea\u30dd\u30b8\u30c8\u30ea\u3068\u30011\u306e\u30c7\u30a3\u30ec\u30af\u30c8\u30ea\u3092\u7d10\u4ed8\u3051\u307e\u3059\u3002\n\n```text\n\u3000$ cd /home/hogehoge/www/git_test\n\u3000$ git remote add origin ssh://hogehoge@hogehoge.sakura.ne.jp/home/hogehoge/git/git_test.git\n\u3000$ git remote -v \u3000\u3000   (\u8a2d\u5b9a\u304c\u51fa\u6765\u3066\u3044\u308b\u304b\u78ba\u8a8d)\n```\n\n\u3000push\u3057\u307e\u3059\u3002\n\n```text\n\u3000$ git push origin master:master\n```\n\n\u3053\u308c\u3067\u4e00\u901a\u308a\u306e\u6d41\u308c\u304c\u7d42\u308f\u3063\u305f\u306e\u3067\u3001\u3042\u3068\u306fGit\u306e\u30b3\u30de\u30f3\u30c9\u3092\u99c6\u4f7f\u3057\u3066commit\u3001push\u3057\u3066\u3044\u304d\u307e\u3059\u3002\n\n##\u756a\u5916\u7de8. \u30ea\u30e2\u30fc\u30c8\u30ea\u30dd\u30b8\u30c8\u30ea\u304b\u3089clone\u3059\u308b\n\u3000\u30ea\u30e2\u30fc\u30c8\u30ea\u30dd\u30b8\u30c8\u30ea\u304b\u3089\u30bd\u30fc\u30b9\u3092clone\u3059\u308b\u3068\u304d\u306f\u4e0b\u8a18\u30b3\u30de\u30f3\u30c9\u3067\u3002\n\n```text\n$ cd /home/hogehoge/www\n$ git clone /home/hogehoge/git/git_test.git git_test_clone\n```\n\n\u3053\u308c\u3067 `/home/hogehoge/www/git_test_clone` \u306b\u30bd\u30fc\u30b9\u304c\u843d\u3061\u3066\u304d\u307e\u3059\u3002\n", "tags": ["Git", "\u3055\u304f\u3089\u306e\u30ec\u30f3\u30bf\u30eb\u30b5\u30fc\u30d0"]}