{"context": " More than 1 year has passed since last update.\u3072\u3055\u3073\u3055\u306bSD\u30ab\u30fc\u30c9\u306bOS\u30a4\u30e1\u30fc\u30b8\u3092\u713c\u304f\u3002\n$ diskutil list\n/dev/disk0\n   #:                       TYPE NAME                    SIZE       IDENTIFIER\n   0:      GUID_partition_scheme                        *500.3 GB   disk0\n   1:                        EFI EFI                     209.7 MB   disk0s1\n   2:          Apple_CoreStorage                         499.4 GB   disk0s2\n   3:                 Apple_Boot Recovery HD             650.0 MB   disk0s3\n/dev/disk1\n   #:                       TYPE NAME                    SIZE       IDENTIFIER\n   0:                  Apple_HFS Macintosh HD           *499.1 GB   disk1\n                                 Logical Volume on disk0s2\n                                 4D3ECD99-C952-4B12-B86F-937E107E6623\n                                 Unlocked Encrypted\n/dev/disk2\n   #:                       TYPE NAME                    SIZE       IDENTIFIER\n   0:     FDisk_partition_scheme                        *8.1 GB     disk2\n   1:                 DOS_FAT_32 NO NAME                 8.1 GB     disk2s1\n\n\ndisk2\u306b\u30de\u30a6\u30f3\u30c8\u3055\u308c\u3066\u3044\u308b\u3053\u3068\u304c\u308f\u304b\u308b\u3002\n\u306a\u306e\u3067\u5bfe\u8c61\u6307\u5b9a\u3057\u3066\u5b9f\u65bd\u3002\n$ dd if=OS\u30a4\u30e1\u30fc\u30b8\u540d of=/dev/rdisk2 bs=1m\ndd: /dev/rdisk2: Resource busy\n\n\u3069\u3046\u3084\u3089\u8abf\u3079\u308b\u3068MAC\u3067\u81ea\u52d5\u7684\u306b\u30de\u30a6\u30f3\u30c8\u3057\u3066\u3044\u308b\u304b\u3089\u3002\u305d\u308a\u3083\u305d\u3046\u3060\u306d\u3002\u3002\u3002\ndf\u3067\u306a\u3093\u3066\u540d\u524d\u3067\u30de\u30a6\u30f3\u30c8\u3057\u3066\u308b\u304b\u8abf\u3079\u308b\n$ df \nFilesystem    512-blocks      Used Available Capacity  iused    ifree %iused  Mounted on\n/dev/disk1     974716928 577840184 396364744    60% 72294021 49545593   59%   /\ndevfs                373       373         0   100%      647        0  100%   /dev\nmap -hosts             0         0         0   100%        0        0  100%   /net\nmap auto_home          0         0         0   100%        0        0  100%   /home\n/dev/disk2s1    15742976      5120  15737856     1%        0        0  100%   /Volumes/NO NAME\n\n\u4ee5\u4e0b\u3067\u30a2\u30f3\u30de\u30a6\u30f3\u30c8\n\n$ sudo diskutil umount \"/Volumes/NO NAME\"\n\n\u3053\u308c\u3067\u7121\u4e8b\u52d5\u304d\u306f\u3058\u3081\u305f\u3002\n\u3072\u3055\u3073\u3055\u306bSD\u30ab\u30fc\u30c9\u306bOS\u30a4\u30e1\u30fc\u30b8\u3092\u713c\u304f\u3002\n\n```\n$ diskutil list\n/dev/disk0\n   #:                       TYPE NAME                    SIZE       IDENTIFIER\n   0:      GUID_partition_scheme                        *500.3 GB   disk0\n   1:                        EFI EFI                     209.7 MB   disk0s1\n   2:          Apple_CoreStorage                         499.4 GB   disk0s2\n   3:                 Apple_Boot Recovery HD             650.0 MB   disk0s3\n/dev/disk1\n   #:                       TYPE NAME                    SIZE       IDENTIFIER\n   0:                  Apple_HFS Macintosh HD           *499.1 GB   disk1\n                                 Logical Volume on disk0s2\n                                 4D3ECD99-C952-4B12-B86F-937E107E6623\n                                 Unlocked Encrypted\n/dev/disk2\n   #:                       TYPE NAME                    SIZE       IDENTIFIER\n   0:     FDisk_partition_scheme                        *8.1 GB     disk2\n   1:                 DOS_FAT_32 NO NAME                 8.1 GB     disk2s1\n\n```\n\ndisk2\u306b\u30de\u30a6\u30f3\u30c8\u3055\u308c\u3066\u3044\u308b\u3053\u3068\u304c\u308f\u304b\u308b\u3002\n\u306a\u306e\u3067\u5bfe\u8c61\u6307\u5b9a\u3057\u3066\u5b9f\u65bd\u3002\n\n```\n$ dd if=OS\u30a4\u30e1\u30fc\u30b8\u540d of=/dev/rdisk2 bs=1m\ndd: /dev/rdisk2: Resource busy\n```\n\n\u3069\u3046\u3084\u3089\u8abf\u3079\u308b\u3068MAC\u3067\u81ea\u52d5\u7684\u306b\u30de\u30a6\u30f3\u30c8\u3057\u3066\u3044\u308b\u304b\u3089\u3002\u305d\u308a\u3083\u305d\u3046\u3060\u306d\u3002\u3002\u3002\ndf\u3067\u306a\u3093\u3066\u540d\u524d\u3067\u30de\u30a6\u30f3\u30c8\u3057\u3066\u308b\u304b\u8abf\u3079\u308b\n\n```\n$ df \nFilesystem    512-blocks      Used Available Capacity  iused    ifree %iused  Mounted on\n/dev/disk1     974716928 577840184 396364744    60% 72294021 49545593   59%   /\ndevfs                373       373         0   100%      647        0  100%   /dev\nmap -hosts             0         0         0   100%        0        0  100%   /net\nmap auto_home          0         0         0   100%        0        0  100%   /home\n/dev/disk2s1    15742976      5120  15737856     1%        0        0  100%   /Volumes/NO NAME\n```\n\n\u4ee5\u4e0b\u3067\u30a2\u30f3\u30de\u30a6\u30f3\u30c8\n```\n$ sudo diskutil umount \"/Volumes/NO NAME\"\n```\n\n\u3053\u308c\u3067\u7121\u4e8b\u52d5\u304d\u306f\u3058\u3081\u305f\u3002\n\n\n", "tags": ["OS", "dd"]}