{"tags": ["Linux", "lvm"], "context": " More than 1 year has passed since last update.\n\n\u25a0\u306f\u3058\u3081\u306b\nCentOS 6\u30b5\u30fc\u30d0\u306eLogical Volume Manager(\u4ee5\u4e0b:LVM\u3068\u8868\u8a18)\u306b\u3088\u308b\u30d5\u30a1\u30a4\u30eb\u30b7\u30b9\u30c6\u30e0\u4f5c\u6210\u624b\u9806\u3067\u3059\u3002\nCentOS 6\u306e\u30b5\u30fc\u30d0\u306b\u65b0\u3057\u3044\u30cf\u30fc\u30c9\u30c7\u30a3\u30b9\u30af(\u4ee5\u4e0b:HDD\u3068\u8868\u8a18)\u3092\u30bb\u30c3\u30c8\u3057\u3001/dev/sdb\u3068\u3057\u3066\u8a8d\u8b58\u3055\u308c\u3066\u3044\u308b\u72b6\u614b\u3067\u3001LVM\u306b\u3088\u308a/dev/sdb\u306bext4\u30d5\u30a1\u30a4\u30eb\u30b7\u30b9\u30c6\u30e0\u3092\u4f5c\u6210\u3057\u3066\u30de\u30a6\u30f3\u30c8\u3059\u308b\u307e\u3067\u306e\u624b\u9806\u306b\u306a\u308a\u307e\u3059\u3002\nCentOS 6\u3092\u30a4\u30f3\u30b9\u30c8\u30fc\u30eb\u3057\u305f\u30b5\u30fc\u30d0\u306b/dev/sdb\u304c\u8a8d\u8b58\u3055\u308c\u3066\u3044\u308b\u72b6\u614b\u304b\u3089\u4f5c\u696d\u3092\u958b\u59cb\u3059\u308b\u524d\u63d0\u3067\u8a18\u8ff0\u3055\u305b\u3066\u9802\u304d\u307e\u3059\u3002\n\n\u25a0\u30b3\u30de\u30f3\u30c9\u3092\u5b9f\u884c\u3057\u305f\u74b0\u5883\u306b\u3064\u3044\u3066\n\u30fbCentOS release 6.6 (2.6.32-504.3.3.el6.x86_64)\n\u30fbHP ProLiant DL360p Gen8(HP DL360 G8)\u30b5\u30fc\u30d0\u306bCentOS 6\u3092\u30a4\u30f3\u30b9\u30c8\u30fc\u30eb\u3057\u3066\u8a66\u3057\u307e\u3057\u305f\u3002\n\n\u25a0LVM\u306b\u3088\u308b\u30d5\u30a1\u30a4\u30eb\u30b7\u30b9\u30c6\u30e0\u4f5c\u6210\u624b\u9806\n\u30fb\u4f5c\u696d\u958b\u59cb\u524d\u306e\u521d\u671f\u72b6\u614b\u3092\u78ba\u8a8d\u3057\u307e\u3059\u3002\n/dev/sdb\u306bLVM\u306b\u3088\u308a\u30d5\u30a1\u30a4\u30eb\u30b7\u30b9\u30c6\u30e0\u3092\u4f5c\u6210\u3059\u308b\u524d\u306b\u3001\u307e\u305a\u4f5c\u696d\u958b\u59cb\u524d\u306e\u521d\u671f\u72b6\u614b\u3092\u78ba\u8a8d\u3057\u307e\u3059\u3002\n\u4eca\u56de\u306e\u4f8b\u3067\u306f\u3001/(root\u30d1\u30fc\u30c6\u30a3\u30b7\u30e7\u30f3)\u306fLVM\u306b\u3088\u308a\u4f5c\u6210\u3055\u308c\u305f/dev/sda\u306b\u683c\u7d0d\u3057\u3066\u304a\u308a\u307e\u3059\u3002\n# cat /etc/redhat-release\nCentOS release 6.6 (Final)\n#\n\n# df -Ph\nFilesystem                            Size  Used Avail Use% Mounted on\n/dev/mapper/vg_privatednsunb-lv_root  259G  998M  245G   1% /\ntmpfs                                  16G     0   16G   0% /dev/shm\n/dev/sda1                             477M   48M  405M  11% /boot\n#\n\nPhysical Volume(PV)\u306e\u521d\u671f\u72b6\u614b\u3092\u78ba\u8a8d\u3057\u307e\u3059\u3002\n# pvs\n  PV         VG               Fmt  Attr PSize   PFree\n  /dev/sda2  vg_privatednsunb lvm2 a--  278.88g    0\n#\n\nVolume Group(VG)\u306e\u521d\u671f\u72b6\u614b\u3092\u78ba\u8a8d\u3057\u307e\u3059\u3002\n# vgs\n  VG               #PV #LV #SN Attr   VSize   VFree\n  vg_privatednsunb   1   2   0 wz--n- 278.88g    0\n#\n\nLogical Volume(LV)\u306e\u521d\u671f\u72b6\u614b\u3092\u78ba\u8a8d\u3057\u307e\u3059\u3002\n# lvs\n  LV      VG               Attr       LSize   Pool Origin Data%  Meta%  Move Log Cpy%Sync Convert\n  lv_root vg_privatednsunb -wi-ao---- 263.15g\n  lv_swap vg_privatednsunb -wi-ao----  15.73g\n#\n\nHDD\u30c7\u30d0\u30a4\u30b9\u8a8d\u8b58\u306e\u521d\u671f\u72b6\u614b\u3092\u78ba\u8a8d\u3057\u307e\u3059\u3002\n/dev/sdb\u304c\u8a8d\u8b58\u3055\u308c\u3066\u3044\u308b\u4e8b\u3001/dev/sdb\u306f\u8a8d\u8b58\u3055\u308c\u3066\u3044\u308b\u304c\u3001/dev/sdb1\u304c\u5b58\u5728\u3057\u306a\u3044\u4e8b(/dev/sdb\u306b\u30d5\u30a1\u30a4\u30eb\u30b7\u30b9\u30c6\u30e0\u306f\u307e\u3060\u672a\u4f5c\u6210\u3067\u3042\u308b\u4e8b)\u3092\u78ba\u8a8d\u3057\u307e\u3059\u3002\n# ls -lrta /dev/sda*\nbrw-rw---- 1 root disk 8, 0  1\u6708  9 18:54 2015 /dev/sda\nbrw-rw---- 1 root disk 8, 2  1\u6708  9 18:54 2015 /dev/sda2\nbrw-rw---- 1 root disk 8, 1  1\u6708  9 18:54 2015 /dev/sda1\n#\n\n# ls -lrta /dev/sdb*\nbrw-rw---- 1 root disk 8, 16  1\u6708  9 18:54 2015 /dev/sdb\n#\n\nfdisk\u3067HDD\u306e\u30d1\u30fc\u30c6\u30a3\u30b7\u30e7\u30f3\u521d\u671f\u72b6\u614b\u3092\u78ba\u8a8d\u3057\u307e\u3059\u3002\n# fdisk -l\n\n\u30c7\u30a3\u30b9\u30af /dev/sda: 300.0 GB, 299966445568 \u30d0\u30a4\u30c8\n\u30d8\u30c3\u30c9 255, \u30bb\u30af\u30bf 63, \u30b7\u30ea\u30f3\u30c0 36468\nUnits = \u30b7\u30ea\u30f3\u30c0\u6570 of 16065 * 512 = 8225280 \u30d0\u30a4\u30c8\n\u30bb\u30af\u30bf\u30b5\u30a4\u30ba (\u8ad6\u7406 / \u7269\u7406): 512 \u30d0\u30a4\u30c8 / 512 \u30d0\u30a4\u30c8\nI/O size (minimum/optimal): 262144 bytes / 262144 bytes\n\u30c7\u30a3\u30b9\u30af\u8b58\u5225\u5b50: 0x0007118c\n\n\u30c7\u30d0\u30a4\u30b9 \u30d6\u30fc\u30c8      \u59cb\u70b9        \u7d42\u70b9     \u30d6\u30ed\u30c3\u30af   Id  \u30b7\u30b9\u30c6\u30e0\n/dev/sda1   *           1          64      512000   83  Linux\n\u30d1\u30fc\u30c6\u30a3\u30b7\u30e7\u30f3 1 \u306f\u3001\u30b7\u30ea\u30f3\u30c0\u5883\u754c\u3067\u7d42\u308f\u3063\u3066\u3044\u307e\u305b\u3093\u3002\n/dev/sda2              64       36469   292422656   8e  Linux LVM\n\n\u30c7\u30a3\u30b9\u30af /dev/sdb: 300.0 GB, 299966445568 \u30d0\u30a4\u30c8\n\u30d8\u30c3\u30c9 255, \u30bb\u30af\u30bf 63, \u30b7\u30ea\u30f3\u30c0 36468\nUnits = \u30b7\u30ea\u30f3\u30c0\u6570 of 16065 * 512 = 8225280 \u30d0\u30a4\u30c8\n\u30bb\u30af\u30bf\u30b5\u30a4\u30ba (\u8ad6\u7406 / \u7269\u7406): 512 \u30d0\u30a4\u30c8 / 512 \u30d0\u30a4\u30c8\nI/O size (minimum/optimal): 262144 bytes / 262144 bytes\n\u30c7\u30a3\u30b9\u30af\u8b58\u5225\u5b50: 0x0008ba94\n\n\u30c7\u30d0\u30a4\u30b9 \u30d6\u30fc\u30c8      \u59cb\u70b9        \u7d42\u70b9     \u30d6\u30ed\u30c3\u30af   Id  \u30b7\u30b9\u30c6\u30e0\n\n\u30c7\u30a3\u30b9\u30af /dev/mapper/vg_privatednsunb-lv_root: 282.6 GB, 282553483264 \u30d0\u30a4\u30c8\n\u30d8\u30c3\u30c9 255, \u30bb\u30af\u30bf 63, \u30b7\u30ea\u30f3\u30c0 34351\nUnits = \u30b7\u30ea\u30f3\u30c0\u6570 of 16065 * 512 = 8225280 \u30d0\u30a4\u30c8\n\u30bb\u30af\u30bf\u30b5\u30a4\u30ba (\u8ad6\u7406 / \u7269\u7406): 512 \u30d0\u30a4\u30c8 / 512 \u30d0\u30a4\u30c8\nI/O size (minimum/optimal): 262144 bytes / 262144 bytes\n\u30c7\u30a3\u30b9\u30af\u8b58\u5225\u5b50: 0x00000000\n\n\n\u30c7\u30a3\u30b9\u30af /dev/mapper/vg_privatednsunb-lv_swap: 16.9 GB, 16886267904 \u30d0\u30a4\u30c8\n\u30d8\u30c3\u30c9 255, \u30bb\u30af\u30bf 63, \u30b7\u30ea\u30f3\u30c0 2052\nUnits = \u30b7\u30ea\u30f3\u30c0\u6570 of 16065 * 512 = 8225280 \u30d0\u30a4\u30c8\n\u30bb\u30af\u30bf\u30b5\u30a4\u30ba (\u8ad6\u7406 / \u7269\u7406): 512 \u30d0\u30a4\u30c8 / 512 \u30d0\u30a4\u30c8\nI/O size (minimum/optimal): 262144 bytes / 262144 bytes\n\u30c7\u30a3\u30b9\u30af\u8b58\u5225\u5b50: 0x00000000\n\n#\n\n\u30fb/dev/sdb\u306e\u9818\u57df\u30b7\u30b9\u30c6\u30e0\u30bf\u30a4\u30d7\u3092LVM\u30d1\u30fc\u30c6\u30a3\u30b7\u30e7\u30f3\u306b\u5909\u66f4\u3059\u308b\u3002\n# fdisk /dev/sdb\n\n\u8b66\u544a: DOS\u4e92\u63db\u30e2\u30fc\u30c9\u306f\u5ec3\u6b62\u4e88\u5b9a\u3067\u3059\u3002\u3053\u306e\u30e2\u30fc\u30c9 (\u30b3\u30de\u30f3\u30c9 'c') \u3092\u6b62\u3081\u308b\u3053\u3068\u3092\n      \u5f37\u304f\u63a8\u5968\u3057\u307e\u3059\u3002 and change display units to\n         sectors (command 'u').\n\n\u30b3\u30de\u30f3\u30c9 (m \u3067\u30d8\u30eb\u30d7): m    \u2192\u300cm\u300d\u3068\u5165\u529b\u3057\u3066\u30d8\u30eb\u30d7\u3092\u8868\u793a\u3059\u308b\u3002\n\u30b3\u30de\u30f3\u30c9\u306e\u52d5\u4f5c\n   a   \u30d6\u30fc\u30c8\u53ef\u80fd\u30d5\u30e9\u30b0\u3092\u3064\u3051\u308b\n   b   bsd \u30c7\u30a3\u30b9\u30af\u30e9\u30d9\u30eb\u3092\u7de8\u96c6\u3059\u308b\n   c   dos \u4e92\u63db\u30d5\u30e9\u30b0\u3092\u3064\u3051\u308b\n   d   \u9818\u57df\u3092\u524a\u9664\u3059\u308b\n   l   \u65e2\u77e5\u306e\u9818\u57df\u30bf\u30a4\u30d7\u3092\u30ea\u30b9\u30c8\u8868\u793a\u3059\u308b\n   m   \u3053\u306e\u30e1\u30cb\u30e5\u30fc\u3092\u8868\u793a\u3059\u308b\n   n   \u65b0\u305f\u306b\u9818\u57df\u3092\u4f5c\u6210\u3059\u308b\n   o   \u65b0\u305f\u306b\u7a7a\u306e DOS \u9818\u57df\u30c6\u30fc\u30d6\u30eb\u3092\u4f5c\u6210\u3059\u308b\n   p   \u9818\u57df\u30c6\u30fc\u30d6\u30eb\u3092\u8868\u793a\u3059\u308b\n   q   \u5909\u66f4\u3092\u4fdd\u5b58\u305b\u305a\u306b\u7d42\u4e86\u3059\u308b\n   s   \u7a7a\u306e Sun \u30c7\u30a3\u30b9\u30af\u30e9\u30d9\u30eb\u3092\u4f5c\u6210\u3059\u308b\n   t   \u9818\u57df\u306e\u30b7\u30b9\u30c6\u30e0 ID \u3092\u5909\u66f4\u3059\u308b\n   u   \u8868\u793a/\u9805\u76ee\u30e6\u30cb\u30c3\u30c8\u3092\u5909\u66f4\u3059\u308b\n   v   \u9818\u57df\u30c6\u30fc\u30d6\u30eb\u3092\u7167\u5408\u3059\u308b\n   w   \u30c6\u30fc\u30d6\u30eb\u3092\u30c7\u30a3\u30b9\u30af\u306b\u66f8\u304d\u8fbc\u307f\u3001\u7d42\u4e86\u3059\u308b\n   x   \u7279\u5225\u306a\u6a5f\u80fd (\u30a8\u30ad\u30b9\u30d1\u30fc\u30c8\u5c02\u7528)\n\n\u30b3\u30de\u30f3\u30c9 (m \u3067\u30d8\u30eb\u30d7): n\u3000\u3000\u2192\u300cn\u300d\u3068\u5165\u529b\u3057\u3066\u9818\u57df\u3092\u4f5c\u6210\u3059\u308b\u3002\n\u30b3\u30de\u30f3\u30c9\u30a2\u30af\u30b7\u30e7\u30f3\n   e   \u62e1\u5f35\n   p   \u57fa\u672c\u30d1\u30fc\u30c6\u30a3\u30b7\u30e7\u30f3 (1-4)\np               \u2192\u300cp\u300d\u3068\u5165\u529b\u3057\u3066\u57fa\u672c\u30d1\u30fc\u30c6\u30a3\u30b7\u30e7\u30f3\u3068\u3057\u3066\u4f5c\u6210\u3059\u308b\u3002\n\u30d1\u30fc\u30c6\u30a3\u30b7\u30e7\u30f3\u756a\u53f7 (1-4): 1    \u2192\u300c1\u300d\u3068\u5165\u529b\u3059\u308b\u3002\n\u6700\u521d \u30b7\u30ea\u30f3\u30c0 (1-36468, \u521d\u671f\u5024 1): \u2192\u3000Enter\u30ad\u30fc\u3092\u62bc\u4e0b\u3057\u3066\u30c7\u30d5\u30a9\u30eb\u30c8\u5024\u3068\u3059\u308b\u3002\n\u521d\u671f\u5024 1 \u3092\u4f7f\u3044\u307e\u3059\nLast \u30b7\u30ea\u30f3\u30c0, +\u30b7\u30ea\u30f3\u30c0\u6570 or +size{K,M,G} (1-36468, \u521d\u671f\u5024 36468):\n\u521d\u671f\u5024 36468 \u3092\u4f7f\u3044\u307e\u3059\n\n\u30b3\u30de\u30f3\u30c9 (m \u3067\u30d8\u30eb\u30d7): l\n\n 0  \u7a7a             24  NEC DOS         81  Minix / \u53e4\u3044  bf  Solaris\n 1  FAT12           39  Plan 9          82  Linux \u30b9\u30ef\u30c3 c1  DRDOS/sec (FAT-\n 2  XENIX root      3c  PartitionMagic  83  Linux           c4  DRDOS/sec (FAT-\n 3  XENIX usr       40  Venix 80286     84  OS/2 \u96a0\u3057 C:  c6  DRDOS/sec (FAT-\n 4  FAT16 <32M      41  PPC PReP Boot   85  Linux \u62e1\u5f35\u9818 c7  Syrinx\n 5  \u62e1\u5f35\u9818\u57df    42  SFS             86  NTFS \u30dc\u30ea\u30e5  da  \u975e FS \u30c7\u30fc\n 6  FAT16           4d  QNX4.x          87  NTFS \u30dc\u30ea\u30e5  db  CP/M / CTOS / .\n 7  HPFS/NTFS       4e  QNX4.x 2nd part 88  Linux \u30d7\u30ec\u30fc de  Dell \u30e6\u30fc\u30c6\n 8  AIX             4f  QNX4.x 3rd part 8e  Linux LVM       df  BootIt\n 9  AIX \u30d6\u30fc\u30c8   50  OnTrack DM      93  Amoeba          e1  DOS access\n a  OS/2 \u30d6\u30fc\u30c8  51  OnTrack DM6 Aux 94  Amoeba BBT      e3  DOS R/O\n b  W95 FAT32       52  CP/M            9f  BSD/OS          e4  SpeedStor\n c  W95 FAT32 (LBA) 53  OnTrack DM6 Aux a0  IBM Thinkpad    eb  BeOS fs\n e  W95 FAT16 (LBA) 54  OnTrackDM6      a5  FreeBSD         ee  GPT\n f  W95 \u62e1\u5f35\u9818   55  EZ-Drive        a6  OpenBSD         ef  EFI (FAT-12/16/\n10  OPUS            56  Golden Bow      a7  NeXTSTEP        f0  Linux/PA-RISC\n11  \u96a0\u3057 FAT12    5c  Priam Edisk     a8  Darwin UFS      f1  SpeedStor\n12  Compaq \u8a3a\u65ad   61  SpeedStor       a9  NetBSD          f4  SpeedStor\n14  \u96a0\u3057 FAT16 <3 63  GNU HURD \u307e\u305f ab  Darwin \u30d6\u30fc   f2  DOS \u30bb\u30ab\u30f3\n16  \u96a0\u3057 FAT16    64  Novell Netware  af  HFS / HFS+      fb  VMware VMFS\n17  \u96a0\u3057 HPFS/NTF 65  Novell Netware  b7  BSDI fs         fc  VMware VMKCORE\n18  AST SmartSleep  70  DiskSecure Mult b8  BSDI \u30b9\u30ef\u30c3  fd  Linux raid \u81ea\n1b  \u96a0\u3057 W95 FAT3 75  PC/IX           bb  \u96a0\u3057 Boot Wiz fe  LANstep\n1c  \u96a0\u3057 W95 FAT3 80  \u53e4\u3044 Minix    be  Solaris \u30d6\u30fc  ff  BBT\n1e  \u96a0\u3057 W95 FAT1\n\n\u30b3\u30de\u30f3\u30c9 (m \u3067\u30d8\u30eb\u30d7): t    \u2192\u300ct\u300d\u3068\u5165\u529b\u3057\u3066\u9818\u57df\u306e\u30b7\u30b9\u30c6\u30e0ID\u3092\u5909\u66f4\u3059\u308b\u3002\n\u9078\u629e\u3057\u305f\u9818\u57df 1\n16\u9032\u6570\u30b3\u30fc\u30c9 (L \u30b3\u30de\u30f3\u30c9\u3067\u30b3\u30fc\u30c9\u30ea\u30b9\u30c8\u8868\u793a): 8e       \u2192\u300c8e\u300d\u3068\u5165\u529b\u3057\u3066LinuxLVM\u3092\u6307\u5b9a\u3059\u308b\u3002\n\u9818\u57df\u306e\u30b7\u30b9\u30c6\u30e0\u30bf\u30a4\u30d7\u3092 1 \u304b\u3089 8e (Linux LVM) \u306b\u5909\u66f4\u3057\u307e\u3057\u305f\n\n\u30b3\u30de\u30f3\u30c9 (m \u3067\u30d8\u30eb\u30d7): p    \u2192\u300cp\u300d\u3068\u5165\u529b\u3059\u308b\u3002\n\n\u30c7\u30a3\u30b9\u30af /dev/sdb: 300.0 GB, 299966445568 \u30d0\u30a4\u30c8\n\u30d8\u30c3\u30c9 255, \u30bb\u30af\u30bf 63, \u30b7\u30ea\u30f3\u30c0 36468\nUnits = \u30b7\u30ea\u30f3\u30c0\u6570 of 16065 * 512 = 8225280 \u30d0\u30a4\u30c8\n\u30bb\u30af\u30bf\u30b5\u30a4\u30ba (\u8ad6\u7406 / \u7269\u7406): 512 \u30d0\u30a4\u30c8 / 512 \u30d0\u30a4\u30c8\nI/O size (minimum/optimal): 262144 bytes / 262144 bytes\n\u30c7\u30a3\u30b9\u30af\u8b58\u5225\u5b50: 0x0008ba94\n\n\u30c7\u30d0\u30a4\u30b9 \u30d6\u30fc\u30c8      \u59cb\u70b9        \u7d42\u70b9     \u30d6\u30ed\u30c3\u30af   Id  \u30b7\u30b9\u30c6\u30e0\n/dev/sdb1               1       36468   292929178+  8e  Linux LVM\nPartition 1 does not start on physical sector boundary.\n\n\u30b3\u30de\u30f3\u30c9 (m \u3067\u30d8\u30eb\u30d7): w    \u2192\u300cw\u300d\u3068\u5165\u529b\u3057\u3066\u8a2d\u5b9a\u3057\u305f\u5185\u5bb9\u3092\u4fdd\u5b58\u3059\u308b\u3002\n\u30d1\u30fc\u30c6\u30a3\u30b7\u30e7\u30f3\u30c6\u30fc\u30d6\u30eb\u306f\u5909\u66f4\u3055\u308c\u307e\u3057\u305f\uff01\n\nioctl() \u3092\u547c\u3073\u51fa\u3057\u3066\u30d1\u30fc\u30c6\u30a3\u30b7\u30e7\u30f3\u30c6\u30fc\u30d6\u30eb\u3092\u518d\u8aad\u8fbc\u307f\u3057\u307e\u3059\u3002\n\u30c7\u30a3\u30b9\u30af\u3092\u540c\u671f\u3057\u3066\u3044\u307e\u3059\u3002\n#\n\n/dev/sdb\u306e\u9818\u57df\u30b7\u30b9\u30c6\u30e0\u30bf\u30a4\u30d7\u304c8e(LVM)\u306b\u5909\u66f4\u3055\u308c\u305f\u4e8b\u3092\u78ba\u8a8d\u3057\u307e\u3059\u3002\n# fdisk -l\n\n\u30c7\u30a3\u30b9\u30af /dev/sda: 300.0 GB, 299966445568 \u30d0\u30a4\u30c8\n\u30d8\u30c3\u30c9 255, \u30bb\u30af\u30bf 63, \u30b7\u30ea\u30f3\u30c0 36468\nUnits = \u30b7\u30ea\u30f3\u30c0\u6570 of 16065 * 512 = 8225280 \u30d0\u30a4\u30c8\n\u30bb\u30af\u30bf\u30b5\u30a4\u30ba (\u8ad6\u7406 / \u7269\u7406): 512 \u30d0\u30a4\u30c8 / 512 \u30d0\u30a4\u30c8\nI/O size (minimum/optimal): 262144 bytes / 262144 bytes\n\u30c7\u30a3\u30b9\u30af\u8b58\u5225\u5b50: 0x0007118c\n\n\u30c7\u30d0\u30a4\u30b9 \u30d6\u30fc\u30c8      \u59cb\u70b9        \u7d42\u70b9     \u30d6\u30ed\u30c3\u30af   Id  \u30b7\u30b9\u30c6\u30e0\n/dev/sda1   *           1          64      512000   83  Linux\n\u30d1\u30fc\u30c6\u30a3\u30b7\u30e7\u30f3 1 \u306f\u3001\u30b7\u30ea\u30f3\u30c0\u5883\u754c\u3067\u7d42\u308f\u3063\u3066\u3044\u307e\u305b\u3093\u3002\n/dev/sda2              64       36469   292422656   8e  Linux LVM\n\n\u30c7\u30a3\u30b9\u30af /dev/sdb: 300.0 GB, 299966445568 \u30d0\u30a4\u30c8\n\u30d8\u30c3\u30c9 255, \u30bb\u30af\u30bf 63, \u30b7\u30ea\u30f3\u30c0 36468\nUnits = \u30b7\u30ea\u30f3\u30c0\u6570 of 16065 * 512 = 8225280 \u30d0\u30a4\u30c8\n\u30bb\u30af\u30bf\u30b5\u30a4\u30ba (\u8ad6\u7406 / \u7269\u7406): 512 \u30d0\u30a4\u30c8 / 512 \u30d0\u30a4\u30c8\nI/O size (minimum/optimal): 262144 bytes / 262144 bytes\n\u30c7\u30a3\u30b9\u30af\u8b58\u5225\u5b50: 0x0008ba94\n\n\u30c7\u30d0\u30a4\u30b9 \u30d6\u30fc\u30c8      \u59cb\u70b9        \u7d42\u70b9     \u30d6\u30ed\u30c3\u30af   Id  \u30b7\u30b9\u30c6\u30e0\n/dev/sdb1               1       36468   292929178+  8e  Linux LVM\u3000\u2192\u300c8e\u300d(LVM)\u3068\u8868\u793a\u3055\u308c\u3066\u3044\u308b\u4e8b\u3092\u78ba\u8a8d\u3059\u308b\u3002\nPartition 1 does not start on physical sector boundary.\n\n\u30c7\u30a3\u30b9\u30af /dev/mapper/vg_privatednsunb-lv_root: 282.6 GB, 282553483264 \u30d0\u30a4\u30c8\n\u30d8\u30c3\u30c9 255, \u30bb\u30af\u30bf 63, \u30b7\u30ea\u30f3\u30c0 34351\nUnits = \u30b7\u30ea\u30f3\u30c0\u6570 of 16065 * 512 = 8225280 \u30d0\u30a4\u30c8\n\u30bb\u30af\u30bf\u30b5\u30a4\u30ba (\u8ad6\u7406 / \u7269\u7406): 512 \u30d0\u30a4\u30c8 / 512 \u30d0\u30a4\u30c8\nI/O size (minimum/optimal): 262144 bytes / 262144 bytes\n\u30c7\u30a3\u30b9\u30af\u8b58\u5225\u5b50: 0x00000000\n\n\n\u30c7\u30a3\u30b9\u30af /dev/mapper/vg_privatednsunb-lv_swap: 16.9 GB, 16886267904 \u30d0\u30a4\u30c8\n\u30d8\u30c3\u30c9 255, \u30bb\u30af\u30bf 63, \u30b7\u30ea\u30f3\u30c0 2052\nUnits = \u30b7\u30ea\u30f3\u30c0\u6570 of 16065 * 512 = 8225280 \u30d0\u30a4\u30c8\n\u30bb\u30af\u30bf\u30b5\u30a4\u30ba (\u8ad6\u7406 / \u7269\u7406): 512 \u30d0\u30a4\u30c8 / 512 \u30d0\u30a4\u30c8\nI/O size (minimum/optimal): 262144 bytes / 262144 bytes\n\u30c7\u30a3\u30b9\u30af\u8b58\u5225\u5b50: 0x00000000\n\n#\n\n\u30fb/dev/sdb1\u304c\u4f5c\u6210\u3055\u308c\u305f\u4e8b\u3092\u78ba\u8a8d\u3057\u307e\u3059\u3002\n# ls -lrta /dev/sda*\nbrw-rw---- 1 root disk 8, 0  1\u6708  9 18:54 2015 /dev/sda\nbrw-rw---- 1 root disk 8, 2  1\u6708  9 18:54 2015 /dev/sda2\nbrw-rw---- 1 root disk 8, 1  1\u6708  9 18:54 2015 /dev/sda1\n#\n# ls -lrta /dev/sdb*\nbrw-rw---- 1 root disk 8, 17  1\u6708 13 11:22 2015 /dev/sdb1\nbrw-rw---- 1 root disk 8, 16  1\u6708 13 11:22 2015 /dev/sdb\n#\n\n\u30fb/dev/sdb1\u306bPhysical Volume(PV)\u3092\u4f5c\u6210\u3057\u307e\u3059\u3002\n# pvs\n  PV         VG               Fmt  Attr PSize   PFree\n  /dev/sda2  vg_privatednsunb lvm2 a--  278.88g    0\n#\n\n# pvdisplay\n  --- Physical volume ---\n  PV Name               /dev/sda2\n  VG Name               vg_privatednsunb\n  PV Size               278.88 GiB / not usable 0\n  Allocatable           yes (but full)\n  PE Size               4.00 MiB\n  Total PE              71392\n  Free PE               0\n  Allocated PE          71392\n  PV UUID               (UUID\u304c\u8868\u793a\u3055\u308c\u308b)\n\n#\n\n# pvcreate /dev/sdb1\n  Physical volume \"/dev/sdb1\" successfully created\n#\n\n# pvs\n  PV         VG               Fmt  Attr PSize   PFree\n  /dev/sda2  vg_privatednsunb lvm2 a--  278.88g      0\n  /dev/sdb1                   lvm2 ---  279.36g 279.36g\n#\n\n# pvdisplay\n  --- Physical volume ---\n  PV Name               /dev/sda2\n  VG Name               vg_privatednsunb\n  PV Size               278.88 GiB / not usable 0\n  Allocatable           yes (but full)\n  PE Size               4.00 MiB\n  Total PE              71392\n  Free PE               0\n  Allocated PE          71392\n  PV UUID               (UUID\u304c\u8868\u793a\u3055\u308c\u308b)\n\n  \"/dev/sdb1\" is a new physical volume of \"279.36 GiB\"\n  --- NEW Physical volume ---\n  PV Name               /dev/sdb1\n  VG Name\n  PV Size               279.36 GiB\n  Allocatable           NO\n  PE Size               0\n  Total PE              0\n  Free PE               0\n  Allocated PE          0\n  PV UUID               (UUID\u304c\u8868\u793a\u3055\u308c\u308b)\n\n#\n\n\u30fb/dev/sdb1\u306bVolume Group(VG)\u3092\u4f5c\u6210\u3057\u307e\u3059\u3002\n\u5148\u307b\u3069/dev/sdb1\u306b\u4f5c\u6210\u3057\u305fPhysical Volume(PV)\u3092\u6307\u5b9a\u3057\u3066\u3001Volume Group(VG)\u3092\u4f5c\u6210\u3057\u307e\u3059\u3002\nVolume Group(VG)\u3092\u5225\u9014\u6700\u59272TB\u307e\u3067\u62e1\u5f35\u3059\u308b\u3088\u3046\u306a\u5834\u5408\u306f\u300c-s\u300d\u30aa\u30d7\u30b7\u30e7\u30f3\u306732MB\u3092\u6307\u5b9a\u3057\u3066\u4f5c\u6210\u3057\u307e\u3059\u3002\n\u4f8b\u3068\u3057\u3066\u3001Volume Group\u540d\u306fVolGroup01\u3068\u3057\u3066\u4f5c\u6210\u3057\u307e\u3059\u3002\n# vgs\n  VG               #PV #LV #SN Attr   VSize   VFree\n  vg_privatednsunb   1   2   0 wz--n- 278.88g    0\n#\n\n# vgdisplay\n  --- Volume group ---\n  VG Name               vg_privatednsunb\n  System ID\n  Format                lvm2\n  Metadata Areas        1\n  Metadata Sequence No  3\n  VG Access             read/write\n  VG Status             resizable\n  MAX LV                0\n  Cur LV                2\n  Open LV               2\n  Max PV                0\n  Cur PV                1\n  Act PV                1\n  VG Size               278.88 GiB\n  PE Size               4.00 MiB\n  Total PE              71392\n  Alloc PE / Size       71392 / 278.88 GiB\n  Free  PE / Size       0 / 0\n  VG UUID               (UUID\u304c\u8868\u793a\u3055\u308c\u308b)\n\n#\n\n# vgcreate -s 32m VolGroup01 /dev/sdb1\n  Volume group \"VolGroup01\" successfully created\n#\n\n# vgs\n  VG               #PV #LV #SN Attr   VSize   VFree\n  VolGroup01         1   0   0 wz--n- 279.34g 279.34g\n  vg_privatednsunb   1   2   0 wz--n- 278.88g      0\n#\n\n# vgdisplay\n  --- Volume group ---\n  VG Name               VolGroup01\n  System ID\n  Format                lvm2\n  Metadata Areas        1\n  Metadata Sequence No  1\n  VG Access             read/write\n  VG Status             resizable\n  MAX LV                0\n  Cur LV                0\n  Open LV               0\n  Max PV                0\n  Cur PV                1\n  Act PV                1\n  VG Size               279.34 GiB\n  PE Size               32.00 MiB\n  Total PE              8939\n  Alloc PE / Size       0 / 0\n  Free  PE / Size       8939 / 279.34 GiB\n  VG UUID               (UUID\u304c\u8868\u793a\u3055\u308c\u308b)\n\n  --- Volume group ---\n  VG Name               vg_privatednsunb\n  System ID\n  Format                lvm2\n  Metadata Areas        1\n  Metadata Sequence No  3\n  VG Access             read/write\n  VG Status             resizable\n  MAX LV                0\n  Cur LV                2\n  Open LV               2\n  Max PV                0\n  Cur PV                1\n  Act PV                1\n  VG Size               278.88 GiB\n  PE Size               4.00 MiB\n  Total PE              71392\n  Alloc PE / Size       71392 / 278.88 GiB\n  Free  PE / Size       0 / 0\n  VG UUID               (UUID\u304c\u8868\u793a\u3055\u308c\u308b)\n\n#\n\n\u30fbLogical Volume(LV)\u3092\u4f5c\u6210\u3057\u307e\u3059\u3002\n\u5148\u307b\u3069\u4f5c\u6210\u3057\u305fVolume Group(VG)\u3092\u6307\u5b9a\u3057\u3066\u3001Logical Volume(LV)\u3092\u4f5c\u6210\u3057\u307e\u3059\u3002\n/dev/sdb\u306b\u8a8d\u8b58\u3055\u308c\u3066\u3044\u308bHDD\u306e\u30b5\u30a4\u30ba\u304c\u7d04260GB\u3060\u3068\u3057\u307e\u3059\u3002\n\u4eca\u56de\u306e\u4f8b\u3067\u306f\u3001Logical Volume(LV)\u306e\u30b5\u30a4\u30ba\u3092\u300c-L\u300d\u30aa\u30d7\u30b7\u30e7\u30f3\u3067263.15G\u3068\u6307\u5b9a\u3057\u3066\u4f5c\u6210\u3057\u307e\u3059\u3002\n\u4f8b\u3068\u3057\u3066\u3001Logical Volume\u540d\u306fLogVol00\u3068\u3057\u3066\u4f5c\u6210\u3057\u307e\u3059\u3002\n# lvs\n  LV      VG               Attr       LSize   Pool Origin Data%  Meta%  Move Log Cpy%Sync Convert\n  lv_root vg_privatednsunb -wi-ao---- 263.15g\n  lv_swap vg_privatednsunb -wi-ao----  15.73g\n#\n\n# lvdisplay\n  --- Logical volume ---\n  LV Path                /dev/vg_privatednsunb/lv_root\n  LV Name                lv_root\n  VG Name                vg_privatednsunb\n  LV UUID                (UUID\u304c\u8868\u793a\u3055\u308c\u308b)\n  LV Write Access        read/write\n  LV Creation host, time (\u30db\u30b9\u30c8\u540d\u304c\u8868\u793a\u3055\u308c\u308b), 2015-01-07 10:30:48 +0900\n  LV Status              available\n  # open                 1\n  LV Size                263.15 GiB\n  Current LE             67366\n  Segments               1\n  Allocation             inherit\n  Read ahead sectors     auto\n  - currently set to     256\n  Block device           253:0\n\n  --- Logical volume ---\n  LV Path                /dev/vg_privatednsunb/lv_swap\n  LV Name                lv_swap\n  VG Name                vg_privatednsunb\n  LV UUID                (UUID\u304c\u8868\u793a\u3055\u308c\u308b)\n  LV Write Access        read/write\n  LV Creation host, time (\u30db\u30b9\u30c8\u540d\u304c\u8868\u793a\u3055\u308c\u308b), 2015-01-07 10:31:10 +0900\n  LV Status              available\n  # open                 1\n  LV Size                15.73 GiB\n  Current LE             4026\n  Segments               1\n  Allocation             inherit\n  Read ahead sectors     auto\n  - currently set to     256\n  Block device           253:1\n\n#\n\n# lvcreate -L 263.15G -n LogVol00 VolGroup01\n  Rounding up size to full physical extent 263.16 GiB\n  Logical volume \"LogVol00\" created\n#\n\n# lvs\n  LV       VG               Attr       LSize   Pool Origin Data%  Meta%  Move Log Cpy%Sync Convert\n  LogVol00 VolGroup01       -wi-a----- 263.16g\n  lv_root  vg_privatednsunb -wi-ao---- 263.15g\n  lv_swap  vg_privatednsunb -wi-ao----  15.73g\n#\n\n# lvdisplay\n  --- Logical volume ---\n  LV Path                /dev/VolGroup01/LogVol00\n  LV Name                LogVol00\n  VG Name                VolGroup01\n  LV UUID                (UUID\u304c\u8868\u793a\u3055\u308c\u308b)\n  LV Write Access        read/write\n  LV Creation host, time (\u30db\u30b9\u30c8\u540d\u304c\u8868\u793a\u3055\u308c\u308b), 2015-01-13 12:25:53 +0900\n  LV Status              available\n  # open                 0\n  LV Size                263.16 GiB\n  Current LE             8421\n  Segments               1\n  Allocation             inherit\n  Read ahead sectors     auto\n  - currently set to     256\n  Block device           253:2\n\n  --- Logical volume ---\n  LV Path                /dev/vg_privatednsunb/lv_root\n  LV Name                lv_root\n  VG Name                vg_privatednsunb\n  LV UUID                (UUID\u304c\u8868\u793a\u3055\u308c\u308b)\n  LV Write Access        read/write\n  LV Creation host, time (\u30db\u30b9\u30c8\u540d\u304c\u8868\u793a\u3055\u308c\u308b), 2015-01-07 10:30:48 +0900\n  LV Status              available\n  # open                 1\n  LV Size                263.15 GiB\n  Current LE             67366\n  Segments               1\n  Allocation             inherit\n  Read ahead sectors     auto\n  - currently set to     256\n  Block device           253:0\n\n  --- Logical volume ---\n  LV Path                /dev/vg_privatednsunb/lv_swap\n  LV Name                lv_swap\n  VG Name                vg_privatednsunb\n  LV UUID                (UUID\u304c\u8868\u793a\u3055\u308c\u308b)\n  LV Write Access        read/write\n  LV Creation host, time (\u30db\u30b9\u30c8\u540d\u304c\u8868\u793a\u3055\u308c\u308b), 2015-01-07 10:31:10 +0900\n  LV Status              available\n  # open                 1\n  LV Size                15.73 GiB\n  Current LE             4026\n  Segments               1\n  Allocation             inherit\n  Read ahead sectors     auto\n  - currently set to     256\n  Block device           253:1\n\n#\n\n\u30fb\u4f5c\u6210\u3057\u305fLogical Volume(LV)\u306bext4\u30d5\u30a1\u30a4\u30eb\u30b7\u30b9\u30c6\u30e0\u3092\u4f5c\u6210\u3057\u307e\u3059\u3002\n\u4eca\u56de\u306e\u4f8b\u3067\u306f\u3001/dev/sdb\u306b\u30bb\u30c3\u30c8\u3057\u305f\u7d04260GB\u306eHDD\u306bext4\u30d5\u30a1\u30a4\u30eb\u30b7\u30b9\u30c6\u30e0\u3092\u4f5c\u6210\u3057\u307e\u3059\u3002\n# ll /dev/VolGroup01/LogVol00\nlrwxrwxrwx 1 root root 7  1\u6708 13 12:25 2015 /dev/VolGroup01/LogVol00 -> ../dm-2\n#\n\nmkfs\u30b3\u30de\u30f3\u30c9\u3092\u5b9f\u884c\u3057\u3001\u5148\u307b\u3069\u4f5c\u6210\u3057\u305fLogical Volume(LV)\u306bext4\u30d5\u30a1\u30a4\u30eb\u30b7\u30b9\u30c6\u30e0\u3092\u4f5c\u6210\u3057\u307e\u3059\u3002\n# mkfs -t ext4 /dev/VolGroup01/LogVol00\nmke2fs 1.41.12 (17-May-2010)\nFilesystem label=\nOS type: Linux\nBlock size=4096 (log=2)\nFragment size=4096 (log=2)\nStride=64 blocks, Stripe width=64 blocks\n17252352 inodes, 68984832 blocks\n3449241 blocks (5.00%) reserved for the super user\nFirst data block=0\nMaximum filesystem blocks=4294967296\n2106 block groups\n32768 blocks per group, 32768 fragments per group\n8192 inodes per group\nSuperblock backups stored on blocks:\n        32768, 98304, 163840, 229376, 294912, 819200, 884736, 1605632, 2654208,\n        4096000, 7962624, 11239424, 20480000, 23887872\n\nWriting inode tables: done\nCreating journal (32768 blocks): done\nWriting superblocks and filesystem accounting information: done\n\nThis filesystem will be automatically checked every 23 mounts or\n180 days, whichever comes first.  Use tune2fs -c or -i to override.\n#\n\n\n\n\u25a0LVM\u306b\u3088\u308a\u4f5c\u6210\u3057\u305f\u30d5\u30a1\u30a4\u30eb\u30b7\u30b9\u30c6\u30e0\u306e\u30de\u30a6\u30f3\u30c8\u624b\u9806\n\u30fbext4\u3067\u30d5\u30a9\u30fc\u30de\u30c3\u30c8\u3057\u305fLogical Volume(LV)\u3092\u30de\u30a6\u30f3\u30c8\u3057\u307e\u3059\u3002\n\u4eca\u56de\u306e\u4f8b\u3067\u306f\u3001/example\u30d1\u30fc\u30c6\u30a3\u30b7\u30e7\u30f3\u3068\u3057\u3066ext4\u3067\u30d5\u30a9\u30fc\u30de\u30c3\u30c8\u3057\u305fLogical Volume(LV)\u3092\u30de\u30a6\u30f3\u30c8\u3057\u307e\u3059\u3002\n# df -Ph\nFilesystem                            Size  Used Avail Use% Mounted on\n/dev/mapper/vg_privatednsunb-lv_root  259G  998M  245G   1% /\ntmpfs                                  16G     0   16G   0% /dev/shm\n/dev/sda1                             477M   48M  405M  11% /boot\n#\n\n# mkdir /example\n#\n# mount -o rw -t ext4 /dev/VolGroup01/LogVol00 /example\n#\n# df -Ph\nFilesystem                            Size  Used Avail Use% Mounted on\n/dev/mapper/vg_privatednsunb-lv_root  259G  998M  245G   1% /\ntmpfs                                  16G     0   16G   0% /dev/shm\n/dev/sda1                             477M   48M  405M  11% /boot\n/dev/mapper/VolGroup01-LogVol00       259G   60M  246G   1% /example\n#\n\n\u30fb/example\u914d\u4e0b\u306b\u30d5\u30a1\u30a4\u30eb\u8aad\u307f\u66f8\u304d\u51fa\u6765\u308b\u304b\u30c6\u30b9\u30c8\u3057\u307e\u3059\u3002\n# date >> /example/test.txt\n# cat /example/test.txt\n2015\u5e74  1\u6708 13\u65e5 \u706b\u66dc\u65e5 12:37:45 JST\n#\n\n\u30fb\u30b5\u30fc\u30d0\u8d77\u52d5\u6642\u306b\u81ea\u52d5\u7684\u306b/example\u3092\u30de\u30a6\u30f3\u30c8\u3055\u305b\u305f\u3044\u5834\u5408\u3001/etc/fstab\u306b\u30de\u30a6\u30f3\u30c8\u8a2d\u5b9a\u3092\u8ffd\u52a0\u3057\u307e\u3059\u3002\n# cp -p /etc/fstab /etc/fstab.ORG\n# diff /etc/fstab /etc/fstab.ORG\n#\n\n# echo \"/dev/VolGroup01/LogVol00 /example                            ext4    defaults        1 2\" >> /etc/fstab\n# \n\n# diff /etc/fstab /etc/fstab.ORG\n16d15\n< /dev/VolGroup01/LogVol00 /example                            ext4    defaults        1 2\n#\n\n# tail -1 /etc/fstab\n/dev/VolGroup01/LogVol00 /example                            ext4    defaults        1 2\n#\n\n\n# ll /example/\n\u5408\u8a08 20\ndrwx------ 2 root root 16384  1\u6708 13 12:31 2015 lost+found\n-rw-r--r-- 1 root root    43  1\u6708 13 12:37 2015 test.txt\n#\n\n# umount /example\n#\n\n# ll /example/\n\u5408\u8a08 0\n#\n# df -Ph\nFilesystem                            Size  Used Avail Use% Mounted on\n/dev/mapper/vg_privatednsunb-lv_root  259G  998M  245G   1% /\ntmpfs                                  16G     0   16G   0% /dev/shm\n/dev/sda1                             477M   48M  405M  11% /boot\n#\n\n\u30fb\u30b5\u30fc\u30d0\u3092\u30ea\u30d6\u30fc\u30c8\u3057\u307e\u3059\u3002\n# reboot\n\n\n\u30fb\u30b5\u30fc\u30d0\u304c\u8d77\u52d5\u3057\u3066\u304d\u305f\u3089\u3001/example\u304c\u30de\u30a6\u30f3\u30c8\u3055\u308c\u3066\u3044\u308b\u4e8b\u3092\u78ba\u8a8d\u3057\u307e\u3059\u3002\n/example\u914d\u4e0b\u306b\u30d5\u30a1\u30a4\u30eb\u8aad\u307f\u66f8\u304d\u51fa\u6765\u308b\u304b\u30c6\u30b9\u30c8\u3057\u3066\u3001\u554f\u984c\u306a\u3051\u308c\u3070\u5b8c\u4e86\u306b\u306a\u308a\u307e\u3059\u3002\n# df -Ph\nFilesystem                            Size  Used Avail Use% Mounted on\n/dev/mapper/vg_privatednsunb-lv_root  259G  998M  245G   1% /\ntmpfs                                  16G     0   16G   0% /dev/shm\n/dev/sda1                             477M   48M  405M  11% /boot\n/dev/mapper/VolGroup01-LogVol00       259G   60M  246G   1% /example\n#\n\n# mount | grep example\n/dev/mapper/VolGroup01-LogVol00 on /example type ext4 (rw)\n#\n\n# ll /example/\n\u5408\u8a08 20\ndrwx------ 2 root root 16384  1\u6708 13 12:31 2015 lost+found\n-rw-r--r-- 1 root root    43  1\u6708 13 12:37 2015 test.txt\n#\n\n# cat /example/test.txt\n2015\u5e74  1\u6708 13\u65e5 \u706b\u66dc\u65e5 12:37:45 JST\n#\n\n# date >> /example/test2.txt\n# date >> /example/test2.txt\n#\n\n# cat /example/test2.txt\n2015\u5e74  1\u6708 13\u65e5 \u706b\u66dc\u65e5 12:57:41 JST\n2015\u5e74  1\u6708 13\u65e5 \u706b\u66dc\u65e5 12:57:43 JST\n#\n\n\n\u4ee5\u4e0a\u306b\u306a\u308a\u307e\u3059\u3002\n\u25a0\u306f\u3058\u3081\u306b\n===\n\nCentOS 6\u30b5\u30fc\u30d0\u306eLogical Volume Manager(\u4ee5\u4e0b:LVM\u3068\u8868\u8a18)\u306b\u3088\u308b\u30d5\u30a1\u30a4\u30eb\u30b7\u30b9\u30c6\u30e0\u4f5c\u6210\u624b\u9806\u3067\u3059\u3002\n\nCentOS 6\u306e\u30b5\u30fc\u30d0\u306b\u65b0\u3057\u3044\u30cf\u30fc\u30c9\u30c7\u30a3\u30b9\u30af(\u4ee5\u4e0b:HDD\u3068\u8868\u8a18)\u3092\u30bb\u30c3\u30c8\u3057\u3001/dev/sdb\u3068\u3057\u3066\u8a8d\u8b58\u3055\u308c\u3066\u3044\u308b\u72b6\u614b\u3067\u3001LVM\u306b\u3088\u308a/dev/sdb\u306bext4\u30d5\u30a1\u30a4\u30eb\u30b7\u30b9\u30c6\u30e0\u3092\u4f5c\u6210\u3057\u3066\u30de\u30a6\u30f3\u30c8\u3059\u308b\u307e\u3067\u306e\u624b\u9806\u306b\u306a\u308a\u307e\u3059\u3002\n\nCentOS 6\u3092\u30a4\u30f3\u30b9\u30c8\u30fc\u30eb\u3057\u305f\u30b5\u30fc\u30d0\u306b/dev/sdb\u304c\u8a8d\u8b58\u3055\u308c\u3066\u3044\u308b\u72b6\u614b\u304b\u3089\u4f5c\u696d\u3092\u958b\u59cb\u3059\u308b\u524d\u63d0\u3067\u8a18\u8ff0\u3055\u305b\u3066\u9802\u304d\u307e\u3059\u3002\n\n\u25a0\u30b3\u30de\u30f3\u30c9\u3092\u5b9f\u884c\u3057\u305f\u74b0\u5883\u306b\u3064\u3044\u3066\n===\n\n\u30fbCentOS release 6.6 (2.6.32-504.3.3.el6.x86_64)\n\n\u30fbHP ProLiant DL360p Gen8(HP DL360 G8)\u30b5\u30fc\u30d0\u306bCentOS 6\u3092\u30a4\u30f3\u30b9\u30c8\u30fc\u30eb\u3057\u3066\u8a66\u3057\u307e\u3057\u305f\u3002\n\n\u25a0LVM\u306b\u3088\u308b\u30d5\u30a1\u30a4\u30eb\u30b7\u30b9\u30c6\u30e0\u4f5c\u6210\u624b\u9806\n===\n\n\u30fb\u4f5c\u696d\u958b\u59cb\u524d\u306e\u521d\u671f\u72b6\u614b\u3092\u78ba\u8a8d\u3057\u307e\u3059\u3002\n\n/dev/sdb\u306bLVM\u306b\u3088\u308a\u30d5\u30a1\u30a4\u30eb\u30b7\u30b9\u30c6\u30e0\u3092\u4f5c\u6210\u3059\u308b\u524d\u306b\u3001\u307e\u305a\u4f5c\u696d\u958b\u59cb\u524d\u306e\u521d\u671f\u72b6\u614b\u3092\u78ba\u8a8d\u3057\u307e\u3059\u3002\n\n\u4eca\u56de\u306e\u4f8b\u3067\u306f\u3001/(root\u30d1\u30fc\u30c6\u30a3\u30b7\u30e7\u30f3)\u306fLVM\u306b\u3088\u308a\u4f5c\u6210\u3055\u308c\u305f/dev/sda\u306b\u683c\u7d0d\u3057\u3066\u304a\u308a\u307e\u3059\u3002\n\n\n```\n# cat /etc/redhat-release\nCentOS release 6.6 (Final)\n#\n```\n\n```\n# df -Ph\nFilesystem                            Size  Used Avail Use% Mounted on\n/dev/mapper/vg_privatednsunb-lv_root  259G  998M  245G   1% /\ntmpfs                                  16G     0   16G   0% /dev/shm\n/dev/sda1                             477M   48M  405M  11% /boot\n#\n```\n\nPhysical Volume(PV)\u306e\u521d\u671f\u72b6\u614b\u3092\u78ba\u8a8d\u3057\u307e\u3059\u3002\n\n```\n# pvs\n  PV         VG               Fmt  Attr PSize   PFree\n  /dev/sda2  vg_privatednsunb lvm2 a--  278.88g    0\n#\n```\n\nVolume Group(VG)\u306e\u521d\u671f\u72b6\u614b\u3092\u78ba\u8a8d\u3057\u307e\u3059\u3002\n\n```\n# vgs\n  VG               #PV #LV #SN Attr   VSize   VFree\n  vg_privatednsunb   1   2   0 wz--n- 278.88g    0\n#\n```\n\nLogical Volume(LV)\u306e\u521d\u671f\u72b6\u614b\u3092\u78ba\u8a8d\u3057\u307e\u3059\u3002\n\n```\n# lvs\n  LV      VG               Attr       LSize   Pool Origin Data%  Meta%  Move Log Cpy%Sync Convert\n  lv_root vg_privatednsunb -wi-ao---- 263.15g\n  lv_swap vg_privatednsunb -wi-ao----  15.73g\n#\n```\n\n\n\nHDD\u30c7\u30d0\u30a4\u30b9\u8a8d\u8b58\u306e\u521d\u671f\u72b6\u614b\u3092\u78ba\u8a8d\u3057\u307e\u3059\u3002\n/dev/sdb\u304c\u8a8d\u8b58\u3055\u308c\u3066\u3044\u308b\u4e8b\u3001/dev/sdb\u306f\u8a8d\u8b58\u3055\u308c\u3066\u3044\u308b\u304c\u3001/dev/sdb1\u304c\u5b58\u5728\u3057\u306a\u3044\u4e8b(/dev/sdb\u306b\u30d5\u30a1\u30a4\u30eb\u30b7\u30b9\u30c6\u30e0\u306f\u307e\u3060\u672a\u4f5c\u6210\u3067\u3042\u308b\u4e8b)\u3092\u78ba\u8a8d\u3057\u307e\u3059\u3002\n\n```\n# ls -lrta /dev/sda*\nbrw-rw---- 1 root disk 8, 0  1\u6708  9 18:54 2015 /dev/sda\nbrw-rw---- 1 root disk 8, 2  1\u6708  9 18:54 2015 /dev/sda2\nbrw-rw---- 1 root disk 8, 1  1\u6708  9 18:54 2015 /dev/sda1\n#\n```\n\n```\n# ls -lrta /dev/sdb*\nbrw-rw---- 1 root disk 8, 16  1\u6708  9 18:54 2015 /dev/sdb\n#\n```\n\nfdisk\u3067HDD\u306e\u30d1\u30fc\u30c6\u30a3\u30b7\u30e7\u30f3\u521d\u671f\u72b6\u614b\u3092\u78ba\u8a8d\u3057\u307e\u3059\u3002\n\n```\n# fdisk -l\n\n\u30c7\u30a3\u30b9\u30af /dev/sda: 300.0 GB, 299966445568 \u30d0\u30a4\u30c8\n\u30d8\u30c3\u30c9 255, \u30bb\u30af\u30bf 63, \u30b7\u30ea\u30f3\u30c0 36468\nUnits = \u30b7\u30ea\u30f3\u30c0\u6570 of 16065 * 512 = 8225280 \u30d0\u30a4\u30c8\n\u30bb\u30af\u30bf\u30b5\u30a4\u30ba (\u8ad6\u7406 / \u7269\u7406): 512 \u30d0\u30a4\u30c8 / 512 \u30d0\u30a4\u30c8\nI/O size (minimum/optimal): 262144 bytes / 262144 bytes\n\u30c7\u30a3\u30b9\u30af\u8b58\u5225\u5b50: 0x0007118c\n\n\u30c7\u30d0\u30a4\u30b9 \u30d6\u30fc\u30c8      \u59cb\u70b9        \u7d42\u70b9     \u30d6\u30ed\u30c3\u30af   Id  \u30b7\u30b9\u30c6\u30e0\n/dev/sda1   *           1          64      512000   83  Linux\n\u30d1\u30fc\u30c6\u30a3\u30b7\u30e7\u30f3 1 \u306f\u3001\u30b7\u30ea\u30f3\u30c0\u5883\u754c\u3067\u7d42\u308f\u3063\u3066\u3044\u307e\u305b\u3093\u3002\n/dev/sda2              64       36469   292422656   8e  Linux LVM\n\n\u30c7\u30a3\u30b9\u30af /dev/sdb: 300.0 GB, 299966445568 \u30d0\u30a4\u30c8\n\u30d8\u30c3\u30c9 255, \u30bb\u30af\u30bf 63, \u30b7\u30ea\u30f3\u30c0 36468\nUnits = \u30b7\u30ea\u30f3\u30c0\u6570 of 16065 * 512 = 8225280 \u30d0\u30a4\u30c8\n\u30bb\u30af\u30bf\u30b5\u30a4\u30ba (\u8ad6\u7406 / \u7269\u7406): 512 \u30d0\u30a4\u30c8 / 512 \u30d0\u30a4\u30c8\nI/O size (minimum/optimal): 262144 bytes / 262144 bytes\n\u30c7\u30a3\u30b9\u30af\u8b58\u5225\u5b50: 0x0008ba94\n\n\u30c7\u30d0\u30a4\u30b9 \u30d6\u30fc\u30c8      \u59cb\u70b9        \u7d42\u70b9     \u30d6\u30ed\u30c3\u30af   Id  \u30b7\u30b9\u30c6\u30e0\n\n\u30c7\u30a3\u30b9\u30af /dev/mapper/vg_privatednsunb-lv_root: 282.6 GB, 282553483264 \u30d0\u30a4\u30c8\n\u30d8\u30c3\u30c9 255, \u30bb\u30af\u30bf 63, \u30b7\u30ea\u30f3\u30c0 34351\nUnits = \u30b7\u30ea\u30f3\u30c0\u6570 of 16065 * 512 = 8225280 \u30d0\u30a4\u30c8\n\u30bb\u30af\u30bf\u30b5\u30a4\u30ba (\u8ad6\u7406 / \u7269\u7406): 512 \u30d0\u30a4\u30c8 / 512 \u30d0\u30a4\u30c8\nI/O size (minimum/optimal): 262144 bytes / 262144 bytes\n\u30c7\u30a3\u30b9\u30af\u8b58\u5225\u5b50: 0x00000000\n\n\n\u30c7\u30a3\u30b9\u30af /dev/mapper/vg_privatednsunb-lv_swap: 16.9 GB, 16886267904 \u30d0\u30a4\u30c8\n\u30d8\u30c3\u30c9 255, \u30bb\u30af\u30bf 63, \u30b7\u30ea\u30f3\u30c0 2052\nUnits = \u30b7\u30ea\u30f3\u30c0\u6570 of 16065 * 512 = 8225280 \u30d0\u30a4\u30c8\n\u30bb\u30af\u30bf\u30b5\u30a4\u30ba (\u8ad6\u7406 / \u7269\u7406): 512 \u30d0\u30a4\u30c8 / 512 \u30d0\u30a4\u30c8\nI/O size (minimum/optimal): 262144 bytes / 262144 bytes\n\u30c7\u30a3\u30b9\u30af\u8b58\u5225\u5b50: 0x00000000\n\n#\n```\n\n\u30fb/dev/sdb\u306e\u9818\u57df\u30b7\u30b9\u30c6\u30e0\u30bf\u30a4\u30d7\u3092LVM\u30d1\u30fc\u30c6\u30a3\u30b7\u30e7\u30f3\u306b\u5909\u66f4\u3059\u308b\u3002\n\n\n```\n# fdisk /dev/sdb\n\n\u8b66\u544a: DOS\u4e92\u63db\u30e2\u30fc\u30c9\u306f\u5ec3\u6b62\u4e88\u5b9a\u3067\u3059\u3002\u3053\u306e\u30e2\u30fc\u30c9 (\u30b3\u30de\u30f3\u30c9 'c') \u3092\u6b62\u3081\u308b\u3053\u3068\u3092\n      \u5f37\u304f\u63a8\u5968\u3057\u307e\u3059\u3002 and change display units to\n         sectors (command 'u').\n\n\u30b3\u30de\u30f3\u30c9 (m \u3067\u30d8\u30eb\u30d7): m\t\u2192\u300cm\u300d\u3068\u5165\u529b\u3057\u3066\u30d8\u30eb\u30d7\u3092\u8868\u793a\u3059\u308b\u3002\n\u30b3\u30de\u30f3\u30c9\u306e\u52d5\u4f5c\n   a   \u30d6\u30fc\u30c8\u53ef\u80fd\u30d5\u30e9\u30b0\u3092\u3064\u3051\u308b\n   b   bsd \u30c7\u30a3\u30b9\u30af\u30e9\u30d9\u30eb\u3092\u7de8\u96c6\u3059\u308b\n   c   dos \u4e92\u63db\u30d5\u30e9\u30b0\u3092\u3064\u3051\u308b\n   d   \u9818\u57df\u3092\u524a\u9664\u3059\u308b\n   l   \u65e2\u77e5\u306e\u9818\u57df\u30bf\u30a4\u30d7\u3092\u30ea\u30b9\u30c8\u8868\u793a\u3059\u308b\n   m   \u3053\u306e\u30e1\u30cb\u30e5\u30fc\u3092\u8868\u793a\u3059\u308b\n   n   \u65b0\u305f\u306b\u9818\u57df\u3092\u4f5c\u6210\u3059\u308b\n   o   \u65b0\u305f\u306b\u7a7a\u306e DOS \u9818\u57df\u30c6\u30fc\u30d6\u30eb\u3092\u4f5c\u6210\u3059\u308b\n   p   \u9818\u57df\u30c6\u30fc\u30d6\u30eb\u3092\u8868\u793a\u3059\u308b\n   q   \u5909\u66f4\u3092\u4fdd\u5b58\u305b\u305a\u306b\u7d42\u4e86\u3059\u308b\n   s   \u7a7a\u306e Sun \u30c7\u30a3\u30b9\u30af\u30e9\u30d9\u30eb\u3092\u4f5c\u6210\u3059\u308b\n   t   \u9818\u57df\u306e\u30b7\u30b9\u30c6\u30e0 ID \u3092\u5909\u66f4\u3059\u308b\n   u   \u8868\u793a/\u9805\u76ee\u30e6\u30cb\u30c3\u30c8\u3092\u5909\u66f4\u3059\u308b\n   v   \u9818\u57df\u30c6\u30fc\u30d6\u30eb\u3092\u7167\u5408\u3059\u308b\n   w   \u30c6\u30fc\u30d6\u30eb\u3092\u30c7\u30a3\u30b9\u30af\u306b\u66f8\u304d\u8fbc\u307f\u3001\u7d42\u4e86\u3059\u308b\n   x   \u7279\u5225\u306a\u6a5f\u80fd (\u30a8\u30ad\u30b9\u30d1\u30fc\u30c8\u5c02\u7528)\n\n\u30b3\u30de\u30f3\u30c9 (m \u3067\u30d8\u30eb\u30d7): n\u3000\u3000\u2192\u300cn\u300d\u3068\u5165\u529b\u3057\u3066\u9818\u57df\u3092\u4f5c\u6210\u3059\u308b\u3002\n\u30b3\u30de\u30f3\u30c9\u30a2\u30af\u30b7\u30e7\u30f3\n   e   \u62e1\u5f35\n   p   \u57fa\u672c\u30d1\u30fc\u30c6\u30a3\u30b7\u30e7\u30f3 (1-4)\np\t\t\t\t\u2192\u300cp\u300d\u3068\u5165\u529b\u3057\u3066\u57fa\u672c\u30d1\u30fc\u30c6\u30a3\u30b7\u30e7\u30f3\u3068\u3057\u3066\u4f5c\u6210\u3059\u308b\u3002\n\u30d1\u30fc\u30c6\u30a3\u30b7\u30e7\u30f3\u756a\u53f7 (1-4): 1\t\u2192\u300c1\u300d\u3068\u5165\u529b\u3059\u308b\u3002\n\u6700\u521d \u30b7\u30ea\u30f3\u30c0 (1-36468, \u521d\u671f\u5024 1):\t\u2192\u3000Enter\u30ad\u30fc\u3092\u62bc\u4e0b\u3057\u3066\u30c7\u30d5\u30a9\u30eb\u30c8\u5024\u3068\u3059\u308b\u3002\n\u521d\u671f\u5024 1 \u3092\u4f7f\u3044\u307e\u3059\nLast \u30b7\u30ea\u30f3\u30c0, +\u30b7\u30ea\u30f3\u30c0\u6570 or +size{K,M,G} (1-36468, \u521d\u671f\u5024 36468):\n\u521d\u671f\u5024 36468 \u3092\u4f7f\u3044\u307e\u3059\n\n\u30b3\u30de\u30f3\u30c9 (m \u3067\u30d8\u30eb\u30d7): l\n\n 0  \u7a7a             24  NEC DOS         81  Minix / \u53e4\u3044  bf  Solaris\n 1  FAT12           39  Plan 9          82  Linux \u30b9\u30ef\u30c3 c1  DRDOS/sec (FAT-\n 2  XENIX root      3c  PartitionMagic  83  Linux           c4  DRDOS/sec (FAT-\n 3  XENIX usr       40  Venix 80286     84  OS/2 \u96a0\u3057 C:  c6  DRDOS/sec (FAT-\n 4  FAT16 <32M      41  PPC PReP Boot   85  Linux \u62e1\u5f35\u9818 c7  Syrinx\n 5  \u62e1\u5f35\u9818\u57df    42  SFS             86  NTFS \u30dc\u30ea\u30e5  da  \u975e FS \u30c7\u30fc\n 6  FAT16           4d  QNX4.x          87  NTFS \u30dc\u30ea\u30e5  db  CP/M / CTOS / .\n 7  HPFS/NTFS       4e  QNX4.x 2nd part 88  Linux \u30d7\u30ec\u30fc de  Dell \u30e6\u30fc\u30c6\n 8  AIX             4f  QNX4.x 3rd part 8e  Linux LVM       df  BootIt\n 9  AIX \u30d6\u30fc\u30c8   50  OnTrack DM      93  Amoeba          e1  DOS access\n a  OS/2 \u30d6\u30fc\u30c8  51  OnTrack DM6 Aux 94  Amoeba BBT      e3  DOS R/O\n b  W95 FAT32       52  CP/M            9f  BSD/OS          e4  SpeedStor\n c  W95 FAT32 (LBA) 53  OnTrack DM6 Aux a0  IBM Thinkpad    eb  BeOS fs\n e  W95 FAT16 (LBA) 54  OnTrackDM6      a5  FreeBSD         ee  GPT\n f  W95 \u62e1\u5f35\u9818   55  EZ-Drive        a6  OpenBSD         ef  EFI (FAT-12/16/\n10  OPUS            56  Golden Bow      a7  NeXTSTEP        f0  Linux/PA-RISC\n11  \u96a0\u3057 FAT12    5c  Priam Edisk     a8  Darwin UFS      f1  SpeedStor\n12  Compaq \u8a3a\u65ad   61  SpeedStor       a9  NetBSD          f4  SpeedStor\n14  \u96a0\u3057 FAT16 <3 63  GNU HURD \u307e\u305f ab  Darwin \u30d6\u30fc   f2  DOS \u30bb\u30ab\u30f3\n16  \u96a0\u3057 FAT16    64  Novell Netware  af  HFS / HFS+      fb  VMware VMFS\n17  \u96a0\u3057 HPFS/NTF 65  Novell Netware  b7  BSDI fs         fc  VMware VMKCORE\n18  AST SmartSleep  70  DiskSecure Mult b8  BSDI \u30b9\u30ef\u30c3  fd  Linux raid \u81ea\n1b  \u96a0\u3057 W95 FAT3 75  PC/IX           bb  \u96a0\u3057 Boot Wiz fe  LANstep\n1c  \u96a0\u3057 W95 FAT3 80  \u53e4\u3044 Minix    be  Solaris \u30d6\u30fc  ff  BBT\n1e  \u96a0\u3057 W95 FAT1\n\n\u30b3\u30de\u30f3\u30c9 (m \u3067\u30d8\u30eb\u30d7): t\t\u2192\u300ct\u300d\u3068\u5165\u529b\u3057\u3066\u9818\u57df\u306e\u30b7\u30b9\u30c6\u30e0ID\u3092\u5909\u66f4\u3059\u308b\u3002\n\u9078\u629e\u3057\u305f\u9818\u57df 1\n16\u9032\u6570\u30b3\u30fc\u30c9 (L \u30b3\u30de\u30f3\u30c9\u3067\u30b3\u30fc\u30c9\u30ea\u30b9\u30c8\u8868\u793a): 8e\t\t\u2192\u300c8e\u300d\u3068\u5165\u529b\u3057\u3066LinuxLVM\u3092\u6307\u5b9a\u3059\u308b\u3002\n\u9818\u57df\u306e\u30b7\u30b9\u30c6\u30e0\u30bf\u30a4\u30d7\u3092 1 \u304b\u3089 8e (Linux LVM) \u306b\u5909\u66f4\u3057\u307e\u3057\u305f\n\n\u30b3\u30de\u30f3\u30c9 (m \u3067\u30d8\u30eb\u30d7): p\t\u2192\u300cp\u300d\u3068\u5165\u529b\u3059\u308b\u3002\n\n\u30c7\u30a3\u30b9\u30af /dev/sdb: 300.0 GB, 299966445568 \u30d0\u30a4\u30c8\n\u30d8\u30c3\u30c9 255, \u30bb\u30af\u30bf 63, \u30b7\u30ea\u30f3\u30c0 36468\nUnits = \u30b7\u30ea\u30f3\u30c0\u6570 of 16065 * 512 = 8225280 \u30d0\u30a4\u30c8\n\u30bb\u30af\u30bf\u30b5\u30a4\u30ba (\u8ad6\u7406 / \u7269\u7406): 512 \u30d0\u30a4\u30c8 / 512 \u30d0\u30a4\u30c8\nI/O size (minimum/optimal): 262144 bytes / 262144 bytes\n\u30c7\u30a3\u30b9\u30af\u8b58\u5225\u5b50: 0x0008ba94\n\n\u30c7\u30d0\u30a4\u30b9 \u30d6\u30fc\u30c8      \u59cb\u70b9        \u7d42\u70b9     \u30d6\u30ed\u30c3\u30af   Id  \u30b7\u30b9\u30c6\u30e0\n/dev/sdb1               1       36468   292929178+  8e  Linux LVM\nPartition 1 does not start on physical sector boundary.\n\n\u30b3\u30de\u30f3\u30c9 (m \u3067\u30d8\u30eb\u30d7): w\t\u2192\u300cw\u300d\u3068\u5165\u529b\u3057\u3066\u8a2d\u5b9a\u3057\u305f\u5185\u5bb9\u3092\u4fdd\u5b58\u3059\u308b\u3002\n\u30d1\u30fc\u30c6\u30a3\u30b7\u30e7\u30f3\u30c6\u30fc\u30d6\u30eb\u306f\u5909\u66f4\u3055\u308c\u307e\u3057\u305f\uff01\n\nioctl() \u3092\u547c\u3073\u51fa\u3057\u3066\u30d1\u30fc\u30c6\u30a3\u30b7\u30e7\u30f3\u30c6\u30fc\u30d6\u30eb\u3092\u518d\u8aad\u8fbc\u307f\u3057\u307e\u3059\u3002\n\u30c7\u30a3\u30b9\u30af\u3092\u540c\u671f\u3057\u3066\u3044\u307e\u3059\u3002\n#\n```\n\n/dev/sdb\u306e\u9818\u57df\u30b7\u30b9\u30c6\u30e0\u30bf\u30a4\u30d7\u304c8e(LVM)\u306b\u5909\u66f4\u3055\u308c\u305f\u4e8b\u3092\u78ba\u8a8d\u3057\u307e\u3059\u3002\n\n```\n# fdisk -l\n\n\u30c7\u30a3\u30b9\u30af /dev/sda: 300.0 GB, 299966445568 \u30d0\u30a4\u30c8\n\u30d8\u30c3\u30c9 255, \u30bb\u30af\u30bf 63, \u30b7\u30ea\u30f3\u30c0 36468\nUnits = \u30b7\u30ea\u30f3\u30c0\u6570 of 16065 * 512 = 8225280 \u30d0\u30a4\u30c8\n\u30bb\u30af\u30bf\u30b5\u30a4\u30ba (\u8ad6\u7406 / \u7269\u7406): 512 \u30d0\u30a4\u30c8 / 512 \u30d0\u30a4\u30c8\nI/O size (minimum/optimal): 262144 bytes / 262144 bytes\n\u30c7\u30a3\u30b9\u30af\u8b58\u5225\u5b50: 0x0007118c\n\n\u30c7\u30d0\u30a4\u30b9 \u30d6\u30fc\u30c8      \u59cb\u70b9        \u7d42\u70b9     \u30d6\u30ed\u30c3\u30af   Id  \u30b7\u30b9\u30c6\u30e0\n/dev/sda1   *           1          64      512000   83  Linux\n\u30d1\u30fc\u30c6\u30a3\u30b7\u30e7\u30f3 1 \u306f\u3001\u30b7\u30ea\u30f3\u30c0\u5883\u754c\u3067\u7d42\u308f\u3063\u3066\u3044\u307e\u305b\u3093\u3002\n/dev/sda2              64       36469   292422656   8e  Linux LVM\n\n\u30c7\u30a3\u30b9\u30af /dev/sdb: 300.0 GB, 299966445568 \u30d0\u30a4\u30c8\n\u30d8\u30c3\u30c9 255, \u30bb\u30af\u30bf 63, \u30b7\u30ea\u30f3\u30c0 36468\nUnits = \u30b7\u30ea\u30f3\u30c0\u6570 of 16065 * 512 = 8225280 \u30d0\u30a4\u30c8\n\u30bb\u30af\u30bf\u30b5\u30a4\u30ba (\u8ad6\u7406 / \u7269\u7406): 512 \u30d0\u30a4\u30c8 / 512 \u30d0\u30a4\u30c8\nI/O size (minimum/optimal): 262144 bytes / 262144 bytes\n\u30c7\u30a3\u30b9\u30af\u8b58\u5225\u5b50: 0x0008ba94\n\n\u30c7\u30d0\u30a4\u30b9 \u30d6\u30fc\u30c8      \u59cb\u70b9        \u7d42\u70b9     \u30d6\u30ed\u30c3\u30af   Id  \u30b7\u30b9\u30c6\u30e0\n/dev/sdb1               1       36468   292929178+  8e  Linux LVM\u3000\u2192\u300c8e\u300d(LVM)\u3068\u8868\u793a\u3055\u308c\u3066\u3044\u308b\u4e8b\u3092\u78ba\u8a8d\u3059\u308b\u3002\nPartition 1 does not start on physical sector boundary.\n\n\u30c7\u30a3\u30b9\u30af /dev/mapper/vg_privatednsunb-lv_root: 282.6 GB, 282553483264 \u30d0\u30a4\u30c8\n\u30d8\u30c3\u30c9 255, \u30bb\u30af\u30bf 63, \u30b7\u30ea\u30f3\u30c0 34351\nUnits = \u30b7\u30ea\u30f3\u30c0\u6570 of 16065 * 512 = 8225280 \u30d0\u30a4\u30c8\n\u30bb\u30af\u30bf\u30b5\u30a4\u30ba (\u8ad6\u7406 / \u7269\u7406): 512 \u30d0\u30a4\u30c8 / 512 \u30d0\u30a4\u30c8\nI/O size (minimum/optimal): 262144 bytes / 262144 bytes\n\u30c7\u30a3\u30b9\u30af\u8b58\u5225\u5b50: 0x00000000\n\n\n\u30c7\u30a3\u30b9\u30af /dev/mapper/vg_privatednsunb-lv_swap: 16.9 GB, 16886267904 \u30d0\u30a4\u30c8\n\u30d8\u30c3\u30c9 255, \u30bb\u30af\u30bf 63, \u30b7\u30ea\u30f3\u30c0 2052\nUnits = \u30b7\u30ea\u30f3\u30c0\u6570 of 16065 * 512 = 8225280 \u30d0\u30a4\u30c8\n\u30bb\u30af\u30bf\u30b5\u30a4\u30ba (\u8ad6\u7406 / \u7269\u7406): 512 \u30d0\u30a4\u30c8 / 512 \u30d0\u30a4\u30c8\nI/O size (minimum/optimal): 262144 bytes / 262144 bytes\n\u30c7\u30a3\u30b9\u30af\u8b58\u5225\u5b50: 0x00000000\n\n#\n```\n\n\n\u30fb/dev/sdb1\u304c\u4f5c\u6210\u3055\u308c\u305f\u4e8b\u3092\u78ba\u8a8d\u3057\u307e\u3059\u3002\n\n\n```\n# ls -lrta /dev/sda*\nbrw-rw---- 1 root disk 8, 0  1\u6708  9 18:54 2015 /dev/sda\nbrw-rw---- 1 root disk 8, 2  1\u6708  9 18:54 2015 /dev/sda2\nbrw-rw---- 1 root disk 8, 1  1\u6708  9 18:54 2015 /dev/sda1\n#\n# ls -lrta /dev/sdb*\nbrw-rw---- 1 root disk 8, 17  1\u6708 13 11:22 2015 /dev/sdb1\nbrw-rw---- 1 root disk 8, 16  1\u6708 13 11:22 2015 /dev/sdb\n#\n```\n\n\u30fb/dev/sdb1\u306bPhysical Volume(PV)\u3092\u4f5c\u6210\u3057\u307e\u3059\u3002\n\n```\n# pvs\n  PV         VG               Fmt  Attr PSize   PFree\n  /dev/sda2  vg_privatednsunb lvm2 a--  278.88g    0\n#\n\n# pvdisplay\n  --- Physical volume ---\n  PV Name               /dev/sda2\n  VG Name               vg_privatednsunb\n  PV Size               278.88 GiB / not usable 0\n  Allocatable           yes (but full)\n  PE Size               4.00 MiB\n  Total PE              71392\n  Free PE               0\n  Allocated PE          71392\n  PV UUID               (UUID\u304c\u8868\u793a\u3055\u308c\u308b)\n\n#\n```\n\n```\n# pvcreate /dev/sdb1\n  Physical volume \"/dev/sdb1\" successfully created\n#\n```\n\n```\n# pvs\n  PV         VG               Fmt  Attr PSize   PFree\n  /dev/sda2  vg_privatednsunb lvm2 a--  278.88g      0\n  /dev/sdb1                   lvm2 ---  279.36g 279.36g\n#\n\n# pvdisplay\n  --- Physical volume ---\n  PV Name               /dev/sda2\n  VG Name               vg_privatednsunb\n  PV Size               278.88 GiB / not usable 0\n  Allocatable           yes (but full)\n  PE Size               4.00 MiB\n  Total PE              71392\n  Free PE               0\n  Allocated PE          71392\n  PV UUID               (UUID\u304c\u8868\u793a\u3055\u308c\u308b)\n\n  \"/dev/sdb1\" is a new physical volume of \"279.36 GiB\"\n  --- NEW Physical volume ---\n  PV Name               /dev/sdb1\n  VG Name\n  PV Size               279.36 GiB\n  Allocatable           NO\n  PE Size               0\n  Total PE              0\n  Free PE               0\n  Allocated PE          0\n  PV UUID               (UUID\u304c\u8868\u793a\u3055\u308c\u308b)\n\n#\n```\n\n\u30fb/dev/sdb1\u306bVolume Group(VG)\u3092\u4f5c\u6210\u3057\u307e\u3059\u3002\n\n\u5148\u307b\u3069/dev/sdb1\u306b\u4f5c\u6210\u3057\u305fPhysical Volume(PV)\u3092\u6307\u5b9a\u3057\u3066\u3001Volume Group(VG)\u3092\u4f5c\u6210\u3057\u307e\u3059\u3002\n\nVolume Group(VG)\u3092\u5225\u9014\u6700\u59272TB\u307e\u3067\u62e1\u5f35\u3059\u308b\u3088\u3046\u306a\u5834\u5408\u306f\u300c-s\u300d\u30aa\u30d7\u30b7\u30e7\u30f3\u306732MB\u3092\u6307\u5b9a\u3057\u3066\u4f5c\u6210\u3057\u307e\u3059\u3002\n\n\u4f8b\u3068\u3057\u3066\u3001Volume Group\u540d\u306fVolGroup01\u3068\u3057\u3066\u4f5c\u6210\u3057\u307e\u3059\u3002\n\n```\n# vgs\n  VG               #PV #LV #SN Attr   VSize   VFree\n  vg_privatednsunb   1   2   0 wz--n- 278.88g    0\n#\n\n# vgdisplay\n  --- Volume group ---\n  VG Name               vg_privatednsunb\n  System ID\n  Format                lvm2\n  Metadata Areas        1\n  Metadata Sequence No  3\n  VG Access             read/write\n  VG Status             resizable\n  MAX LV                0\n  Cur LV                2\n  Open LV               2\n  Max PV                0\n  Cur PV                1\n  Act PV                1\n  VG Size               278.88 GiB\n  PE Size               4.00 MiB\n  Total PE              71392\n  Alloc PE / Size       71392 / 278.88 GiB\n  Free  PE / Size       0 / 0\n  VG UUID               (UUID\u304c\u8868\u793a\u3055\u308c\u308b)\n\n#\n```\n\n```\n# vgcreate -s 32m VolGroup01 /dev/sdb1\n  Volume group \"VolGroup01\" successfully created\n#\n```\n\n```\n# vgs\n  VG               #PV #LV #SN Attr   VSize   VFree\n  VolGroup01         1   0   0 wz--n- 279.34g 279.34g\n  vg_privatednsunb   1   2   0 wz--n- 278.88g      0\n#\n\n# vgdisplay\n  --- Volume group ---\n  VG Name               VolGroup01\n  System ID\n  Format                lvm2\n  Metadata Areas        1\n  Metadata Sequence No  1\n  VG Access             read/write\n  VG Status             resizable\n  MAX LV                0\n  Cur LV                0\n  Open LV               0\n  Max PV                0\n  Cur PV                1\n  Act PV                1\n  VG Size               279.34 GiB\n  PE Size               32.00 MiB\n  Total PE              8939\n  Alloc PE / Size       0 / 0\n  Free  PE / Size       8939 / 279.34 GiB\n  VG UUID               (UUID\u304c\u8868\u793a\u3055\u308c\u308b)\n\n  --- Volume group ---\n  VG Name               vg_privatednsunb\n  System ID\n  Format                lvm2\n  Metadata Areas        1\n  Metadata Sequence No  3\n  VG Access             read/write\n  VG Status             resizable\n  MAX LV                0\n  Cur LV                2\n  Open LV               2\n  Max PV                0\n  Cur PV                1\n  Act PV                1\n  VG Size               278.88 GiB\n  PE Size               4.00 MiB\n  Total PE              71392\n  Alloc PE / Size       71392 / 278.88 GiB\n  Free  PE / Size       0 / 0\n  VG UUID               (UUID\u304c\u8868\u793a\u3055\u308c\u308b)\n\n#\n```\n\n\n\u30fbLogical Volume(LV)\u3092\u4f5c\u6210\u3057\u307e\u3059\u3002\n\n\u5148\u307b\u3069\u4f5c\u6210\u3057\u305fVolume Group(VG)\u3092\u6307\u5b9a\u3057\u3066\u3001Logical Volume(LV)\u3092\u4f5c\u6210\u3057\u307e\u3059\u3002\n\n/dev/sdb\u306b\u8a8d\u8b58\u3055\u308c\u3066\u3044\u308bHDD\u306e\u30b5\u30a4\u30ba\u304c\u7d04260GB\u3060\u3068\u3057\u307e\u3059\u3002\n\n\u4eca\u56de\u306e\u4f8b\u3067\u306f\u3001Logical Volume(LV)\u306e\u30b5\u30a4\u30ba\u3092\u300c-L\u300d\u30aa\u30d7\u30b7\u30e7\u30f3\u3067263.15G\u3068\u6307\u5b9a\u3057\u3066\u4f5c\u6210\u3057\u307e\u3059\u3002\n\n\u4f8b\u3068\u3057\u3066\u3001Logical Volume\u540d\u306fLogVol00\u3068\u3057\u3066\u4f5c\u6210\u3057\u307e\u3059\u3002\n\n```\n# lvs\n  LV      VG               Attr       LSize   Pool Origin Data%  Meta%  Move Log Cpy%Sync Convert\n  lv_root vg_privatednsunb -wi-ao---- 263.15g\n  lv_swap vg_privatednsunb -wi-ao----  15.73g\n#\n\n# lvdisplay\n  --- Logical volume ---\n  LV Path                /dev/vg_privatednsunb/lv_root\n  LV Name                lv_root\n  VG Name                vg_privatednsunb\n  LV UUID                (UUID\u304c\u8868\u793a\u3055\u308c\u308b)\n  LV Write Access        read/write\n  LV Creation host, time (\u30db\u30b9\u30c8\u540d\u304c\u8868\u793a\u3055\u308c\u308b), 2015-01-07 10:30:48 +0900\n  LV Status              available\n  # open                 1\n  LV Size                263.15 GiB\n  Current LE             67366\n  Segments               1\n  Allocation             inherit\n  Read ahead sectors     auto\n  - currently set to     256\n  Block device           253:0\n\n  --- Logical volume ---\n  LV Path                /dev/vg_privatednsunb/lv_swap\n  LV Name                lv_swap\n  VG Name                vg_privatednsunb\n  LV UUID                (UUID\u304c\u8868\u793a\u3055\u308c\u308b)\n  LV Write Access        read/write\n  LV Creation host, time (\u30db\u30b9\u30c8\u540d\u304c\u8868\u793a\u3055\u308c\u308b), 2015-01-07 10:31:10 +0900\n  LV Status              available\n  # open                 1\n  LV Size                15.73 GiB\n  Current LE             4026\n  Segments               1\n  Allocation             inherit\n  Read ahead sectors     auto\n  - currently set to     256\n  Block device           253:1\n\n#\n```\n\n```\n# lvcreate -L 263.15G -n LogVol00 VolGroup01\n  Rounding up size to full physical extent 263.16 GiB\n  Logical volume \"LogVol00\" created\n#\n```\n\n```\n# lvs\n  LV       VG               Attr       LSize   Pool Origin Data%  Meta%  Move Log Cpy%Sync Convert\n  LogVol00 VolGroup01       -wi-a----- 263.16g\n  lv_root  vg_privatednsunb -wi-ao---- 263.15g\n  lv_swap  vg_privatednsunb -wi-ao----  15.73g\n#\n\n# lvdisplay\n  --- Logical volume ---\n  LV Path                /dev/VolGroup01/LogVol00\n  LV Name                LogVol00\n  VG Name                VolGroup01\n  LV UUID                (UUID\u304c\u8868\u793a\u3055\u308c\u308b)\n  LV Write Access        read/write\n  LV Creation host, time (\u30db\u30b9\u30c8\u540d\u304c\u8868\u793a\u3055\u308c\u308b), 2015-01-13 12:25:53 +0900\n  LV Status              available\n  # open                 0\n  LV Size                263.16 GiB\n  Current LE             8421\n  Segments               1\n  Allocation             inherit\n  Read ahead sectors     auto\n  - currently set to     256\n  Block device           253:2\n\n  --- Logical volume ---\n  LV Path                /dev/vg_privatednsunb/lv_root\n  LV Name                lv_root\n  VG Name                vg_privatednsunb\n  LV UUID                (UUID\u304c\u8868\u793a\u3055\u308c\u308b)\n  LV Write Access        read/write\n  LV Creation host, time (\u30db\u30b9\u30c8\u540d\u304c\u8868\u793a\u3055\u308c\u308b), 2015-01-07 10:30:48 +0900\n  LV Status              available\n  # open                 1\n  LV Size                263.15 GiB\n  Current LE             67366\n  Segments               1\n  Allocation             inherit\n  Read ahead sectors     auto\n  - currently set to     256\n  Block device           253:0\n\n  --- Logical volume ---\n  LV Path                /dev/vg_privatednsunb/lv_swap\n  LV Name                lv_swap\n  VG Name                vg_privatednsunb\n  LV UUID                (UUID\u304c\u8868\u793a\u3055\u308c\u308b)\n  LV Write Access        read/write\n  LV Creation host, time (\u30db\u30b9\u30c8\u540d\u304c\u8868\u793a\u3055\u308c\u308b), 2015-01-07 10:31:10 +0900\n  LV Status              available\n  # open                 1\n  LV Size                15.73 GiB\n  Current LE             4026\n  Segments               1\n  Allocation             inherit\n  Read ahead sectors     auto\n  - currently set to     256\n  Block device           253:1\n\n#\n```\n\n\u30fb\u4f5c\u6210\u3057\u305fLogical Volume(LV)\u306bext4\u30d5\u30a1\u30a4\u30eb\u30b7\u30b9\u30c6\u30e0\u3092\u4f5c\u6210\u3057\u307e\u3059\u3002\n\n\u4eca\u56de\u306e\u4f8b\u3067\u306f\u3001/dev/sdb\u306b\u30bb\u30c3\u30c8\u3057\u305f\u7d04260GB\u306eHDD\u306bext4\u30d5\u30a1\u30a4\u30eb\u30b7\u30b9\u30c6\u30e0\u3092\u4f5c\u6210\u3057\u307e\u3059\u3002\n\n```\n# ll /dev/VolGroup01/LogVol00\nlrwxrwxrwx 1 root root 7  1\u6708 13 12:25 2015 /dev/VolGroup01/LogVol00 -> ../dm-2\n#\n```\n\nmkfs\u30b3\u30de\u30f3\u30c9\u3092\u5b9f\u884c\u3057\u3001\u5148\u307b\u3069\u4f5c\u6210\u3057\u305fLogical Volume(LV)\u306bext4\u30d5\u30a1\u30a4\u30eb\u30b7\u30b9\u30c6\u30e0\u3092\u4f5c\u6210\u3057\u307e\u3059\u3002\n\n```\n# mkfs -t ext4 /dev/VolGroup01/LogVol00\nmke2fs 1.41.12 (17-May-2010)\nFilesystem label=\nOS type: Linux\nBlock size=4096 (log=2)\nFragment size=4096 (log=2)\nStride=64 blocks, Stripe width=64 blocks\n17252352 inodes, 68984832 blocks\n3449241 blocks (5.00%) reserved for the super user\nFirst data block=0\nMaximum filesystem blocks=4294967296\n2106 block groups\n32768 blocks per group, 32768 fragments per group\n8192 inodes per group\nSuperblock backups stored on blocks:\n        32768, 98304, 163840, 229376, 294912, 819200, 884736, 1605632, 2654208,\n        4096000, 7962624, 11239424, 20480000, 23887872\n\nWriting inode tables: done\nCreating journal (32768 blocks): done\nWriting superblocks and filesystem accounting information: done\n\nThis filesystem will be automatically checked every 23 mounts or\n180 days, whichever comes first.  Use tune2fs -c or -i to override.\n#\n\n```\n\n\u25a0LVM\u306b\u3088\u308a\u4f5c\u6210\u3057\u305f\u30d5\u30a1\u30a4\u30eb\u30b7\u30b9\u30c6\u30e0\u306e\u30de\u30a6\u30f3\u30c8\u624b\u9806\n===\n\n\u30fbext4\u3067\u30d5\u30a9\u30fc\u30de\u30c3\u30c8\u3057\u305fLogical Volume(LV)\u3092\u30de\u30a6\u30f3\u30c8\u3057\u307e\u3059\u3002\n\n\u4eca\u56de\u306e\u4f8b\u3067\u306f\u3001/example\u30d1\u30fc\u30c6\u30a3\u30b7\u30e7\u30f3\u3068\u3057\u3066ext4\u3067\u30d5\u30a9\u30fc\u30de\u30c3\u30c8\u3057\u305fLogical Volume(LV)\u3092\u30de\u30a6\u30f3\u30c8\u3057\u307e\u3059\u3002\n\n```\n# df -Ph\nFilesystem                            Size  Used Avail Use% Mounted on\n/dev/mapper/vg_privatednsunb-lv_root  259G  998M  245G   1% /\ntmpfs                                  16G     0   16G   0% /dev/shm\n/dev/sda1                             477M   48M  405M  11% /boot\n#\n\n# mkdir /example\n#\n# mount -o rw -t ext4 /dev/VolGroup01/LogVol00 /example\n#\n# df -Ph\nFilesystem                            Size  Used Avail Use% Mounted on\n/dev/mapper/vg_privatednsunb-lv_root  259G  998M  245G   1% /\ntmpfs                                  16G     0   16G   0% /dev/shm\n/dev/sda1                             477M   48M  405M  11% /boot\n/dev/mapper/VolGroup01-LogVol00       259G   60M  246G   1% /example\n#\n```\n\n\u30fb/example\u914d\u4e0b\u306b\u30d5\u30a1\u30a4\u30eb\u8aad\u307f\u66f8\u304d\u51fa\u6765\u308b\u304b\u30c6\u30b9\u30c8\u3057\u307e\u3059\u3002\n\n```\n# date >> /example/test.txt\n# cat /example/test.txt\n2015\u5e74  1\u6708 13\u65e5 \u706b\u66dc\u65e5 12:37:45 JST\n#\n```\n\n\u30fb\u30b5\u30fc\u30d0\u8d77\u52d5\u6642\u306b\u81ea\u52d5\u7684\u306b/example\u3092\u30de\u30a6\u30f3\u30c8\u3055\u305b\u305f\u3044\u5834\u5408\u3001/etc/fstab\u306b\u30de\u30a6\u30f3\u30c8\u8a2d\u5b9a\u3092\u8ffd\u52a0\u3057\u307e\u3059\u3002\n\n```\n# cp -p /etc/fstab /etc/fstab.ORG\n# diff /etc/fstab /etc/fstab.ORG\n#\n\n# echo \"/dev/VolGroup01/LogVol00 /example                            ext4    defaults        1 2\" >> /etc/fstab\n# \n\n# diff /etc/fstab /etc/fstab.ORG\n16d15\n< /dev/VolGroup01/LogVol00 /example                            ext4    defaults        1 2\n#\n\n# tail -1 /etc/fstab\n/dev/VolGroup01/LogVol00 /example                            ext4    defaults        1 2\n#\n\n```\n\n\n```\n# ll /example/\n\u5408\u8a08 20\ndrwx------ 2 root root 16384  1\u6708 13 12:31 2015 lost+found\n-rw-r--r-- 1 root root    43  1\u6708 13 12:37 2015 test.txt\n#\n\n# umount /example\n#\n\n# ll /example/\n\u5408\u8a08 0\n#\n# df -Ph\nFilesystem                            Size  Used Avail Use% Mounted on\n/dev/mapper/vg_privatednsunb-lv_root  259G  998M  245G   1% /\ntmpfs                                  16G     0   16G   0% /dev/shm\n/dev/sda1                             477M   48M  405M  11% /boot\n#\n```\n\n\u30fb\u30b5\u30fc\u30d0\u3092\u30ea\u30d6\u30fc\u30c8\u3057\u307e\u3059\u3002\n\n```\n# reboot\n\n```\n\n\u30fb\u30b5\u30fc\u30d0\u304c\u8d77\u52d5\u3057\u3066\u304d\u305f\u3089\u3001/example\u304c\u30de\u30a6\u30f3\u30c8\u3055\u308c\u3066\u3044\u308b\u4e8b\u3092\u78ba\u8a8d\u3057\u307e\u3059\u3002\n\n/example\u914d\u4e0b\u306b\u30d5\u30a1\u30a4\u30eb\u8aad\u307f\u66f8\u304d\u51fa\u6765\u308b\u304b\u30c6\u30b9\u30c8\u3057\u3066\u3001\u554f\u984c\u306a\u3051\u308c\u3070\u5b8c\u4e86\u306b\u306a\u308a\u307e\u3059\u3002\n\n```\n# df -Ph\nFilesystem                            Size  Used Avail Use% Mounted on\n/dev/mapper/vg_privatednsunb-lv_root  259G  998M  245G   1% /\ntmpfs                                  16G     0   16G   0% /dev/shm\n/dev/sda1                             477M   48M  405M  11% /boot\n/dev/mapper/VolGroup01-LogVol00       259G   60M  246G   1% /example\n#\n\n# mount | grep example\n/dev/mapper/VolGroup01-LogVol00 on /example type ext4 (rw)\n#\n\n# ll /example/\n\u5408\u8a08 20\ndrwx------ 2 root root 16384  1\u6708 13 12:31 2015 lost+found\n-rw-r--r-- 1 root root    43  1\u6708 13 12:37 2015 test.txt\n#\n\n# cat /example/test.txt\n2015\u5e74  1\u6708 13\u65e5 \u706b\u66dc\u65e5 12:37:45 JST\n#\n\n# date >> /example/test2.txt\n# date >> /example/test2.txt\n#\n\n# cat /example/test2.txt\n2015\u5e74  1\u6708 13\u65e5 \u706b\u66dc\u65e5 12:57:41 JST\n2015\u5e74  1\u6708 13\u65e5 \u706b\u66dc\u65e5 12:57:43 JST\n#\n\n```\n\n\u4ee5\u4e0a\u306b\u306a\u308a\u307e\u3059\u3002\n"}