{"tags": ["KVM", "lvm"], "context": " More than 1 year has passed since last update.img\u30d5\u30a1\u30a4\u30eb\u3067\u306f\u306a\u304f\u3001lvm\u30dc\u30ea\u30e5\u30fc\u30e0\u3067\u4f5c\u6210\u3057\u3066\u3044\u308b\u4eee\u60f3\u30b5\u30fc\u30d0\u306e\u30c7\u30a3\u30b9\u30af\u5897\u8a2d\u624b\u9806\u3002\n\u4eee\u60f3\u30b5\u30fc\u30d0\u306e\u4f5c\u6210\u65b9\u6cd5\u306b\u3082\u3088\u308b\u304c\u3001\u4eee\u60f3\u30b5\u30fc\u30d0\u5185\u3067\u518d\u5ea6lvm\u7b49\u3092\u5229\u7528\u3057\u3066\u3044\u306a\u304b\u3063\u305f\u5834\u5408\n\u30aa\u30f3\u30e9\u30a4\u30f3\u3067\u30c7\u30a3\u30b9\u30af\u306e\u5897\u8a2d\u304c\u53ef\u80fd\u306b\u306a\u308b\u3002\uff08\u6c17\u304c\u3059\u308b\uff09\nlvm\u30dc\u30ea\u30e5\u30fc\u30e0\u3067\u4eee\u60f3\u30b5\u30fc\u30d0\u3092\u4f5c\u6210\u3059\u308b\u7406\u7531\u306f\n\u305d\u3063\u3061\u306e\u65b9\u304c\u62e1\u5f35\u6027\u304c\u9ad8\u305d\u3046\u306a\u96f0\u56f2\u6c17\u3092\u611f\u3058\u308b\u306e\u3068\nimg\u30d5\u30a1\u30a4\u30eb\u3088\u308a\u6027\u80fd\u304c\u9ad8\u304b\u3063\u305f\u304b\u3089\uff08\u8da3\u5473\u306e\u7bc4\u56f2\uff09\n\n\u5bfe\u8c61\u306elvm\u3092\u8abf\u67fb\u3057\u3066\u3001\u62e1\u5f35\u3092\u884c\u3046\n\u5bfe\u8c61\u306e\u30b9\u30c8\u30ec\u30fc\u30b8pool\u3092\u78ba\u8a8d\n# virsh pool-list\n\n\u540d\u524d               \u72b6\u614b     \u81ea\u52d5\u8d77\u52d5\n-----------------------------------------\ndefault              \u52d5\u4f5c\u4e2d  \u306f\u3044 (yes)\nkvm-pool             \u52d5\u4f5c\u4e2d  \u306f\u3044 (yes)\n\n\u5f8c\u306flvscan\u3068\u304bvirsh vol-list kvm-pool\u3068\u304b\u4f7f\u3063\u3066\u9069\u5f53\u306b\u3002\n\n\u5bfe\u8c61\u306elvm\u306e\u30c7\u30a3\u30b9\u30af\u3092\u62e1\u5f35\n\u5148\u306b\u62e1\u5f35\u3057\u306a\u3044\u3068\u30a8\u30e9\u30fc\u306b\u306a\u308b\u306e\u3067\u5148\u306blvm\u3092\u62e1\u5f35\nlvextend -L+10G /dev/vg_kvm/lvmtest-root\n\n\u4eee\u60f3\u30b5\u30fc\u30d0\u5185\u3067\u306e\u30c7\u30a3\u30b9\u30af\u3092\u62e1\u5f35\nvirsh blockresize lvmtest /dev/vg_kvm/lvmtest-root 30G\n+10G\u3068\u304b\u51fa\u6765\u305d\u3046\u3060\u3051\u3069\u7279\u306b\u8a66\u3057\u3066\u306a\u3044\u3002\u3061\u306a\u307f\u306binfo\u306f\u5168\u304f\u5909\u308f\u3089\u306a\u3044\n# virsh vol-info --pool kvm-pool lvmtest-root\n\n\u540d\u524d:         lvmtest-root\n\u30bf\u30a4\u30d7:      \u30d6\u30ed\u30c3\u30af\n\u5bb9\u91cf:         30.00 GiB\n\u5272\u308a\u5f53\u3066:   30.00 GiB\n\n/etc/init.d/libvirt restart\u3067\u5bb9\u91cf\u304c\u53cd\u6620\u3055\u308c\u308b\u4e8b\u306f\u78ba\u8a8d\u3057\u3066\u308b\n\u305d\u3057\u3066\u3053\u306e\u6642\u70b9\u3067\u306f\u307e\u3060\u4eee\u60f3\u30b5\u30fc\u30d0\u306b\u30c7\u30a3\u30b9\u30af\u5897\u8a2d\u304c\u53cd\u6620\u3055\u308c\u3066\u306a\u3044\n\u3068\u308a\u3042\u3048\u305a\u4eca\u306e\u3068\u3053\u308d\u3001\u30aa\u30f3\u30e9\u30a4\u30f3\u3067\u5897\u8a2d\u306f\u53b3\u3057\u3044\u611f\u3058\u3002\n\u30b3\u30f3\u30d5\u30a3\u30b0\u8aad\u3081\u3066\u306a\u3044\u3060\u3051\u3063\u307d\u3044\u304b\u3089\u3001\u4f55\u304b\u65b9\u6cd5\u304c\u3042\u308b\u6c17\u306f\u3057\u3066\u308b\u3051\u3069\u30fb\u30fb\u30fb\n\u30aa\u30f3\u30e9\u30a4\u30f3\u3067\u306e\u5897\u8a2d\u624b\u6bb5\u3042\u308c\u3070\u3054\u6559\u6388\u304f\u3060\u3055\u3044\u30fb\u30fb\u30fb\n\n\u5bfe\u8c61\u30b5\u30fc\u30d0\u306ereboot\n\u4eee\u60f3\u30b5\u30fc\u30d0\u304b\u3089\u76f4\u306breboot\u3060\u3068\u5bb9\u91cf\u306e\u5897\u52a0\u304c\u78ba\u8a8d\u51fa\u6765\u306a\u304b\u3063\u305f\u306e\u3067\n\u30b3\u30de\u30f3\u30c9\u30e9\u30a4\u30f3\u304b\u3089\u5b9f\u884c\u3057\u3066\u3084\u308b\u3002\u30b7\u30e3\u30c3\u30c8\u30c0\u30a6\u30f3\u306f\u3069\u3053\u304b\u3089\u3067\u3082OK\nvirsh start lvmtest\n\n\u30c7\u30a3\u30b9\u30af\u9818\u57df\u62e1\u5f35\n\u4f55\u3082\u7279\u5225\u306a\u4e8b\u3057\u306a\u3044\u3067fdisk\n\n\u5bfe\u8c61HDD\u78ba\u8a8d\n # fdisk -l\n\n Disk /dev/sda: 42.9 GB, 42949672960 bytes\n 255 heads, 63 sectors/track, 5221 cylinders\n Units = cylinders of 16065 * 512 = 8225280 bytes\n Sector size (logical/physical): 512 bytes / 512 bytes\n I/O size (minimum/optimal): 512 bytes / 512 bytes\n Disk identifier: 0x0005e801\n\n    Device Boot      Start         End      Blocks   Id  System\n /dev/sda1   *           1          64      512000   83  Linux\n Partition 1 does not end on cylinder boundary.\n /dev/sda2              64        3916    30942246   8e  Linux LVM\n\n/dev/sda\u304c\u306e\u30c7\u30a3\u30b9\u30af\u304c\u5897\u3048\u3066\u308b\u4e8b\u3092\u78ba\u8a8d\n\n\u62e1\u5f35\npv\u306e\u5bb9\u91cf\u78ba\u8a8d\n  [root@lvmtest ~]# pvscan\n    PV /dev/sda2   VG VolGroup   lvm2 [19.50 GiB / 4.99 GiB free]\n    Total: 1 [19.50 GiB] / in use: 1 [19.50 GiB] / in no VG: 0 [0   ]\n\n\u62e1\u5f35\u3057\u305f\u30c7\u30a3\u30b9\u30af\u3092lvm\u306b\u5272\u308a\u5f53\u3066\n  # fdisk /dev/sda\n\n  WARNING: DOS-compatible mode is deprecated. It's strongly recommended to\n           switch off the mode (command 'c') and change display units to\n           sectors (command 'u').\n\n  Command (m for help): p\n\n  Disk /dev/sda: 42.9 GB, 42949672960 bytes\n  255 heads, 63 sectors/track, 5221 cylinders\n  Units = cylinders of 16065 * 512 = 8225280 bytes\n  Sector size (logical/physical): 512 bytes / 512 bytes\n  I/O size (minimum/optimal): 512 bytes / 512 bytes\n  Disk identifier: 0x0005e801\n\n     Device Boot      Start         End      Blocks   Id  System\n  /dev/sda1   *           1          64      512000   83  Linux\n  Partition 1 does not end on cylinder boundary.\n  /dev/sda2              64        3916    30942246   8e  Linux LVM\n\n  Command (m for help): d\n  Partition number (1-4): 2\n  Command (m for help): n\n  Command action\n     e   extended\n     p   primary partition (1-4)\n  p\n  Partition number (1-4): 2\n  First cylinder (64-5221, default 64):\n  Using default value 64\n  Last cylinder, +cylinders or +size{K,M,G} (64-5221, default 5221):\n  Using default value 5221\n\n  Command (m for help): t\n  Partition number (1-4): 2\n  Hex code (type L to list codes): 8e\n  Changed system type of partition 2 to 8e (Linux LVM)\n\n  Command (m for help): p\n\n  Disk /dev/sda: 42.9 GB, 42949672960 bytes\n  255 heads, 63 sectors/track, 5221 cylinders\n  Units = cylinders of 16065 * 512 = 8225280 bytes\n  Sector size (logical/physical): 512 bytes / 512 bytes\n  I/O size (minimum/optimal): 512 bytes / 512 bytes\n  Disk identifier: 0x0005e801\n\n     Device Boot      Start         End      Blocks   Id  System\n  /dev/sda1   *           1          64      512000   83  Linux\n  Partition 1 does not end on cylinder boundary.\n  /dev/sda2              64        5221    41424658+  8e  Linux LVM\n\n  Command (m for help): w\n  The partition table has been altered!\n\n  Calling ioctl() to re-read partition table.\n  WARNING: Re-reading the partition table failed with error 16: Device or resource busy.\n  The kernel still uses the old table. The new table will be used at\n  the next reboot or after you run partprobe(8) or kpartx(8)\n  Syncing disks.\n\n\npv\u306b\u62e1\u5f35\u3057\u305f\u30c7\u30a3\u30b9\u30af\u3092\u5272\u308a\u5f53\u3066\n# pvresize  /dev/sda2\n\n  Physical volume \"/dev/sda2\" changed\n  1 physical volume(s) resized / 0 physical volume(s) not resized\n\n\u518d\u5ea6\u78ba\u8a8d\n[root@lvmtest ~]# pvscan\n  PV /dev/sda2   VG VolGroup   lvm2 [39.50 GiB / 25.00 GiB free]\n  Total: 1 [39.50 GiB] / in use: 1 [39.50 GiB] / in no VG: 0 [0   ]\n\n\nlvm\u306b\u5272\u308a\u5f53\u3066\n\u5bfe\u8c61lvm\u3092\u78ba\u8a8d\n# df -h\n\nFilesystem            Size  Used Avail Use% Mounted on\n/dev/mapper/VolGroup-lv_root\n                       14G  5.9G  6.7G  47% /\ntmpfs                 499M     0  499M   0% /dev/shm\n/dev/sda1             477M   48M  405M  11% /boot\n\n\u62e1\u5f35\u3002\u4eca\u56de\u306f20GB\u3092\u5272\u308a\u5f53\u3066\n# lvextend -L+20G /dev/mapper/VolGroup-lv_root\n\n    Size of logical volume VolGroup/lv_root changed from 13.51 GiB (3458 extents) to 33.51 GiB (8578 extents).\n  Logical volume lv_root successfully resized\n\n# resize2fs /dev/mapper/VolGroup-lv_root\nresize2fs 1.41.12 (17-May-2010)\nFilesystem at /dev/mapper/VolGroup-lv_root is mounted on /; on-line resizing required\nold desc_blocks = 1, new_desc_blocks = 3\nPerforming an on-line resize of /dev/mapper/VolGroup-lv_root to 8783872 (4k) blocks.\nThe filesystem on /dev/mapper/VolGroup-lv_root is now 8783872 blocks long.\n\n\n\u5897\u3048\u3066\u308b\u4e8b\u3092\u78ba\u8a8d\n# df -h\nFilesystem            Size  Used Avail Use% Mounted on\n/dev/mapper/VolGroup-lv_root\n                       33G  5.9G   26G  19% /\ntmpfs                 499M     0  499M   0% /dev/shm\n/dev/sda1             477M   48M  405M  11% /boot\n/dev/sdb1             965M  1.3M  914M   1% /data\n\n\nimg\u30d5\u30a1\u30a4\u30eb\u3067\u306f\u306a\u304f\u3001lvm\u30dc\u30ea\u30e5\u30fc\u30e0\u3067\u4f5c\u6210\u3057\u3066\u3044\u308b\u4eee\u60f3\u30b5\u30fc\u30d0\u306e\u30c7\u30a3\u30b9\u30af\u5897\u8a2d\u624b\u9806\u3002\n\u4eee\u60f3\u30b5\u30fc\u30d0\u306e\u4f5c\u6210\u65b9\u6cd5\u306b\u3082\u3088\u308b\u304c\u3001\u4eee\u60f3\u30b5\u30fc\u30d0\u5185\u3067\u518d\u5ea6lvm\u7b49\u3092\u5229\u7528\u3057\u3066\u3044\u306a\u304b\u3063\u305f\u5834\u5408\n\u30aa\u30f3\u30e9\u30a4\u30f3\u3067\u30c7\u30a3\u30b9\u30af\u306e\u5897\u8a2d\u304c\u53ef\u80fd\u306b\u306a\u308b\u3002\uff08\u6c17\u304c\u3059\u308b\uff09\n\nlvm\u30dc\u30ea\u30e5\u30fc\u30e0\u3067\u4eee\u60f3\u30b5\u30fc\u30d0\u3092\u4f5c\u6210\u3059\u308b\u7406\u7531\u306f\n\u305d\u3063\u3061\u306e\u65b9\u304c\u62e1\u5f35\u6027\u304c\u9ad8\u305d\u3046\u306a\u96f0\u56f2\u6c17\u3092\u611f\u3058\u308b\u306e\u3068\nimg\u30d5\u30a1\u30a4\u30eb\u3088\u308a\u6027\u80fd\u304c\u9ad8\u304b\u3063\u305f\u304b\u3089\uff08\u8da3\u5473\u306e\u7bc4\u56f2\uff09\n\n\n## \u5bfe\u8c61\u306elvm\u3092\u8abf\u67fb\u3057\u3066\u3001\u62e1\u5f35\u3092\u884c\u3046\n\n\u5bfe\u8c61\u306e\u30b9\u30c8\u30ec\u30fc\u30b8pool\u3092\u78ba\u8a8d\n\n```\n# virsh pool-list\n\n\u540d\u524d               \u72b6\u614b     \u81ea\u52d5\u8d77\u52d5\n-----------------------------------------\ndefault              \u52d5\u4f5c\u4e2d  \u306f\u3044 (yes)\nkvm-pool             \u52d5\u4f5c\u4e2d  \u306f\u3044 (yes)\n```\n\n\u5f8c\u306f`lvscan`\u3068\u304b`virsh vol-list kvm-pool`\u3068\u304b\u4f7f\u3063\u3066\u9069\u5f53\u306b\u3002\n\n## \u5bfe\u8c61\u306elvm\u306e\u30c7\u30a3\u30b9\u30af\u3092\u62e1\u5f35\n\n\u5148\u306b\u62e1\u5f35\u3057\u306a\u3044\u3068\u30a8\u30e9\u30fc\u306b\u306a\u308b\u306e\u3067\u5148\u306blvm\u3092\u62e1\u5f35\n\n`lvextend -L+10G /dev/vg_kvm/lvmtest-root`\n## \u4eee\u60f3\u30b5\u30fc\u30d0\u5185\u3067\u306e\u30c7\u30a3\u30b9\u30af\u3092\u62e1\u5f35\n\n`virsh blockresize lvmtest /dev/vg_kvm/lvmtest-root 30G`\n\n+10G\u3068\u304b\u51fa\u6765\u305d\u3046\u3060\u3051\u3069\u7279\u306b\u8a66\u3057\u3066\u306a\u3044\u3002\u3061\u306a\u307f\u306b`info`\u306f\u5168\u304f\u5909\u308f\u3089\u306a\u3044\n\n```\n# virsh vol-info --pool kvm-pool lvmtest-root\n\n\u540d\u524d:         lvmtest-root\n\u30bf\u30a4\u30d7:      \u30d6\u30ed\u30c3\u30af\n\u5bb9\u91cf:         30.00 GiB\n\u5272\u308a\u5f53\u3066:   30.00 GiB\n```\n\n`/etc/init.d/libvirt restart`\u3067\u5bb9\u91cf\u304c\u53cd\u6620\u3055\u308c\u308b\u4e8b\u306f\u78ba\u8a8d\u3057\u3066\u308b\n\n\u305d\u3057\u3066\u3053\u306e\u6642\u70b9\u3067\u306f\u307e\u3060\u4eee\u60f3\u30b5\u30fc\u30d0\u306b\u30c7\u30a3\u30b9\u30af\u5897\u8a2d\u304c\u53cd\u6620\u3055\u308c\u3066\u306a\u3044\n\u3068\u308a\u3042\u3048\u305a\u4eca\u306e\u3068\u3053\u308d\u3001\u30aa\u30f3\u30e9\u30a4\u30f3\u3067\u5897\u8a2d\u306f\u53b3\u3057\u3044\u611f\u3058\u3002\n\u30b3\u30f3\u30d5\u30a3\u30b0\u8aad\u3081\u3066\u306a\u3044\u3060\u3051\u3063\u307d\u3044\u304b\u3089\u3001\u4f55\u304b\u65b9\u6cd5\u304c\u3042\u308b\u6c17\u306f\u3057\u3066\u308b\u3051\u3069\u30fb\u30fb\u30fb\n\n\u30aa\u30f3\u30e9\u30a4\u30f3\u3067\u306e\u5897\u8a2d\u624b\u6bb5\u3042\u308c\u3070\u3054\u6559\u6388\u304f\u3060\u3055\u3044\u30fb\u30fb\u30fb\n\n## \u5bfe\u8c61\u30b5\u30fc\u30d0\u306ereboot\n\n\u4eee\u60f3\u30b5\u30fc\u30d0\u304b\u3089\u76f4\u306b`reboot`\u3060\u3068\u5bb9\u91cf\u306e\u5897\u52a0\u304c\u78ba\u8a8d\u51fa\u6765\u306a\u304b\u3063\u305f\u306e\u3067\n\u30b3\u30de\u30f3\u30c9\u30e9\u30a4\u30f3\u304b\u3089\u5b9f\u884c\u3057\u3066\u3084\u308b\u3002\u30b7\u30e3\u30c3\u30c8\u30c0\u30a6\u30f3\u306f\u3069\u3053\u304b\u3089\u3067\u3082OK\n\n`virsh start lvmtest`\n\n## \u30c7\u30a3\u30b9\u30af\u9818\u57df\u62e1\u5f35\n\n\u4f55\u3082\u7279\u5225\u306a\u4e8b\u3057\u306a\u3044\u3067`fdisk`\n\n### \u5bfe\u8c61HDD\u78ba\u8a8d\n\n```\n # fdisk -l\n\n Disk /dev/sda: 42.9 GB, 42949672960 bytes\n 255 heads, 63 sectors/track, 5221 cylinders\n Units = cylinders of 16065 * 512 = 8225280 bytes\n Sector size (logical/physical): 512 bytes / 512 bytes\n I/O size (minimum/optimal): 512 bytes / 512 bytes\n Disk identifier: 0x0005e801\n\n    Device Boot      Start         End      Blocks   Id  System\n /dev/sda1   *           1          64      512000   83  Linux\n Partition 1 does not end on cylinder boundary.\n /dev/sda2              64        3916    30942246   8e  Linux LVM\n```\n\n`/dev/sda`\u304c\u306e\u30c7\u30a3\u30b9\u30af\u304c\u5897\u3048\u3066\u308b\u4e8b\u3092\u78ba\u8a8d\n\n### \u62e1\u5f35\n\npv\u306e\u5bb9\u91cf\u78ba\u8a8d\n\n```\n  [root@lvmtest ~]# pvscan\n    PV /dev/sda2   VG VolGroup   lvm2 [19.50 GiB / 4.99 GiB free]\n    Total: 1 [19.50 GiB] / in use: 1 [19.50 GiB] / in no VG: 0 [0   ]\n```\n\n\u62e1\u5f35\u3057\u305f\u30c7\u30a3\u30b9\u30af\u3092lvm\u306b\u5272\u308a\u5f53\u3066\n\n```\n  # fdisk /dev/sda\n\n  WARNING: DOS-compatible mode is deprecated. It's strongly recommended to\n           switch off the mode (command 'c') and change display units to\n           sectors (command 'u').\n\n  Command (m for help): p\n\n  Disk /dev/sda: 42.9 GB, 42949672960 bytes\n  255 heads, 63 sectors/track, 5221 cylinders\n  Units = cylinders of 16065 * 512 = 8225280 bytes\n  Sector size (logical/physical): 512 bytes / 512 bytes\n  I/O size (minimum/optimal): 512 bytes / 512 bytes\n  Disk identifier: 0x0005e801\n\n     Device Boot      Start         End      Blocks   Id  System\n  /dev/sda1   *           1          64      512000   83  Linux\n  Partition 1 does not end on cylinder boundary.\n  /dev/sda2              64        3916    30942246   8e  Linux LVM\n\n  Command (m for help): d\n  Partition number (1-4): 2\n  Command (m for help): n\n  Command action\n     e   extended\n     p   primary partition (1-4)\n  p\n  Partition number (1-4): 2\n  First cylinder (64-5221, default 64):\n  Using default value 64\n  Last cylinder, +cylinders or +size{K,M,G} (64-5221, default 5221):\n  Using default value 5221\n\n  Command (m for help): t\n  Partition number (1-4): 2\n  Hex code (type L to list codes): 8e\n  Changed system type of partition 2 to 8e (Linux LVM)\n\n  Command (m for help): p\n\n  Disk /dev/sda: 42.9 GB, 42949672960 bytes\n  255 heads, 63 sectors/track, 5221 cylinders\n  Units = cylinders of 16065 * 512 = 8225280 bytes\n  Sector size (logical/physical): 512 bytes / 512 bytes\n  I/O size (minimum/optimal): 512 bytes / 512 bytes\n  Disk identifier: 0x0005e801\n\n     Device Boot      Start         End      Blocks   Id  System\n  /dev/sda1   *           1          64      512000   83  Linux\n  Partition 1 does not end on cylinder boundary.\n  /dev/sda2              64        5221    41424658+  8e  Linux LVM\n\n  Command (m for help): w\n  The partition table has been altered!\n\n  Calling ioctl() to re-read partition table.\n  WARNING: Re-reading the partition table failed with error 16: Device or resource busy.\n  The kernel still uses the old table. The new table will be used at\n  the next reboot or after you run partprobe(8) or kpartx(8)\n  Syncing disks.\n\n```\n\npv\u306b\u62e1\u5f35\u3057\u305f\u30c7\u30a3\u30b9\u30af\u3092\u5272\u308a\u5f53\u3066\n\n```\n# pvresize  /dev/sda2\n\n  Physical volume \"/dev/sda2\" changed\n  1 physical volume(s) resized / 0 physical volume(s) not resized\n```\n\n\u518d\u5ea6\u78ba\u8a8d\n\n```\n[root@lvmtest ~]# pvscan\n  PV /dev/sda2   VG VolGroup   lvm2 [39.50 GiB / 25.00 GiB free]\n  Total: 1 [39.50 GiB] / in use: 1 [39.50 GiB] / in no VG: 0 [0   ]\n```\n\n### lvm\u306b\u5272\u308a\u5f53\u3066\n\u5bfe\u8c61lvm\u3092\u78ba\u8a8d\n\n```\n# df -h\n\nFilesystem            Size  Used Avail Use% Mounted on\n/dev/mapper/VolGroup-lv_root\n                       14G  5.9G  6.7G  47% /\ntmpfs                 499M     0  499M   0% /dev/shm\n/dev/sda1             477M   48M  405M  11% /boot\n```\n\n\u62e1\u5f35\u3002\u4eca\u56de\u306f20GB\u3092\u5272\u308a\u5f53\u3066\n\n```\n# lvextend -L+20G /dev/mapper/VolGroup-lv_root\n\n    Size of logical volume VolGroup/lv_root changed from 13.51 GiB (3458 extents) to 33.51 GiB (8578 extents).\n  Logical volume lv_root successfully resized\n\n# resize2fs /dev/mapper/VolGroup-lv_root\nresize2fs 1.41.12 (17-May-2010)\nFilesystem at /dev/mapper/VolGroup-lv_root is mounted on /; on-line resizing required\nold desc_blocks = 1, new_desc_blocks = 3\nPerforming an on-line resize of /dev/mapper/VolGroup-lv_root to 8783872 (4k) blocks.\nThe filesystem on /dev/mapper/VolGroup-lv_root is now 8783872 blocks long.\n\n```\n\n\u5897\u3048\u3066\u308b\u4e8b\u3092\u78ba\u8a8d\n\n```\n# df -h\nFilesystem            Size  Used Avail Use% Mounted on\n/dev/mapper/VolGroup-lv_root\n                       33G  5.9G   26G  19% /\ntmpfs                 499M     0  499M   0% /dev/shm\n/dev/sda1             477M   48M  405M  11% /boot\n/dev/sdb1             965M  1.3M  914M   1% /data\n```\n"}