{"context": " More than 1 year has passed since last update.\n\n\u6982\u8981\n\u521dGithub\u30ea\u30dd\u30b8\u30c8\u30ea\u4f5c\u6210\u3002\u3060\u3063\u305f\u306e\u3067\u3001\u5099\u5fd8\u9332\u7684\u306b\u307e\u3068\u3081\u3066\u304a\u304f\u3002\nbundler\u3067gem\u306e\u96db\u5f62\u4f5c\u6210\uff5eGithub\u306bpush\u3059\u308b\u307e\u3067\u306b\u3064\u3044\u3066\u66f8\u304f\u3002\n\u305d\u308c\u4ee5\u964d\u306fFacebook\u3068\u306e\u901a\u4fe1\u3092mock\u3059\u308bgem\u3092\u4f5c\u3063\u3066\u307f\u305f\u3092\u53c2\u7167\u3002\n\u3061\u306a\u307f\u306b\u3001\u4f5c\u3063\u305fgem\u306f\u3053\u3061\u3089 > ogawatti/facemock\n\n\u3084\u3063\u305f\u3053\u3068\n\nGithub\u306b\u30ea\u30dd\u30b8\u30c8\u30ea\u4f5c\u6210\nbundler\u3067gem\u306e\u96db\u5f62\u4f5c\u6210\nFirst Commit & push\n\n\nGithub\u306b\u30ea\u30dd\u30b8\u30c8\u30ea\u3092\u4f5c\u6210\nGithub\u306e\u30a2\u30ab\u30a6\u30f3\u30c8\u53d6\u5f97\u306f\u7701\u7565\u3002\npush\u5148\u306e\u30ea\u30dd\u30b8\u30c8\u30ea\u3092\u4f5c\u3063\u3066\u304a\u304f\u3002\n\nGithub\u306b\u30ed\u30b0\u30a4\u30f3\u3057\u3066\u53f3\u4e0a\u306e\u300c+\u300d\u30dc\u30bf\u30f3\u304b\u3089\u300cNew repository\u300d\u3092\u9078\u629e\n\u30ea\u30dd\u30b8\u30c8\u30ea\u60c5\u5831\u306e\u3046\u3061\u4ee5\u4e0b\u3092\u57cb\u3081\u3066\u300cCreate repository\u300d\u3092\u62bc\u4e0b\n\n\nRepository name : facemock\npublic \u3092\u9078\u629e\n\n\n\u30ea\u30dd\u30b8\u30c8\u30ea\u4f5c\u6210\u3055\u308c\u308b\n\n\n\u6700\u521d\u306binit\u3057\u3066README\u4f5c\u308c\uff5e\u3068\u8a00\u308f\u308c\u308b\u304c\u3001gem\u96db\u5f62push\u3059\u308b\u306e\u3067\u653e\u3063\u3066\u304a\u304f\n\n\n\n\nGem\u306e\u96db\u5f62\u3092\u4f5c\u6210\u3059\u308b\n\u307e\u305a\u306f\u96db\u5f62\u306e\u4f5c\u6210\u3002bundler\u3092\u4f7f\u3046\u3002\n\nrspec\u3067\u30c6\u30b9\u30c8\u3059\u308b\u3064\u3082\u308a\u306a\u306e\u3067\u3001-t\u30aa\u30d7\u30b7\u30e7\u30f3\u3092\u4ed8\u3051\u3066\u30c6\u30b9\u30c8\u306e\u96db\u5f62\u3082\u540c\u6642\u306b\u4f5c\u6210\ngemspec\u3092\u4fee\u6b63\u3057\u3066\u3001\u30c6\u30b9\u30c8\u304c\u901a\u308b\u3088\u3046\u306b\u4fee\u6b63\u3059\u308b\n\n\n\u96db\u5f62\u3067\u306fshould\u304c\u4f7f\u308f\u308c\u3066\u3044\u308b\u304c\u3001rspec3\u7cfb\u3067\u306f\u975e\u63a8\u5968\n\n\n\n## \u96db\u5f62\u4f5c\u6210\n$ bundle gem facemock -t\n$ cd facemock\n\n## gemspec\u4fee\u6b63\n$ vi facemock.gemspec\n$ git diff facemock.gemspec\n+  spec.email         = [\"ogawattim@gmail.com\"]\n+  spec.description   = %q{This is facebook mock application for fb_graph.}\n+  spec.summary       = %q{This is facebook mock application for fb_graph.}\n$ bundle install\n\n## \u30c6\u30b9\u30c8\u5b9f\u884c\u30fb\u4fee\u6b63\n$ rspec \n\nFacemock\n  should have a version number\n  should do something useful (FAILED - 1)\n\nFailures:\n\n  1) Facemock should do something useful\n     Failure/Error: false.should be_true\n       expected false to respond to `true?`\n     # ./spec/facemock_spec.rb:9:in `block (2 levels) in <top (required)>'\n...(\u4ee5\u4e0b\u7565)...\n\n## \u751f\u6210\u3055\u308c\u305f\u30c6\u30b9\u30c8\u306e\u96db\u5f62facemock_spec.rb\u306b\u5931\u6557\u3059\u308b\u30c6\u30b9\u30c8\u304c\u542b\u307e\u308c\u308b\n$ vi spec/facemock_spec.rb  # \u4e0d\u8981\u306a\u30c6\u30b9\u30c8\u3092\u6d88\u3057\u3066\u304a\u304f\n$ cat spec/facemock_spec.rb\nrequire 'spec_helper'\n\ndescribe Facemock do\n  it 'should have a version number' do\n    Facemock::VERSION.should_not be_nil\n  end\nend\n\n$ rspec\n\nFacemock\n  should have a version number\n\nDeprecation Warnings:\n\nUsing `should_not` from rspec-expectations' old `:should` syntax without explicitly enabling the syntax is deprecated. Use the new `:expect` syntax or explicitly enable `:should` instead. Called from .../gem/facemock/spec/facemock_spec.rb:5:in `block (2 levels) in <top (required)>'.\n...(\u4ee5\u4e0b\u7565)...\n\n## rspec3\u7cfb\u3067\u306fshould\u306f\u975e\u63a8\u5968\u306a\u306e\u3067warning\u304c\u51fa\u308b\n$ vi spec/facemock_spec.rb\n$ cat spec/facemock_spec.rb\nrequire 'spec_helper'\n\ndescribe Facemock do\n  it 'should have a version number' do\n    expect(Facemock::VERSION).not_to be_nil\n  end\nend\n\n$ rspec\n\nFacemock\n  should have a version number\n\nFinished in 0.00141 seconds (files took 0.06492 seconds to load)\n\n\nFirst commit & push\nFirst Commit\u3057\u3066\u3001\u5148\u307b\u3069\u4f5c\u3063\u305f\u30ea\u30dd\u30b8\u30c8\u30ea\u306bpush\u3059\u308b\u3002\n\nbundler\u3067\u4f5c\u6210\u3057\u305fgem\u306e\u96db\u5f62\u3067\u306f\u65e2\u306bgit init\u3055\u308c\u3066\u308b\u3002\nremote\u8ffd\u52a0\u3057\u3066push\u3059\u308b\n\n## \u5909\u66f4\u70b9\u78ba\u8a8d\n$ git status\n# On branch master\n#\n# Initial commit\n#\n# Changes to be committed:\n#   (use \"git rm --cached <file>...\" to unstage)\n#\n#   new file:   .gitignore\n#   new file:   .rspec\n#   new file:   .travis.yml\n#   new file:   Gemfile\n#   new file:   LICENSE.txt\n#   new file:   README.md\n#   new file:   Rakefile\n#   new file:   lib/facemock.rb\n#   new file:   lib/facemock/version.rb\n#   new file:   spec/spec_helper.rb\n#   new file:   spec/facemock_spec.rb\n#   new file:   facemock.gemspec\n#\n# Changes not staged for commit:\n#   (use \"git add <file>...\" to update what will be committed)\n#   (use \"git checkout -- <file>...\" to discard changes in working directory)\n#\n#   modified:   spec/facemock_spec.rb\n#   modified:   facemock.gemspec\n#\n$ git diff (\u7701\u7565)\n\n## First Commit\n$ git add .\n$ git commit\n 12 files changed, 119 insertions(+)\n create mode 100644 .gitignore\n create mode 100644 .rspec\n create mode 100644 .travis.yml\n create mode 100644 Gemfile\n create mode 100644 LICENSE.txt\n create mode 100644 README.md\n create mode 100644 Rakefile\n create mode 100644 lib/facemock.rb\n create mode 100644 lib/facemock/version.rb\n create mode 100644 spec/spec_helper.rb\n create mode 100644 spec/facemock_spec.rb\n create mode 100644 facemock.gemspec\n\n## Remote\u8ffd\u52a0 & push\n$ git remote add origin git@github.com:ogawatti/facemock.git\n\n$ git push origin master\nCounting objects: 20, done.\nDelta compression using up to 8 threads.\nCompressing objects: 100% (15/15), done.\nWriting objects: 100% (20/20), 2.85 KiB, done.\nTotal 20 (delta 2), reused 0 (delta 0)\nTo git@github.com:ogawatti/facemock.git\n * [new branch]      master -> master\n\n\u3053\u308c\u4ee5\u964d\u306b\u3084\u3063\u305f\u3053\u3068\u306fFacebook\u3068\u306e\u901a\u4fe1\u3092mock\u3059\u308bgem\u3092\u4f5c\u3063\u3066\u307f\u305f\u3092\u53c2\u7167\u3002\n\n\u53c2\u8003\n\nhttp://soplana.hateblo.jp/entry/2012/06/01/234259\n\n## \u6982\u8981\n\n\u521dGithub\u30ea\u30dd\u30b8\u30c8\u30ea\u4f5c\u6210\u3002\u3060\u3063\u305f\u306e\u3067\u3001\u5099\u5fd8\u9332\u7684\u306b\u307e\u3068\u3081\u3066\u304a\u304f\u3002\nbundler\u3067gem\u306e\u96db\u5f62\u4f5c\u6210\uff5eGithub\u306bpush\u3059\u308b\u307e\u3067\u306b\u3064\u3044\u3066\u66f8\u304f\u3002\n\u305d\u308c\u4ee5\u964d\u306f[Facebook\u3068\u306e\u901a\u4fe1\u3092mock\u3059\u308bgem\u3092\u4f5c\u3063\u3066\u307f\u305f](http://qiita.com/ogawatti/items/caecc36e9cb14345635e)\u3092\u53c2\u7167\u3002\n\n\u3061\u306a\u307f\u306b\u3001\u4f5c\u3063\u305fgem\u306f\u3053\u3061\u3089 > [ogawatti/facemock](https://github.com/ogawatti/facemock)\n\n## \u3084\u3063\u305f\u3053\u3068\n\n 1. Github\u306b\u30ea\u30dd\u30b8\u30c8\u30ea\u4f5c\u6210\n 2. bundler\u3067gem\u306e\u96db\u5f62\u4f5c\u6210\n 3. First Commit & push\n\n## Github\u306b\u30ea\u30dd\u30b8\u30c8\u30ea\u3092\u4f5c\u6210\n\nGithub\u306e\u30a2\u30ab\u30a6\u30f3\u30c8\u53d6\u5f97\u306f\u7701\u7565\u3002\npush\u5148\u306e\u30ea\u30dd\u30b8\u30c8\u30ea\u3092\u4f5c\u3063\u3066\u304a\u304f\u3002\n\n 1. Github\u306b\u30ed\u30b0\u30a4\u30f3\u3057\u3066\u53f3\u4e0a\u306e\u300c+\u300d\u30dc\u30bf\u30f3\u304b\u3089\u300cNew repository\u300d\u3092\u9078\u629e\n 2. \u30ea\u30dd\u30b8\u30c8\u30ea\u60c5\u5831\u306e\u3046\u3061\u4ee5\u4e0b\u3092\u57cb\u3081\u3066\u300cCreate repository\u300d\u3092\u62bc\u4e0b\n  * Repository name : facemock\n  * public \u3092\u9078\u629e\n 3. \u30ea\u30dd\u30b8\u30c8\u30ea\u4f5c\u6210\u3055\u308c\u308b\n  * \u6700\u521d\u306binit\u3057\u3066README\u4f5c\u308c\uff5e\u3068\u8a00\u308f\u308c\u308b\u304c\u3001gem\u96db\u5f62push\u3059\u308b\u306e\u3067\u653e\u3063\u3066\u304a\u304f\n\n## Gem\u306e\u96db\u5f62\u3092\u4f5c\u6210\u3059\u308b\n\n\u307e\u305a\u306f\u96db\u5f62\u306e\u4f5c\u6210\u3002bundler\u3092\u4f7f\u3046\u3002\n\n 1. rspec\u3067\u30c6\u30b9\u30c8\u3059\u308b\u3064\u3082\u308a\u306a\u306e\u3067\u3001-t\u30aa\u30d7\u30b7\u30e7\u30f3\u3092\u4ed8\u3051\u3066\u30c6\u30b9\u30c8\u306e\u96db\u5f62\u3082\u540c\u6642\u306b\u4f5c\u6210\n 2. gemspec\u3092\u4fee\u6b63\u3057\u3066\u3001\u30c6\u30b9\u30c8\u304c\u901a\u308b\u3088\u3046\u306b\u4fee\u6b63\u3059\u308b\n  * \u96db\u5f62\u3067\u306fshould\u304c\u4f7f\u308f\u308c\u3066\u3044\u308b\u304c\u3001rspec3\u7cfb\u3067\u306f\u975e\u63a8\u5968\n\n```bash\n## \u96db\u5f62\u4f5c\u6210\n$ bundle gem facemock -t\n$ cd facemock\n\n## gemspec\u4fee\u6b63\n$ vi facemock.gemspec\n$ git diff facemock.gemspec\n+  spec.email         = [\"ogawattim@gmail.com\"]\n+  spec.description   = %q{This is facebook mock application for fb_graph.}\n+  spec.summary       = %q{This is facebook mock application for fb_graph.}\n$ bundle install\n\n## \u30c6\u30b9\u30c8\u5b9f\u884c\u30fb\u4fee\u6b63\n$ rspec \n\nFacemock\n  should have a version number\n  should do something useful (FAILED - 1)\n\nFailures:\n\n  1) Facemock should do something useful\n     Failure/Error: false.should be_true\n       expected false to respond to `true?`\n     # ./spec/facemock_spec.rb:9:in `block (2 levels) in <top (required)>'\n...(\u4ee5\u4e0b\u7565)...\n\n## \u751f\u6210\u3055\u308c\u305f\u30c6\u30b9\u30c8\u306e\u96db\u5f62facemock_spec.rb\u306b\u5931\u6557\u3059\u308b\u30c6\u30b9\u30c8\u304c\u542b\u307e\u308c\u308b\n$ vi spec/facemock_spec.rb  # \u4e0d\u8981\u306a\u30c6\u30b9\u30c8\u3092\u6d88\u3057\u3066\u304a\u304f\n$ cat spec/facemock_spec.rb\nrequire 'spec_helper'\n\ndescribe Facemock do\n  it 'should have a version number' do\n    Facemock::VERSION.should_not be_nil\n  end\nend\n\n$ rspec\n\nFacemock\n  should have a version number\n\nDeprecation Warnings:\n\nUsing `should_not` from rspec-expectations' old `:should` syntax without explicitly enabling the syntax is deprecated. Use the new `:expect` syntax or explicitly enable `:should` instead. Called from .../gem/facemock/spec/facemock_spec.rb:5:in `block (2 levels) in <top (required)>'.\n...(\u4ee5\u4e0b\u7565)...\n\n## rspec3\u7cfb\u3067\u306fshould\u306f\u975e\u63a8\u5968\u306a\u306e\u3067warning\u304c\u51fa\u308b\n$ vi spec/facemock_spec.rb\n$ cat spec/facemock_spec.rb\nrequire 'spec_helper'\n\ndescribe Facemock do\n  it 'should have a version number' do\n    expect(Facemock::VERSION).not_to be_nil\n  end\nend\n\n$ rspec\n\nFacemock\n  should have a version number\n\nFinished in 0.00141 seconds (files took 0.06492 seconds to load)\n```\n\n## First commit & push\n\nFirst Commit\u3057\u3066\u3001\u5148\u307b\u3069\u4f5c\u3063\u305f\u30ea\u30dd\u30b8\u30c8\u30ea\u306bpush\u3059\u308b\u3002\n\n * bundler\u3067\u4f5c\u6210\u3057\u305fgem\u306e\u96db\u5f62\u3067\u306f\u65e2\u306bgit init\u3055\u308c\u3066\u308b\u3002\n * remote\u8ffd\u52a0\u3057\u3066push\u3059\u308b\n\n```bash\n## \u5909\u66f4\u70b9\u78ba\u8a8d\n$ git status\n# On branch master\n#\n# Initial commit\n#\n# Changes to be committed:\n#   (use \"git rm --cached <file>...\" to unstage)\n#\n#\tnew file:   .gitignore\n#\tnew file:   .rspec\n#\tnew file:   .travis.yml\n#\tnew file:   Gemfile\n#\tnew file:   LICENSE.txt\n#\tnew file:   README.md\n#\tnew file:   Rakefile\n#\tnew file:   lib/facemock.rb\n#\tnew file:   lib/facemock/version.rb\n#\tnew file:   spec/spec_helper.rb\n#\tnew file:   spec/facemock_spec.rb\n#\tnew file:   facemock.gemspec\n#\n# Changes not staged for commit:\n#   (use \"git add <file>...\" to update what will be committed)\n#   (use \"git checkout -- <file>...\" to discard changes in working directory)\n#\n#\tmodified:   spec/facemock_spec.rb\n#\tmodified:   facemock.gemspec\n#\n$ git diff (\u7701\u7565)\n\n## First Commit\n$ git add .\n$ git commit\n 12 files changed, 119 insertions(+)\n create mode 100644 .gitignore\n create mode 100644 .rspec\n create mode 100644 .travis.yml\n create mode 100644 Gemfile\n create mode 100644 LICENSE.txt\n create mode 100644 README.md\n create mode 100644 Rakefile\n create mode 100644 lib/facemock.rb\n create mode 100644 lib/facemock/version.rb\n create mode 100644 spec/spec_helper.rb\n create mode 100644 spec/facemock_spec.rb\n create mode 100644 facemock.gemspec\n\n## Remote\u8ffd\u52a0 & push\n$ git remote add origin git@github.com:ogawatti/facemock.git\n\n$ git push origin master\nCounting objects: 20, done.\nDelta compression using up to 8 threads.\nCompressing objects: 100% (15/15), done.\nWriting objects: 100% (20/20), 2.85 KiB, done.\nTotal 20 (delta 2), reused 0 (delta 0)\nTo git@github.com:ogawatti/facemock.git\n * [new branch]      master -> master\n```\n\n\u3053\u308c\u4ee5\u964d\u306b\u3084\u3063\u305f\u3053\u3068\u306f[Facebook\u3068\u306e\u901a\u4fe1\u3092mock\u3059\u308bgem\u3092\u4f5c\u3063\u3066\u307f\u305f](http://qiita.com/ogawatti/items/caecc36e9cb14345635e)\u3092\u53c2\u7167\u3002\n\n# \u53c2\u8003\n\n* http://soplana.hateblo.jp/entry/2012/06/01/234259\n\n", "tags": ["Ruby", "Gem", "GitHub", "bundler"]}