{"context": " More than 1 year has passed since last update.Bundler\u306f\u30d1\u30c3\u30b1\u30fc\u30b8\u306e\u30a4\u30f3\u30b9\u30c8\u30fc\u30e9\u3067\u3088\u304f\u5229\u7528\u3055\u308c\u3066\u3044\u307e\u3059\u304c\n\u30d1\u30c3\u30b1\u30fc\u30b8\u306e\u4f5c\u6210\u3084 Rubygems \u306b\u516c\u958b\u3059\u308b\u3053\u3068\u3082\u3067\u304d\u307e\u3059\u3002\n\nEnvironment\n\nRuby: 2.2.3\nBundler: 1.10.6\nRSpec: 3.4.1\n\n\nFirst release\n\u3053\u306e\u624b\u9806\u306f bouquet \u3068\u3044\u3046\u540d\u524d\u306e Gem \u3092\u4f5c\u6210\u3057\u307e\u3059\u3002\n(Gem \u306e\u540d\u524d\u306f\u4efb\u610f\u306b\u5909\u66f4\u3057\u3066\u304f\u3060\u3055\u3044\u3002)\n\nCreate Gem\nbundle gem \u306e\u30b3\u30de\u30f3\u30c9\u3067\u30d1\u30c3\u30b1\u30fc\u30b8\u306b\u5fc5\u8981\u306a\u30d5\u30a1\u30a4\u30eb\u304c\u4f5c\u6210\u3055\u308c\u307e\u3059\u3002\ncode of conduct, license, tests gem \u306e\u8cea\u554f\u306b\u7b54\u3048\u308b\u3068\u3001\u305d\u308c\u306b\u5fdc\u3058\u305f\u30d5\u30a1\u30a4\u30eb\u304c\u4f5c\u6210\u3055\u308c\u307e\u3059\u3002\n(\u8cea\u554f\u306e\u56de\u7b54\u306f ~/.bundle/config \u306b\u4fdd\u5b58\u3055\u308c\u307e\u3059\u3002\u6b21\u56de\u304b\u3089\u8cea\u554f\u3055\u308c\u307e\u305b\u3093\u3002)\n$ bundle gem bouquet\nCreating gem 'bouquet'...\nDo you want to include a code of conduct in gems you generate?\nCodes of conduct can increase contributions to your project by contributors who prefer collaborative, safe spaces. You can read more about the code of conduct at contributor-covenant.org. Having a code of conduct means agreeing to the responsibility of enforcing it, so be sure that you are prepared to do that. For suggestions about how to enforce codes of conduct, see bit.ly/coc-enforcement. y/(n): y\nCode of conduct enabled in config\nDo you want to license your code permissively under the MIT license?\nThis means that any other developer or company will be legally allowed to use your code for free as long as they admit you created it. You can read more about the MIT license at choosealicense.com/licenses/mit. y/(n): y\nMIT License enabled in config\nDo you want to generate tests with your gem?\nType 'rspec' or 'minitest' to generate those test files now and in the future. rspec/minitest/(none): rspec\n      create  bouquet/Gemfile\n      create  bouquet/.gitignore\n      create  bouquet/lib/bouquet.rb\n      create  bouquet/lib/bouquet/version.rb\n      create  bouquet/bouquet.gemspec\n      create  bouquet/Rakefile\n      create  bouquet/README.md\n      create  bouquet/bin/console\n      create  bouquet/bin/setup\n      create  bouquet/CODE_OF_CONDUCT.md\n      create  bouquet/LICENSE.txt\n      create  bouquet/.travis.yml\n      create  bouquet/.rspec\n      create  bouquet/spec/spec_helper.rb\n      create  bouquet/spec/bouquet_spec.rb\nInitializing git repo in /Users/user/bouquet\n\n\nInitial commit\nBundler \u3067\u306f\u30d1\u30c3\u30b1\u30fc\u30b8\u306e\u4f5c\u6210\u306b Git \u306e\u30b3\u30de\u30f3\u30c9\u3092\u5229\u7528\u3057\u307e\u3059\u3002\ngit status \u30b3\u30de\u30f3\u30c9\u3092\u5b9f\u884c\u3059\u308b\u3068 Initial commit \u3092\u52e7\u3081\u3089\u308c\u307e\u3059\u3002\n$ cd bouquet/\n$ git status\nOn branch master\n\nInitial commit\n\nChanges to be committed:\n  (use \"git rm --cached <file>...\" to unstage)\n\n  new file:   .gitignore\n  new file:   .rspec\n  new file:   .travis.yml\n  new file:   CODE_OF_CONDUCT.md\n  new file:   Gemfile\n  new file:   LICENSE.txt\n  new file:   README.md\n  new file:   Rakefile\n  new file:   bin/console\n  new file:   bin/setup\n  new file:   bouquet.gemspec\n  new file:   lib/bouquet.rb\n  new file:   lib/bouquet/version.rb\n  new file:   spec/bouquet_spec.rb\n  new file:   spec/spec_helper.rb\n\nInitial commit \u306f git commit \u30b3\u30de\u30f3\u30c9\u3067\u5b9f\u884c\u3057\u307e\u3059\u3002\n$ git commit -m \"Initial commit\"\n\n\nRake Task\nrake -T \u30b3\u30de\u30f3\u30c9\u3067\u5229\u7528\u3067\u304d\u308b\u30bf\u30b9\u30af\u306e\u4e00\u89a7\u304c\u8868\u793a\u3055\u308c\u307e\u3059\u3002\n(\u6700\u521d\u306e\u30ea\u30ea\u30fc\u30b9\u306e\u30d0\u30fc\u30b8\u30e7\u30f3\u306f 0.1.0 \u304c\u8a2d\u5b9a\u3055\u308c\u3066\u3044\u307e\u3059\u3002)\n$ rake -T\nrake build          # Build bouquet-0.1.0.gem into the pkg directory\nrake install        # Build and install bouquet-0.1.0.gem into system gems\nrake install:local  # Build and install bouquet-0.1.0.gem into system gems without network access\nrake release        # Create tag v0.1.0 and build and push bouquet-0.1.0.gem to Rubygems\nrake spec           # Run RSpec code examples\n\n\nRun RSpec\nrake spec \u30b3\u30de\u30f3\u30c9\u3067\u30c6\u30b9\u30c8\u3092\u5b9f\u884c\u3067\u304d\u307e\u3059\u3002\nbundle gem \u306e\u30b3\u30de\u30f3\u30c9\u3067\u4f5c\u6210\u3055\u308c\u305f\u30b5\u30f3\u30d7\u30eb\u306f\u30c6\u30b9\u30c8\u304c\u5931\u6557\u3059\u308b\u3088\u3046\u306b\u306a\u3063\u3066\u3044\u307e\u3059\u3002\n$ rake spec\n\nBouquet\n  has a version number\n  does something useful (FAILED - 1)\n\nFailures:\n\n  1) Bouquet does something useful\n     Failure/Error: expect(false).to eq(true)\n\n       expected: true\n            got: false\n\n       (compared using ==)\n     # ./spec/bouquet_spec.rb:9:in `block (2 levels) in <top (required)>'\n\nFinished in 0.00151 seconds (files took 0.20151 seconds to load)\n2 examples, 1 failure\n\nFailed examples:\n\nrspec ./spec/bouquet_spec.rb:8 # Bouquet does something useful\n\n\u671f\u5f85\u3059\u308b\u5024\u304c true \u306a\u306e\u306b false \u304c\u5f97\u3089\u308c\u3066\u3044\u307e\u3059\u3002 expect(false) \u3092 expect(true) \u306b\u7de8\u96c6\u3057\u307e\u3057\u3087\u3046\u3002\nspec/bouquet_spec.rb:\nrequire 'spec_helper'\n\ndescribe Bouquet do\n  it 'has a version number' do\n    expect(Bouquet::VERSION).not_to be nil\n  end\n\n  it 'does something useful' do\n    expect(true).to eq(true)\n  end\nend\n\n\u3082\u3046\u4e00\u5ea6 rake spec \u30b3\u30de\u30f3\u30c9\u3092\u5b9f\u884c\u3059\u308b\u3068\u30c6\u30b9\u30c8\u304c\u6210\u529f\u3057\u3066\u3044\u307e\u3059\u306d\u3002\n$ rake spec\n\nBouquet\n  has a version number\n  does something useful\n\nFinished in 0.00152 seconds (files took 0.20152 seconds to load)\n2 examples, 0 failures\n\nspec \u306e\u4fee\u6b63\u3092\u30b3\u30df\u30c3\u30c8\u3057\u307e\u3059\u3002\n$ git commit -am \"Fix bouquet spec\"\n\n\nGem Spec\nrake install:local \u30b3\u30de\u30f3\u30c9\u3092\u5b9f\u884c\u3059\u308b\u3068\u30a8\u30e9\u30fc\u306b\u306a\u308a\u307e\u3059\u3002\n\u3053\u308c\u306f gemspec \u306b TODO \u306e\u8a18\u8f09\u304c\u3042\u308b\u5834\u5408\u306b\u767a\u751f\u3057\u307e\u3059\u3002\n$ rake install:local\nrake aborted!\nWARNING:  See http://guides.rubygems.org/specification-reference/ for help\nERROR:  While executing gem ... (Gem::InvalidSpecificationException)\n    \"FIXME\" or \"TODO\" is not a description\n\nTasks: TOP => install:local => build\n(See full trace by running task with --trace)\n\n\u306a\u306e\u3067 bouquet.gemspec \u30d5\u30a1\u30a4\u30eb\u306e summary, description, homepage, metadata \u3092\u7de8\u96c6\u3057\u307e\u3059\u3002\n(gemspec \u306f Rubygems \u306b\u516c\u958b\u3055\u308c\u308b Gem \u306e\u4ed5\u69d8\u66f8\u3067\u3059\u3002)\nbouquet.gemspec:\n# coding: utf-8\nlib = File.expand_path('../lib', __FILE__)\n$LOAD_PATH.unshift(lib) unless $LOAD_PATH.include?(lib)\nrequire 'bouquet/version'\n\nGem::Specification.new do |spec|\n  spec.name          = \"bouquet\"\n  spec.version       = Bouquet::VERSION\n  spec.authors       = [\"ogom\"]\n  spec.email         = [\"ogom@outlook.com\"]\n\n  spec.summary       = %q{bouquet summary.}\n  spec.description   = %q{bouquet description.}\n  spec.homepage      = \"\"\n  spec.license       = \"MIT\"\n\n  spec.files         = `git ls-files -z`.split(\"\\x0\").reject { |f| f.match(%r{^(test|spec|features)/}) }\n  spec.bindir        = \"exe\"\n  spec.executables   = spec.files.grep(%r{^exe/}) { |f| File.basename(f) }\n  spec.require_paths = [\"lib\"]\n\n  spec.add_development_dependency \"bundler\", \"~> 1.10\"\n  spec.add_development_dependency \"rake\", \"~> 10.0\"\n  spec.add_development_dependency \"rspec\"\nend\n\n\u3082\u3046\u4e00\u5ea6 rake install:local \u30b3\u30de\u30f3\u30c9\u3092\u5b9f\u884c\u3059\u308b\u3068\u30a4\u30f3\u30b9\u30c8\u30fc\u30eb\u304c\u6210\u529f\u3057\u3066\u3044\u307e\u3059\u3002\n$ rake install:local\nbouquet 0.1.0 built to pkg/bouquet-0.1.0.gem.\nbouquet (0.1.0) installed.\n\ngemspec \u306e\u4fee\u6b63\u3092\u30b3\u30df\u30c3\u30c8\u3057\u307e\u3059\u3002\n$ git commit -am \"Fix bouquet gemspec\"\n\n\nRelease\nrake release \u30b3\u30de\u30f3\u30c9\u3092\u5b9f\u884c\u3059\u308b\u3068\u30a8\u30e9\u30fc\u306b\u306a\u308a\u307e\u3059\u3002\n\u3053\u308c\u306f remote repository \u3092\u5229\u7528\u3057\u3066\u3044\u306a\u3044\u5834\u5408\u306b\u767a\u751f\u3057\u307e\u3059\u3002\n$ rake release\nbouquet 0.1.0 built to pkg/bouquet-0.1.0.gem.\nTagged v0.1.0.\nUntagging v0.1.0 due to error.\nrake aborted!\nCouldn't git push. `git push  2>&1' failed with the following output:\n\nfatal: No configured push destination.\nEither specify the URL from the command-line or configure a remote repository using\n\n    git remote add <name> <url>\n\nand then push using the remote name\n\n    git push <name>\n\nTasks: TOP => release => release:source_control_push\n(See full trace by running task with --trace)\n\n\u306a\u306e\u3067 GitHub \u306b\u30ea\u30dd\u30b8\u30c8\u30ea\u3092\u4f5c\u6210\u3057\u3066\u30b3\u30fc\u30c9\u3092\u30a2\u30c3\u30d7\u30ed\u30fc\u30c9\u3057\u307e\u3059\u3002\n(\u30ea\u30dd\u30b8\u30c8\u30ea\u306f localhost \u306a\u3069\u3001\u3069\u3053\u3067\u3082\u3088\u3044\u3067\u3059\u3002)\n$ git remote add origin git@github.com:dddrb/bouquet.git\n$ git push -u origin master\n\n\u3082\u3046\u4e00\u5ea6\u3001rake release \u30b3\u30de\u30f3\u30c9\u3092\u5b9f\u884c\u3059\u308b\u3068 Rubygems \u306b\u516c\u958b\u3055\u308c\u307e\u3059\u3002\n$ rake release\nbouquet 0.1.0 built to pkg/bouquet-0.1.0.gem.\nTagged v0.1.0.\nPushed git commits and tags.\nPushed bouquet 0.1.0 to rubygems.org.\n\nRubygems \u306b\u516c\u958b\u3055\u308c\u3066\u3044\u308b\u304b gem install \u30b3\u30de\u30f3\u30c9\u3067\u78ba\u8a8d\u3057\u307e\u3057\u3087\u3046\u3002\n$ gem install bouquet\nSuccessfully installed bouquet-0.1.0\n1 gem installed\n\n\nSecond release\n\u3053\u3061\u3089\u306f\u30d0\u30fc\u30b8\u30e7\u30f3\u30a2\u30c3\u30d7\u306e\u624b\u9806\u3067\u3059\u3002\n\nVersion UP\n\u30d0\u30fc\u30b8\u30e7\u30f3\u306f version.rb \u3067\u7ba1\u7406\u3057\u307e\u3059\u3002\u4eca\u56de\u306f 0.1.0 \u3092 0.1.1 \u306b\u7de8\u96c6\u3057\u307e\u3057\u3087\u3046\u3002\n(\u30d0\u30fc\u30b8\u30e7\u30f3\u306f Major.Minor.Patch \u306e\u69cb\u6210\u304c\u4e00\u822c\u7684\u3067\u3059\u3002)\nlib/bouquet/version.rb:\nmodule Bouquet\n  VERSION = \"0.1.1\"\nend\n\nrake -T \u30b3\u30de\u30f3\u30c9\u3067\u3082 0.1.1 \u306b\u5909\u66f4\u3055\u308c\u305f\u3053\u3068\u304c\u89e3\u308a\u307e\u3059\u3002\n$ rake -T\nrake build          # Build bouquet-0.1.1.gem into the pkg directory\nrake install        # Build and install bouquet-0.1.1.gem into system gems\nrake install:local  # Build and install bouquet-0.1.1.gem into system gems without network access\nrake release        # Create tag v0.1.1 and build and push bouquet-0.1.1.gem to Rubygems\nrake spec           # Run RSpec code examples\n\n0.1.1 \u306b\u5909\u66f4\u306fbouquet.gemspec \u306e homepage \u306b GitHub \u306e\u30ea\u30dd\u30b8\u30c8\u30ea\u306e URL \u3092\u8a18\u8ff0\u3057\u307e\u3057\u3087\u3046\u3002\n\u305d\u3057\u3066\u3001\u30b3\u30df\u30c3\u30c8\u3068\u30a2\u30c3\u30d7\u30ed\u30fc\u30c9\u3092\u3057\u307e\u3059\u3002\n$ git commit -am \"Fix homepage at bouquet.gemspec\"\n$ git push origin master\n\n\nRelease\nrake release \u30b3\u30de\u30f3\u30c9\u3092\u5b9f\u884c\u3059\u308b\u3068 Rubygems \u306b\u65b0\u3057\u3044\u30d0\u30fc\u30b8\u30e7\u30f3\u304c\u516c\u958b\u3055\u308c\u307e\u3059\u3002\n$ rake release\nbouquet 0.1.1 built to pkg/bouquet-0.1.1.gem.\nTagged v0.1.1.\nPushed git commits and tags.\nPushed bouquet 0.1.1 to rubygems.org.\n\ngem install \u30b3\u30de\u30f3\u30c9\u3067\u3082\u65b0\u3057\u3044\u30d0\u30fc\u30b8\u30e7\u30f3\u304c\u30c0\u30a6\u30f3\u30ed\u30fc\u30c9\u3055\u308c\u307e\u3059\u3002\n$ gem install bouquet\nFetching: bouquet-0.1.1.gem (100%)\nSuccessfully installed bouquet-0.1.1\n1 gem installed\n\n\nYank\n\u65b0\u3057\u3044\u30d0\u30fc\u30b8\u30e7\u30f3\u3092 Rubygems \u306b\u516c\u958b\u3059\u308b\u3068\u3001\u53e4\u3044\u30d0\u30fc\u30b8\u30e7\u30f3\u3092\u975e\u516c\u958b\u306b\u3057\u307e\u3059\u3002\n\u975e\u516c\u958b\u306b\u3059\u308b\u306b\u306f gemcutter \u306e GEM \u3092\u5229\u7528\u3057\u307e\u3059\u3002\n$ gem install gemcutter\n$ gem yank bouquet --version 0.1.0\nYanking gem from https://rubygems.org...\nSuccessfully deleted gem: bouquet (0.1.0)\n\n\u3053\u308c\u3067\u53e4\u3044\u30d0\u30fc\u30b8\u30e7\u30f3\u3092\u30c0\u30a6\u30f3\u30ed\u30fc\u30c9\u3067\u304d\u306a\u304f\u306a\u308a\u307e\u3057\u305f\u3002\n$ gem install bouquet --version 0.1.0\nERROR:  Could not find a valid gem 'bouquet' (= 0.1.0) in any repository\nERROR:  Possible alternatives: bouquet\n\n\nTips\ntests gem \u306e\u8cea\u554f\u3067 rspec \u3084 minitest \u3067\u5fdc\u3048\u3066\u3044\u308b\u3068 travis \u306e\u5229\u7528\u306b\u5fc5\u8981\u306a\u8a2d\u5b9a\u304c\u81ea\u52d5\u3067\u4f5c\u6210\u3055\u308c\u3066\u3044\u307e\u3059\u3002\nEnjoy GEM\n\n[Bundler](http://gembundler.com)\u306f\u30d1\u30c3\u30b1\u30fc\u30b8\u306e\u30a4\u30f3\u30b9\u30c8\u30fc\u30e9\u3067\u3088\u304f\u5229\u7528\u3055\u308c\u3066\u3044\u307e\u3059\u304c\n\u30d1\u30c3\u30b1\u30fc\u30b8\u306e\u4f5c\u6210\u3084 [Rubygems](https://rubygems.org) \u306b\u516c\u958b\u3059\u308b\u3053\u3068\u3082\u3067\u304d\u307e\u3059\u3002\n\n# Environment\n\n* Ruby: 2.2.3\n* Bundler: 1.10.6\n* RSpec: 3.4.1\n\n# First release\n\n\u3053\u306e\u624b\u9806\u306f *bouquet* \u3068\u3044\u3046\u540d\u524d\u306e **Gem** \u3092\u4f5c\u6210\u3057\u307e\u3059\u3002\n(**Gem** \u306e\u540d\u524d\u306f\u4efb\u610f\u306b\u5909\u66f4\u3057\u3066\u304f\u3060\u3055\u3044\u3002)\n\n## Create Gem\n\n`bundle gem` \u306e\u30b3\u30de\u30f3\u30c9\u3067\u30d1\u30c3\u30b1\u30fc\u30b8\u306b\u5fc5\u8981\u306a\u30d5\u30a1\u30a4\u30eb\u304c\u4f5c\u6210\u3055\u308c\u307e\u3059\u3002\n*code of conduct*, *license*, *tests gem* \u306e\u8cea\u554f\u306b\u7b54\u3048\u308b\u3068\u3001\u305d\u308c\u306b\u5fdc\u3058\u305f\u30d5\u30a1\u30a4\u30eb\u304c\u4f5c\u6210\u3055\u308c\u307e\u3059\u3002\n(\u8cea\u554f\u306e\u56de\u7b54\u306f `~/.bundle/config ` \u306b\u4fdd\u5b58\u3055\u308c\u307e\u3059\u3002\u6b21\u56de\u304b\u3089\u8cea\u554f\u3055\u308c\u307e\u305b\u3093\u3002)\n\n```\n$ bundle gem bouquet\nCreating gem 'bouquet'...\nDo you want to include a code of conduct in gems you generate?\nCodes of conduct can increase contributions to your project by contributors who prefer collaborative, safe spaces. You can read more about the code of conduct at contributor-covenant.org. Having a code of conduct means agreeing to the responsibility of enforcing it, so be sure that you are prepared to do that. For suggestions about how to enforce codes of conduct, see bit.ly/coc-enforcement. y/(n): y\nCode of conduct enabled in config\nDo you want to license your code permissively under the MIT license?\nThis means that any other developer or company will be legally allowed to use your code for free as long as they admit you created it. You can read more about the MIT license at choosealicense.com/licenses/mit. y/(n): y\nMIT License enabled in config\nDo you want to generate tests with your gem?\nType 'rspec' or 'minitest' to generate those test files now and in the future. rspec/minitest/(none): rspec\n      create  bouquet/Gemfile\n      create  bouquet/.gitignore\n      create  bouquet/lib/bouquet.rb\n      create  bouquet/lib/bouquet/version.rb\n      create  bouquet/bouquet.gemspec\n      create  bouquet/Rakefile\n      create  bouquet/README.md\n      create  bouquet/bin/console\n      create  bouquet/bin/setup\n      create  bouquet/CODE_OF_CONDUCT.md\n      create  bouquet/LICENSE.txt\n      create  bouquet/.travis.yml\n      create  bouquet/.rspec\n      create  bouquet/spec/spec_helper.rb\n      create  bouquet/spec/bouquet_spec.rb\nInitializing git repo in /Users/user/bouquet\n```\n\n## Initial commit\n\n**Bundler** \u3067\u306f\u30d1\u30c3\u30b1\u30fc\u30b8\u306e\u4f5c\u6210\u306b [Git](https://git-scm.com/) \u306e\u30b3\u30de\u30f3\u30c9\u3092\u5229\u7528\u3057\u307e\u3059\u3002\n`git status` \u30b3\u30de\u30f3\u30c9\u3092\u5b9f\u884c\u3059\u308b\u3068 *Initial commit* \u3092\u52e7\u3081\u3089\u308c\u307e\u3059\u3002\n\n```\n$ cd bouquet/\n$ git status\nOn branch master\n\nInitial commit\n\nChanges to be committed:\n  (use \"git rm --cached <file>...\" to unstage)\n\n  new file:   .gitignore\n  new file:   .rspec\n  new file:   .travis.yml\n  new file:   CODE_OF_CONDUCT.md\n  new file:   Gemfile\n  new file:   LICENSE.txt\n  new file:   README.md\n  new file:   Rakefile\n  new file:   bin/console\n  new file:   bin/setup\n  new file:   bouquet.gemspec\n  new file:   lib/bouquet.rb\n  new file:   lib/bouquet/version.rb\n  new file:   spec/bouquet_spec.rb\n  new file:   spec/spec_helper.rb\n```\n\n*Initial commit* \u306f `git commit` \u30b3\u30de\u30f3\u30c9\u3067\u5b9f\u884c\u3057\u307e\u3059\u3002\n\n```\n$ git commit -m \"Initial commit\"\n```\n\n## Rake Task\n\n`rake -T` \u30b3\u30de\u30f3\u30c9\u3067\u5229\u7528\u3067\u304d\u308b\u30bf\u30b9\u30af\u306e\u4e00\u89a7\u304c\u8868\u793a\u3055\u308c\u307e\u3059\u3002\n(\u6700\u521d\u306e\u30ea\u30ea\u30fc\u30b9\u306e\u30d0\u30fc\u30b8\u30e7\u30f3\u306f `0.1.0` \u304c\u8a2d\u5b9a\u3055\u308c\u3066\u3044\u307e\u3059\u3002)\n\n```\n$ rake -T\nrake build          # Build bouquet-0.1.0.gem into the pkg directory\nrake install        # Build and install bouquet-0.1.0.gem into system gems\nrake install:local  # Build and install bouquet-0.1.0.gem into system gems without network access\nrake release        # Create tag v0.1.0 and build and push bouquet-0.1.0.gem to Rubygems\nrake spec           # Run RSpec code examples\n```\n\n## Run RSpec\n\n`rake spec` \u30b3\u30de\u30f3\u30c9\u3067\u30c6\u30b9\u30c8\u3092\u5b9f\u884c\u3067\u304d\u307e\u3059\u3002\n`bundle gem` \u306e\u30b3\u30de\u30f3\u30c9\u3067\u4f5c\u6210\u3055\u308c\u305f\u30b5\u30f3\u30d7\u30eb\u306f\u30c6\u30b9\u30c8\u304c\u5931\u6557\u3059\u308b\u3088\u3046\u306b\u306a\u3063\u3066\u3044\u307e\u3059\u3002\n\n```\n$ rake spec\n\nBouquet\n  has a version number\n  does something useful (FAILED - 1)\n\nFailures:\n\n  1) Bouquet does something useful\n     Failure/Error: expect(false).to eq(true)\n\n       expected: true\n            got: false\n\n       (compared using ==)\n     # ./spec/bouquet_spec.rb:9:in `block (2 levels) in <top (required)>'\n\nFinished in 0.00151 seconds (files took 0.20151 seconds to load)\n2 examples, 1 failure\n\nFailed examples:\n\nrspec ./spec/bouquet_spec.rb:8 # Bouquet does something useful\n```\n\n\u671f\u5f85\u3059\u308b\u5024\u304c `true` \u306a\u306e\u306b `false` \u304c\u5f97\u3089\u308c\u3066\u3044\u307e\u3059\u3002 `expect(false)` \u3092 `expect(true)` \u306b\u7de8\u96c6\u3057\u307e\u3057\u3087\u3046\u3002\n\n`spec/bouquet_spec.rb`:\n\n```\nrequire 'spec_helper'\n\ndescribe Bouquet do\n  it 'has a version number' do\n    expect(Bouquet::VERSION).not_to be nil\n  end\n\n  it 'does something useful' do\n    expect(true).to eq(true)\n  end\nend\n```\n\n\u3082\u3046\u4e00\u5ea6 `rake spec` \u30b3\u30de\u30f3\u30c9\u3092\u5b9f\u884c\u3059\u308b\u3068\u30c6\u30b9\u30c8\u304c\u6210\u529f\u3057\u3066\u3044\u307e\u3059\u306d\u3002\n\n```\n$ rake spec\n\nBouquet\n  has a version number\n  does something useful\n\nFinished in 0.00152 seconds (files took 0.20152 seconds to load)\n2 examples, 0 failures\n```\n\n*spec* \u306e\u4fee\u6b63\u3092\u30b3\u30df\u30c3\u30c8\u3057\u307e\u3059\u3002\n\n```\n$ git commit -am \"Fix bouquet spec\"\n```\n\n## Gem Spec\n\n`rake install:local` \u30b3\u30de\u30f3\u30c9\u3092\u5b9f\u884c\u3059\u308b\u3068\u30a8\u30e9\u30fc\u306b\u306a\u308a\u307e\u3059\u3002\n\u3053\u308c\u306f *gemspec* \u306b `TODO` \u306e\u8a18\u8f09\u304c\u3042\u308b\u5834\u5408\u306b\u767a\u751f\u3057\u307e\u3059\u3002\n\n```\n$ rake install:local\nrake aborted!\nWARNING:  See http://guides.rubygems.org/specification-reference/ for help\nERROR:  While executing gem ... (Gem::InvalidSpecificationException)\n    \"FIXME\" or \"TODO\" is not a description\n\nTasks: TOP => install:local => build\n(See full trace by running task with --trace)\n```\n\n\u306a\u306e\u3067 `bouquet.gemspec` \u30d5\u30a1\u30a4\u30eb\u306e `summary`, `description`, `homepage`, `metadata` \u3092\u7de8\u96c6\u3057\u307e\u3059\u3002\n(*gemspec* \u306f **Rubygems** \u306b\u516c\u958b\u3055\u308c\u308b **Gem** \u306e\u4ed5\u69d8\u66f8\u3067\u3059\u3002)\n\n`bouquet.gemspec`:\n\n```\n# coding: utf-8\nlib = File.expand_path('../lib', __FILE__)\n$LOAD_PATH.unshift(lib) unless $LOAD_PATH.include?(lib)\nrequire 'bouquet/version'\n\nGem::Specification.new do |spec|\n  spec.name          = \"bouquet\"\n  spec.version       = Bouquet::VERSION\n  spec.authors       = [\"ogom\"]\n  spec.email         = [\"ogom@outlook.com\"]\n\n  spec.summary       = %q{bouquet summary.}\n  spec.description   = %q{bouquet description.}\n  spec.homepage      = \"\"\n  spec.license       = \"MIT\"\n\n  spec.files         = `git ls-files -z`.split(\"\\x0\").reject { |f| f.match(%r{^(test|spec|features)/}) }\n  spec.bindir        = \"exe\"\n  spec.executables   = spec.files.grep(%r{^exe/}) { |f| File.basename(f) }\n  spec.require_paths = [\"lib\"]\n\n  spec.add_development_dependency \"bundler\", \"~> 1.10\"\n  spec.add_development_dependency \"rake\", \"~> 10.0\"\n  spec.add_development_dependency \"rspec\"\nend\n```\n\n\u3082\u3046\u4e00\u5ea6 `rake install:local` \u30b3\u30de\u30f3\u30c9\u3092\u5b9f\u884c\u3059\u308b\u3068\u30a4\u30f3\u30b9\u30c8\u30fc\u30eb\u304c\u6210\u529f\u3057\u3066\u3044\u307e\u3059\u3002\n\n```\n$ rake install:local\nbouquet 0.1.0 built to pkg/bouquet-0.1.0.gem.\nbouquet (0.1.0) installed.\n```\n\n*gemspec* \u306e\u4fee\u6b63\u3092\u30b3\u30df\u30c3\u30c8\u3057\u307e\u3059\u3002\n\n```\n$ git commit -am \"Fix bouquet gemspec\"\n```\n\n## Release\n\n`rake release` \u30b3\u30de\u30f3\u30c9\u3092\u5b9f\u884c\u3059\u308b\u3068\u30a8\u30e9\u30fc\u306b\u306a\u308a\u307e\u3059\u3002\n\u3053\u308c\u306f *remote repository* \u3092\u5229\u7528\u3057\u3066\u3044\u306a\u3044\u5834\u5408\u306b\u767a\u751f\u3057\u307e\u3059\u3002\n\n```\n$ rake release\nbouquet 0.1.0 built to pkg/bouquet-0.1.0.gem.\nTagged v0.1.0.\nUntagging v0.1.0 due to error.\nrake aborted!\nCouldn't git push. `git push  2>&1' failed with the following output:\n\nfatal: No configured push destination.\nEither specify the URL from the command-line or configure a remote repository using\n\n    git remote add <name> <url>\n\nand then push using the remote name\n\n    git push <name>\n\nTasks: TOP => release => release:source_control_push\n(See full trace by running task with --trace)\n```\n\n\u306a\u306e\u3067 [GitHub](https://github.com) \u306b\u30ea\u30dd\u30b8\u30c8\u30ea\u3092\u4f5c\u6210\u3057\u3066\u30b3\u30fc\u30c9\u3092\u30a2\u30c3\u30d7\u30ed\u30fc\u30c9\u3057\u307e\u3059\u3002\n(\u30ea\u30dd\u30b8\u30c8\u30ea\u306f *localhost* \u306a\u3069\u3001\u3069\u3053\u3067\u3082\u3088\u3044\u3067\u3059\u3002)\n\n```\n$ git remote add origin git@github.com:dddrb/bouquet.git\n$ git push -u origin master\n```\n\n\u3082\u3046\u4e00\u5ea6\u3001`rake release` \u30b3\u30de\u30f3\u30c9\u3092\u5b9f\u884c\u3059\u308b\u3068 *Rubygems* \u306b\u516c\u958b\u3055\u308c\u307e\u3059\u3002\n\n```\n$ rake release\nbouquet 0.1.0 built to pkg/bouquet-0.1.0.gem.\nTagged v0.1.0.\nPushed git commits and tags.\nPushed bouquet 0.1.0 to rubygems.org.\n```\n\n*Rubygems* \u306b\u516c\u958b\u3055\u308c\u3066\u3044\u308b\u304b `gem install` \u30b3\u30de\u30f3\u30c9\u3067\u78ba\u8a8d\u3057\u307e\u3057\u3087\u3046\u3002\n\n```\n$ gem install bouquet\nSuccessfully installed bouquet-0.1.0\n1 gem installed\n```\n\n# Second release\n\n\u3053\u3061\u3089\u306f\u30d0\u30fc\u30b8\u30e7\u30f3\u30a2\u30c3\u30d7\u306e\u624b\u9806\u3067\u3059\u3002\n\n## Version UP\n\n\u30d0\u30fc\u30b8\u30e7\u30f3\u306f `version.rb` \u3067\u7ba1\u7406\u3057\u307e\u3059\u3002\u4eca\u56de\u306f `0.1.0` \u3092 `0.1.1` \u306b\u7de8\u96c6\u3057\u307e\u3057\u3087\u3046\u3002\n(\u30d0\u30fc\u30b8\u30e7\u30f3\u306f *Major.Minor.Patch* \u306e\u69cb\u6210\u304c\u4e00\u822c\u7684\u3067\u3059\u3002)\n\n`lib/bouquet/version.rb`:\n\n```\nmodule Bouquet\n  VERSION = \"0.1.1\"\nend\n```\n\n`rake -T` \u30b3\u30de\u30f3\u30c9\u3067\u3082 `0.1.1` \u306b\u5909\u66f4\u3055\u308c\u305f\u3053\u3068\u304c\u89e3\u308a\u307e\u3059\u3002\n\n```\n$ rake -T\nrake build          # Build bouquet-0.1.1.gem into the pkg directory\nrake install        # Build and install bouquet-0.1.1.gem into system gems\nrake install:local  # Build and install bouquet-0.1.1.gem into system gems without network access\nrake release        # Create tag v0.1.1 and build and push bouquet-0.1.1.gem to Rubygems\nrake spec           # Run RSpec code examples\n```\n\n`0.1.1` \u306b\u5909\u66f4\u306f`bouquet.gemspec` \u306e `homepage` \u306b **GitHub** \u306e\u30ea\u30dd\u30b8\u30c8\u30ea\u306e *URL* \u3092\u8a18\u8ff0\u3057\u307e\u3057\u3087\u3046\u3002\n\u305d\u3057\u3066\u3001\u30b3\u30df\u30c3\u30c8\u3068\u30a2\u30c3\u30d7\u30ed\u30fc\u30c9\u3092\u3057\u307e\u3059\u3002\n\n```\n$ git commit -am \"Fix homepage at bouquet.gemspec\"\n$ git push origin master\n```\n\n## Release\n\n`rake release` \u30b3\u30de\u30f3\u30c9\u3092\u5b9f\u884c\u3059\u308b\u3068 *Rubygems* \u306b\u65b0\u3057\u3044\u30d0\u30fc\u30b8\u30e7\u30f3\u304c\u516c\u958b\u3055\u308c\u307e\u3059\u3002\n\n```\n$ rake release\nbouquet 0.1.1 built to pkg/bouquet-0.1.1.gem.\nTagged v0.1.1.\nPushed git commits and tags.\nPushed bouquet 0.1.1 to rubygems.org.\n```\n\n`gem install` \u30b3\u30de\u30f3\u30c9\u3067\u3082\u65b0\u3057\u3044\u30d0\u30fc\u30b8\u30e7\u30f3\u304c\u30c0\u30a6\u30f3\u30ed\u30fc\u30c9\u3055\u308c\u307e\u3059\u3002\n\n```\n$ gem install bouquet\nFetching: bouquet-0.1.1.gem (100%)\nSuccessfully installed bouquet-0.1.1\n1 gem installed\n```\n\n## Yank\n\n\u65b0\u3057\u3044\u30d0\u30fc\u30b8\u30e7\u30f3\u3092 **Rubygems** \u306b\u516c\u958b\u3059\u308b\u3068\u3001\u53e4\u3044\u30d0\u30fc\u30b8\u30e7\u30f3\u3092\u975e\u516c\u958b\u306b\u3057\u307e\u3059\u3002\n\u975e\u516c\u958b\u306b\u3059\u308b\u306b\u306f [gemcutter](https://github.com/rubygems/gemcutter) \u306e **GEM** \u3092\u5229\u7528\u3057\u307e\u3059\u3002\n\n```\n$ gem install gemcutter\n$ gem yank bouquet --version 0.1.0\nYanking gem from https://rubygems.org...\nSuccessfully deleted gem: bouquet (0.1.0)\n```\n\n\u3053\u308c\u3067\u53e4\u3044\u30d0\u30fc\u30b8\u30e7\u30f3\u3092\u30c0\u30a6\u30f3\u30ed\u30fc\u30c9\u3067\u304d\u306a\u304f\u306a\u308a\u307e\u3057\u305f\u3002\n\n```\n$ gem install bouquet --version 0.1.0\nERROR:  Could not find a valid gem 'bouquet' (= 0.1.0) in any repository\nERROR:  Possible alternatives: bouquet\n```\n\n# Tips\n\n*tests gem* \u306e\u8cea\u554f\u3067 `rspec` \u3084 `minitest` \u3067\u5fdc\u3048\u3066\u3044\u308b\u3068 [travis](https://travis-ci.org) \u306e\u5229\u7528\u306b\u5fc5\u8981\u306a\u8a2d\u5b9a\u304c\u81ea\u52d5\u3067\u4f5c\u6210\u3055\u308c\u3066\u3044\u307e\u3059\u3002\n\n*Enjoy GEM*\n", "tags": ["Gem", "bundler", "Ruby", "RSpec"]}