{"context": " More than 1 year has passed since last update.\n\nRasPBX\u3092\u30a4\u30f3\u30b9\u30c8\u30fc\u30eb\u3057\u3066\u307f\u305f\n\nRasPBX\uff1f\nRasPBX = Raspbian(Jessie) + Asterisk + FreePBX\n\n\u30a2\u30fc\u30ab\u30a4\u30d6\u3092\u30c0\u30a6\u30f3\u30ed\u30fc\u30c9\nDownloads | Asterisk for Raspberry Pi\u304b\u3089\u6700\u65b0\u306e\u30a2\u30fc\u30ab\u30a4\u30d6\u3092\u30c0\u30a6\u30f3\u30ed\u30fc\u30c9\nraspbx-17-10-2015.zip\n\nRasPBX\u306e\u30a4\u30e1\u30fc\u30b8\u3092SD\u30ab\u30fc\u30c9\u306b\u66f8\u304d\u8fbc\u307f\nMacOSX$ diskutil list\n/dev/disk5\n   #:                       TYPE NAME                    SIZE       IDENTIFIER\n   0:     FDisk_partition_scheme                        *8.0 GB     disk5\n   1:                 DOS_FAT_32                         8.0 GB     disk5s1\n\nMacOSX$ sudo diskutil unmountDisk /dev/disk5\nPassword:\nUnmount of all volumes on disk5 was successful\n\nMacOSX$ sudo dd bs=1m if=~/Downloads/raspbx-17-10-2015/raspbx-17-10-2015.img of=/dev/disk5\n3724+0 records in\n3724+0 records out\n3904897024 bytes transferred in 4645.506549 secs (840575 bytes/sec)\n\n\nRasPBX\u3092\u8d77\u52d5\u3059\u308b\nssh\u3067RasPBX\u306e\u30b3\u30f3\u30bd\u30fc\u30eb\u306b\u63a5\u7d9a\u3059\u308b\nMacOSX$ ssh root@raspbx.local\nWarning: the RSA host key for 'raspbx.local' differs from the key for the IP address '192.168.*.*'\nOffending key for IP in /Users/user/.ssh/known_hosts:10\nMatching host key in /Users/user/.ssh/known_hosts:12\nAre you sure you want to continue connecting (yes/no)? yes\nroot@raspbx.local's password: \n\nWelcome to RasPBX - Asterisk for Raspberry Pi\n\nRasPBX is based on Debian. The programs included with the Debian GNU/Linux\nsystem are free software; the exact distribution terms for each program are\ndescribed in the individual files in /usr/share/doc/*/copyright.\n\nRasPBX comes with ABSOLUTELY NO WARRANTY, to the extent permitted by \napplicable law.\n\nList of RasPBX specific commands:\n----------------------------------------------------------------------------- \nraspbx-upgrade      Keep your system up to date with the latest add-ons and\n                    security fixes\nconfigure-timezone  Set timezone for both system and PHP\ninstall-fax         Install HylaFAX                          \nadd-fax-extension   Add additional fax extension for use with HylaFAX\ninstall-fail2ban    Install Fail2Ban for additional security\ninstall-dongle      Install GSM/3G calling capability with chan_dongle\nraspbx-backup       Backup your complete system to an image file\n\nroot@raspbx:~# \n\nroot\u30a2\u30ab\u30a6\u30f3\u30c8\u306e\u30d1\u30b9\u30ef\u30fc\u30c9\u306f\u300craspberry\u300d\n\n\u6700\u521d\u306b\u8d77\u52d5\u3057\u305f\u6642\u306b\u3084\u3063\u3066\u304a\u304f\u3053\u3068\n\n\u30d1\u30fc\u30c6\u30a3\u30b7\u30e7\u30f3\u306e\u62e1\u5f35\n\u3061\u306a\u307f\u306bJessie\u30d9\u30fc\u30b9\u306eRasPBX\u306fraspi-config\u30b3\u30de\u30f3\u30c9\u3092\u4f7f\u3063\u305f\u30d1\u30fc\u30c6\u30a3\u30b7\u30e7\u30f3\u306e\u62e1\u5f35\u306f\u6b63\u3057\u304f\u52d5\u4f5c\u3057\u306a\u3044\u3088\u3046\u3067\u3059\n\n\u8d77\u52d5\u76f4\u5f8c\u306f\u3053\u3093\u306a\u611f\u3058\nroot@raspbx:~# df\nFilesystem     1K-blocks    Used Available Use% Mounted on\n/dev/root        3644624 1638828   1802696  48% /\ndevtmpfs          242608       0    242608   0% /dev\ntmpfs             246880       0    246880   0% /dev/shm\ntmpfs             246880    8768    238112   4% /run\ntmpfs               5120       4      5116   1% /run/lock\ntmpfs             246880       0    246880   0% /sys/fs/cgroup\n/dev/mmcblk0p1     76186   37980     38206  50% /boot\n\n\n\u3053\u3093\u306a\u6d41\u308c\u3067\u30d1\u30fc\u30c6\u30a3\u30b7\u30e7\u30f3\u306e\u62e1\u5f35\u3092\u3057\u3066\u3044\u304f\n\u30d1\u30fc\u30c6\u30a3\u30b7\u30e7\u30f3\u3092\u4e00\u65e6\u524a\u9664\u3057\u3066\u3001\u6700\u5927\u5bb9\u91cf\u3067\u30d1\u30fc\u30c6\u30a3\u30b7\u30e7\u30f3\u3092\u4f5c\u308a\u306a\u304a\u3059\u611f\u3058\u3067\u3057\u3087\u3046\u304b\nroot@raspbx:~# fdisk /dev/mmcblk0\n\nWelcome to fdisk (util-linux 2.25.2).\nChanges will remain in memory only, until you decide to write them.\nBe careful before using the write command.\n\n\nCommand (m for help): p\nDisk /dev/mmcblk0: 7.4 GiB, 7985954816 bytes, 15597568 sectors\nUnits: sectors of 1 * 512 = 512 bytes\nSector size (logical/physical): 512 bytes / 512 bytes\nI/O size (minimum/optimal): 512 bytes / 512 bytes\nDisklabel type: dos\nDisk identifier: 0x000ee283\n\nDevice         Boot  Start     End Sectors  Size Id Type\n/dev/mmcblk0p1        2048  155647  153600   75M  c W95 FAT32 (LBA)\n/dev/mmcblk0p2      157696 7626751 7469056  3.6G 83 Linux\n\n\nCommand (m for help): d\nPartition number (1,2, default 2): 2\n\nPartition 2 has been deleted.\n\nCommand (m for help): n\nPartition type\n   p   primary (1 primary, 0 extended, 3 free)\n   e   extended (container for logical partitions)\nSelect (default p): p\nPartition number (2-4, default 2): 2\nFirst sector (155648-15597567, default 155648): 157696\nLast sector, +sectors or +size{K,M,G,T,P} (157696-15597567, default 15597567): \n\nCreated a new partition 2 of type 'Linux' and of size 7.4 GiB.\n\nCommand (m for help): p\nDisk /dev/mmcblk0: 7.4 GiB, 7985954816 bytes, 15597568 sectors\nUnits: sectors of 1 * 512 = 512 bytes\nSector size (logical/physical): 512 bytes / 512 bytes\nI/O size (minimum/optimal): 512 bytes / 512 bytes\nDisklabel type: dos\nDisk identifier: 0x000ee283\n\nDevice         Boot  Start      End  Sectors  Size Id Type\n/dev/mmcblk0p1        2048   155647   153600   75M  c W95 FAT32 (LBA)\n/dev/mmcblk0p2      157696 15597567 15439872  7.4G 83 Linux\n\n\nCommand (m for help): w\nThe partition table has been altered.\nCalling ioctl() to re-read partition table.\nRe-reading the partition table failed.: Device or resource busy\n\nThe kernel still uses the old table. The new table will be used at the next reboot or after you run partprobe(8) or kpartx(8).\n\nroot@raspbx:~# reboot\n\nroot@raspbx:~# resize2fs /dev/mmcblk0p2\n\n\n\u30d1\u30fc\u30c6\u30a3\u30b7\u30e7\u30f3\u306e\u62e1\u5f35\u5f8c\u306f\u3053\u3093\u306a\u611f\u3058\nroot@raspbx:~# df\nFilesystem     1K-blocks    Used Available Use% Mounted on\n/dev/root        7570984 1640348   5570788  23% /\ndevtmpfs          242608       0    242608   0% /dev\ntmpfs             246880       0    246880   0% /dev/shm\ntmpfs             246880    8736    238144   4% /run\ntmpfs               5120       4      5116   1% /run/lock\ntmpfs             246880       0    246880   0% /sys/fs/cgroup\n/dev/mmcblk0p1     76186   37980     38206  50% /boot\n\n\n\u30d1\u30b9\u30ef\u30fc\u30c9\u3092\u5909\u66f4\u3057\u3066\u304a\u304f\nroot@raspbx:~# passwd\nEnter new UNIX password: \nRetype new UNIX password: \npasswd: password updated successfully\n\n\n\u3044\u308d\u3044\u308d\u3068\u30a2\u30c3\u30d7\u30c7\u30fc\u30c8\u3057\u3066\u304a\u304f\nroot@raspbx:~# apt-get update\nReading package lists... Done\n\nroot@raspbx:~# apt-get upgrade\nDo you want to continue? [Y/n] y\n\nroot@raspbx:~# rpi-update\n\nroot@raspbx:~# raspbx-upgrade\n\n\n\u30bf\u30a4\u30e0\u30be\u30fc\u30f3\u3092\u5909\u66f4\nroot@raspbx:~# configure-timezone \n\nCurrent default time zone: 'Asia/Tokyo'\nLocal time is now:      Sat Jan  2 16:45:30 JST 2016.\nUniversal Time is now:  Sat Jan  2 07:45:30 UTC 2016.\n\nSetting PHP to system timezone: Asia/Tokyo\n\n\n\u30ed\u30b1\u30fc\u30eb\u306e\u8a2d\u5b9a\nroot@raspbx:~# dpkg-reconfigure locales\nGenerating locales (this might take a while)...\n  en_GB.ISO-8859-1... done\n  en_GB.ISO-8859-15... done\n  en_GB.UTF-8... done\n  ja_JP.UTF-8... done\nGeneration complete.\n\n\n\u30d6\u30e9\u30a6\u30b6\u3067\u30a2\u30af\u30bb\u30b9\n\u30dd\u30fc\u30bf\u30ebhttp://raspbx.local/\u306b\u30d6\u30e9\u30a6\u30b6\u3067\u30a2\u30af\u30bb\u30b9\n\u30e6\u30fc\u30b6\u30fc\u540d\uff1aadmin\n\u30d1\u30b9\u30ef\u30fc\u30c9\uff1aadmin\n# RasPBX\u3092\u30a4\u30f3\u30b9\u30c8\u30fc\u30eb\u3057\u3066\u307f\u305f\n\n## RasPBX\uff1f\nRasPBX = Raspbian(Jessie) + Asterisk + FreePBX\n \n## \u30a2\u30fc\u30ab\u30a4\u30d6\u3092\u30c0\u30a6\u30f3\u30ed\u30fc\u30c9\n[Downloads | Asterisk for Raspberry Pi](http://www.raspberry-asterisk.org/downloads/)\u304b\u3089\u6700\u65b0\u306e\u30a2\u30fc\u30ab\u30a4\u30d6\u3092\u30c0\u30a6\u30f3\u30ed\u30fc\u30c9\n[raspbx-17-10-2015.zip](http://www.raspberry-asterisk.org/download/raspbx-17-10-2015.zip)\n\n## RasPBX\u306e\u30a4\u30e1\u30fc\u30b8\u3092SD\u30ab\u30fc\u30c9\u306b\u66f8\u304d\u8fbc\u307f\n\n\n```shell-session\nMacOSX$ diskutil list\n/dev/disk5\n   #:                       TYPE NAME                    SIZE       IDENTIFIER\n   0:     FDisk_partition_scheme                        *8.0 GB     disk5\n   1:                 DOS_FAT_32                         8.0 GB     disk5s1\n```\n\n```shell-session\nMacOSX$ sudo diskutil unmountDisk /dev/disk5\nPassword:\nUnmount of all volumes on disk5 was successful\n```\n\n```shell-session\nMacOSX$ sudo dd bs=1m if=~/Downloads/raspbx-17-10-2015/raspbx-17-10-2015.img of=/dev/disk5\n3724+0 records in\n3724+0 records out\n3904897024 bytes transferred in 4645.506549 secs (840575 bytes/sec)\n```\n\n## RasPBX\u3092\u8d77\u52d5\u3059\u308b\nssh\u3067RasPBX\u306e\u30b3\u30f3\u30bd\u30fc\u30eb\u306b\u63a5\u7d9a\u3059\u308b\n\n```shell-session\nMacOSX$ ssh root@raspbx.local\nWarning: the RSA host key for 'raspbx.local' differs from the key for the IP address '192.168.*.*'\nOffending key for IP in /Users/user/.ssh/known_hosts:10\nMatching host key in /Users/user/.ssh/known_hosts:12\nAre you sure you want to continue connecting (yes/no)? yes\nroot@raspbx.local's password: \n\nWelcome to RasPBX - Asterisk for Raspberry Pi\n\nRasPBX is based on Debian. The programs included with the Debian GNU/Linux\nsystem are free software; the exact distribution terms for each program are\ndescribed in the individual files in /usr/share/doc/*/copyright.\n\nRasPBX comes with ABSOLUTELY NO WARRANTY, to the extent permitted by \napplicable law.\n\nList of RasPBX specific commands:\n----------------------------------------------------------------------------- \nraspbx-upgrade      Keep your system up to date with the latest add-ons and\n                    security fixes\nconfigure-timezone  Set timezone for both system and PHP\ninstall-fax         Install HylaFAX                          \nadd-fax-extension   Add additional fax extension for use with HylaFAX\ninstall-fail2ban    Install Fail2Ban for additional security\ninstall-dongle      Install GSM/3G calling capability with chan_dongle\nraspbx-backup       Backup your complete system to an image file\n\nroot@raspbx:~# \n```\n\nroot\u30a2\u30ab\u30a6\u30f3\u30c8\u306e\u30d1\u30b9\u30ef\u30fc\u30c9\u306f\u300craspberry\u300d\n\n## \u6700\u521d\u306b\u8d77\u52d5\u3057\u305f\u6642\u306b\u3084\u3063\u3066\u304a\u304f\u3053\u3068\n### \u30d1\u30fc\u30c6\u30a3\u30b7\u30e7\u30f3\u306e\u62e1\u5f35\n\u3061\u306a\u307f\u306bJessie\u30d9\u30fc\u30b9\u306eRasPBX\u306fraspi-config\u30b3\u30de\u30f3\u30c9\u3092\u4f7f\u3063\u305f\u30d1\u30fc\u30c6\u30a3\u30b7\u30e7\u30f3\u306e\u62e1\u5f35\u306f\u6b63\u3057\u304f\u52d5\u4f5c\u3057\u306a\u3044\u3088\u3046\u3067\u3059\n\n#### \u8d77\u52d5\u76f4\u5f8c\u306f\u3053\u3093\u306a\u611f\u3058\n\n```shell-session\nroot@raspbx:~# df\nFilesystem     1K-blocks    Used Available Use% Mounted on\n/dev/root        3644624 1638828   1802696  48% /\ndevtmpfs          242608       0    242608   0% /dev\ntmpfs             246880       0    246880   0% /dev/shm\ntmpfs             246880    8768    238112   4% /run\ntmpfs               5120       4      5116   1% /run/lock\ntmpfs             246880       0    246880   0% /sys/fs/cgroup\n/dev/mmcblk0p1     76186   37980     38206  50% /boot\n```\n\n#### \u3053\u3093\u306a\u6d41\u308c\u3067\u30d1\u30fc\u30c6\u30a3\u30b7\u30e7\u30f3\u306e\u62e1\u5f35\u3092\u3057\u3066\u3044\u304f\n\u30d1\u30fc\u30c6\u30a3\u30b7\u30e7\u30f3\u3092\u4e00\u65e6\u524a\u9664\u3057\u3066\u3001\u6700\u5927\u5bb9\u91cf\u3067\u30d1\u30fc\u30c6\u30a3\u30b7\u30e7\u30f3\u3092\u4f5c\u308a\u306a\u304a\u3059\u611f\u3058\u3067\u3057\u3087\u3046\u304b\n\n```shell-session\nroot@raspbx:~# fdisk /dev/mmcblk0\n\nWelcome to fdisk (util-linux 2.25.2).\nChanges will remain in memory only, until you decide to write them.\nBe careful before using the write command.\n\n\nCommand (m for help): p\nDisk /dev/mmcblk0: 7.4 GiB, 7985954816 bytes, 15597568 sectors\nUnits: sectors of 1 * 512 = 512 bytes\nSector size (logical/physical): 512 bytes / 512 bytes\nI/O size (minimum/optimal): 512 bytes / 512 bytes\nDisklabel type: dos\nDisk identifier: 0x000ee283\n\nDevice         Boot  Start     End Sectors  Size Id Type\n/dev/mmcblk0p1        2048  155647  153600   75M  c W95 FAT32 (LBA)\n/dev/mmcblk0p2      157696 7626751 7469056  3.6G 83 Linux\n\n\nCommand (m for help): d\nPartition number (1,2, default 2): 2\n\nPartition 2 has been deleted.\n\nCommand (m for help): n\nPartition type\n   p   primary (1 primary, 0 extended, 3 free)\n   e   extended (container for logical partitions)\nSelect (default p): p\nPartition number (2-4, default 2): 2\nFirst sector (155648-15597567, default 155648): 157696\nLast sector, +sectors or +size{K,M,G,T,P} (157696-15597567, default 15597567): \n\nCreated a new partition 2 of type 'Linux' and of size 7.4 GiB.\n\nCommand (m for help): p\nDisk /dev/mmcblk0: 7.4 GiB, 7985954816 bytes, 15597568 sectors\nUnits: sectors of 1 * 512 = 512 bytes\nSector size (logical/physical): 512 bytes / 512 bytes\nI/O size (minimum/optimal): 512 bytes / 512 bytes\nDisklabel type: dos\nDisk identifier: 0x000ee283\n\nDevice         Boot  Start      End  Sectors  Size Id Type\n/dev/mmcblk0p1        2048   155647   153600   75M  c W95 FAT32 (LBA)\n/dev/mmcblk0p2      157696 15597567 15439872  7.4G 83 Linux\n\n\nCommand (m for help): w\nThe partition table has been altered.\nCalling ioctl() to re-read partition table.\nRe-reading the partition table failed.: Device or resource busy\n\nThe kernel still uses the old table. The new table will be used at the next reboot or after you run partprobe(8) or kpartx(8).\n```\n\n```shell-session\nroot@raspbx:~# reboot\n```\n\n```shell-session\nroot@raspbx:~# resize2fs /dev/mmcblk0p2\n```\n\n#### \u30d1\u30fc\u30c6\u30a3\u30b7\u30e7\u30f3\u306e\u62e1\u5f35\u5f8c\u306f\u3053\u3093\u306a\u611f\u3058\n\n```shell-session\nroot@raspbx:~# df\nFilesystem     1K-blocks    Used Available Use% Mounted on\n/dev/root        7570984 1640348   5570788  23% /\ndevtmpfs          242608       0    242608   0% /dev\ntmpfs             246880       0    246880   0% /dev/shm\ntmpfs             246880    8736    238144   4% /run\ntmpfs               5120       4      5116   1% /run/lock\ntmpfs             246880       0    246880   0% /sys/fs/cgroup\n/dev/mmcblk0p1     76186   37980     38206  50% /boot\n```\n\n### \u30d1\u30b9\u30ef\u30fc\u30c9\u3092\u5909\u66f4\u3057\u3066\u304a\u304f\n\n```shell-session\nroot@raspbx:~# passwd\nEnter new UNIX password: \nRetype new UNIX password: \npasswd: password updated successfully\n```\n\n### \u3044\u308d\u3044\u308d\u3068\u30a2\u30c3\u30d7\u30c7\u30fc\u30c8\u3057\u3066\u304a\u304f\n\n```shell-session\nroot@raspbx:~# apt-get update\nReading package lists... Done\n\nroot@raspbx:~# apt-get upgrade\nDo you want to continue? [Y/n] y\n\nroot@raspbx:~# rpi-update\n\nroot@raspbx:~# raspbx-upgrade\n```\n\n### \u30bf\u30a4\u30e0\u30be\u30fc\u30f3\u3092\u5909\u66f4\n\n```shell-session\nroot@raspbx:~# configure-timezone \n\nCurrent default time zone: 'Asia/Tokyo'\nLocal time is now:      Sat Jan  2 16:45:30 JST 2016.\nUniversal Time is now:  Sat Jan  2 07:45:30 UTC 2016.\n\nSetting PHP to system timezone: Asia/Tokyo\n```\n\n### \u30ed\u30b1\u30fc\u30eb\u306e\u8a2d\u5b9a\n\n```shell-session\nroot@raspbx:~# dpkg-reconfigure locales\nGenerating locales (this might take a while)...\n  en_GB.ISO-8859-1... done\n  en_GB.ISO-8859-15... done\n  en_GB.UTF-8... done\n  ja_JP.UTF-8... done\nGeneration complete.\n```\n\n## \u30d6\u30e9\u30a6\u30b6\u3067\u30a2\u30af\u30bb\u30b9\n\u30dd\u30fc\u30bf\u30eb[http://raspbx.local/](http://raspbx.local/)\u306b\u30d6\u30e9\u30a6\u30b6\u3067\u30a2\u30af\u30bb\u30b9\n\n\u30e6\u30fc\u30b6\u30fc\u540d\uff1aadmin\n\u30d1\u30b9\u30ef\u30fc\u30c9\uff1aadmin\n\n\n", "tags": ["RaspberryPi", "RasPBX", "asterisk", "freepbx", "\u4f5c\u696d\u30ed\u30b0"]}