{"context": " More than 1 year has passed since last update.\n\nMacOSX\u3092\u4f7f\u3063\u3066microSD\u306bRaspbian\u3092\u66f8\u304d\u8fbc\u3080\n\nRaspbian\u3092\u30c0\u30a6\u30f3\u30ed\u30fc\u30c9\u3057\u3066\u5c55\u958b\u3057\u3066\u304a\u304f\nhttp://downloads.raspberrypi.org/raspbian_latest\n\nRaspbian\u3092\u66f8\u304d\u8fbc\u3080\u5148\u306b\u306a\u308bmicroSD\u3092\u7279\u5b9a\u3059\u308b\ndiskutil list \n\nresult\n/dev/disk0\n   #:                       TYPE NAME                    SIZE       IDENTIFIER\n   0:      GUID_partition_scheme                        *1.0 TB     disk0\n   1:                        EFI                         209.7 MB   disk0s1\n   2:                  Apple_HFS Macintosh HD            999.3 GB   disk0s2\n   3:                 Apple_Boot Recovery HD             650.0 MB   disk0s3\n/dev/disk5\n   #:                       TYPE NAME                    SIZE       IDENTIFIER\n   0:     FDisk_partition_scheme                        *32.5 GB    disk5\n   1:             Windows_FAT_32 NO NAME                 32.5 GB    disk5s1\n\n\n\u203b\u4eca\u56de\u306f/dev/disk5\u3067microSD\u304c\u8a8d\u8b58\u3055\u308c\u3066\u3044\u308b\n\u203b\u3053\u308c\u3092\u9593\u9055\u3048\u308b\u3068\u5927\u60e8\u4e8b\u306b\u306a\u308b\u306e\u3067\u3088\u304f\u78ba\u8a8d\u3059\u308b\n\nRaspbian\u3092\u66f8\u304d\u8fbc\u3080\u305f\u3081microSD\u3092\u30a2\u30f3\u30de\u30a6\u30f3\u30c8\u3059\u308b\nsudo diskutil unmountDisk /dev/disk5\n\nRaspbian\u3092\u66f8\u304d\u8fbc\u3080\nsudo dd bs=1m if=/[\u89e3\u51cd\u5148\u306ePath]/[\u89e3\u51cd\u3057\u305fRaspbian\u30a4\u30e1\u30fc\u30b8].img  of=/dev/disk5\n\u203b\u4eca\u56de\u306f\nsudo dd bs=1m if=~/Downloads/2015-05-05-raspbian-wheezy/2015-05-05-raspbian-wheezy.img of=/dev/disk5\n\nRaspbian\u3092\u66f8\u304d\u8fbc\u3093\u3060microSD\u3092\u30a2\u30f3\u30de\u30a6\u30f3\u30c8\u3059\u308b\nsudo diskutil unmountDisk /dev/disk5\n\n\u53d6\u308a\u5916\u3057\u305fmicroSD\u3092Raspberry Pi\u306b\u53d6\u308a\u4ed8\u3051\u3066\u8d77\u52d5\u3059\u308b\n# MacOSX\u3092\u4f7f\u3063\u3066microSD\u306bRaspbian\u3092\u66f8\u304d\u8fbc\u3080\n## Raspbian\u3092\u30c0\u30a6\u30f3\u30ed\u30fc\u30c9\u3057\u3066\u5c55\u958b\u3057\u3066\u304a\u304f\nhttp://downloads.raspberrypi.org/raspbian_latest\n\n## Raspbian\u3092\u66f8\u304d\u8fbc\u3080\u5148\u306b\u306a\u308bmicroSD\u3092\u7279\u5b9a\u3059\u308b\n`diskutil list`  \n\n```lang:result\n/dev/disk0\n   #:                       TYPE NAME                    SIZE       IDENTIFIER\n   0:      GUID_partition_scheme                        *1.0 TB     disk0\n   1:                        EFI                         209.7 MB   disk0s1\n   2:                  Apple_HFS Macintosh HD            999.3 GB   disk0s2\n   3:                 Apple_Boot Recovery HD             650.0 MB   disk0s3\n/dev/disk5\n   #:                       TYPE NAME                    SIZE       IDENTIFIER\n   0:     FDisk_partition_scheme                        *32.5 GB    disk5\n   1:             Windows_FAT_32 NO NAME                 32.5 GB    disk5s1\n```\n\n\u203b\u4eca\u56de\u306f/dev/disk5\u3067microSD\u304c\u8a8d\u8b58\u3055\u308c\u3066\u3044\u308b  \n\u203b\u3053\u308c\u3092\u9593\u9055\u3048\u308b\u3068\u5927\u60e8\u4e8b\u306b\u306a\u308b\u306e\u3067\u3088\u304f\u78ba\u8a8d\u3059\u308b\n\n## Raspbian\u3092\u66f8\u304d\u8fbc\u3080\u305f\u3081microSD\u3092\u30a2\u30f3\u30de\u30a6\u30f3\u30c8\u3059\u308b\n`sudo diskutil unmountDisk /dev/disk5`\n\n## Raspbian\u3092\u66f8\u304d\u8fbc\u3080\n`sudo dd bs=1m if=/[\u89e3\u51cd\u5148\u306ePath]/[\u89e3\u51cd\u3057\u305fRaspbian\u30a4\u30e1\u30fc\u30b8].img  of=/dev/disk5`\n\u203b\u4eca\u56de\u306f\n`sudo dd bs=1m if=~/Downloads/2015-05-05-raspbian-wheezy/2015-05-05-raspbian-wheezy.img of=/dev/disk5`\n\n## Raspbian\u3092\u66f8\u304d\u8fbc\u3093\u3060microSD\u3092\u30a2\u30f3\u30de\u30a6\u30f3\u30c8\u3059\u308b\n`sudo diskutil unmountDisk /dev/disk5`\n\n## \u53d6\u308a\u5916\u3057\u305fmicroSD\u3092Raspberry Pi\u306b\u53d6\u308a\u4ed8\u3051\u3066\u8d77\u52d5\u3059\u308b\n\n", "tags": ["RaspberryPi", "raspbian", "MacOSX", "\u4f5c\u696d\u30ed\u30b0"]}