{"context": " More than 1 year has passed since last update.\u3055\u304f\u3089\u306e\u30af\u30e9\u30a6\u30c9\u306760G\u3070\u304b\u308aHDD\u3092\u501f\u308a\u3066\u300120G\u306eOS\u30a4\u30e1\u30fc\u30b8\u304b\u3089\u30a4\u30f3\u30b9\u30bf\u30f3\u30b9\u3092\u4f5c\u6210\n\u3057\u305f\u3068\u3053\u308d\u3001\u30c7\u30a3\u30b9\u30af\u304c20G\u3057\u304b\u4f7f\u308f\u308c\u3066\u306a\u3044\u3002\n\u30c7\u30a3\u30b9\u30af\u3092\u78ba\u4fdd\u3057\u3066\u4f7f\u3046\u65b9\u6cd5\u306e\u4f8b\u3092\u793a\u3059\u3002\n\n\u74b0\u5883\n\u524d\u8ff0\u3069\u304a\u308a\u300160G\u304b\u308a\u3066\u300120G\u306eOS\u30a4\u30e1\u30fc\u30b8\u304b\u3089\u30a4\u30f3\u30b9\u30bf\u30f3\u30b9\u4f5c\u6210\u3002OS\u306fDebian7\u3002\n~# cat /etc/issue\nDebian GNU/Linux 7 \\n \\l\n\n\n\u8abf\u3079\u65b9\n\n\u7a7a\u304d\u5bb9\u91cf\n\u307e\u305a\u306f\u3001\u30c7\u30a3\u30b9\u30af\u7a7a\u304d\u5bb9\u91cf\u30c1\u30a7\u30c3\u30af\u30b3\u30de\u30f3\u30c9\u304b\u3089\u3002 / \u306b\u30de\u30a6\u30f3\u30c8\u3055\u308c\u3066\u3044\u308b\u30c7\u30d0\u30a4\u30b9\u3068\u3001\u5bb9\u91cf\u304c\u308f\u304b\u308b\u300260G\u501f\u308a\u305f\u306e\u306b\u3001 / \u306f 17G\u3057\u304b\u306a\u3044\u3068\u308f\u304b\u308b\u3002\n# df -h\nFilesystem                                              Size  Used Avail Use% Mounted on\nrootfs                                                   18G  840M   17G   5% /\nudev                                                     10M     0   10M   0% /dev\ntmpfs                                                   101M  200K  101M   1% /run\n/dev/disk/by-uuid/dc0004a3-24d9-4825-808a-47c518fadcaa   18G  840M   17G   5% /\ntmpfs                                                   5.0M     0  5.0M   0% /run/lock\ntmpfs                                                   582M     0  582M   0% /run/shm\n\n\nuuid\u306b\u3088\u308bDisk\n\u3055\u3063\u304d\u306e\u30b3\u30de\u30f3\u30c9\u3067 / \u306b\u30de\u30a6\u30f3\u30c8\u3055\u308c\u3066\u3044\u308b\u306e\u306f /dev/disk/by-uuid/dc0004a3-24d9-4825-808a-47c518fadcaa \u3089\u3057\u3044\u3002\u3053\u308c\u306f\u5b9f\u969b\u306e\u30c7\u30d0\u30a4\u30b9\u306e symbolic link \u306a\u306e\u3067\u3001\u305d\u306e\u30c7\u30a3\u30ec\u30af\u30c8\u30ea\u3092 ls -l \u3059\u308c\u3070\u308f\u304b\u308b\u3002\n~# ls -l /dev/disk/by-uuid/\ntotal 0\nlrwxrwxrwx 1 root root 10 Feb  5 01:11 dc0004a3-24d9-4825-808a-47c518fadcaa -> ../../vda1\nlrwxrwxrwx 1 root root 10 Feb  5 01:11 fc9d3c6a-709f-499b-95f4-dd533f1a95c7 -> ../../vda2\n\n\n\u30de\u30a6\u30f3\u30c8\u65b9\u5f0f\u3092\u8abf\u3079\u308b\n\u30de\u30a6\u30f3\u30c8\u72b6\u6cc1\u306f mount \u3067\u3002\u305d\u3057\u3066\u3001Linux\u304c\u8d77\u52d5\u3057\u305f\u3068\u304d\u3001\u81ea\u52d5\u7684\u306b\u3069\u3053\u306b\u3069\u306e\u30c7\u30a3\u30b9\u30af\u3092\u30de\u30a6\u30f3\u30c8\u3059\u308b\u306e\u304b\u306f\u3001 /etc/fstab\u3092\u307f\u308c\u3070\u308f\u304b\u308b\u3002\n~# cat /etc/fstab\n# <file system> <mount point>   <type>  <options>       <dump>  <pass>\n# / was on /dev/vda1 during installation\nUUID=dc0004a3-24d9-4825-808a-47c518fadcaa /               ext4    relatime,errors=remount-ro 0       1\n# swap was on /dev/vda2 during installation\nUUID=fc9d3c6a-709f-499b-95f4-dd533f1a95c7 none            swap    sw              0       0\n\n~# mount\nsysfs on /sys type sysfs (rw,nosuid,nodev,noexec,relatime)\nproc on /proc type proc (rw,nosuid,nodev,noexec,relatime)\nudev on /dev type devtmpfs (rw,relatime,size=10240k,nr_inodes=126895,mode=755)\ndevpts on /dev/pts type devpts (rw,nosuid,noexec,relatime,gid=5,mode=620,ptmxmode=000)\ntmpfs on /run type tmpfs (rw,nosuid,noexec,relatime,size=102708k,mode=755)\n/dev/disk/by-uuid/dc0004a3-24d9-4825-808a-47c518fadcaa on / type ext4 (rw,relatime,errors=remount-ro,user_xattr,barrier=1,data=ordered)\ntmpfs on /run/lock type tmpfs (rw,nosuid,nodev,noexec,relatime,size=5120k)\ntmpfs on /run/shm type tmpfs (rw,nosuid,nodev,noexec,relatime,size=595960k)\nrpc_pipefs on /var/lib/nfs/rpc_pipefs type rpc_pipefs (rw,relatime)\n\n\n\u30d1\u30fc\u30c6\u30a3\u30b7\u30e7\u30f3\u3092\u78ba\u8a8d\u3059\u308b\n\u3053\u308c\u307e\u3067\u306e\u4e0a\u8a18\u30b3\u30de\u30f3\u30c9\u3067\u3001 \u30c7\u30a3\u30b9\u30af\u306f /dev/vda \u3068\u4e88\u60f3\u3067\u304d\u308b\u3002 /dev/vda\u4e0a\u306b\u4f5c\u3089\u308c\u305f1\u304c/\u30012\u304cswap\u3067\u3001\u307e\u3060\u7a7a\u304d\u5bb9\u91cf\u304c\u3042\u308b\u306f\u305a\u3002\n/dev/vda\u30d1\u30fc\u30c6\u30a3\u30b7\u30e7\u30f3\u4e00\u89a7\u3092\u307f\u308b\u3002\u3053\u308c\u3067\u7a7a\u304d\u5bb9\u91cf\u304c\u3042\u308b\u3053\u3068\u306f\u78ba\u8a8d\u3067\u304d\u305f\u3002\n~# fdisk -l\n\nDisk /dev/vda: 64.4 GB, 64424509440 bytes\n255 heads, 63 sectors/track, 7832 cylinders, total 125829120 sectors\nUnits = sectors of 1 * 512 = 512 bytes\nSector size (logical/physical): 512 bytes / 512 bytes\nI/O size (minimum/optimal): 512 bytes / 512 bytes\nDisk identifier: 0x000947be\n\n   Device Boot      Start         End      Blocks   Id  System\n/dev/vda1   *        2048    38035455    19016704   83  Linux\n/dev/vda2        38035456    41940991     1952768   82  Linux swap / Solaris\n\n\n\u30d1\u30fc\u30c6\u30a3\u30b7\u30e7\u30f3\u4f5c\u6210\n\nfdisk\n\u6700\u521d\u306b\u4f5c\u6210\u3092\u6307\u793a\u3059\u308c\u3070\u3001\u3042\u3068\u306f [ENTER]\u3067\u3059\u3080\u3002\n~# fdisk /dev/vda\n\nCommand (m for help): n\nPartition type:\n   p   primary (2 primary, 0 extended, 2 free)\n   e   extended\nSelect (default p): p\nPartition number (1-4, default 3):\nUsing default value 3\nFirst sector (41940992-125829119, default 41940992):\nUsing default value 41940992\nLast sector, +sectors or +size{K,M,G} (41940992-125829119, default 125829119):\nUsing default value 125829119\n\nCommand (m for help): w\nThe partition table has been altered!\n\nCalling ioctl() to re-read partition table.\n\nWARNING: Re-reading the partition table failed with error 16: Device or resource busy.\nThe kernel still uses the old table. The new table will be used at\nthe next reboot or after you run partprobe(8) or kpartx(8)\nSyncing disks.\n\n~# fdisk /dev/vda -l\n\nDisk /dev/vda: 64.4 GB, 64424509440 bytes\n16 heads, 63 sectors/track, 124830 cylinders, total 125829120 sectors\nUnits = sectors of 1 * 512 = 512 bytes\nSector size (logical/physical): 512 bytes / 512 bytes\nI/O size (minimum/optimal): 512 bytes / 512 bytes\nDisk identifier: 0x000947be\n\n   Device Boot      Start         End      Blocks   Id  System\n/dev/vda1   *        2048    38035455    19016704   83  Linux\n/dev/vda2        38035456    41940991     1952768   82  Linux swap / Solaris\n/dev/vda3        41940992   125829119    41944064   83  Linux\n\n\n\u307e\u3060\u898b\u3048\u306a\u3044\uff1f\nwarn\u901a\u308a\u3001\u518d\u8d77\u52d5\u304b\u4f55\u304b\u3092\u3057\u308d\u3068\u3002\u79c1\u306fpartprobe\u3092\u53e9\u3044\u305f\u3089\u898b\u3048\u305f\u3002format\u3057\u306a\u3044\u3068uuid\u3082\u5f97\u3089\u308c\u306a\u3044\u3089\u3057\u3044\u3002\n~# ls /dev/vda\nvda   vda1  vda2\n\n~# partprobe\n\n~# ls /dev/vda\nvda   vda1  vda2  vda3\n\n~# blkid /dev/vda3\n\n\n\nformat\n\u77ed\u3044\u30d7\u30ed\u30b8\u30a7\u30af\u30c8\u306e\u4f7f\u3044\u6368\u3066\u306e\u30d5\u30a1\u30a4\u30eb\u5171\u6709\u30a4\u30f3\u30b9\u30bf\u30f3\u30b9\u306e\u4e88\u5b9a\u306a\u306e\u3067\u7279\u306b\u6df1\u304f\u8003\u3048\u305a\u3001 ext4\u3092\u63a1\u7528\u3002uuid\u3082\u5f97\u3089\u308c\u305f\u3002\n~# mkfs.ext4 /dev/vda3\nmke2fs 1.42.5 (29-Jul-2012)\nwarning: 256 blocks unused.\n\nFilesystem label=\nOS type: Linux\nBlock size=4096 (log=2)\nFragment size=4096 (log=2)\nStride=0 blocks, Stripe width=0 blocks\n2626560 inodes, 10485760 blocks\n524300 blocks (5.00%) reserved for the super user\nFirst data block=0\nMaximum filesystem blocks=4294967296\n320 block groups\n32768 blocks per group, 32768 fragments per group\n8208 inodes per group\nSuperblock backups stored on blocks:\n    32768, 98304, 163840, 229376, 294912, 819200, 884736, 1605632, 2654208,\n    4096000, 7962624\n\nAllocating group tables: done\nWriting inode tables: done\nCreating journal (32768 blocks): done\nWriting superblocks and filesystem accounting information: done\n\n~# blkid /dev/vda3\n/dev/vda3: UUID=\"0d3035b5-7790-48ca-bdd6-b36b7f0b290d\" TYPE=\"ext4\"\n\n\nmount\nuuid\u3067\u30de\u30a6\u30f3\u30c8\u3059\u308b\u3002\u306a\u3093\u3067uuid\u304c\u3044\u308b\u306e\u304b\uff1f\u3068\u306a\u308b\u306e\u306f\u3001\u8907\u6570\u53f0HDD\u304c\u3064\u3044\u3066\u3044\u308b\u5834\u5408\u3001\u5b9f\u306f\u3069\u308c\u304c/dev/vda\u3068\u304bvdb\u3068\u304b\u306b\u306a\u308b\u304b\u4fdd\u8a3c\u3057\u3066\u304f\u308c\u306a\u3044\u306e\u3067\u3001\uff08\u7279\u306b\u30af\u30e9\u30a6\u30c9\u4e0a\u3067\u306f\u306a\u3044\u5b9f\u6a5f\u306e\u5834\u5408\u30016\u53f0\u306eHDD\u306e\u63a5\u7d9a\u3092\u9593\u9055\u3048\u308b\u306a\u3093\u3066\u3042\u308b\u3042\u308b\u3067\u3042\u308b)\u3053\u308c\u3067\u6307\u5b9a\u3059\u308b\u306e\u3067\u3042\u308b\u3002\n\u3068\u308a\u3042\u3048\u305a\u65b0Disk\u306f /home/ \u306b\u63a1\u7528\u3059\u308b\u3088\u3046\u306b\u3059\u308b\u3002 \u3066\u3044\u3046\u304b\u3082\u3046/home/<username/\u304c\u3067\u304d\u3066\u3044\u308b\u5834\u5408\u306b\u306f\u4e0a\u5857\u308a\u3055\u308c\u3066\u3057\u307e\u3046\u306e\u3067\u6ce8\u610f\u3002\u4ee5\u4e0b\u306ecat\u306f\u629c\u7c8b\n~# vi /etc/fstab\n\n~# cat /etc/fstab\n# <file system> <mount point>   <type>  <options>       <dump>  <pass>\n# / was on /dev/vda1 during installation\nUUID=dc0004a3-24d9-4825-808a-47c518fadcaa /               ext4    relatime,errors=remount-ro 0       1\nUUID=0d3035b5-7790-48ca-bdd6-b36b7f0b290d /home           ext4    relatime,errors=remount-ro 0       1\n\n/etc/fstab\u304c\u307e\u3068\u3082\u306b\u304b\u3051\u305f\u304b\u306f\u3001mount -a \u3067\u30c6\u30b9\u30c8\u3067\u304d\u308b\u3002fstab\u306f\u3057\u304f\u3058\u308b\u3068\u307b\u3093\u3068boot\u4e0d\u80fd\u306b\u306a\u3063\u305f\u308a\u3059\u308b\u306e\u3067\u6ce8\u610f\u3002 df -h \u3067 /home \u304c40G\u3042\u308b\u3053\u3068\u3092\u78ba\u8a8d\u3067\u304d\u305f\u3002\n~# mount -a\n~# df -h\nFilesystem                                              Size  Used Avail Use% Mounted on\nrootfs                                                   18G  840M   17G   5% /\nudev                                                     10M     0   10M   0% /dev\ntmpfs                                                   101M  204K  101M   1% /run\n/dev/disk/by-uuid/dc0004a3-24d9-4825-808a-47c518fadcaa   18G  840M   17G   5% /\ntmpfs                                                   5.0M     0  5.0M   0% /run/lock\ntmpfs                                                   582M     0  582M   0% /run/shm\n/dev/vda3                                                40G  176M   38G   1% /home\n\n\n\u3055\u304f\u3089\u306e\u30af\u30e9\u30a6\u30c9\u306760G\u3070\u304b\u308aHDD\u3092\u501f\u308a\u3066\u300120G\u306eOS\u30a4\u30e1\u30fc\u30b8\u304b\u3089\u30a4\u30f3\u30b9\u30bf\u30f3\u30b9\u3092\u4f5c\u6210\n\u3057\u305f\u3068\u3053\u308d\u3001\u30c7\u30a3\u30b9\u30af\u304c20G\u3057\u304b\u4f7f\u308f\u308c\u3066\u306a\u3044\u3002\n\n\u30c7\u30a3\u30b9\u30af\u3092\u78ba\u4fdd\u3057\u3066\u4f7f\u3046\u65b9\u6cd5\u306e\u4f8b\u3092\u793a\u3059\u3002\n\n# \u74b0\u5883\n\n\u524d\u8ff0\u3069\u304a\u308a\u300160G\u304b\u308a\u3066\u300120G\u306eOS\u30a4\u30e1\u30fc\u30b8\u304b\u3089\u30a4\u30f3\u30b9\u30bf\u30f3\u30b9\u4f5c\u6210\u3002OS\u306fDebian7\u3002\n\n```\n~# cat /etc/issue\nDebian GNU/Linux 7 \\n \\l\n```\n\n\n# \u8abf\u3079\u65b9\n\n## \u7a7a\u304d\u5bb9\u91cf\n\n\u307e\u305a\u306f\u3001\u30c7\u30a3\u30b9\u30af\u7a7a\u304d\u5bb9\u91cf\u30c1\u30a7\u30c3\u30af\u30b3\u30de\u30f3\u30c9\u304b\u3089\u3002 / \u306b\u30de\u30a6\u30f3\u30c8\u3055\u308c\u3066\u3044\u308b\u30c7\u30d0\u30a4\u30b9\u3068\u3001\u5bb9\u91cf\u304c\u308f\u304b\u308b\u300260G\u501f\u308a\u305f\u306e\u306b\u3001 / \u306f 17G\u3057\u304b\u306a\u3044\u3068\u308f\u304b\u308b\u3002\n\n``` shell-session\n# df -h\nFilesystem                                              Size  Used Avail Use% Mounted on\nrootfs                                                   18G  840M   17G   5% /\nudev                                                     10M     0   10M   0% /dev\ntmpfs                                                   101M  200K  101M   1% /run\n/dev/disk/by-uuid/dc0004a3-24d9-4825-808a-47c518fadcaa   18G  840M   17G   5% /\ntmpfs                                                   5.0M     0  5.0M   0% /run/lock\ntmpfs                                                   582M     0  582M   0% /run/shm\n```\n\n## uuid\u306b\u3088\u308bDisk\n\n\u3055\u3063\u304d\u306e\u30b3\u30de\u30f3\u30c9\u3067 / \u306b\u30de\u30a6\u30f3\u30c8\u3055\u308c\u3066\u3044\u308b\u306e\u306f `/dev/disk/by-uuid/dc0004a3-24d9-4825-808a-47c518fadcaa` \u3089\u3057\u3044\u3002\u3053\u308c\u306f\u5b9f\u969b\u306e\u30c7\u30d0\u30a4\u30b9\u306e symbolic link \u306a\u306e\u3067\u3001\u305d\u306e\u30c7\u30a3\u30ec\u30af\u30c8\u30ea\u3092 `ls -l` \u3059\u308c\u3070\u308f\u304b\u308b\u3002\n\n``` shell-session\n~# ls -l /dev/disk/by-uuid/\ntotal 0\nlrwxrwxrwx 1 root root 10 Feb  5 01:11 dc0004a3-24d9-4825-808a-47c518fadcaa -> ../../vda1\nlrwxrwxrwx 1 root root 10 Feb  5 01:11 fc9d3c6a-709f-499b-95f4-dd533f1a95c7 -> ../../vda2\n```\n\n## \u30de\u30a6\u30f3\u30c8\u65b9\u5f0f\u3092\u8abf\u3079\u308b\n\n\u30de\u30a6\u30f3\u30c8\u72b6\u6cc1\u306f `mount` \u3067\u3002\u305d\u3057\u3066\u3001Linux\u304c\u8d77\u52d5\u3057\u305f\u3068\u304d\u3001\u81ea\u52d5\u7684\u306b\u3069\u3053\u306b\u3069\u306e\u30c7\u30a3\u30b9\u30af\u3092\u30de\u30a6\u30f3\u30c8\u3059\u308b\u306e\u304b\u306f\u3001 `/etc/fstab`\u3092\u307f\u308c\u3070\u308f\u304b\u308b\u3002\n\n\n``` shell-session\n~# cat /etc/fstab\n# <file system> <mount point>   <type>  <options>       <dump>  <pass>\n# / was on /dev/vda1 during installation\nUUID=dc0004a3-24d9-4825-808a-47c518fadcaa /               ext4    relatime,errors=remount-ro 0       1\n# swap was on /dev/vda2 during installation\nUUID=fc9d3c6a-709f-499b-95f4-dd533f1a95c7 none            swap    sw              0       0\n```\n\n``` shell-session\n~# mount\nsysfs on /sys type sysfs (rw,nosuid,nodev,noexec,relatime)\nproc on /proc type proc (rw,nosuid,nodev,noexec,relatime)\nudev on /dev type devtmpfs (rw,relatime,size=10240k,nr_inodes=126895,mode=755)\ndevpts on /dev/pts type devpts (rw,nosuid,noexec,relatime,gid=5,mode=620,ptmxmode=000)\ntmpfs on /run type tmpfs (rw,nosuid,noexec,relatime,size=102708k,mode=755)\n/dev/disk/by-uuid/dc0004a3-24d9-4825-808a-47c518fadcaa on / type ext4 (rw,relatime,errors=remount-ro,user_xattr,barrier=1,data=ordered)\ntmpfs on /run/lock type tmpfs (rw,nosuid,nodev,noexec,relatime,size=5120k)\ntmpfs on /run/shm type tmpfs (rw,nosuid,nodev,noexec,relatime,size=595960k)\nrpc_pipefs on /var/lib/nfs/rpc_pipefs type rpc_pipefs (rw,relatime)\n```\n\n## \u30d1\u30fc\u30c6\u30a3\u30b7\u30e7\u30f3\u3092\u78ba\u8a8d\u3059\u308b\n\n\u3053\u308c\u307e\u3067\u306e\u4e0a\u8a18\u30b3\u30de\u30f3\u30c9\u3067\u3001 \u30c7\u30a3\u30b9\u30af\u306f `/dev/vda` \u3068\u4e88\u60f3\u3067\u304d\u308b\u3002 /dev/vda\u4e0a\u306b\u4f5c\u3089\u308c\u305f1\u304c/\u30012\u304cswap\u3067\u3001\u307e\u3060\u7a7a\u304d\u5bb9\u91cf\u304c\u3042\u308b\u306f\u305a\u3002\n\n`/dev/vda`\u30d1\u30fc\u30c6\u30a3\u30b7\u30e7\u30f3\u4e00\u89a7\u3092\u307f\u308b\u3002\u3053\u308c\u3067\u7a7a\u304d\u5bb9\u91cf\u304c\u3042\u308b\u3053\u3068\u306f\u78ba\u8a8d\u3067\u304d\u305f\u3002\n\n``` shell-session\n~# fdisk -l\n\nDisk /dev/vda: 64.4 GB, 64424509440 bytes\n255 heads, 63 sectors/track, 7832 cylinders, total 125829120 sectors\nUnits = sectors of 1 * 512 = 512 bytes\nSector size (logical/physical): 512 bytes / 512 bytes\nI/O size (minimum/optimal): 512 bytes / 512 bytes\nDisk identifier: 0x000947be\n\n   Device Boot      Start         End      Blocks   Id  System\n/dev/vda1   *        2048    38035455    19016704   83  Linux\n/dev/vda2        38035456    41940991     1952768   82  Linux swap / Solaris\n```\n\n# \u30d1\u30fc\u30c6\u30a3\u30b7\u30e7\u30f3\u4f5c\u6210\n\n## fdisk\n\n\u6700\u521d\u306b\u4f5c\u6210\u3092\u6307\u793a\u3059\u308c\u3070\u3001\u3042\u3068\u306f [ENTER]\u3067\u3059\u3080\u3002\n\n``` shell-session\n~# fdisk /dev/vda\n\nCommand (m for help): n\nPartition type:\n   p   primary (2 primary, 0 extended, 2 free)\n   e   extended\nSelect (default p): p\nPartition number (1-4, default 3):\nUsing default value 3\nFirst sector (41940992-125829119, default 41940992):\nUsing default value 41940992\nLast sector, +sectors or +size{K,M,G} (41940992-125829119, default 125829119):\nUsing default value 125829119\n\nCommand (m for help): w\nThe partition table has been altered!\n\nCalling ioctl() to re-read partition table.\n\nWARNING: Re-reading the partition table failed with error 16: Device or resource busy.\nThe kernel still uses the old table. The new table will be used at\nthe next reboot or after you run partprobe(8) or kpartx(8)\nSyncing disks.\n\n~# fdisk /dev/vda -l\n\nDisk /dev/vda: 64.4 GB, 64424509440 bytes\n16 heads, 63 sectors/track, 124830 cylinders, total 125829120 sectors\nUnits = sectors of 1 * 512 = 512 bytes\nSector size (logical/physical): 512 bytes / 512 bytes\nI/O size (minimum/optimal): 512 bytes / 512 bytes\nDisk identifier: 0x000947be\n\n   Device Boot      Start         End      Blocks   Id  System\n/dev/vda1   *        2048    38035455    19016704   83  Linux\n/dev/vda2        38035456    41940991     1952768   82  Linux swap / Solaris\n/dev/vda3        41940992   125829119    41944064   83  Linux\n```\n\n## \u307e\u3060\u898b\u3048\u306a\u3044\uff1f\n\nwarn\u901a\u308a\u3001\u518d\u8d77\u52d5\u304b\u4f55\u304b\u3092\u3057\u308d\u3068\u3002\u79c1\u306fpartprobe\u3092\u53e9\u3044\u305f\u3089\u898b\u3048\u305f\u3002format\u3057\u306a\u3044\u3068uuid\u3082\u5f97\u3089\u308c\u306a\u3044\u3089\u3057\u3044\u3002\n\n``` shell-session\n~# ls /dev/vda\nvda   vda1  vda2\n\n~# partprobe\n\n~# ls /dev/vda\nvda   vda1  vda2  vda3\n\n~# blkid /dev/vda3\n\n```\n\n## format\n\n\u77ed\u3044\u30d7\u30ed\u30b8\u30a7\u30af\u30c8\u306e\u4f7f\u3044\u6368\u3066\u306e\u30d5\u30a1\u30a4\u30eb\u5171\u6709\u30a4\u30f3\u30b9\u30bf\u30f3\u30b9\u306e\u4e88\u5b9a\u306a\u306e\u3067\u7279\u306b\u6df1\u304f\u8003\u3048\u305a\u3001 ext4\u3092\u63a1\u7528\u3002uuid\u3082\u5f97\u3089\u308c\u305f\u3002\n\n``` shell-session\n~# mkfs.ext4 /dev/vda3\nmke2fs 1.42.5 (29-Jul-2012)\nwarning: 256 blocks unused.\n\nFilesystem label=\nOS type: Linux\nBlock size=4096 (log=2)\nFragment size=4096 (log=2)\nStride=0 blocks, Stripe width=0 blocks\n2626560 inodes, 10485760 blocks\n524300 blocks (5.00%) reserved for the super user\nFirst data block=0\nMaximum filesystem blocks=4294967296\n320 block groups\n32768 blocks per group, 32768 fragments per group\n8208 inodes per group\nSuperblock backups stored on blocks:\n\t32768, 98304, 163840, 229376, 294912, 819200, 884736, 1605632, 2654208,\n\t4096000, 7962624\n\nAllocating group tables: done\nWriting inode tables: done\nCreating journal (32768 blocks): done\nWriting superblocks and filesystem accounting information: done\n\n~# blkid /dev/vda3\n/dev/vda3: UUID=\"0d3035b5-7790-48ca-bdd6-b36b7f0b290d\" TYPE=\"ext4\"\n```\n\n## mount\n\nuuid\u3067\u30de\u30a6\u30f3\u30c8\u3059\u308b\u3002\u306a\u3093\u3067uuid\u304c\u3044\u308b\u306e\u304b\uff1f\u3068\u306a\u308b\u306e\u306f\u3001\u8907\u6570\u53f0HDD\u304c\u3064\u3044\u3066\u3044\u308b\u5834\u5408\u3001\u5b9f\u306f\u3069\u308c\u304c/dev/vda\u3068\u304bvdb\u3068\u304b\u306b\u306a\u308b\u304b\u4fdd\u8a3c\u3057\u3066\u304f\u308c\u306a\u3044\u306e\u3067\u3001\uff08\u7279\u306b\u30af\u30e9\u30a6\u30c9\u4e0a\u3067\u306f\u306a\u3044\u5b9f\u6a5f\u306e\u5834\u5408\u30016\u53f0\u306eHDD\u306e\u63a5\u7d9a\u3092\u9593\u9055\u3048\u308b\u306a\u3093\u3066\u3042\u308b\u3042\u308b\u3067\u3042\u308b)\u3053\u308c\u3067\u6307\u5b9a\u3059\u308b\u306e\u3067\u3042\u308b\u3002\n\n\u3068\u308a\u3042\u3048\u305a\u65b0Disk\u306f /home/ \u306b\u63a1\u7528\u3059\u308b\u3088\u3046\u306b\u3059\u308b\u3002 **\u3066\u3044\u3046\u304b\u3082\u3046/home/<username/\u304c\u3067\u304d\u3066\u3044\u308b\u5834\u5408\u306b\u306f\u4e0a\u5857\u308a\u3055\u308c\u3066\u3057\u307e\u3046\u306e\u3067\u6ce8\u610f**\u3002\u4ee5\u4e0b\u306e`cat`\u306f\u629c\u7c8b\n\n``` shell-session\n~# vi /etc/fstab\n\n~# cat /etc/fstab\n# <file system> <mount point>   <type>  <options>       <dump>  <pass>\n# / was on /dev/vda1 during installation\nUUID=dc0004a3-24d9-4825-808a-47c518fadcaa /               ext4    relatime,errors=remount-ro 0       1\nUUID=0d3035b5-7790-48ca-bdd6-b36b7f0b290d /home           ext4    relatime,errors=remount-ro 0       1\n```\n\n`/etc/fstab`\u304c\u307e\u3068\u3082\u306b\u304b\u3051\u305f\u304b\u306f\u3001`mount -a` \u3067\u30c6\u30b9\u30c8\u3067\u304d\u308b\u3002fstab\u306f\u3057\u304f\u3058\u308b\u3068\u307b\u3093\u3068boot\u4e0d\u80fd\u306b\u306a\u3063\u305f\u308a\u3059\u308b\u306e\u3067\u6ce8\u610f\u3002 `df -h` \u3067 `/home` \u304c40G\u3042\u308b\u3053\u3068\u3092\u78ba\u8a8d\u3067\u304d\u305f\u3002\n\n``` shell-session\n~# mount -a\n~# df -h\nFilesystem                                              Size  Used Avail Use% Mounted on\nrootfs                                                   18G  840M   17G   5% /\nudev                                                     10M     0   10M   0% /dev\ntmpfs                                                   101M  204K  101M   1% /run\n/dev/disk/by-uuid/dc0004a3-24d9-4825-808a-47c518fadcaa   18G  840M   17G   5% /\ntmpfs                                                   5.0M     0  5.0M   0% /run/lock\ntmpfs                                                   582M     0  582M   0% /run/shm\n/dev/vda3                                                40G  176M   38G   1% /home\n```\n\n", "tags": ["Debian7", "\u3055\u304f\u3089\u306e\u30af\u30e9\u30a6\u30c9", "Linux"]}