{"context": "\n\n\u6982\u8981\nWindows\u74b0\u5883\u306b\u3066\u3001Java\u30d7\u30ed\u30b8\u30a7\u30af\u30c8\u3092AWS CodeCommit\u306e\u30ea\u30dd\u30b8\u30c8\u30ea\u3067\u7ba1\u7406\u3059\u308b\u65b9\u6cd5\u3067\u3059\u3002\nAWS CodeCommit\u306e\u6e96\u5099\u3084ssh\u3067\u306e\u63a5\u7d9a\u65b9\u6cd5\u306f\u3001AWS\u306eSetting Up for AWS CodeCommit\u30da\u30fc\u30b8\u306b\u3042\u308bFor SSH Connections on Windows\u306e\u901a\u308a\u306b\u9032\u3081\u307e\u3057\u305f\u3002\n\u8a18\u4e8b\u7de8\u96c6\u4e2d\u306b\u8aa4\u3063\u3066\u30aa\u30ea\u30b8\u30ca\u30eb\u306e\u8a18\u4e8b\u3092\u524a\u9664\u3057\u3066\u3057\u307e\u3044\u307e\u3057\u305f\u3002stock\u3057\u3066\u9802\u3044\u305f\u65b9\u3001\u7533\u3057\u8a33\u3042\u308a\u307e\u305b\u3093\u3002\u3053\u306e\u8a18\u4e8b\u306f\u30d0\u30c3\u30af\u30a2\u30c3\u30d7\u304b\u3089\u518d\u5ea6\u6295\u7a3f\u3057\u305f\u3082\u306e\u306b\u306a\u308a\u307e\u3059\u3002\n\u74b0\u5883\n\nWindows10\nPuTTY 0.67 (\u4e00\u5f0f)\nGit for Windows 2.9.0\n\n\u4f5c\u696d\u624b\u9806\n\nWindows\u306bGit\u3084SSH\u30af\u30e9\u30a4\u30a2\u30f3\u30c8\u306a\u3069\u3092\u30a4\u30f3\u30b9\u30c8\u30fc\u30eb\u3057\u307e\u3059\nWindows\u5074\u3067CodeCommit\u306e\u30ea\u30dd\u30b8\u30c8\u30ea\u306b\u30a2\u30af\u30bb\u30b9\u3059\u308b\u305f\u3081\u306essh\u8a8d\u8a3c\u9375\u3092\u4f5c\u6210\u3057\u307e\u3059\nAWS\u5074\u3067CodeCommit\u306e\u30ea\u30dd\u30b8\u30c8\u30ea\u306b\u30a2\u30af\u30bb\u30b9\u3067\u304d\u308bIAM\u30e6\u30fc\u30b6\u30fc\u3092\u767b\u9332\u3057\u307e\u3059\nPuTTY\u3092\u4f7f\u3063\u3066ssh\u3067\u63a5\u7d9a\u3067\u304d\u308b\u304b\u78ba\u8a8d\u3057\u307e\u3059\nAWS CodeCommit\u306b\u30ea\u30dd\u30b8\u30c8\u30ea\u3092\u4f5c\u6210\u3057\u307e\u3059\nWindows\u5074\u3067\u30ea\u30dd\u30b8\u30c8\u30ea\u3067\u7ba1\u7406\u3059\u308b\u30d7\u30ed\u30b8\u30a7\u30af\u30c8\u3092\u4f5c\u6210\u3057\u307e\u3059\n\u4f5c\u6210\u3057\u305f\u30d7\u30ed\u30b8\u30a7\u30af\u30c8\u3092Git\u5316\u3057\u307e\u3059\nGit\u5316(=\u30ed\u30fc\u30ab\u30eb\u30ea\u30dd\u30b8\u30c8\u30ea)\u3057\u305f\u30d7\u30ed\u30b8\u30a7\u30af\u30c8\u3092\u30ea\u30e2\u30fc\u30c8\u30ea\u30dd\u30b8\u30c8\u30ea(=CodeCommit)\u3078push\u3057\u307e\u3059\n\u30ed\u30fc\u30ab\u30eb\u30ea\u30dd\u30b8\u30c8\u30ea\u3092eclipse\u306b\u53d6\u308a\u8fbc\u307f\u307e\u3059\neclipse\u304b\u3089\u4fee\u6b63\u3057\u305f\u30b3\u30fc\u30c9\u3092commit\u3001push\u3057\u307e\u3059\n\n\n\u6e96\u5099\n\nGit for Windows\u306e\u30a4\u30f3\u30b9\u30c8\u30fc\u30eb\nGit Client\u3068\u3057\u3066Git for Windows\u3092\u4f7f\u7528\u3057\u307e\u3059\u3002\nGit for Windows\u3088\u308a\u30a4\u30f3\u30b9\u30c8\u30fc\u30e9\u30fc\u3092\u5165\u624b\u3057\u3066\u30a4\u30f3\u30b9\u30c8\u30fc\u30eb\u3092\u884c\u3044\u307e\u3059\u3002\n$ git --version\ngit version 2.9.0.windows.1\n\n\u30a4\u30f3\u30b9\u30c8\u30fc\u30eb\u304c\u7d42\u308f\u3063\u305f\u3089\u3001Git bash\u3092\u5b9f\u884c\u3057\u3066\u4e0b\u8a18\u306e\u521d\u671f\u8a2d\u5b9a\u3092\u884c\u3044\u307e\u3059\u3002\n$ git config --global user.name \"rubytomato\"\n$ git config --global user.email rubytomato@example.com\n$ git config --global core.autoCRLF false\n\n\nPuTTY\u306e\u30a4\u30f3\u30b9\u30c8\u30fc\u30eb\n\u30ea\u30dd\u30b8\u30c8\u30ea\u3078\u306fssh\u3067\u63a5\u7d9a\u3059\u308b\u306e\u3067SSH\u30af\u30e9\u30a4\u30a2\u30f3\u30c8\u3092\u30a4\u30f3\u30b9\u30c8\u30fc\u30eb\u3057\u307e\u3059\u3002\u4eca\u56de\u306fPuTTY\u3092\u4f7f\u7528\u3059\u308b\u306e\u3067PuTTY\u3088\u308aWindows\u7528\u306e\u30a2\u30fc\u30ab\u30a4\u30d6\u30d5\u30a1\u30a4\u30eb\u3092\u30c0\u30a6\u30f3\u30ed\u30fc\u30c9\u3057\u9069\u5f53\u306a\u5834\u6240\u3078\u5c55\u958b\u3057\u307e\u3059\u3002\nPUTTY_HOME\u3068\u3044\u3046\u540d\u524d\u306e\u74b0\u5883\u5909\u6570\u306b\u305d\u306e\u30c7\u30a3\u30ec\u30af\u30c8\u30ea\u3092\u767b\u9332\u3057\u307e\u3059\u3002\uff08\u5fc5\u9808\u3067\u306f\u306a\u3044\u3067\u3059\uff09\n\n\u4f8b\nPUTTY_HOME : %HOME%\\dev\\putty\n\n\n\u6b21\u306bGit_SSH\u3068\u3044\u3046\u74b0\u5883\u5909\u6570\u306bplink.exe\u3078\u306e\u7d76\u5bfe\u30d1\u30b9\u3092\u767b\u9332\u3057\u307e\u3059\u3002\uff08\u5fc5\u8981\u3067\u3059\uff09\n\n\u4f8b\nGit_SSH : %PUTTY_HOME%\\plink.exe\n\n\n\nplink.exe\u306fPuTTY\u306b\u540c\u68b1\u3055\u308c\u3066\u3044\u308bssh\u30b3\u30de\u30f3\u30c9\u306eWindows\u7248\u3067\u3059\u3002\n\n\nPUTTYGEN\u3067\u79d8\u5bc6\u9375\u3092\u4f5c\u6210\u3057\u307e\u3059\nPUTTYGET.EXE\u3092\u8d77\u52d5\u30572048bit\u306eSSH-2 RSA\u3067\u79d8\u5bc6\u9375\u3092\u4f5c\u6210\u3057\u307e\u3059\u3002\uff08\u30d1\u30b9\u30d5\u30ec\u30fc\u30ba\u306f\u8a2d\u5b9a\u3057\u307e\u305b\u3093\u3067\u3057\u305f\u3002\uff09\n\u753b\u9762\u4e0a\u306b\u8868\u793a\u3055\u308c\u3066\u3044\u308b\u516c\u958b\u9375\u306f\u3001\u3042\u3068\u3067AWS\u306eIAM\u30e6\u30fc\u30b6\u30fc\u306eSSH\u516c\u958b\u30ad\u30fc\u3068\u3057\u3066\u4f7f\u7528\u3057\u307e\u3059\u3002\n\n\nregistry\u306e\u767b\u9332\n\u9069\u5f53\u306a\u540d\u524d\u306ereg\u30d5\u30a1\u30a4\u30eb\u3092\u4f5c\u6210\u3057\u4e0b\u8a18\u306e\u5185\u5bb9\u3092\u8cbc\u308a\u4ed8\u3051\u3066\u4fdd\u5b58\u3057\u307e\u3059\u3002\uff08\u60c5\u5831\u304c\u66f4\u65b0\u3055\u308c\u3066\u3044\u308b\u304b\u3082\u3057\u308c\u307e\u305b\u3093\u306e\u3067\u3001\u5fc5\u305aAWS\u306eSetup Steps for SSH Connections to AWS CodeCommit Repositories on Windows\u3092\u78ba\u8a8d\u3057\u3066\u304f\u3060\u3055\u3044\u3002\uff09\nreg\u30d5\u30a1\u30a4\u30eb\u3092\u30c0\u30d6\u30eb\u30af\u30ea\u30c3\u30af\u3059\u308b\u3068registry\u306b\u4fdd\u5b58\u3059\u308b\u304b\u5c0b\u306d\u3089\u308c\u308b\u306e\u3067\u300c\u306f\u3044\u300d\u3067\u7d9a\u3051\u307e\u3059\u3002\n\nreg\nWindows Registry Editor Version 5.00\n  [HKEY_CURRENT_USER\\Software\\SimonTatham\\PuTTY\\SshHostKeys]\n  \"rsa2@22:git-codecommit.us-east-1.amazonaws.com\"=\"AAAAB3NzaC1yc2EAAAADAQABAAABAQCdut7aOM5Zh16OJ+GOP75O7x5oyHKAiA1ieuySetj/hAq4VrAuZV5R2TypZJcKBaripOtTc/Sr0FOU4YvxUla40PPH8N1lbDp6Pnc4BexKsrt2kz++TqIKx5FHmUQV3mit16kxRwHey3dv030+qXBDo3WPQjm2+JLoq0XcadpnCAMCd3ChaBnDRM+51GZbuEFilpZsxUchUzl0gseC+shYOBd7TqxTlIhj/56d/YF1kq7RMZYrwBnyYdVhpLeUJCeYjyx/O6FPSezNTLiinz5jjioWZATgn+G8feL/hIsk8g+7JoIcb2muUlymdxs+8l2lS+8MXqT0q9ohT+Knhb2j\"\n\n\n\nCodeCommit\u306b\u30a2\u30af\u30bb\u30b9\u3067\u304d\u308bIAM\u306e\u4f5c\u6210\nAWS CONSOLE\u306eIAM\u30c0\u30c3\u30b7\u30e5\u30dc\u30fc\u30c9\u3092\u958b\u304d\u3001CodeCommit\u306e\u30a2\u30af\u30bb\u30b9\u6a29\u9650\u3092\u6301\u3064\u30e6\u30fc\u30b6\u30fc\u3092\u767b\u9332\u3057\u307e\u3059\u3002\n\u300c\u30a2\u30af\u30bb\u30b9\u8a31\u53ef\u300d\u30bf\u30d6\u306e\u7ba1\u7406\u30dd\u30ea\u30b7\u30fc\u304b\u3089\u300c\u30dd\u30ea\u30b7\u30fc\u306e\u30a2\u30bf\u30c3\u30c1\u300d\u30dc\u30bf\u30f3\u3092\u30af\u30ea\u30c3\u30af\u3057\u3001\u300cAWSCodeCommitFullAccess\u300d\u3092\u30a2\u30bf\u30c3\u30c1\u3057\u307e\u3059\u3002\n\n\n\u6b21\u306b\u300c\u8a8d\u8a3c\u60c5\u5831\u300d\u30bf\u30d6\u306eAWS CodeCommit\u306eSSH\u30ad\u30fc\u304b\u3089\u300cSSH\u516c\u958b\u30ad\u30fc\u306e\u30a2\u30c3\u30d7\u30ed\u30fc\u30c9\u300d\u30dc\u30bf\u30f3\u3092\u30af\u30ea\u30c3\u30af\u3057\u3001\u5148\u307b\u3069\u4f5c\u6210\u3057\u305f\u516c\u958b\u9375\u3092\u8cbc\u308a\u4ed8\u3051\u307e\u3059\u3002\n\n\nSSH\u516c\u958b\u30ad\u30fc\u304c\u767b\u9332\u3055\u308c\u308b\u3068SSH\u30ad\u30fcID\u304c\u767a\u884c\u3055\u308c\u307e\u3059\u3002\u3053\u306eSSH\u30ad\u30fcID\u304cWindows\u304b\u3089ssh\u3092\u4f7f\u3063\u3066\u30ea\u30dd\u30b8\u30c8\u30ea\u3078\u30a2\u30af\u30bb\u30b9\u3059\u308b\u969b\u306e\u30e6\u30fc\u30b6\u30fc\u540d\u306b\u306a\u308a\u307e\u3059\u3002\n\n\n\u63a5\u7d9a\u78ba\u8a8d\n\npagent.exe\npagent.exe\u3092\u8d77\u52d5\u3057\u3001\u4e0a\u8a18\u3067\u4f5c\u6210\u3057\u305f\u79d8\u5bc6\u9375\u3092\u767b\u9332\u3057\u307e\u3059\u3002\n(pagent.exe\u306fPuTTY\u306b\u540c\u68b1\u3055\u308c\u3066\u3044\u308b\u8a8d\u8a3c\u30a8\u30fc\u30b8\u30a7\u30f3\u30c8\u30d7\u30ed\u30b0\u30e9\u30e0\u3067\u3059\u3002)\n\n\u767b\u9332\u3057\u305f\u3089close\u30dc\u30bf\u30f3\u3092\u62bc\u3057\u3066\u753b\u9762\u3092\u9589\u3058\u307e\u3059\u3002(pagent\u81ea\u4f53\u306f\u30d0\u30c3\u30af\u30b0\u30e9\u30a6\u30f3\u30c9\u3067\u5b9f\u884c\u3057\u7d9a\u3051\u307e\u3059\u3002)\n\n\nplink.exe\u3067\u63a5\u7d9a\u30c6\u30b9\u30c8\n\u30b3\u30de\u30f3\u30c9\u30d7\u30ed\u30f3\u30d7\u30c8\u3092\u958b\u304d\u6b21\u306e\u30b3\u30de\u30f3\u30c9\u3092\u5b9f\u884c\u3057\u3066\u3001\u3053\u306e\u30e1\u30c3\u30bb\u30fc\u30b8\u304c\u8868\u793a\u3055\u308c\u308b\u3053\u3068\u3092\u78ba\u8a8d\u3057\u307e\u3059\u3002\n<SSH\u30ad\u30fcID>\u306b\u306f\u3001IAM\u306b\u5272\u308a\u5f53\u3066\u3089\u308c\u3066\u3044\u308bSSH\u30ad\u30fcID\u3092\u6307\u5b9a\u3057\u307e\u3059\u3002\n> plink.exe -ssh <SSH\u30ad\u30fcID>@git-codecommit.us-east-1.amazonaws.com\nUsing username \"<SSH\u30ad\u30fcID>\".\nYou have successfully authenticated over SSH. You can use Git to interact with AWS CodeCommit. Interactive shells are not supported.FATAL ERROR: Server unexpectedly closed network\nconnection\n\n\nCodeCommit\u306b\u30ea\u30dd\u30b8\u30c8\u30ea\u3092\u4f5c\u6210\nCodeCommit\u306e\u30c0\u30c3\u30b7\u30e5\u30dc\u30fc\u30c9\u3088\u308a\u30ea\u30dd\u30b8\u30c8\u30ea\u3092\u4f5c\u6210\u3057\u307e\u3059\u3002\nCodeCommit\u304c\u5229\u7528\u3067\u304d\u308b\u30ea\u30fc\u30b8\u30e7\u30f3\u306f\"\u7c73\u56fd\u6771\u90e8\uff08\u30d0\u30fc\u30b8\u30cb\u30a2\u5317\u90e8\uff09\"\u306b\u306a\u308a\u307e\u3059\u3002\n\n\u30ea\u30dd\u30b8\u30c8\u30ea\u306e\u540d\u524d\u306fmy_repo_demo\u3068\u3057\u307e\u3057\u305f\u3002\n\n\u30ea\u30dd\u30b8\u30c8\u30ea\u306e\u540d\u524d\u3092\u30af\u30ea\u30c3\u30af\u3059\u308b\u3068\u30b3\u30fc\u30c9\u306e\u78ba\u8a8d\u3084\u8a2d\u5b9a\u304c\u884c\u3048\u307e\u3059\u3002\n\nCode\n\nSettings\nDefault branch\u306e\u6b04\u304c\u7a7a\u6b04\u306b\u306a\u3063\u3066\u3044\u307e\u3059\u304c\u3001\u4f5c\u6210\u3057\u305f\u3070\u304b\u308a\u306e\u30ea\u30dd\u30b8\u30c8\u30ea\u306b\u306fmaster\u3092\u542b\u30811\u3064\u3082\u30d6\u30e9\u30f3\u30c1\u306f\u3042\u308a\u307e\u305b\u3093\u3002\n\nClone URL\u3088\u308aSSH\u306eURL\u3092\u30b3\u30d4\u30fc\u3057\u307e\u3059\u3002\n\n\n\u30ea\u30dd\u30b8\u30c8\u30ea\u3067\u7ba1\u7406\u3059\u308bJava\u30d7\u30ed\u30b8\u30a7\u30af\u30c8\u3092\u4f5c\u6210\nmaven\u3067Java\u30d7\u30ed\u30b8\u30a7\u30af\u30c8\u306e\u3072\u306a\u578b\u3092\u4f5c\u6210\u3057\u307e\u3059\u3002\n\u4eca\u56de\u306f\u3053\u308c\u3092\u305d\u306e\u307e\u307e\u30ea\u30dd\u30b8\u30c8\u30ea\u3078push\u3057\u307e\u3059\u3002\n> mvn archetype:generate -DgroupId=com.example.myrepodemo -DartifactId=my_repo_demo -DarchetypeArtifactId=maven-archetype-quickstart -DinteractiveMode=false\n\n> cd my_repo_demo\n> mvn eclipse:eclipse\n\n\n.gitignore\u30d5\u30a1\u30a4\u30eb\u3092\u4f5c\u6210\n\u30d7\u30ed\u30b8\u30a7\u30af\u30c8\u5185\u306b.gitignore\u30d5\u30a1\u30a4\u30eb\u3092\u4f5c\u6210\u3057\u3066\u304a\u304d\u307e\u3059\u3002\n\u3068\u308a\u3042\u3048\u305a\u4e0b\u8a18\u306e\u5185\u5bb9\u3067\u4f5c\u6210\u3057\u307e\u3057\u305f\u3002\n\ngitignore\n/target/\n/.classpath\n/.project\n/.settings/\n\n\n\ngit\u5316\n\u3053\u306e\u30d7\u30ed\u30b8\u30a7\u30af\u30c8\u306e\u30c7\u30a3\u30ec\u30af\u30c8\u30eaGit Bash\u3067\u958b\u304d\u4ee5\u4e0b\u306e\u30b3\u30de\u30f3\u30c9\u3092\u5b9f\u884c\u3057\u3066git\u5316\u3057\u307e\u3059\u3002\n$ git init\nInitialized empty Git repository in D:/dev/eclipse-jee-mars-1-workspace/my_repo_demo/.git/\n\n$ git status\nOn branch master\n\nInitial commit\n\nUntracked files:\n  (use \"git add <file>...\" to include in what will be committed)\n\n        .gitignore\n        pom.xml\n        src/\n\nnothing added to commit but untracked files present (use \"git add\" to track)\n\n$ git add .\n\n$ git commit -m \"first commit\"\n[master (root-commit) 0dc1248] first commit\n 4 files changed, 173 insertions(+)\n create mode 100644 .gitignore\n create mode 100644 pom.xml\n create mode 100644 src/main/java/com/example/myrepodemo/App.java\n create mode 100644 src/test/java/com/example/myrepodemo/AppTest.java\n\n\u30ea\u30e2\u30fc\u30c8\u30ea\u30dd\u30b8\u30c8\u30ea\u3092\u78ba\u8a8d\u3057\u307e\u3059\n\u30ea\u30e2\u30fc\u30c8\u30ea\u30dd\u30b8\u30c8\u30ea\u306f\u307e\u3060\u3042\u308a\u307e\u305b\u3093\u3002\n$ git remote -v\n\n\n\u30ea\u30e2\u30fc\u30c8\u30ea\u30dd\u30b8\u30c8\u30ea\u3092\u4f5c\u6210\u3057\u307e\u3059\u3002\n$ git remote add origin ssh://<SSH\u30ad\u30fcID>@git-codecommit.us-east-1.amazonaws.com/v1/repos/my_repo_demo\n\n\n\u69cb\u6587\ngit remote add <name> <url>\n\n\n\nname : \u30ea\u30e2\u30fc\u30c8\u30ea\u30dd\u30b8\u30c8\u30ea\u306e\u77ed\u7e2e\u30b7\u30e7\u30fc\u30c8\u30ab\u30c3\u30c8\nurl : \u30ea\u30e2\u30fc\u30c8\u30ea\u30dd\u30b8\u30c8\u30ea\u306eURL\n\n\u3082\u3046\u4e00\u5ea6\u30ea\u30e2\u30fc\u30c8\u30ea\u30dd\u30b8\u30c8\u30ea\u3092\u78ba\u8a8d\u3057\u307e\u3059\n$ git remote -v\norigin  ssh://<SSH\u30ad\u30fcID>@git-codecommit.us-east-1.amazonaws.com/v1/repos/my_repo_demo (fetch)\norigin  ssh://<SSH\u30ad\u30fcID>@git-codecommit.us-east-1.amazonaws.com/v1/repos/my_repo_demo (push)\n\n\u30ed\u30fc\u30ab\u30eb\u30ea\u30dd\u30b8\u30c8\u30ea\u306e\u5185\u5bb9\u3092\u30ea\u30e2\u30fc\u30c8\u30ea\u30dd\u30b8\u30c8\u30ea\u3078\u30d7\u30c3\u30b7\u30e5\u3057\u307e\u3059\n$ git push -u origin master\nCounting objects: 21, done.\nDelta compression using up to 8 threads.\nCompressing objects: 100% (10/10), done.\nWriting objects: 100% (21/21), 2.76 KiB | 0 bytes/s, done.\nTotal 21 (delta 0), reused 0 (delta 0)\nremote:\nTo ssh://<SSH\u30ad\u30fcID>@git-codecommit.us-east-1.amazonaws.com/v1/repos/my_repo_demo\n * [new branch]      master -> master\nBranch master set up to track remote branch master from origin.\n\n\n\u69cb\u6587\ngit push <remote> <branch>\n\n\n\nremote : \u30ea\u30e2\u30fc\u30c8\u30ea\u30dd\u30b8\u30c8\u30ea\u306e\u77ed\u7e2e\u30b7\u30e7\u30fc\u30c8\u30ab\u30c3\u30c8\u540d\nbranch : \u30ed\u30fc\u30ab\u30eb\u30ea\u30dd\u30b8\u30c8\u30ea\u306e\u30d6\u30e9\u30f3\u30c1\u540d\n\n\u30aa\u30d7\u30b7\u30e7\u30f3 -u\u306b\u3064\u3044\u3066\u306fgit push -u \u30aa\u30d7\u30b7\u30e7\u30f3\u306e\u610f\u5473\n\nAWS CodeCommit\u306e\u30c0\u30c3\u30b7\u30e5\u30dc\u30fc\u30c9\u3067\u78ba\u8a8d\n\u3053\u306e\u6642\u70b9\u3067\u30d7\u30ed\u30b8\u30a7\u30af\u30c8\u306e\u30bd\u30fc\u30b9\u30b3\u30fc\u30c9\u304c\u30c0\u30c3\u30b7\u30e5\u30dc\u30fc\u30c9\u3067\u78ba\u8a8d\u3067\u304d\u308b\u3088\u3046\u306b\u306a\u3063\u3066\u3044\u307e\u3059\u3002\n\n\neclipse\u306b\u30d7\u30ed\u30b8\u30a7\u30af\u30c8\u3092\u30a4\u30f3\u30dd\u30fc\u30c8\u3059\u308b\neclipse\u3092\u7acb\u3061\u4e0a\u3052\u3001\"Add an existing local Git Repository to this view\"\u3092\u30af\u30ea\u30c3\u30af\u3057\u30ed\u30fc\u30ab\u30eb\u30ea\u30dd\u30b8\u30c8\u30ea\u3092\u30a4\u30f3\u30dd\u30fc\u30c8\u3057\u307e\u3059\u3002\n\u306a\u304aeclipse\u304b\u3089\u63a5\u7d9a\u3059\u308b\u969b\u306b\u3082\u3001pagent\u304c\u8d77\u52d5\u3057\u3066\u3044\u308b\u5fc5\u8981\u304c\u3042\u308a\u307e\u3059\u3002\n\n\u4e0a\u8a18\u3067\u4f5c\u6210\u3057\u305f\u30ed\u30fc\u30ab\u30eb\u30ea\u30dd\u30b8\u30c8\u30ea\u306e\u5834\u6240\u3092\u6307\u5b9a\u3057\u307e\u3059\u3002\n\n\u30a4\u30f3\u30dd\u30fc\u30c8\u76f4\u5f8c\u306e\u72b6\u614b\u3067\u3059\u3002\n\n\neclipse\u304b\u3089\u30d5\u30a1\u30a4\u30eb\u3092\u66f4\u65b0\u3059\u308b\n\u4f8b\u3068\u3057\u3066\u30d7\u30ed\u30b8\u30a7\u30af\u30c8\u306bREADME.MD\u30d5\u30a1\u30a4\u30eb\u3092\u8ffd\u52a0\u3057\u307e\u3057\u305f\u3002\n\"Add to Index\"\u3001\"Commit\"\u5f8c\u306b\"Push to Upstream\"\u3067CodeCommit\u306e\u30ea\u30dd\u30b8\u30c8\u30ea\u3078\u30b3\u30df\u30c3\u30c8\u3092push\u3057\u307e\u3059\u3002\n\n\n## \u6982\u8981\n\nWindows\u74b0\u5883\u306b\u3066\u3001Java\u30d7\u30ed\u30b8\u30a7\u30af\u30c8\u3092AWS CodeCommit\u306e\u30ea\u30dd\u30b8\u30c8\u30ea\u3067\u7ba1\u7406\u3059\u308b\u65b9\u6cd5\u3067\u3059\u3002\nAWS CodeCommit\u306e\u6e96\u5099\u3084ssh\u3067\u306e\u63a5\u7d9a\u65b9\u6cd5\u306f\u3001AWS\u306e[Setting Up for AWS CodeCommit]  (http://docs.aws.amazon.com/ja_jp/codecommit/latest/userguide/setting-up.html)\u30da\u30fc\u30b8\u306b\u3042\u308b*For SSH Connections on Windows*\u306e\u901a\u308a\u306b\u9032\u3081\u307e\u3057\u305f\u3002\n\n**\u8a18\u4e8b\u7de8\u96c6\u4e2d\u306b\u8aa4\u3063\u3066\u30aa\u30ea\u30b8\u30ca\u30eb\u306e\u8a18\u4e8b\u3092\u524a\u9664\u3057\u3066\u3057\u307e\u3044\u307e\u3057\u305f\u3002stock\u3057\u3066\u9802\u3044\u305f\u65b9\u3001\u7533\u3057\u8a33\u3042\u308a\u307e\u305b\u3093\u3002\u3053\u306e\u8a18\u4e8b\u306f\u30d0\u30c3\u30af\u30a2\u30c3\u30d7\u304b\u3089\u518d\u5ea6\u6295\u7a3f\u3057\u305f\u3082\u306e\u306b\u306a\u308a\u307e\u3059\u3002**\n\n**\u74b0\u5883**\n\n* Windows10\n* PuTTY 0.67 (\u4e00\u5f0f)\n* Git for Windows 2.9.0\n\n**\u4f5c\u696d\u624b\u9806**\n\n1. Windows\u306bGit\u3084SSH\u30af\u30e9\u30a4\u30a2\u30f3\u30c8\u306a\u3069\u3092\u30a4\u30f3\u30b9\u30c8\u30fc\u30eb\u3057\u307e\u3059\n2. Windows\u5074\u3067CodeCommit\u306e\u30ea\u30dd\u30b8\u30c8\u30ea\u306b\u30a2\u30af\u30bb\u30b9\u3059\u308b\u305f\u3081\u306essh\u8a8d\u8a3c\u9375\u3092\u4f5c\u6210\u3057\u307e\u3059\n3. AWS\u5074\u3067CodeCommit\u306e\u30ea\u30dd\u30b8\u30c8\u30ea\u306b\u30a2\u30af\u30bb\u30b9\u3067\u304d\u308bIAM\u30e6\u30fc\u30b6\u30fc\u3092\u767b\u9332\u3057\u307e\u3059\n4. PuTTY\u3092\u4f7f\u3063\u3066ssh\u3067\u63a5\u7d9a\u3067\u304d\u308b\u304b\u78ba\u8a8d\u3057\u307e\u3059\n5. AWS CodeCommit\u306b\u30ea\u30dd\u30b8\u30c8\u30ea\u3092\u4f5c\u6210\u3057\u307e\u3059\n6. Windows\u5074\u3067\u30ea\u30dd\u30b8\u30c8\u30ea\u3067\u7ba1\u7406\u3059\u308b\u30d7\u30ed\u30b8\u30a7\u30af\u30c8\u3092\u4f5c\u6210\u3057\u307e\u3059\n7. \u4f5c\u6210\u3057\u305f\u30d7\u30ed\u30b8\u30a7\u30af\u30c8\u3092Git\u5316\u3057\u307e\u3059\n8. Git\u5316(=\u30ed\u30fc\u30ab\u30eb\u30ea\u30dd\u30b8\u30c8\u30ea)\u3057\u305f\u30d7\u30ed\u30b8\u30a7\u30af\u30c8\u3092\u30ea\u30e2\u30fc\u30c8\u30ea\u30dd\u30b8\u30c8\u30ea(=CodeCommit)\u3078push\u3057\u307e\u3059\n9. \u30ed\u30fc\u30ab\u30eb\u30ea\u30dd\u30b8\u30c8\u30ea\u3092eclipse\u306b\u53d6\u308a\u8fbc\u307f\u307e\u3059\n10. eclipse\u304b\u3089\u4fee\u6b63\u3057\u305f\u30b3\u30fc\u30c9\u3092commit\u3001push\u3057\u307e\u3059\n\n\n### \u6e96\u5099\n\n#### Git for Windows\u306e\u30a4\u30f3\u30b9\u30c8\u30fc\u30eb\n\nGit Client\u3068\u3057\u3066Git for Windows\u3092\u4f7f\u7528\u3057\u307e\u3059\u3002\n[Git for Windows] (https://git-for-windows.github.io/)\u3088\u308a\u30a4\u30f3\u30b9\u30c8\u30fc\u30e9\u30fc\u3092\u5165\u624b\u3057\u3066\u30a4\u30f3\u30b9\u30c8\u30fc\u30eb\u3092\u884c\u3044\u307e\u3059\u3002\n\n```bash\n$ git --version\ngit version 2.9.0.windows.1\n```\n\n\u30a4\u30f3\u30b9\u30c8\u30fc\u30eb\u304c\u7d42\u308f\u3063\u305f\u3089\u3001Git bash\u3092\u5b9f\u884c\u3057\u3066\u4e0b\u8a18\u306e\u521d\u671f\u8a2d\u5b9a\u3092\u884c\u3044\u307e\u3059\u3002\n\n```bash\n$ git config --global user.name \"rubytomato\"\n$ git config --global user.email rubytomato@example.com\n$ git config --global core.autoCRLF false\n```\n\n#### PuTTY\u306e\u30a4\u30f3\u30b9\u30c8\u30fc\u30eb\n\n\u30ea\u30dd\u30b8\u30c8\u30ea\u3078\u306fssh\u3067\u63a5\u7d9a\u3059\u308b\u306e\u3067SSH\u30af\u30e9\u30a4\u30a2\u30f3\u30c8\u3092\u30a4\u30f3\u30b9\u30c8\u30fc\u30eb\u3057\u307e\u3059\u3002\u4eca\u56de\u306fPuTTY\u3092\u4f7f\u7528\u3059\u308b\u306e\u3067[PuTTY] (http://www.chiark.greenend.org.uk/~sgtatham/putty/)\u3088\u308aWindows\u7528\u306e\u30a2\u30fc\u30ab\u30a4\u30d6\u30d5\u30a1\u30a4\u30eb\u3092\u30c0\u30a6\u30f3\u30ed\u30fc\u30c9\u3057\u9069\u5f53\u306a\u5834\u6240\u3078\u5c55\u958b\u3057\u307e\u3059\u3002\nPUTTY_HOME\u3068\u3044\u3046\u540d\u524d\u306e\u74b0\u5883\u5909\u6570\u306b\u305d\u306e\u30c7\u30a3\u30ec\u30af\u30c8\u30ea\u3092\u767b\u9332\u3057\u307e\u3059\u3002\uff08\u5fc5\u9808\u3067\u306f\u306a\u3044\u3067\u3059\uff09\n\n```text:\u4f8b\nPUTTY_HOME : %HOME%\\dev\\putty\n```\n\n\u6b21\u306bGit_SSH\u3068\u3044\u3046\u74b0\u5883\u5909\u6570\u306bplink.exe\u3078\u306e\u7d76\u5bfe\u30d1\u30b9\u3092\u767b\u9332\u3057\u307e\u3059\u3002\uff08\u5fc5\u8981\u3067\u3059\uff09\n\n```text:\u4f8b\nGit_SSH : %PUTTY_HOME%\\plink.exe\n```\n\n* plink.exe\u306fPuTTY\u306b\u540c\u68b1\u3055\u308c\u3066\u3044\u308bssh\u30b3\u30de\u30f3\u30c9\u306eWindows\u7248\u3067\u3059\u3002\n\n\n#### PUTTYGEN\u3067\u79d8\u5bc6\u9375\u3092\u4f5c\u6210\u3057\u307e\u3059\n\nPUTTYGET.EXE\u3092\u8d77\u52d5\u30572048bit\u306eSSH-2 RSA\u3067\u79d8\u5bc6\u9375\u3092\u4f5c\u6210\u3057\u307e\u3059\u3002\uff08\u30d1\u30b9\u30d5\u30ec\u30fc\u30ba\u306f\u8a2d\u5b9a\u3057\u307e\u305b\u3093\u3067\u3057\u305f\u3002\uff09\n\u753b\u9762\u4e0a\u306b\u8868\u793a\u3055\u308c\u3066\u3044\u308b\u516c\u958b\u9375\u306f\u3001\u3042\u3068\u3067AWS\u306eIAM\u30e6\u30fc\u30b6\u30fc\u306eSSH\u516c\u958b\u30ad\u30fc\u3068\u3057\u3066\u4f7f\u7528\u3057\u307e\u3059\u3002\n\n![puttygen_02.png](https://qiita-image-store.s3.amazonaws.com/0/22772/32498756-9400-c0bd-cae4-87d49e8fb6ed.png)\n\n#### registry\u306e\u767b\u9332\n\n\u9069\u5f53\u306a\u540d\u524d\u306ereg\u30d5\u30a1\u30a4\u30eb\u3092\u4f5c\u6210\u3057\u4e0b\u8a18\u306e\u5185\u5bb9\u3092\u8cbc\u308a\u4ed8\u3051\u3066\u4fdd\u5b58\u3057\u307e\u3059\u3002\uff08\u60c5\u5831\u304c\u66f4\u65b0\u3055\u308c\u3066\u3044\u308b\u304b\u3082\u3057\u308c\u307e\u305b\u3093\u306e\u3067\u3001\u5fc5\u305a[AWS\u306eSetup Steps for SSH Connections to AWS CodeCommit Repositories on Windows] (http://docs.aws.amazon.com/ja_jp/codecommit/latest/userguide/setting-up-ssh-windows.html)\u3092\u78ba\u8a8d\u3057\u3066\u304f\u3060\u3055\u3044\u3002\uff09\nreg\u30d5\u30a1\u30a4\u30eb\u3092\u30c0\u30d6\u30eb\u30af\u30ea\u30c3\u30af\u3059\u308b\u3068registry\u306b\u4fdd\u5b58\u3059\u308b\u304b\u5c0b\u306d\u3089\u308c\u308b\u306e\u3067\u300c\u306f\u3044\u300d\u3067\u7d9a\u3051\u307e\u3059\u3002\n\n```text:reg\nWindows Registry Editor Version 5.00\n  [HKEY_CURRENT_USER\\Software\\SimonTatham\\PuTTY\\SshHostKeys]\n  \"rsa2@22:git-codecommit.us-east-1.amazonaws.com\"=\"AAAAB3NzaC1yc2EAAAADAQABAAABAQCdut7aOM5Zh16OJ+GOP75O7x5oyHKAiA1ieuySetj/hAq4VrAuZV5R2TypZJcKBaripOtTc/Sr0FOU4YvxUla40PPH8N1lbDp6Pnc4BexKsrt2kz++TqIKx5FHmUQV3mit16kxRwHey3dv030+qXBDo3WPQjm2+JLoq0XcadpnCAMCd3ChaBnDRM+51GZbuEFilpZsxUchUzl0gseC+shYOBd7TqxTlIhj/56d/YF1kq7RMZYrwBnyYdVhpLeUJCeYjyx/O6FPSezNTLiinz5jjioWZATgn+G8feL/hIsk8g+7JoIcb2muUlymdxs+8l2lS+8MXqT0q9ohT+Knhb2j\"\n```\n\n#### CodeCommit\u306b\u30a2\u30af\u30bb\u30b9\u3067\u304d\u308bIAM\u306e\u4f5c\u6210\n\nAWS CONSOLE\u306eIAM\u30c0\u30c3\u30b7\u30e5\u30dc\u30fc\u30c9\u3092\u958b\u304d\u3001CodeCommit\u306e\u30a2\u30af\u30bb\u30b9\u6a29\u9650\u3092\u6301\u3064\u30e6\u30fc\u30b6\u30fc\u3092\u767b\u9332\u3057\u307e\u3059\u3002\n\n\u300c\u30a2\u30af\u30bb\u30b9\u8a31\u53ef\u300d\u30bf\u30d6\u306e\u7ba1\u7406\u30dd\u30ea\u30b7\u30fc\u304b\u3089\u300c\u30dd\u30ea\u30b7\u30fc\u306e\u30a2\u30bf\u30c3\u30c1\u300d\u30dc\u30bf\u30f3\u3092\u30af\u30ea\u30c3\u30af\u3057\u3001\u300cAWSCodeCommitFullAccess\u300d\u3092\u30a2\u30bf\u30c3\u30c1\u3057\u307e\u3059\u3002\n\n![c12.png](https://qiita-image-store.s3.amazonaws.com/0/22772/96add798-46b5-2bde-76f5-b0979e3ec61d.png)\n\n![c13.png](https://qiita-image-store.s3.amazonaws.com/0/22772/a90bf9ba-01c1-e22b-0351-45c1522f030b.png)\n\n\n\u6b21\u306b\u300c\u8a8d\u8a3c\u60c5\u5831\u300d\u30bf\u30d6\u306eAWS CodeCommit\u306eSSH\u30ad\u30fc\u304b\u3089\u300cSSH\u516c\u958b\u30ad\u30fc\u306e\u30a2\u30c3\u30d7\u30ed\u30fc\u30c9\u300d\u30dc\u30bf\u30f3\u3092\u30af\u30ea\u30c3\u30af\u3057\u3001\u5148\u307b\u3069\u4f5c\u6210\u3057\u305f\u516c\u958b\u9375\u3092\u8cbc\u308a\u4ed8\u3051\u307e\u3059\u3002\n\n![c09.png](https://qiita-image-store.s3.amazonaws.com/0/22772/206efcff-9585-d2ea-5c3d-d2274ec25052.png)\n\n![c10.png](https://qiita-image-store.s3.amazonaws.com/0/22772/20084829-9d63-df20-5c85-33c274f2210c.png)\n\nSSH\u516c\u958b\u30ad\u30fc\u304c\u767b\u9332\u3055\u308c\u308b\u3068SSH\u30ad\u30fcID\u304c\u767a\u884c\u3055\u308c\u307e\u3059\u3002\u3053\u306eSSH\u30ad\u30fcID\u304cWindows\u304b\u3089ssh\u3092\u4f7f\u3063\u3066\u30ea\u30dd\u30b8\u30c8\u30ea\u3078\u30a2\u30af\u30bb\u30b9\u3059\u308b\u969b\u306e\u30e6\u30fc\u30b6\u30fc\u540d\u306b\u306a\u308a\u307e\u3059\u3002\n\n![c11.png](https://qiita-image-store.s3.amazonaws.com/0/22772/3df13a4c-5261-440c-3655-eba780be4408.png)\n\n### \u63a5\u7d9a\u78ba\u8a8d\n\n#### pagent.exe\n\npagent.exe\u3092\u8d77\u52d5\u3057\u3001\u4e0a\u8a18\u3067\u4f5c\u6210\u3057\u305f\u79d8\u5bc6\u9375\u3092\u767b\u9332\u3057\u307e\u3059\u3002\n(pagent.exe\u306fPuTTY\u306b\u540c\u68b1\u3055\u308c\u3066\u3044\u308b\u8a8d\u8a3c\u30a8\u30fc\u30b8\u30a7\u30f3\u30c8\u30d7\u30ed\u30b0\u30e9\u30e0\u3067\u3059\u3002)\n\n![pagent01.png](https://qiita-image-store.s3.amazonaws.com/0/22772/825e10d4-b6f7-6828-380e-63df9770e059.png)\n\n\u767b\u9332\u3057\u305f\u3089close\u30dc\u30bf\u30f3\u3092\u62bc\u3057\u3066\u753b\u9762\u3092\u9589\u3058\u307e\u3059\u3002(pagent\u81ea\u4f53\u306f\u30d0\u30c3\u30af\u30b0\u30e9\u30a6\u30f3\u30c9\u3067\u5b9f\u884c\u3057\u7d9a\u3051\u307e\u3059\u3002)\n\n![pagent02.png](https://qiita-image-store.s3.amazonaws.com/0/22772/37657b5d-90eb-6359-878d-5a752e363c08.png)\n\n\n#### plink.exe\u3067\u63a5\u7d9a\u30c6\u30b9\u30c8\n\n\u30b3\u30de\u30f3\u30c9\u30d7\u30ed\u30f3\u30d7\u30c8\u3092\u958b\u304d\u6b21\u306e\u30b3\u30de\u30f3\u30c9\u3092\u5b9f\u884c\u3057\u3066\u3001\u3053\u306e\u30e1\u30c3\u30bb\u30fc\u30b8\u304c\u8868\u793a\u3055\u308c\u308b\u3053\u3068\u3092\u78ba\u8a8d\u3057\u307e\u3059\u3002\n\\<SSH\u30ad\u30fcID\\>\u306b\u306f\u3001IAM\u306b\u5272\u308a\u5f53\u3066\u3089\u308c\u3066\u3044\u308bSSH\u30ad\u30fcID\u3092\u6307\u5b9a\u3057\u307e\u3059\u3002\n\n```bat\n> plink.exe -ssh <SSH\u30ad\u30fcID>@git-codecommit.us-east-1.amazonaws.com\nUsing username \"<SSH\u30ad\u30fcID>\".\nYou have successfully authenticated over SSH. You can use Git to interact with AWS CodeCommit. Interactive shells are not supported.FATAL ERROR: Server unexpectedly closed network\nconnection\n```\n\n### CodeCommit\u306b\u30ea\u30dd\u30b8\u30c8\u30ea\u3092\u4f5c\u6210\n\nCodeCommit\u306e\u30c0\u30c3\u30b7\u30e5\u30dc\u30fc\u30c9\u3088\u308a\u30ea\u30dd\u30b8\u30c8\u30ea\u3092\u4f5c\u6210\u3057\u307e\u3059\u3002\n\nCodeCommit\u304c\u5229\u7528\u3067\u304d\u308b\u30ea\u30fc\u30b8\u30e7\u30f3\u306f\"\u7c73\u56fd\u6771\u90e8\uff08\u30d0\u30fc\u30b8\u30cb\u30a2\u5317\u90e8\uff09\"\u306b\u306a\u308a\u307e\u3059\u3002\n\n![c01.png](https://qiita-image-store.s3.amazonaws.com/0/22772/5a4e1a41-09c2-5872-ecdf-5b0e7799aef8.png)\n\n\u30ea\u30dd\u30b8\u30c8\u30ea\u306e\u540d\u524d\u306f`my_repo_demo`\u3068\u3057\u307e\u3057\u305f\u3002\n\n![c03.png](https://qiita-image-store.s3.amazonaws.com/0/22772/9734c60c-ec57-fc6e-aeb1-e08596e25a12.png)\n\n\u30ea\u30dd\u30b8\u30c8\u30ea\u306e\u540d\u524d\u3092\u30af\u30ea\u30c3\u30af\u3059\u308b\u3068\u30b3\u30fc\u30c9\u306e\u78ba\u8a8d\u3084\u8a2d\u5b9a\u304c\u884c\u3048\u307e\u3059\u3002\n\n![c04.png](https://qiita-image-store.s3.amazonaws.com/0/22772/e0f10ef8-d807-a97b-d8e2-29a9e23a017d.png)\n\n**Code**\n\n![c05.png](https://qiita-image-store.s3.amazonaws.com/0/22772/34d9b5b6-9c62-5558-c3ed-c9c5017fc083.png)\n\n**Settings**\n\nDefault branch\u306e\u6b04\u304c\u7a7a\u6b04\u306b\u306a\u3063\u3066\u3044\u307e\u3059\u304c\u3001\u4f5c\u6210\u3057\u305f\u3070\u304b\u308a\u306e\u30ea\u30dd\u30b8\u30c8\u30ea\u306b\u306fmaster\u3092\u542b\u30811\u3064\u3082\u30d6\u30e9\u30f3\u30c1\u306f\u3042\u308a\u307e\u305b\u3093\u3002\n\n![c06.png](https://qiita-image-store.s3.amazonaws.com/0/22772/8b2d7c88-35b8-0269-f953-d829e5ac0779.png)\n\nClone URL\u3088\u308aSSH\u306eURL\u3092\u30b3\u30d4\u30fc\u3057\u307e\u3059\u3002\n\n![c08.png](https://qiita-image-store.s3.amazonaws.com/0/22772/3ef4451b-5899-f092-baa1-4ec3a85706de.png)\n\n\n#### \u30ea\u30dd\u30b8\u30c8\u30ea\u3067\u7ba1\u7406\u3059\u308bJava\u30d7\u30ed\u30b8\u30a7\u30af\u30c8\u3092\u4f5c\u6210\n\nmaven\u3067Java\u30d7\u30ed\u30b8\u30a7\u30af\u30c8\u306e\u3072\u306a\u578b\u3092\u4f5c\u6210\u3057\u307e\u3059\u3002\n\u4eca\u56de\u306f\u3053\u308c\u3092\u305d\u306e\u307e\u307e\u30ea\u30dd\u30b8\u30c8\u30ea\u3078push\u3057\u307e\u3059\u3002\n\n```bat\n> mvn archetype:generate -DgroupId=com.example.myrepodemo -DartifactId=my_repo_demo -DarchetypeArtifactId=maven-archetype-quickstart -DinteractiveMode=false\n```\n\n```bat\n> cd my_repo_demo\n> mvn eclipse:eclipse\n```\n\n#### .gitignore\u30d5\u30a1\u30a4\u30eb\u3092\u4f5c\u6210\n\n\u30d7\u30ed\u30b8\u30a7\u30af\u30c8\u5185\u306b.gitignore\u30d5\u30a1\u30a4\u30eb\u3092\u4f5c\u6210\u3057\u3066\u304a\u304d\u307e\u3059\u3002\n\u3068\u308a\u3042\u3048\u305a\u4e0b\u8a18\u306e\u5185\u5bb9\u3067\u4f5c\u6210\u3057\u307e\u3057\u305f\u3002\n\n```text:gitignore\n/target/\n/.classpath\n/.project\n/.settings/\n```\n\n#### git\u5316\n\n\u3053\u306e\u30d7\u30ed\u30b8\u30a7\u30af\u30c8\u306e\u30c7\u30a3\u30ec\u30af\u30c8\u30eaGit Bash\u3067\u958b\u304d\u4ee5\u4e0b\u306e\u30b3\u30de\u30f3\u30c9\u3092\u5b9f\u884c\u3057\u3066git\u5316\u3057\u307e\u3059\u3002\n\n```bash\n$ git init\nInitialized empty Git repository in D:/dev/eclipse-jee-mars-1-workspace/my_repo_demo/.git/\n```\n\n```bash\n$ git status\nOn branch master\n\nInitial commit\n\nUntracked files:\n  (use \"git add <file>...\" to include in what will be committed)\n\n        .gitignore\n        pom.xml\n        src/\n\nnothing added to commit but untracked files present (use \"git add\" to track)\n```\n\n```bash\n$ git add .\n```\n\n```bash\n$ git commit -m \"first commit\"\n[master (root-commit) 0dc1248] first commit\n 4 files changed, 173 insertions(+)\n create mode 100644 .gitignore\n create mode 100644 pom.xml\n create mode 100644 src/main/java/com/example/myrepodemo/App.java\n create mode 100644 src/test/java/com/example/myrepodemo/AppTest.java\n```\n\n**\u30ea\u30e2\u30fc\u30c8\u30ea\u30dd\u30b8\u30c8\u30ea\u3092\u78ba\u8a8d\u3057\u307e\u3059**\n\u30ea\u30e2\u30fc\u30c8\u30ea\u30dd\u30b8\u30c8\u30ea\u306f\u307e\u3060\u3042\u308a\u307e\u305b\u3093\u3002\n\n```bash\n$ git remote -v\n\n```\n\n**\u30ea\u30e2\u30fc\u30c8\u30ea\u30dd\u30b8\u30c8\u30ea\u3092\u4f5c\u6210\u3057\u307e\u3059\u3002**\n\n```bash\n$ git remote add origin ssh://<SSH\u30ad\u30fcID>@git-codecommit.us-east-1.amazonaws.com/v1/repos/my_repo_demo\n```\n\n```text:\u69cb\u6587\ngit remote add <name> <url>\n```\n\n* name : \u30ea\u30e2\u30fc\u30c8\u30ea\u30dd\u30b8\u30c8\u30ea\u306e\u77ed\u7e2e\u30b7\u30e7\u30fc\u30c8\u30ab\u30c3\u30c8\n* url : \u30ea\u30e2\u30fc\u30c8\u30ea\u30dd\u30b8\u30c8\u30ea\u306eURL\n\n\n**\u3082\u3046\u4e00\u5ea6\u30ea\u30e2\u30fc\u30c8\u30ea\u30dd\u30b8\u30c8\u30ea\u3092\u78ba\u8a8d\u3057\u307e\u3059**\n\n```bash\n$ git remote -v\norigin  ssh://<SSH\u30ad\u30fcID>@git-codecommit.us-east-1.amazonaws.com/v1/repos/my_repo_demo (fetch)\norigin  ssh://<SSH\u30ad\u30fcID>@git-codecommit.us-east-1.amazonaws.com/v1/repos/my_repo_demo (push)\n```\n\n**\u30ed\u30fc\u30ab\u30eb\u30ea\u30dd\u30b8\u30c8\u30ea\u306e\u5185\u5bb9\u3092\u30ea\u30e2\u30fc\u30c8\u30ea\u30dd\u30b8\u30c8\u30ea\u3078\u30d7\u30c3\u30b7\u30e5\u3057\u307e\u3059**\n\n```bash\n$ git push -u origin master\nCounting objects: 21, done.\nDelta compression using up to 8 threads.\nCompressing objects: 100% (10/10), done.\nWriting objects: 100% (21/21), 2.76 KiB | 0 bytes/s, done.\nTotal 21 (delta 0), reused 0 (delta 0)\nremote:\nTo ssh://<SSH\u30ad\u30fcID>@git-codecommit.us-east-1.amazonaws.com/v1/repos/my_repo_demo\n * [new branch]      master -> master\nBranch master set up to track remote branch master from origin.\n```\n\n```text:\u69cb\u6587\ngit push <remote> <branch>\n```\n\n* remote : \u30ea\u30e2\u30fc\u30c8\u30ea\u30dd\u30b8\u30c8\u30ea\u306e\u77ed\u7e2e\u30b7\u30e7\u30fc\u30c8\u30ab\u30c3\u30c8\u540d\n* branch : \u30ed\u30fc\u30ab\u30eb\u30ea\u30dd\u30b8\u30c8\u30ea\u306e\u30d6\u30e9\u30f3\u30c1\u540d\n\n\u30aa\u30d7\u30b7\u30e7\u30f3 `-u`\u306b\u3064\u3044\u3066\u306f[`git push -u` \u30aa\u30d7\u30b7\u30e7\u30f3\u306e\u610f\u5473] (http://qiita.com/ironsand/items/6c301fef730d53f35bc3)\n\n\n#### AWS CodeCommit\u306e\u30c0\u30c3\u30b7\u30e5\u30dc\u30fc\u30c9\u3067\u78ba\u8a8d\n\n\u3053\u306e\u6642\u70b9\u3067\u30d7\u30ed\u30b8\u30a7\u30af\u30c8\u306e\u30bd\u30fc\u30b9\u30b3\u30fc\u30c9\u304c\u30c0\u30c3\u30b7\u30e5\u30dc\u30fc\u30c9\u3067\u78ba\u8a8d\u3067\u304d\u308b\u3088\u3046\u306b\u306a\u3063\u3066\u3044\u307e\u3059\u3002\n\n![c14.png](https://qiita-image-store.s3.amazonaws.com/0/22772/325f41af-1df1-c304-6a6b-754d90101419.png)\n\n### eclipse\u306b\u30d7\u30ed\u30b8\u30a7\u30af\u30c8\u3092\u30a4\u30f3\u30dd\u30fc\u30c8\u3059\u308b\n\neclipse\u3092\u7acb\u3061\u4e0a\u3052\u3001\"Add an existing local Git Repository to this view\"\u3092\u30af\u30ea\u30c3\u30af\u3057\u30ed\u30fc\u30ab\u30eb\u30ea\u30dd\u30b8\u30c8\u30ea\u3092\u30a4\u30f3\u30dd\u30fc\u30c8\u3057\u307e\u3059\u3002\n\u306a\u304aeclipse\u304b\u3089\u63a5\u7d9a\u3059\u308b\u969b\u306b\u3082\u3001pagent\u304c\u8d77\u52d5\u3057\u3066\u3044\u308b\u5fc5\u8981\u304c\u3042\u308a\u307e\u3059\u3002\n\n![e01.png](https://qiita-image-store.s3.amazonaws.com/0/22772/9373ac73-3919-aa9d-1832-3d88ef6dd9e8.png)\n\n\u4e0a\u8a18\u3067\u4f5c\u6210\u3057\u305f\u30ed\u30fc\u30ab\u30eb\u30ea\u30dd\u30b8\u30c8\u30ea\u306e\u5834\u6240\u3092\u6307\u5b9a\u3057\u307e\u3059\u3002\n\n![e02.png](https://qiita-image-store.s3.amazonaws.com/0/22772/e1c95603-76a7-c3e8-81dd-7ec1f670d684.png)\n\n\u30a4\u30f3\u30dd\u30fc\u30c8\u76f4\u5f8c\u306e\u72b6\u614b\u3067\u3059\u3002\n\n![e09.png](https://qiita-image-store.s3.amazonaws.com/0/22772/0f35759b-e8e1-abac-8e37-5c9ae767593b.png)\n\n#### eclipse\u304b\u3089\u30d5\u30a1\u30a4\u30eb\u3092\u66f4\u65b0\u3059\u308b\n\n\u4f8b\u3068\u3057\u3066\u30d7\u30ed\u30b8\u30a7\u30af\u30c8\u306bREADME.MD\u30d5\u30a1\u30a4\u30eb\u3092\u8ffd\u52a0\u3057\u307e\u3057\u305f\u3002\n\"Add to Index\"\u3001\"Commit\"\u5f8c\u306b\"Push to Upstream\"\u3067CodeCommit\u306e\u30ea\u30dd\u30b8\u30c8\u30ea\u3078\u30b3\u30df\u30c3\u30c8\u3092push\u3057\u307e\u3059\u3002\n\n![e10.png](https://qiita-image-store.s3.amazonaws.com/0/22772/4e24ee4b-9dfe-8f15-2364-3a49a01c3253.png)\n\n![e11.png](https://qiita-image-store.s3.amazonaws.com/0/22772/ca0fd3ae-d94f-84c8-e62b-a90b58271390.png)\n\n", "tags": ["AWS", "CodeCommit", "Java"]}