{"context": "Sometimes FAT32 format disk cannot be readable on Mac.\nIn that case, please try following command to mount manually.\n\u3068\u304d\u3069\u304d\u306a\u305c\u304bUSB\u30e1\u30e2\u30ea\u304cMac\u306b\u81ea\u52d5\u3067\u30de\u30a6\u30f3\u30c8\u3055\u308c\u306a\u3044\u3002\u305d\u3093\u306a\u3068\u304d\u306e\u6280\u3002\n1 List all device\u3000\u3059\u3079\u3066\u306e\u63a5\u7d9a\u3055\u308c\u3066\u3044\u308b\u30c7\u30a3\u30b9\u30af\u3092\u8868\u793a\n\n$ diskutil list\n#: TYPE NAME SIZE IDENTIFIER\n0: GUID_partition_scheme *16.0 GB disk1\n1: EFI 209.7 MB disk1s1\n2: Apple_HFS OSXDaily 15.7 GB disk1s2\n\n\ndisk1s2 should be USB disk\ndisk1s2\u304cUSB\u30e1\u30e2\u30ea\u306b\u3042\u305f\u308a\u307e\u3059\n2 Mount\u3000\u30de\u30a6\u30f3\u30c8\n\n$ diskutil mount /dev/disk1s2\n\nSometimes FAT32 format disk cannot be readable on Mac.\nIn that case, please try following command to mount manually.\n\u3068\u304d\u3069\u304d\u306a\u305c\u304bUSB\u30e1\u30e2\u30ea\u304cMac\u306b\u81ea\u52d5\u3067\u30de\u30a6\u30f3\u30c8\u3055\u308c\u306a\u3044\u3002\u305d\u3093\u306a\u3068\u304d\u306e\u6280\u3002\n\n1 List all device\u3000\u3059\u3079\u3066\u306e\u63a5\u7d9a\u3055\u308c\u3066\u3044\u308b\u30c7\u30a3\u30b9\u30af\u3092\u8868\u793a\n\n>\n>`$ diskutil list`\n\n>```/dev/disk1\n>#: TYPE NAME SIZE IDENTIFIER\n>0: GUID_partition_scheme *16.0 GB disk1\n>1: EFI 209.7 MB disk1s1\n>2: Apple_HFS OSXDaily 15.7 GB disk1s2\n>```\n\ndisk1s2 should be USB disk\ndisk1s2\u304cUSB\u30e1\u30e2\u30ea\u306b\u3042\u305f\u308a\u307e\u3059\n\n\n2 Mount\u3000\u30de\u30a6\u30f3\u30c8\n\n>`$ diskutil mount /dev/disk1s2`\n", "tags": ["USB", "Mac"]}