{"tags": ["Git", "git-flow"], "context": " \u3053\u306e\u8a18\u4e8b\u306f\u6700\u7d42\u66f4\u65b0\u65e5\u304b\u30891\u5e74\u4ee5\u4e0a\u304c\u7d4c\u904e\u3057\u3066\u3044\u307e\u3059\u3002\n\n\u306f\u3058\u3081\u306b\n\u958b\u767a\u304c\u6df7\u307f\u5408\u3063\u3066\u304d\u305f\u306e\u3067\u3001git flow\u3092\u3044\u308c\u3066\u307f\u307e\u3057\u305f\u3002\n\u5099\u5fd8\u9332\u7684\u306a\u30e1\u30e2\u3067\u3059\u3002\n\u9593\u9055\u3063\u3066\u3044\u305f\u3089\u3064\u3064\u3044\u3066\u304f\u3060\u3055\u308b\u3068\u52a9\u304b\u308a\u307e\u3059\u3002\n\n\u74b0\u5883\u30fb\u6761\u4ef6\n\nCentOS 6.4\nMacOSX 10.10\nGithub\u306a\u3069\u306b\u30ea\u30dd\u30b8\u30c8\u30ea\u3092\u6301\u3063\u3066\u3044\u3066\u3001\u305d\u3053\u3078push\u3057\u3066\u3044\u304d\u307e\u3059\u3002\nCI\u3092\u4f7f\u3063\u3066\u3001\u305d\u308c\u305e\u308c\u306ebranch\u3078\u306epush\u3092hook\u3057\u3066\u3001\u5225\u3005\u306e\u74b0\u5883\u306bdeploy\u3055\u308c\u307e\u3059\u3002\n-- develop -> staging\n-- master -> production\n\n\ninstall\n$ sudo yum install gitflow # yum\n$ brew install gitflow # brew\n\nhttp://yuuxxxx.hatenablog.com/entry/2013/03/31/222407\n\n\u3068\u308a\u3042\u3048\u305a\u3084\u3063\u3066\u307f\u308b\n\n\u4e8b\u524d\u306b\nmaster\u30d6\u30e9\u30f3\u30c1\u3092\u30ed\u30fc\u30ab\u30eb\u306b\u4f5c\u3063\u3066\u304a\u3044\u3066\u3001\u6700\u65b0\u72b6\u614b\u306b\u3057\u3066\u304a\u304f\u3068\u3044\u3044\u3067\u3059\u3002\npush, pull\u3057\u304d\u3063\u3066\u304a\u304f\u3068\u3044\u3044\u3067\u3059\u3002\n(develop\u30d6\u30e9\u30f3\u30c1\u306f\u4f5c\u3063\u3066\u304a\u3044\u3066\u3082\u3044\u3044\u3088\u3046\u3067\u3059\u304c\u3001\u8a73\u7d30\u306f\u8abf\u3079\u304d\u308c\u3066\u306a\u3044\u3067\u3059)\n\ninit\n$ git flow init\n\nWhich branch should be used for bringing forth production releases?\n   - master\nBranch name for production releases: [master] master\n\nWhich branch should be used for integration of the \"next release\"?\n\nBranch name for \"next release\" development: [develop] develop\n\nHow to name your supporting branch prefixes?\nFeature branches? [feature/]\nRelease branches? [release/]\nHotfix branches? [hotfix/]\nSupport branches? [support/]\nVersion tag prefix? []\n\ninit \u3055\u305b\u308b\u3068\u3044\u308d\u3044\u308d\u304d\u304b\u308c\u307e\u3059\u3002\n\u7279\u306b\u3053\u3060\u308f\u308a\u304c\u306a\u3051\u308c\u3070\u3001\u4f55\u3082\u5165\u529b\u305b\u305areturn\u9023\u6253\u3067\u3044\u3044\u304b\u3068\u601d\u3044\u307e\u3059\u3002\nhttp://qiita.com/azusanakano/items/c5f021497d8f69c00e51\n\n\u30d6\u30e9\u30f3\u30c1\u5207\u3063\u3066\u4f5c\u696d\u958b\u59cb\nGithub\u306eissue\u306b\u5bfe\u5fdc\u6bce\u306b\u30d6\u30e9\u30f3\u30c1\u5207\u308b\u611f\u3058\u304c\u3044\u3044\u3088\u3046\u3067\u3059\u3002\nfoo\u3068\u304b\u306fbranch\u540d\u3068\u3057\u3066\u306f\u30fd(\u00b4\u0414\uff40\u30fd)(/\u00b4\u0414\uff40)/\uff72\uff94\uff67\uff5e\u306a\u306e\u3067\u3001\n\u4f5c\u696d\u5185\u5bb9\u3092\u3046\u307e\u304f\u8868\u73fe\u3057\u305f\u540d\u524d\u306b\u3057\u3066\u307f\u308b\u3068\u3044\u3044\u304b\u3082\u3057\u308c\u307e\u305b\u3093\u3002\n$ git flow feature start foo\nSwitched to a new branch 'feature/foo'\n\nSummary of actions:\n- A new branch 'feature/foo' was created, based on 'develop'\n- You are now on branch 'feature/foo'\n\nNow, start committing on your feature. When done, use:\n\n     git flow feature finish foo\n\n\u3075\u3093\u3075\u3093\u3001develop\u3092\u5143\u306bfoo branch\u304c\u4f5c\u3089\u308c\u305f\u307f\u305f\u3044\u3067\u3059\u3002\n\u3042\u3001\u30c1\u30a7\u30c3\u30af\u30a2\u30a6\u30c8\u307e\u3067\u3057\u3066\u304f\u308c\u3066\u3044\u308b\u3002\n$ git branch\n  develop\n* feature/gitflowtest\n  master\n\n\u3064\u307e\u308a\u2193\u307f\u305f\u3044\u306a\u611f\u3058\u3067\u3059\u304b\u306d\uff1f\n$ git checkout -b feature/foo\n\n\u3092\u3057\u3066\u304f\u308c\u305f\u306e\u304b\u306a\uff1f\n\n\u4f5c\u696d\u306e\u524d\u306b\u306f\u307e\u305apull\n\u8ab0\u304b\u304cGithub\u306bpush\u3057\u3066\u3001\u5dee\u5206\u304c\u767a\u751f\u3057\u305f\u5834\u5408\u3001HEAD\u306e\u3082\u306e\u3092feature/foo\u306bpull\u3057\u307e\u3059\u3002\n$ git flow feature pull origin\n\n\ncommit \u3057\u3066\u307f\u308b\n$ git status\n# On branch feature/foo\n# Changed but not updated:\n#   (use \"git add <file>...\" to update what will be committed)\n#   (use \"git checkout -- <file>...\" to discard changes in working directory)\n#\n#   modified:   test.txt\n#\nno changes added to commit (use \"git add\" and/or \"git commit -a\")\n\n$ git commit -am \"[add] i did hogehoge test #1\"\n\n\n1 \u306fGithub\u306eissue #1 \u306b\u5bfe\u5fdc\u3057\u305f\u5834\u5408\u306b\u66f8\u304f\u3068\u3044\u3044\u611f\u3058\u3067\u3059\u3002\nissue\u306b\u30b3\u30df\u30c3\u30c8\u5185\u5bb9\u304c\u9023\u643a\u3055\u308c\u307e\u3059\u3002\n\ncommit\u3092\u3057\u3066\u4f5c\u696d\u304c\u7d42\u308f\u3063\u305f\u3089\n$ git status\n# On branch feature/foo\nnothing to commit (working directory clean)\n\n$ git flow feature finish foo\nSwitched to branch 'develop'\nUpdating 6e234bf..132ba7e\nFast-forward\n test.txt |    1 +\n 1 files changed, 1 insertions(+), 0 deletions(-)\nDeleted branch feature/foo (was 132ba7e).\n\nSummary of actions:\n- The feature branch 'feature/foo' was merged into 'develop'\n- Feature branch 'feature/foo' has been removed\n- You are now on branch 'develop'\n\n$ git branch\n* develop\n  master\n\n\u304a\u30fc\uff01\ndevelop\u306b\u30de\u30fc\u30b8\u3057\u3066\u3001branch\u3092\u6d88\u3057\u3066\u304f\u308c\u305f\u307f\u305f\u3044\u3067\u3059\u3002\n\u3064\u307e\u308a\u2193\u3067\u3057\u3087\u3046\u304b\uff1f\n$ git checkout develop\n$ git merge feature/foo\n$ git branch -d feature/foo\n\nhttp://www.backlog.jp/git-guide/stepup/stepup2_5.html\n\ncommit\u3057\u3066\u306a\u3044\u3068\n$ git flow feature finish foo\nfatal: Working tree contains unstaged changes. Aborting.\n\n\ndev\u3068\u304bstaging\u3068\u304b\u306b\u3042\u3052\u3066\u307f\u308b\uff08\u5171\u6709\u30ea\u30dd\u30b8\u30c8\u30ea\u306bpush\uff09\n\u57fa\u672c\u306fdevelop\u4e00\u672c\u3067\u554f\u984c\u306a\u3044\u304b\u3068\u601d\u3046\u306e\u3067\u3001develop\u306e\u307f\u3092push\u3057\u307e\u3059\u3002\n$ git push origin develop\n\n\u4eca\u56de\u306e\u5834\u5408\u306f\u3001\u3053\u308c\u3067ci\u304cdev\u74b0\u5883\u306bpush\u3055\u308c\u307e\u3059\u3002\n\nbranch\u3092\u4ed6\u306e\u30e1\u30f3\u30d0\u30fc\u3068\u5171\u6709\u3059\u308b\u5834\u5408\u3084pull request\u304c\u3044\u308b\u5834\u5408\ngit flow feature finish foo \u3092\u30e4\u308b\u524d\u306b\n$ git flow feature publish foo\n\n\u3092\u3059\u308b\u3068\u3001branch\u6bcepush\u3055\u308c\u308b\u69d8\u3067\u3059\u3002\nGithub\u5074\u306b feature/foo \u30d6\u30e9\u30f3\u30c1\u304c\u751f\u6210\u3055\u308c\u307e\u3059\u3002\n\u3067Github\u5074\u3067pullrequest\u306a\u3069\u64cd\u4f5c\u3057\u307e\u3059\u3002\n\u8af8\u3005\u4f5c\u696d\u304c\u7d42\u308f\u3063\u305f\u3089Github\u3067\u3082\u3001\u30ed\u30fc\u30ab\u30eb\u3067\u3082branch\u306f\u6d88\u3059\u3068\u3044\u3044\u304b\u3068\u601d\u3044\u307e\u3059\u3002\n$ git flow feature finish foo\n\n\nrelease\u3057\u3066\u307f\u308b\u3002\u672c\u756a\u5316\u30d7\u30ed\u30bb\u30b9\n\nrelease branch\u3092\u5207\u3063\u3066\u4f5c\u696d\u958b\u59cb\n$ git flow release start v0.0.1\nSwitched to a new branch 'release/v0.0.1'\n\nSummary of actions:\n- A new branch 'release/v0.0.1' was created, based on 'develop'\n- You are now on branch 'release/v0.0.1'\n\nFollow-up actions:\n- Bump the version number now!\n- Start committing last-minute fixes in preparing your release\n- When done, run:\n\n     git flow release finish 'v0.0.1'\n\n$ git branch\n  develop\n  master\n* release/v0.0.1\n\n\u3084\u3063\u3066\u308b\u3053\u3068\u306ffeature start\u306e\u3068\u3053\u3068\u3042\u3093\u307e\u308a\u5909\u308f\u3089\u306a\u3044\u3067\u3059\u306d\u3002\ndevelop\u304b\u3089release/v0.0.1 \u304c\u3064\u304f\u3089\u308c\u3066\u3044\u307e\u3059\u304b\u3089\u3001\u6700\u65b0\u306e\u72b6\u614b\u306b\u306f\u5909\u308f\u308a\u306a\u3044\u3067\u3059\u3002\n\u672c\u756a\u74b0\u5883\u3067\u5fc5\u8981\u306a\u3053\u3068\u306a\u3069\u3001\u4f55\u304b\u3042\u308c\u3070commit \u3057\u307e\u3059\u3002\n\n\u4f5c\u696d\u7d42\u4e86\u3002\u3044\u308d\u3044\u308d\u8d77\u304d\u307e\u3059\u3002\ngit flow release finish v0.0.1\u3092\u53e9\u304f\u3068\u3059\u3050\u306b\u3001tag\u3092\u4f55\u306b\u3059\u308b\u304b\u805e\u304b\u308c\u307e\u3059\u3002\u305d\u3053\u3067\u9069\u5207\u306atag\u3092\u5165\u529b\u3059\u308b\u3068\u3044\u3044\u304b\u3068\u601d\u3044\u307e\u3059\u3002\n$ git flow release finish v0.0.1\nBranches 'develop' and 'origin/develop' have diverged.\nAnd local branch 'develop' is ahead of 'origin/develop'.\nSwitched to branch 'master'\nMerge made by recursive.\n test.txt |    2 ++\n 1 files changed, 2 insertions(+), 0 deletions(-)\nDeleted branch release/v0.0.1 (was 60da76a).\n\nSummary of actions:\n- Latest objects have been fetched from 'origin'\n- Release branch has been merged into 'master'\n- The release was tagged 'v0.0.1'\n- Release branch has been back-merged into 'develop'\n- Release branch 'release/v0.0.1' has been deleted\n\n\u2191\u3084\u3063\u305f\u5185\u5bb9\u304c\u3057\u3063\u304b\u308a\u66f8\u304b\u308c\u3066\u3044\u3066\u3044\u3044\u3067\u3059\u306d\u3002\n\u3064\u307e\u308a\u3001\u3053\u3046\u3044\u3046\u3053\u3068\u2193\u3067\u3057\u3087\u3046\u304b\uff1f\n$ git checkout master\n$ git merge release/gitflowtest\n$ git tag v0.0.1\n$ git checkout develop\n$ git merge release/gitflowtest\n$ git branch -d release/gitflowtest\n\n\npush\u306f\u81ea\u5206\u3067\n$ git push origin master\n\n\u3053\u308c\u3067Github\u4e0a\u306emaster branch\u306bpush\u3055\u308c\u307e\u3059\u3002\n\u4eca\u56de\u306f\u3001\u3053\u308c\u3067CI\u304cproduction\u3078\u306edeploy\u3092\u3084\u3063\u3066\u304f\u308c\u307e\u3059\u3002\n\nref\n\nhttp://danielkummer.github.io/git-flow-cheatsheet/index.ja_JP.html\nhttp://qiita.com/azusanakano/items/c5f021497d8f69c00e51\nhttp://ism1000ch.hatenablog.com/entry/2014/03/31/152441\n\n# \u306f\u3058\u3081\u306b\n\n\u958b\u767a\u304c\u6df7\u307f\u5408\u3063\u3066\u304d\u305f\u306e\u3067\u3001git flow\u3092\u3044\u308c\u3066\u307f\u307e\u3057\u305f\u3002\n\u5099\u5fd8\u9332\u7684\u306a\u30e1\u30e2\u3067\u3059\u3002\n\u9593\u9055\u3063\u3066\u3044\u305f\u3089\u3064\u3064\u3044\u3066\u304f\u3060\u3055\u308b\u3068\u52a9\u304b\u308a\u307e\u3059\u3002\n\n# \u74b0\u5883\u30fb\u6761\u4ef6\n\n- CentOS 6.4\n- MacOSX 10.10\n\n- Github\u306a\u3069\u306b\u30ea\u30dd\u30b8\u30c8\u30ea\u3092\u6301\u3063\u3066\u3044\u3066\u3001\u305d\u3053\u3078push\u3057\u3066\u3044\u304d\u307e\u3059\u3002\n- CI\u3092\u4f7f\u3063\u3066\u3001\u305d\u308c\u305e\u308c\u306ebranch\u3078\u306epush\u3092hook\u3057\u3066\u3001\u5225\u3005\u306e\u74b0\u5883\u306bdeploy\u3055\u308c\u307e\u3059\u3002\n-- develop -> staging\n-- master -> production\n\n\n# install\n\n```rb\n$ sudo yum install gitflow # yum\n$ brew install gitflow # brew\n```\n\nhttp://yuuxxxx.hatenablog.com/entry/2013/03/31/222407\n\n\n# \u3068\u308a\u3042\u3048\u305a\u3084\u3063\u3066\u307f\u308b\n\n## \u4e8b\u524d\u306b\n\nmaster\u30d6\u30e9\u30f3\u30c1\u3092\u30ed\u30fc\u30ab\u30eb\u306b\u4f5c\u3063\u3066\u304a\u3044\u3066\u3001\u6700\u65b0\u72b6\u614b\u306b\u3057\u3066\u304a\u304f\u3068\u3044\u3044\u3067\u3059\u3002\npush, pull\u3057\u304d\u3063\u3066\u304a\u304f\u3068\u3044\u3044\u3067\u3059\u3002\n(develop\u30d6\u30e9\u30f3\u30c1\u306f\u4f5c\u3063\u3066\u304a\u3044\u3066\u3082\u3044\u3044\u3088\u3046\u3067\u3059\u304c\u3001\u8a73\u7d30\u306f\u8abf\u3079\u304d\u308c\u3066\u306a\u3044\u3067\u3059)\n\n## init\n\n```rb\n$ git flow init\n\nWhich branch should be used for bringing forth production releases?\n   - master\nBranch name for production releases: [master] master\n\nWhich branch should be used for integration of the \"next release\"?\n\nBranch name for \"next release\" development: [develop] develop\n\nHow to name your supporting branch prefixes?\nFeature branches? [feature/]\nRelease branches? [release/]\nHotfix branches? [hotfix/]\nSupport branches? [support/]\nVersion tag prefix? []\n```\n\ninit \u3055\u305b\u308b\u3068\u3044\u308d\u3044\u308d\u304d\u304b\u308c\u307e\u3059\u3002\n\u7279\u306b\u3053\u3060\u308f\u308a\u304c\u306a\u3051\u308c\u3070\u3001\u4f55\u3082\u5165\u529b\u305b\u305areturn\u9023\u6253\u3067\u3044\u3044\u304b\u3068\u601d\u3044\u307e\u3059\u3002\n\nhttp://qiita.com/azusanakano/items/c5f021497d8f69c00e51\n\n## \u30d6\u30e9\u30f3\u30c1\u5207\u3063\u3066\u4f5c\u696d\u958b\u59cb\n\nGithub\u306eissue\u306b\u5bfe\u5fdc\u6bce\u306b\u30d6\u30e9\u30f3\u30c1\u5207\u308b\u611f\u3058\u304c\u3044\u3044\u3088\u3046\u3067\u3059\u3002\nfoo\u3068\u304b\u306fbranch\u540d\u3068\u3057\u3066\u306f\u30fd(\u00b4\u0414\uff40\u30fd)(/\u00b4\u0414\uff40)/\uff72\uff94\uff67\uff5e\u306a\u306e\u3067\u3001\n\u4f5c\u696d\u5185\u5bb9\u3092\u3046\u307e\u304f\u8868\u73fe\u3057\u305f\u540d\u524d\u306b\u3057\u3066\u307f\u308b\u3068\u3044\u3044\u304b\u3082\u3057\u308c\u307e\u305b\u3093\u3002\n\n```rb\n$ git flow feature start foo\nSwitched to a new branch 'feature/foo'\n\nSummary of actions:\n- A new branch 'feature/foo' was created, based on 'develop'\n- You are now on branch 'feature/foo'\n\nNow, start committing on your feature. When done, use:\n\n     git flow feature finish foo\n```\n\n\u3075\u3093\u3075\u3093\u3001develop\u3092\u5143\u306bfoo branch\u304c\u4f5c\u3089\u308c\u305f\u307f\u305f\u3044\u3067\u3059\u3002\n\u3042\u3001\u30c1\u30a7\u30c3\u30af\u30a2\u30a6\u30c8\u307e\u3067\u3057\u3066\u304f\u308c\u3066\u3044\u308b\u3002\n\n```rb\n$ git branch\n  develop\n* feature/gitflowtest\n  master\n```\n\n\u3064\u307e\u308a\u2193\u307f\u305f\u3044\u306a\u611f\u3058\u3067\u3059\u304b\u306d\uff1f\n\n\n```rb\n$ git checkout -b feature/foo\n```\n\n\u3092\u3057\u3066\u304f\u308c\u305f\u306e\u304b\u306a\uff1f\n\n## \u4f5c\u696d\u306e\u524d\u306b\u306f\u307e\u305apull\n\n\u8ab0\u304b\u304cGithub\u306bpush\u3057\u3066\u3001\u5dee\u5206\u304c\u767a\u751f\u3057\u305f\u5834\u5408\u3001HEAD\u306e\u3082\u306e\u3092feature/foo\u306bpull\u3057\u307e\u3059\u3002\n\n```rb\n$ git flow feature pull origin\n```\n\n## commit \u3057\u3066\u307f\u308b\n\n```rb\n$ git status\n# On branch feature/foo\n# Changed but not updated:\n#   (use \"git add <file>...\" to update what will be committed)\n#   (use \"git checkout -- <file>...\" to discard changes in working directory)\n#\n#\tmodified:   test.txt\n#\nno changes added to commit (use \"git add\" and/or \"git commit -a\")\n```\n\n```rb\n$ git commit -am \"[add] i did hogehoge test #1\"\n```\n\n#1 \u306fGithub\u306eissue #1 \u306b\u5bfe\u5fdc\u3057\u305f\u5834\u5408\u306b\u66f8\u304f\u3068\u3044\u3044\u611f\u3058\u3067\u3059\u3002\nissue\u306b\u30b3\u30df\u30c3\u30c8\u5185\u5bb9\u304c\u9023\u643a\u3055\u308c\u307e\u3059\u3002\n\n## commit\u3092\u3057\u3066\u4f5c\u696d\u304c\u7d42\u308f\u3063\u305f\u3089\n\n```rb\n$ git status\n# On branch feature/foo\nnothing to commit (working directory clean)\n```\n\n```rb\n$ git flow feature finish foo\nSwitched to branch 'develop'\nUpdating 6e234bf..132ba7e\nFast-forward\n test.txt |    1 +\n 1 files changed, 1 insertions(+), 0 deletions(-)\nDeleted branch feature/foo (was 132ba7e).\n\nSummary of actions:\n- The feature branch 'feature/foo' was merged into 'develop'\n- Feature branch 'feature/foo' has been removed\n- You are now on branch 'develop'\n```\n\n```rb\n$ git branch\n* develop\n  master\n```\n\n\u304a\u30fc\uff01\ndevelop\u306b\u30de\u30fc\u30b8\u3057\u3066\u3001branch\u3092\u6d88\u3057\u3066\u304f\u308c\u305f\u307f\u305f\u3044\u3067\u3059\u3002\n\n\u3064\u307e\u308a\u2193\u3067\u3057\u3087\u3046\u304b\uff1f\n\n```rb\n$ git checkout develop\n$ git merge feature/foo\n$ git branch -d feature/foo\n```\n\nhttp://www.backlog.jp/git-guide/stepup/stepup2_5.html\n\n### commit\u3057\u3066\u306a\u3044\u3068\n\n```rb\n$ git flow feature finish foo\nfatal: Working tree contains unstaged changes. Aborting.\n```\n\n# dev\u3068\u304bstaging\u3068\u304b\u306b\u3042\u3052\u3066\u307f\u308b\uff08\u5171\u6709\u30ea\u30dd\u30b8\u30c8\u30ea\u306bpush\uff09\n\n\u57fa\u672c\u306fdevelop\u4e00\u672c\u3067\u554f\u984c\u306a\u3044\u304b\u3068\u601d\u3046\u306e\u3067\u3001develop\u306e\u307f\u3092push\u3057\u307e\u3059\u3002\n\n```rb\n$ git push origin develop\n```\n\n\u4eca\u56de\u306e\u5834\u5408\u306f\u3001\u3053\u308c\u3067ci\u304cdev\u74b0\u5883\u306bpush\u3055\u308c\u307e\u3059\u3002\n\n## branch\u3092\u4ed6\u306e\u30e1\u30f3\u30d0\u30fc\u3068\u5171\u6709\u3059\u308b\u5834\u5408\u3084pull request\u304c\u3044\u308b\u5834\u5408\n\ngit flow feature finish foo \u3092\u30e4\u308b\u524d\u306b\n\n```rb\n$ git flow feature publish foo\n```\n\n\u3092\u3059\u308b\u3068\u3001branch\u6bcepush\u3055\u308c\u308b\u69d8\u3067\u3059\u3002\n\nGithub\u5074\u306b feature/foo \u30d6\u30e9\u30f3\u30c1\u304c\u751f\u6210\u3055\u308c\u307e\u3059\u3002\n\n\n\u3067Github\u5074\u3067pullrequest\u306a\u3069\u64cd\u4f5c\u3057\u307e\u3059\u3002\n\u8af8\u3005\u4f5c\u696d\u304c\u7d42\u308f\u3063\u305f\u3089Github\u3067\u3082\u3001\u30ed\u30fc\u30ab\u30eb\u3067\u3082branch\u306f\u6d88\u3059\u3068\u3044\u3044\u304b\u3068\u601d\u3044\u307e\u3059\u3002\n\n```rb\n$ git flow feature finish foo\n```\n\n\n# release\u3057\u3066\u307f\u308b\u3002\u672c\u756a\u5316\u30d7\u30ed\u30bb\u30b9\n\n## release branch\u3092\u5207\u3063\u3066\u4f5c\u696d\u958b\u59cb\n\n```rb\n$ git flow release start v0.0.1\nSwitched to a new branch 'release/v0.0.1'\n\nSummary of actions:\n- A new branch 'release/v0.0.1' was created, based on 'develop'\n- You are now on branch 'release/v0.0.1'\n\nFollow-up actions:\n- Bump the version number now!\n- Start committing last-minute fixes in preparing your release\n- When done, run:\n\n     git flow release finish 'v0.0.1'\n```\n\n```rb\n$ git branch\n  develop\n  master\n* release/v0.0.1\n```\n\n\u3084\u3063\u3066\u308b\u3053\u3068\u306ffeature start\u306e\u3068\u3053\u3068\u3042\u3093\u307e\u308a\u5909\u308f\u3089\u306a\u3044\u3067\u3059\u306d\u3002\n\ndevelop\u304b\u3089release/v0.0.1 \u304c\u3064\u304f\u3089\u308c\u3066\u3044\u307e\u3059\u304b\u3089\u3001\u6700\u65b0\u306e\u72b6\u614b\u306b\u306f\u5909\u308f\u308a\u306a\u3044\u3067\u3059\u3002\n\u672c\u756a\u74b0\u5883\u3067\u5fc5\u8981\u306a\u3053\u3068\u306a\u3069\u3001\u4f55\u304b\u3042\u308c\u3070commit \u3057\u307e\u3059\u3002\n\n## \u4f5c\u696d\u7d42\u4e86\u3002\u3044\u308d\u3044\u308d\u8d77\u304d\u307e\u3059\u3002\n\ngit flow release finish v0.0.1\u3092\u53e9\u304f\u3068\u3059\u3050\u306b\u3001tag\u3092\u4f55\u306b\u3059\u308b\u304b\u805e\u304b\u308c\u307e\u3059\u3002\u305d\u3053\u3067\u9069\u5207\u306atag\u3092\u5165\u529b\u3059\u308b\u3068\u3044\u3044\u304b\u3068\u601d\u3044\u307e\u3059\u3002\n\n```rb\n$ git flow release finish v0.0.1\nBranches 'develop' and 'origin/develop' have diverged.\nAnd local branch 'develop' is ahead of 'origin/develop'.\nSwitched to branch 'master'\nMerge made by recursive.\n test.txt |    2 ++\n 1 files changed, 2 insertions(+), 0 deletions(-)\nDeleted branch release/v0.0.1 (was 60da76a).\n\nSummary of actions:\n- Latest objects have been fetched from 'origin'\n- Release branch has been merged into 'master'\n- The release was tagged 'v0.0.1'\n- Release branch has been back-merged into 'develop'\n- Release branch 'release/v0.0.1' has been deleted\n```\n\n\u2191\u3084\u3063\u305f\u5185\u5bb9\u304c\u3057\u3063\u304b\u308a\u66f8\u304b\u308c\u3066\u3044\u3066\u3044\u3044\u3067\u3059\u306d\u3002\n\u3064\u307e\u308a\u3001\u3053\u3046\u3044\u3046\u3053\u3068\u2193\u3067\u3057\u3087\u3046\u304b\uff1f\n\n```rb\n$ git checkout master\n$ git merge release/gitflowtest\n$ git tag v0.0.1\n$ git checkout develop\n$ git merge release/gitflowtest\n$ git branch -d release/gitflowtest\n```\n\n## push\u306f\u81ea\u5206\u3067\n\n```rb\n$ git push origin master\n```\n\n\u3053\u308c\u3067Github\u4e0a\u306emaster branch\u306bpush\u3055\u308c\u307e\u3059\u3002\n\u4eca\u56de\u306f\u3001\u3053\u308c\u3067CI\u304cproduction\u3078\u306edeploy\u3092\u3084\u3063\u3066\u304f\u308c\u307e\u3059\u3002\n\n# ref\n\n- http://danielkummer.github.io/git-flow-cheatsheet/index.ja_JP.html\n- http://qiita.com/azusanakano/items/c5f021497d8f69c00e51\n- http://ism1000ch.hatenablog.com/entry/2014/03/31/152441\n"}