{"context": "react_on_rails\n\nhttps://github.com/shakacode/react_on_rails\n\nRails\u3067React\u3092\u4f7f\u3046\u5834\u5408\u306b\u691c\u8a0e\u3059\u308bgem\u3068\u3057\u3066\u3001\u5c0e\u5165\u304c\u5bb9\u6613\u306a\u306e\u306freact-rails\u3002\u4e00\u65b9\u3001react_on_rails\u306fWebpack, Babel, React, Redux, React-Router\u306a\u3069\u306e\u30e2\u30c0\u30f3JS\u30b9\u30bf\u30c3\u30af\u3092Rails\u3068\u5bc6\u7d50\u5408\u306b\u306a\u3089\u306a\u3044\u5f62\u3067\u5c0e\u5165\u3057\u305f\u3044\u72b6\u6cc1\u3092\u60f3\u5b9a\u3057\u3066\u3044\u308b\u3088\u3046\u3060\u3002\nreact_on_rails\u3092\u4f7f\u3063\u305f\u65b0\u898f\u30a2\u30d7\u30ea\u3092Heroku\u3078\u30c7\u30d7\u30ed\u30a4\u3059\u308b\u30d5\u30ed\u30fc\u3092\u78ba\u8a8d\u3059\u308b\u3002\n\n\u74b0\u5883\n\nRuby 2.2.3\nRails 4.2\n\n\n\u30ed\u30fc\u30ab\u30eb\u3067\u52d5\u304b\u3059\n\n\u7a7a\u306e\u30a2\u30d7\u30ea\u4f5c\u6210\n$ rails new APP_NAME --database=postgresql\n$ cd APP_NAME\n$ rake db:create\n$ rails s\n\n$ git init\n$ git add .\n$ git commit -m'initial'\n\n\nreact_on_rails\u5c0e\u5165\n+gem \"react_on_rails\", \"~> 6\"\n\n$ bundle\n\n\ngit commit\n\u3053\u3053\u3067\u306e\u6ce8\u610f\u70b9\u306f\u3001\u6b21\u306b\u5b9f\u884c\u3059\u308brails g react_on_rails:install\u306f\u3001git status\u306e\u7d50\u679c\u304c\u7dba\u9e97\u306b\u306a\u3063\u3066\u3044\u306a\u3044\u3068\u3053\u3051\u308b\u4ed5\u69d8\u306b\u306a\u3063\u3066\u3044\u308b\u3053\u3068\u3002\u306a\u306e\u3067\u4e00\u65e6commit\u3059\u308b\u5fc5\u8981\u304c\u3042\u308b\u3002\n\n\u53c2\u8003: react_on_rails\u5b9f\u88c5\n\n\u3053\u306e\u4e2d\u306e--porcelain\u30aa\u30d7\u30b7\u30e7\u30f3\u306b\u3064\u3044\u3066\u306f\u5148\u8ff0\n\n\n\n\n$ git status\n$ git add .\n$ git commit -m'install react_on_rails'\n\n\nreact_on_rails\u8d77\u52d5\n$ rails g react_on_rails:install\n\n\u30b5\u30f3\u30d7\u30eb\u30b3\u30fc\u30c9\u3092\u542b\u3081\u3066\u3044\u308d\u3044\u308d\u30d5\u30a1\u30a4\u30eb\u304c\u81ea\u52d5\u4fee\u6b63\u30fb\u4f5c\u6210\u3055\u308c\u308b\u3002\nOn branch master\nChanges not staged for commit:\n  (use \"git add <file>...\" to update what will be committed)\n  (use \"git checkout -- <file>...\" to discard changes in working directory)\n\n        modified:   .gitignore\n        modified:   Gemfile\n        modified:   Gemfile.lock\n        modified:   app/assets/javascripts/application.js\n        modified:   config/initializers/assets.rb\n        modified:   config/routes.rb\n\nUntracked files:\n  (use \"git add <file>...\" to include in what will be committed)\n\n        Procfile.dev\n        app/controllers/hello_world_controller.rb\n        app/views/hello_world/\n        client/\n        config/initializers/react_on_rails.rb\n        package.json\n\n\u5c11\u3057\u8907\u96d1\u306a\u306e\u3067\u3001\u4e3b\u306a\u30d5\u30a1\u30a4\u30eb\u3092\u8ffd\u3063\u3066\u304a\u304f\u3002\n\nWebpack\u3067\u30b3\u30f3\u30dd\u30fc\u30cd\u30f3\u30c8\u3092\u30d0\u30f3\u30c9\u30eb\u3059\u308b\u305f\u3081\u306e\u5909\u66f4\n\npackage.json\n{\n  \"name\": \"react-webpack-rails-tutorial\",\n  \"version\": \"0.0.1\",\n  \"engines\": {\n    \"node\": \"5.10.0\",\n    \"npm\": \"3.5.0\"\n  },\n  \"scripts\": {\n    \"postinstall\": \"cd client && npm install\",\n    \"rails-server\": \"echo 'visit http://localhost:3000/hello_world' && foreman start -f Procfile.dev\",\n    \"test\": \"rspec\"\n  }\n}\n\n\n\nProcfile.dev\nweb: rails s -p 3000\nclient: sh -c 'rm app/assets/webpack/* || true && cd client && npm run build:development'\n\n\n\nclient/package.json\n{\n  \"name\": \"react-webpack-rails-tutorial\",\n  \"version\": \"0.0.1\",\n  \"engines\": {\n    \"node\": \"5.10.0\",\n    \"npm\": \"3.5.0\"\n  },\n  \"scripts\": {\n    \"build:test\": \"webpack --config webpack.config.js\",\n    \"build:production\": \"NODE_ENV=production webpack --config webpack.config.js\",\n    \"build:development\": \"webpack -w --config webpack.config.js\"\n  },\n..\n\n\n\nclient/webpack.config.js\nconst webpack = require('webpack');\nconst path = require('path');\n\nconst devBuild = process.env.NODE_ENV !== 'production';\nconst nodeEnv = devBuild ? 'development' : 'production';\n\nconst config = {\n  entry: [\n    'es5-shim/es5-shim',\n    'es5-shim/es5-sham',\n    'babel-polyfill',\n    './app/bundles/HelloWorld/startup/HelloWorldApp',\n  ],\n\n  output: {\n    filename: 'webpack-bundle.js',\n    path: '../app/assets/webpack',\n  },\n\n..\n\n\n\nReact\u30b3\u30f3\u30dd\u30fc\u30cd\u30f3\u30c8\u3068\u30a8\u30f3\u30c8\u30ea\u30dd\u30a4\u30f3\u30c8\n\nclient/app/bundles/HelloWorld/startup/HelloWorldApp.jsx\nimport React from 'react';\nimport ReactOnRails from 'react-on-rails';\n\nimport HelloWorld from '../containers/HelloWorld';\n\nconst HelloWorldApp = (props) => (\n  <HelloWorld {...props} />\n);\n\n// This is how react_on_rails can see the HelloWorldApp in the browser.\nReactOnRails.register({ HelloWorldApp });\n\n\n\nclient/app/bundles/HelloWorld/containers/HelloWorld.jsx\nimport React, { PropTypes } from 'react';\nimport HelloWorldWidget from '../components/HelloWorldWidget';\n\n// Simple example of a React \"smart\" component\nexport default class HelloWorld extends React.Component {\n  static propTypes = {\n    name: PropTypes.string.isRequired, // this is passed from the Rails view\n  };\n  ..\n}\n\n\n\nWebpack\u3067\u30d0\u30f3\u30c9\u30eb\u3057\u305fJS\u3092\u4f7f\u3046\u305f\u3081\u306e\u5909\u66f4\n\nconfig/initializers/react_on_rails.rb\nReactOnRails.configure do |config|\n  config.generated_assets_dir = File.join(%w(app assets webpack))\n  config.webpack_generated_files = %w( webpack-bundle.js )\n  config.server_bundle_js_file = \"webpack-bundle.js\"\n  config.npm_build_test_command = \"npm run build:test\"\n  config.npm_build_production_command = \"npm run build:production\"\n  config.prerender = false\n  config.trace = Rails.env.development?\n  config.development_mode = Rails.env.development?\n  config.replay_console = true\n  config.logging_on_server = true\n  config.raise_on_prerender_error = false # change to true to raise exception on server if the JS code throws\n  config.server_renderer_pool_size = 1 # increase if you're on JRuby\n  config.server_renderer_timeout = 20 # seconds\n  config.skip_display_none = false\n  config.server_render_method = \"ExecJS\"\n  config.symlink_non_digested_assets_regex = /\\.(png|jpg|jpeg|gif|tiff|woff|ttf|eot|svg|map)/\nend\n\n\n\nconfig/initializers/assets.rb\n+Rails.application.config.assets.paths << Rails.root.join(\"app\", \"assets\", \"webpack\")\n\n\n\napp/assets/javascripts/application.js\n+//= require webpack-bundle\n\n\n\nRails\u30a2\u30d7\u30ea\u30b1\u30fc\u30b7\u30e7\u30f3\u306e\u5909\u66f4\n\nconfig/routes.rb\n+  get 'hello_world', to: 'hello_world#index'\n\n\n\napp/controllers/hello_world_controller.rb\nclass HelloWorldController < ApplicationController\n  def index\n    @hello_world_props = { name: \"Stranger\" }\n  end\nend\n\n\n\napp/views/hello_world/index.html.erb\n<h1 class=\"alert alert-info this-works\">Hello World</h1>\n<%= react_component(\"HelloWorldApp\", props: @hello_world_props, prerender: false) %>\n\n\n\n\u8d77\u52d5\n\u3055\u3089\u306b\u5fc5\u8981\u306a\u30e9\u30a4\u30d6\u30e9\u30ea\u3092\u30a4\u30f3\u30b9\u30c8\u30fc\u30eb\u3059\u308b\u3002\n$ bundle && npm i\n\n\u8d77\u52d5\n$ npm run rails-server\n\n> react-webpack-rails-tutorial@0.0.1 rails-server /Users/satzz/APP_NAME\n> echo 'visit http://localhost:3000/hello_world' && foreman start -f Procfile.dev\n\nvisit http://localhost:3000/hello_world\n..\n\n\u30b7\u30fc\u30b1\u30f3\u30b9\u306f\u6b21\u306e\u901a\u308a\u3002\n\n\npackage.json\u304b\u3089foreman\u3092\u8d77\u52d5\n\n\nforeman\u306fProcfile\u30d9\u30fc\u30b9\u3067\u30a2\u30d7\u30ea\u30b1\u30fc\u30b7\u30e7\u30f3\u7ba1\u7406\u3059\u308bRuby\u88fd\u30c4\u30fc\u30eb\n\n\nJS\u306e\u30b3\u30fc\u30c9\u30d9\u30fc\u30b9\u306e\u5909\u66f4\u3092\u76e3\u8996\u3057\u3066\u6587\u6cd5\u30a8\u30e9\u30fc\u306a\u3069\u306e\u8b66\u544a\u3082\u884c\u3046\n\n\n\n\nforeman\u304cProcfile.dev\u3092\u8aad\u307fRails\u30b5\u30fc\u30d0\u30fc\u3092\u8d77\u52d5\u3001\u540c\u6642\u306bclient/package.json\u3092\u305f\u3069\u3063\u3066webpack\u3092\u8d77\u52d5 \nwebpack\u304c\u3001webpack.config.js\u306b\u66f8\u304b\u308c\u305fHelloWorldApp.jsx\u3092\u30a8\u30f3\u30c8\u30ea\u30dd\u30a4\u30f3\u30c8\u306bJS\u3092\u30d0\u30f3\u30c9\u30eb\u3057\u3001\n./app/assets/webpack/webpack-bundle.js\u3092\u751f\u6210\n\n\n\u751f\u6210\u3055\u308c\u305f\u30d5\u30a1\u30a4\u30eb\u306f.gitignore\u3055\u308c\u3066\u3044\u308b\n\n\nRails\u304c\u3001\u751f\u6210\u3055\u308c\u305fwebpack-bundle.js\u3092\u4f7f\u3046\n\n\nRails\u3068\u306e\u30a4\u30f3\u30bf\u30fc\u30d5\u30a7\u30fc\u30b9\u306b\u4f7f\u308f\u308c\u308b(=react_component\u3067\u547c\u3070\u308c\u308b)\u5168\u3066\u306eReact\u30b3\u30f3\u30dd\u30fc\u30cd\u30f3\u30c8\u304c\u3001ReactOnRails.register\u3092\u4f7f\u3063\u3066\u4e00\u610f\u306a\u540d\u524d\u3067\u516c\u958b\u3055\u308c\u3066\u3044\u308b\u5fc5\u8981\u304c\u3042\u308b\n\n\n\n\n\u52d5\u4f5c\u78ba\u8a8d\nhttp://localhost:3000/hello_world\n\u3067\u52d5\u4f5c\u78ba\u8a8d\u3059\u308b\u3002\n\n\nHeroku\u3067\u52d5\u304b\u3059\n$ git add .\n$ git commit -m'make react work'\n\n$ heroku create\n\nBuildpack\u306e\u9806\u756a\u8abf\u6574\n$ heroku buildpacks:clear --app dark-wizard-97318\n$ heroku buildpacks:add heroku/nodejs --app dark-wizard-97318\n$ heroku buildpacks:add heroku/ruby --app dark-wizard-97318\n\n\u30c7\u30d7\u30ed\u30a4\n$ git push https://git.heroku.com/dark-wizard-97318.git master\n\n\n\nreact_on_rails\n\n- https://github.com/shakacode/react_on_rails\n\nRails\u3067React\u3092\u4f7f\u3046\u5834\u5408\u306b\u691c\u8a0e\u3059\u308bgem\u3068\u3057\u3066\u3001\u5c0e\u5165\u304c\u5bb9\u6613\u306a\u306e\u306f`react-rails`\u3002\u4e00\u65b9\u3001`react_on_rails`\u306fWebpack, Babel, React, Redux, React-Router\u306a\u3069\u306e\u30e2\u30c0\u30f3JS\u30b9\u30bf\u30c3\u30af\u3092Rails\u3068\u5bc6\u7d50\u5408\u306b\u306a\u3089\u306a\u3044\u5f62\u3067\u5c0e\u5165\u3057\u305f\u3044\u72b6\u6cc1\u3092\u60f3\u5b9a\u3057\u3066\u3044\u308b\u3088\u3046\u3060\u3002\n\n\n`react_on_rails`\u3092\u4f7f\u3063\u305f\u65b0\u898f\u30a2\u30d7\u30ea\u3092Heroku\u3078\u30c7\u30d7\u30ed\u30a4\u3059\u308b\u30d5\u30ed\u30fc\u3092\u78ba\u8a8d\u3059\u308b\u3002\n\n# \u74b0\u5883\n- Ruby 2.2.3\n- Rails 4.2\n\n\n\n\n# \u30ed\u30fc\u30ab\u30eb\u3067\u52d5\u304b\u3059\n\n\n\n## \u7a7a\u306e\u30a2\u30d7\u30ea\u4f5c\u6210\n```\n$ rails new APP_NAME --database=postgresql\n$ cd APP_NAME\n$ rake db:create\n$ rails s\n```\n\n```\n$ git init\n$ git add .\n$ git commit -m'initial'\n```\n\n## react_on_rails\u5c0e\u5165\n```Gemfile\n+gem \"react_on_rails\", \"~> 6\"\n```\n\n```\n$ bundle\n```\n\n## git commit\n\u3053\u3053\u3067\u306e\u6ce8\u610f\u70b9\u306f\u3001\u6b21\u306b\u5b9f\u884c\u3059\u308b`rails g react_on_rails:install`\u306f\u3001`git status`\u306e\u7d50\u679c\u304c\u7dba\u9e97\u306b\u306a\u3063\u3066\u3044\u306a\u3044\u3068\u3053\u3051\u308b\u4ed5\u69d8\u306b\u306a\u3063\u3066\u3044\u308b\u3053\u3068\u3002\u306a\u306e\u3067\u4e00\u65e6commit\u3059\u308b\u5fc5\u8981\u304c\u3042\u308b\u3002\n\n- \u53c2\u8003: [react_on_rails\u5b9f\u88c5](https://github.com/shakacode/react_on_rails/blob/0ca17c9074835406ba0c329b7312ab18aff05ab0/lib/react_on_rails/git_utils.rb)\n\t- \u3053\u306e\u4e2d\u306e`--porcelain`\u30aa\u30d7\u30b7\u30e7\u30f3\u306b\u3064\u3044\u3066\u306f[\u5148\u8ff0](http://qiita.com/satzz/items/f75dd2e096b4c1755227)\n\n```\n$ git status\n$ git add .\n$ git commit -m'install react_on_rails'\n```\n  \n## react_on_rails\u8d77\u52d5\n```\n$ rails g react_on_rails:install\n```\n\n\u30b5\u30f3\u30d7\u30eb\u30b3\u30fc\u30c9\u3092\u542b\u3081\u3066\u3044\u308d\u3044\u308d\u30d5\u30a1\u30a4\u30eb\u304c\u81ea\u52d5\u4fee\u6b63\u30fb\u4f5c\u6210\u3055\u308c\u308b\u3002\n\n```\nOn branch master\nChanges not staged for commit:\n  (use \"git add <file>...\" to update what will be committed)\n  (use \"git checkout -- <file>...\" to discard changes in working directory)\n\n        modified:   .gitignore\n        modified:   Gemfile\n        modified:   Gemfile.lock\n        modified:   app/assets/javascripts/application.js\n        modified:   config/initializers/assets.rb\n        modified:   config/routes.rb\n\nUntracked files:\n  (use \"git add <file>...\" to include in what will be committed)\n\n        Procfile.dev\n        app/controllers/hello_world_controller.rb\n        app/views/hello_world/\n        client/\n        config/initializers/react_on_rails.rb\n        package.json\n```\n\n\u5c11\u3057\u8907\u96d1\u306a\u306e\u3067\u3001\u4e3b\u306a\u30d5\u30a1\u30a4\u30eb\u3092\u8ffd\u3063\u3066\u304a\u304f\u3002\n\n\n### Webpack\u3067\u30b3\u30f3\u30dd\u30fc\u30cd\u30f3\u30c8\u3092\u30d0\u30f3\u30c9\u30eb\u3059\u308b\u305f\u3081\u306e\u5909\u66f4\n\n```package.json\n{\n  \"name\": \"react-webpack-rails-tutorial\",\n  \"version\": \"0.0.1\",\n  \"engines\": {\n    \"node\": \"5.10.0\",\n    \"npm\": \"3.5.0\"\n  },\n  \"scripts\": {\n    \"postinstall\": \"cd client && npm install\",\n    \"rails-server\": \"echo 'visit http://localhost:3000/hello_world' && foreman start -f Procfile.dev\",\n    \"test\": \"rspec\"\n  }\n}\n```\n\n```Procfile.dev \nweb: rails s -p 3000\nclient: sh -c 'rm app/assets/webpack/* || true && cd client && npm run build:development'\n```\n\n\n```client/package.json\n{\n  \"name\": \"react-webpack-rails-tutorial\",\n  \"version\": \"0.0.1\",\n  \"engines\": {\n    \"node\": \"5.10.0\",\n    \"npm\": \"3.5.0\"\n  },\n  \"scripts\": {\n    \"build:test\": \"webpack --config webpack.config.js\",\n    \"build:production\": \"NODE_ENV=production webpack --config webpack.config.js\",\n    \"build:development\": \"webpack -w --config webpack.config.js\"\n  },\n..\n```\n\n```client/webpack.config.js\nconst webpack = require('webpack');\nconst path = require('path');\n\nconst devBuild = process.env.NODE_ENV !== 'production';\nconst nodeEnv = devBuild ? 'development' : 'production';\n\nconst config = {\n  entry: [\n    'es5-shim/es5-shim',\n    'es5-shim/es5-sham',\n    'babel-polyfill',\n    './app/bundles/HelloWorld/startup/HelloWorldApp',\n  ],\n\n  output: {\n    filename: 'webpack-bundle.js',\n    path: '../app/assets/webpack',\n  },\n\n..\n```\n\n### React\u30b3\u30f3\u30dd\u30fc\u30cd\u30f3\u30c8\u3068\u30a8\u30f3\u30c8\u30ea\u30dd\u30a4\u30f3\u30c8\n```client/app/bundles/HelloWorld/startup/HelloWorldApp.jsx \nimport React from 'react';\nimport ReactOnRails from 'react-on-rails';\n\nimport HelloWorld from '../containers/HelloWorld';\n\nconst HelloWorldApp = (props) => (\n  <HelloWorld {...props} />\n);\n\n// This is how react_on_rails can see the HelloWorldApp in the browser.\nReactOnRails.register({ HelloWorldApp });\n```\n```client/app/bundles/HelloWorld/containers/HelloWorld.jsx \nimport React, { PropTypes } from 'react';\nimport HelloWorldWidget from '../components/HelloWorldWidget';\n\n// Simple example of a React \"smart\" component\nexport default class HelloWorld extends React.Component {\n  static propTypes = {\n    name: PropTypes.string.isRequired, // this is passed from the Rails view\n  };\n  ..\n}\n```\n\n### Webpack\u3067\u30d0\u30f3\u30c9\u30eb\u3057\u305fJS\u3092\u4f7f\u3046\u305f\u3081\u306e\u5909\u66f4\n\n```config/initializers/react_on_rails.rb\nReactOnRails.configure do |config|\n  config.generated_assets_dir = File.join(%w(app assets webpack))\n  config.webpack_generated_files = %w( webpack-bundle.js )\n  config.server_bundle_js_file = \"webpack-bundle.js\"\n  config.npm_build_test_command = \"npm run build:test\"\n  config.npm_build_production_command = \"npm run build:production\"\n  config.prerender = false\n  config.trace = Rails.env.development?\n  config.development_mode = Rails.env.development?\n  config.replay_console = true\n  config.logging_on_server = true\n  config.raise_on_prerender_error = false # change to true to raise exception on server if the JS code throws\n  config.server_renderer_pool_size = 1 # increase if you're on JRuby\n  config.server_renderer_timeout = 20 # seconds\n  config.skip_display_none = false\n  config.server_render_method = \"ExecJS\"\n  config.symlink_non_digested_assets_regex = /\\.(png|jpg|jpeg|gif|tiff|woff|ttf|eot|svg|map)/\nend\n```\n\n\n```config/initializers/assets.rb\n+Rails.application.config.assets.paths << Rails.root.join(\"app\", \"assets\", \"webpack\")\n```\n\n\n```app/assets/javascripts/application.js\n+//= require webpack-bundle\n```\n\n### Rails\u30a2\u30d7\u30ea\u30b1\u30fc\u30b7\u30e7\u30f3\u306e\u5909\u66f4\n\n```config/routes.rb\n+  get 'hello_world', to: 'hello_world#index'\n```\n\n```app/controllers/hello_world_controller.rb\nclass HelloWorldController < ApplicationController\n  def index\n    @hello_world_props = { name: \"Stranger\" }\n  end\nend\n```\n```app/views/hello_world/index.html.erb \n<h1 class=\"alert alert-info this-works\">Hello World</h1>\n<%= react_component(\"HelloWorldApp\", props: @hello_world_props, prerender: false) %>\n```\n\n\n\n## \u8d77\u52d5\n\n\u3055\u3089\u306b\u5fc5\u8981\u306a\u30e9\u30a4\u30d6\u30e9\u30ea\u3092\u30a4\u30f3\u30b9\u30c8\u30fc\u30eb\u3059\u308b\u3002\n\n```\n$ bundle && npm i\n```\n\u8d77\u52d5\n\n```\n$ npm run rails-server\n\n> react-webpack-rails-tutorial@0.0.1 rails-server /Users/satzz/APP_NAME\n> echo 'visit http://localhost:3000/hello_world' && foreman start -f Procfile.dev\n\nvisit http://localhost:3000/hello_world\n..\n```\n\u30b7\u30fc\u30b1\u30f3\u30b9\u306f\u6b21\u306e\u901a\u308a\u3002\n\n1. `package.json`\u304b\u3089foreman\u3092\u8d77\u52d5\n\t- foreman\u306f`Procfile`\u30d9\u30fc\u30b9\u3067\u30a2\u30d7\u30ea\u30b1\u30fc\u30b7\u30e7\u30f3\u7ba1\u7406\u3059\u308bRuby\u88fd\u30c4\u30fc\u30eb\n\t\t- JS\u306e\u30b3\u30fc\u30c9\u30d9\u30fc\u30b9\u306e\u5909\u66f4\u3092\u76e3\u8996\u3057\u3066\u6587\u6cd5\u30a8\u30e9\u30fc\u306a\u3069\u306e\u8b66\u544a\u3082\u884c\u3046\n1. foreman\u304c`Procfile.dev`\u3092\u8aad\u307fRails\u30b5\u30fc\u30d0\u30fc\u3092\u8d77\u52d5\u3001\u540c\u6642\u306b`client/package.json`\u3092\u305f\u3069\u3063\u3066webpack\u3092\u8d77\u52d5 \n1. webpack\u304c\u3001`webpack.config.js`\u306b\u66f8\u304b\u308c\u305f`HelloWorldApp.jsx`\u3092\u30a8\u30f3\u30c8\u30ea\u30dd\u30a4\u30f3\u30c8\u306bJS\u3092\u30d0\u30f3\u30c9\u30eb\u3057\u3001\n`./app/assets/webpack/webpack-bundle.js`\u3092\u751f\u6210\n - \u751f\u6210\u3055\u308c\u305f\u30d5\u30a1\u30a4\u30eb\u306f`.gitignore`\u3055\u308c\u3066\u3044\u308b\n1. Rails\u304c\u3001\u751f\u6210\u3055\u308c\u305f`webpack-bundle.js`\u3092\u4f7f\u3046\n - Rails\u3068\u306e\u30a4\u30f3\u30bf\u30fc\u30d5\u30a7\u30fc\u30b9\u306b\u4f7f\u308f\u308c\u308b(=`react_component`\u3067\u547c\u3070\u308c\u308b)\u5168\u3066\u306eReact\u30b3\u30f3\u30dd\u30fc\u30cd\u30f3\u30c8\u304c\u3001`ReactOnRails.register`\u3092\u4f7f\u3063\u3066\u4e00\u610f\u306a\u540d\u524d\u3067\u516c\u958b\u3055\u308c\u3066\u3044\u308b\u5fc5\u8981\u304c\u3042\u308b\n\n## \u52d5\u4f5c\u78ba\u8a8d\n\nhttp://localhost:3000/hello_world\n\u3067\u52d5\u4f5c\u78ba\u8a8d\u3059\u308b\u3002\n\n![Screen Shot 2016-11-01 at 11.13.56.png](https://qiita-image-store.s3.amazonaws.com/0/281/5e11f03f-a342-599a-21e1-798bc2f850cf.png \"Screen Shot 2016-11-01 at 11.13.56.png\")\n\n\n\n\n\n\n# Heroku\u3067\u52d5\u304b\u3059\n```\n$ git add .\n$ git commit -m'make react work'\n\n$ heroku create\n```\n\nBuildpack\u306e\u9806\u756a\u8abf\u6574\n\n```\n$ heroku buildpacks:clear --app dark-wizard-97318\n$ heroku buildpacks:add heroku/nodejs --app dark-wizard-97318\n$ heroku buildpacks:add heroku/ruby --app dark-wizard-97318\n```\n\n\u30c7\u30d7\u30ed\u30a4\n\n```\n$ git push https://git.heroku.com/dark-wizard-97318.git master\n```\n\n\n\n\n", "tags": ["react.js", "Rails", "react_on_rails", "Rails4"]}