{"context": " More than 1 year has passed since last update.\n\n\u958b\u767a\u624b\u9806\u306b\u6cbf\u3063\u3066\u89e3\u8aac\u3059\u308bgit\u30b3\u30de\u30f3\u30c9\u64cd\u4f5c\n\n\u901a\u5e38\u306e\u958b\u767a\u624b\u9806\n\n\u30ed\u30fc\u30ab\u30eb\u306e\u4f5c\u696d\u30c7\u30a3\u30ec\u30af\u30c8\u30ea\u306b\u79fb\u52d5\u3059\u308b\n$ cd \uff3b\u4f5c\u696d\u30c7\u30a3\u30ec\u30af\u30c8\u30ea\u30d1\u30b9\uff3d\n\n\n\u30ea\u30e2\u30fc\u30c8\u30ea\u30dd\u30b8\u30c8\u30ea\u3092\u30ed\u30fc\u30ab\u30eb\u306b\u30af\u30ed\u30fc\u30f3\u3059\u308b\n$ git clone \uff3b\u30ea\u30dd\u30b8\u30c8\u30ea\u30d1\u30b9\uff3d\n\n\n\u30c7\u30a3\u30ec\u30af\u30c8\u30ea\u5185\u306e\u72b6\u614b\u3092\u8abf\u3079\u308b\n$ ls\n\n\n\u30ed\u30fc\u30ab\u30eb\u306b\u30ea\u30dd\u30b8\u30c8\u30ea\u30c7\u30a3\u30ec\u30af\u30c8\u30ea\u304c\u4f5c\u3089\u308c\u3066\u3044\u308b\u3053\u3068\u304c\u78ba\u8a8d\u3067\u304d\u308b\n\uff3b\u30ea\u30dd\u30b8\u30c8\u30ea\u30c7\u30a3\u30ec\u30af\u30c8\u30ea\uff3d\n\n\n\u30ea\u30dd\u30b8\u30c8\u30ea\u30c7\u30a3\u30ec\u30af\u30c8\u30ea\u306b\u79fb\u52d5\u3059\u308b\n$ cd \uff3b\u30ea\u30dd\u30b8\u30c8\u30ea\u30c7\u30a3\u30ec\u30af\u30c8\u30ea\u540d\uff3d\n\n\n\u5168\u30d6\u30e9\u30f3\u30c1\u3092\u4e00\u89a7\u8868\u793a\u3057\u3066\u78ba\u8a8d\u3059\u308b\n$ git branch -a\n\n\n\u300cdevelop\u300d\u304c\u30ed\u30fc\u30ab\u30eb\u30ab\u30ec\u30f3\u30c8\u30d6\u30e9\u30f3\u30c1\u306b\u306a\u3063\u3066\u3044\u308b\u3053\u3068\u3092\u78ba\u8a8d\u3059\u308b\n* develop\n  master\n  remotes/origin/develop\n  remotes/origin/master\n\n\n\u4e0a\u8a18\u306e\u3088\u3046\u306b\u306a\u3063\u3066\u3044\u306a\u3044\u5834\u5408\u300cdevelop\u300d\u3092\u30ed\u30fc\u30ab\u30eb\u30ab\u30ec\u30f3\u30c8\u30d6\u30e9\u30f3\u30c1\u306b\u3059\u308b\n$ git checkout develop\n\n\n\u30ed\u30fc\u30ab\u30eb\u30ab\u30ec\u30f3\u30c8\u30d6\u30e9\u30f3\u30c1\u300cdevelop\u300d\u304b\u3089\u958b\u767a\u30d6\u30e9\u30f3\u30c1\u300cfeature/\uff3bfeature\u30d6\u30e9\u30f3\u30c1\u540d\uff3d\u300d\u3092\u4f5c\u6210\u3059\u308b\n$ git checkout -b feature/\uff3bfeature\u30d6\u30e9\u30f3\u30c1\u540d\uff3d\n\n\n\u30d6\u30e9\u30f3\u30c1\u304c\u4f5c\u6210\u3055\u308c\u305f\u30e1\u30c3\u30bb\u30fc\u30b8\u3092\u78ba\u8a8d\u3059\u308b\nSwitched to a new branch 'feature/\uff3bfeature\u30d6\u30e9\u30f3\u30c1\u540d\uff3d'\n\n\n\u518d\u5ea6\u30d6\u30e9\u30f3\u30c1\u3092\u4e00\u89a7\u8868\u793a\u3057\u3066\u78ba\u8a8d\u3059\u308b\n$ git branch -a\n\n\n\u958b\u767a\u30d6\u30e9\u30f3\u30c1\u300cfeature/\uff3bfeature\u30d6\u30e9\u30f3\u30c1\u540d\uff3d\u300d\u304c\u30ab\u30ec\u30f3\u30c8\u306b\u306a\u3063\u3066\u3044\u308b\u3053\u3068\u304c\u78ba\u8a8d\u3067\u304d\u308b\n  develop\n* feature/\uff3bfeature\u30d6\u30e9\u30f3\u30c1\u540d\uff3d\n  master\n  remotes/origin/develop\n  remotes/origin/master\n\n\n\u958b\u767a\u3059\u308b\n\u2193\n\n\u958b\u767a\u30d6\u30e9\u30f3\u30c1\u306e\u5dee\u5206\u3092\u78ba\u8a8d\u3059\u308b\n$ git status\n\n\n\u5909\u66f4\u3057\u305f\u90e8\u5206\u3068\u8ffd\u52a0\u3057\u305f\u30d5\u30a1\u30a4\u30eb\u304c\u904e\u4e0d\u8db3\u306a\u304f\u8868\u793a\u3055\u308c\u308b\u3053\u3068\u3092\u78ba\u8a8d\u3059\u308b\nOn branch feature/\uff3bfeature\u30d6\u30e9\u30f3\u30c1\u540d\uff3d\nChanges not staged for commit:\n  (use \"git add <file>...\" to update what will be committed)\n  (use \"git checkout -- <file>...\" to discard changes in working directory)\n\n    modified:   \uff3b\u5909\u66f4\u3057\u305f\u30d5\u30a1\u30a4\u30eb\uff0f\u30c7\u30a3\u30ec\u30af\u30c8\u30ea\uff3d\n\nUntracked files:\n  (use \"git add <file>...\" to include in what will be committed)\n\n    \uff3b\u8ffd\u52a0\u3057\u305f\u30d5\u30a1\u30a4\u30eb\uff0f\u30c7\u30a3\u30ec\u30af\u30c8\u30ea\uff3d\n\n\n\u8ffd\u52a0\u30fb\u5909\u66f4\u3057\u305f\u30d5\u30a1\u30a4\u30eb\u3092commit\u5019\u88dc\u306b\u52a0\u3048\u308b\n$ git add *\n\n\n\u307e\u305f\u306f\u8ffd\u52a0\u30fb\u5909\u66f4\u3057\u305f\u30d5\u30a1\u30a4\u30eb\u306e\u4e00\u90e8\u3092commit\u5019\u88dc\u306b\u52a0\u3048\u308b\n$ git add \uff3b\u5019\u88dc\u306b\u52a0\u3048\u305f\u3044\u30d5\u30a1\u30a4\u30eb\uff0f\u30c7\u30a3\u30ec\u30af\u30c8\u30ea\uff3d\n\n\n\u958b\u767a\u30d6\u30e9\u30f3\u30c1\u306e\u72b6\u614b\u3092\u518d\u5ea6\u78ba\u8a8d\u3059\u308b\n$ git status\n\n\nadd\u51e6\u7406\u3057\u305f\u8ffd\u52a0\u30fb\u5909\u66f4\u30d5\u30a1\u30a4\u30eb\u304ccommit\u30ea\u30b9\u30c8\u306b\u3066\u78ba\u8a8d\u3067\u304d\u308b\nOn branch feature/\uff3bfeature\u30d6\u30e9\u30f3\u30c1\u540d\uff3d\nChanges to be committed:\n  (use \"git reset HEAD <file>...\" to unstage)\n\n    modified:   \uff3b\u8ffd\u52a0\u3057\u305f\u30d5\u30a1\u30a4\u30eb\uff3d\n    modified:   \uff3b\u8ffd\u52a0\u3057\u305f\u30d5\u30a1\u30a4\u30eb\uff3d\n    modified:   \uff3b\u8ffd\u52a0\u3057\u305f\u30d5\u30a1\u30a4\u30eb\uff3d\n    new file:   \uff3b\u5909\u66f4\u3057\u305f\u30d5\u30a1\u30a4\u30eb\uff3d\n    new file:   \uff3b\u5909\u66f4\u3057\u305f\u30d5\u30a1\u30a4\u30eb\uff3d\n\n\n\u8ffd\u52a0\u30fb\u5909\u66f4\u3057\u305f\u30d5\u30a1\u30a4\u30eb\u3092commit\u30e1\u30c3\u30bb\u30fc\u30b8\u4ed8\u304d\u3067commit\u3059\u308b\n$ git commit -m \"\uff3bcommit\u30e1\u30c3\u30bb\u30fc\u30b8\uff3d\"\n\n\n\u30ea\u30e2\u30fc\u30c8\u300cfeature/\uff3bfeature\u30d6\u30e9\u30f3\u30c1\u540d\uff3d\u300d\u30d6\u30e9\u30f3\u30c1\u306bpush\u3059\u308b\n$ git push origin feature/\uff3bfeature\u30d6\u30e9\u30f3\u30c1\u540d\uff3d\n\n\npush\u3055\u308c\u305f\u30e1\u30c3\u30bb\u30fc\u30b8\u3092\u78ba\u8a8d\u3059\u308b\nTotal 0 (delta 0), reused 0 (delta 0)\nTo \uff3b\u30ea\u30dd\u30b8\u30c8\u30ea\u30d1\u30b9\uff3d\n * [new branch]      feature/\uff3bfeature\u30d6\u30e9\u30f3\u30c1\u540d\uff3d -> feature/\uff3bfeature\u30d6\u30e9\u30f3\u30c1\u540d\uff3d\n\n\n\u30ed\u30fc\u30ab\u30eb\u30d6\u30e9\u30f3\u30c1\u3092\u524a\u9664\u3059\u308b\n$ git branch -d feature/\uff3bfeature\u30d6\u30e9\u30f3\u30c1\u540d\uff3d\n\n\n\u30ed\u30fc\u30ab\u30eb\u304b\u3089\u30ea\u30dd\u30b8\u30c8\u30ea\u3092\u7acb\u3061\u4e0a\u3052\u308b\n\u203b \u30cd\u30c3\u30c8\u30ef\u30fc\u30af\u8a2d\u5b9a\u3084\u30a2\u30ab\u30a6\u30f3\u30c8\u306e\u6a29\u9650\u306b\u3088\u308a\u5b9f\u884c\u3067\u304d\u306a\u3044\u3053\u3068\u304c\u3042\u308b\n\n\u30ed\u30fc\u30ab\u30eb\u306e\u4f5c\u696d\u30c7\u30a3\u30ec\u30af\u30c8\u30ea\u306b\u79fb\u52d5\u3059\u308b\n$ cd /\uff3b\u4f5c\u696d\u30c7\u30a3\u30ec\u30af\u30c8\u30ea\uff3d\n\n\n\u30ea\u30dd\u30b8\u30c8\u30ea\u30c7\u30a3\u30ec\u30af\u30c8\u30ea\u3092\u4f5c\u6210\u3059\u308b\n$ mkdir \uff3b\u30ea\u30dd\u30b8\u30c8\u30ea\u30c7\u30a3\u30ec\u30af\u30c8\u30ea\u540d\uff3d\n\n\n\u30c7\u30a3\u30ec\u30af\u30c8\u30ea\u5185\u306e\u72b6\u614b\u3092\u8abf\u3079\u308b\n$ ls\n\n\n\u30ed\u30fc\u30ab\u30eb\u306b\u30ea\u30dd\u30b8\u30c8\u30ea\u30c7\u30a3\u30ec\u30af\u30c8\u30ea\u304c\u4f5c\u3089\u308c\u3066\u3044\u308b\u3053\u3068\u304c\u78ba\u8a8d\u3067\u304d\u308b\n\uff3b\u30ea\u30dd\u30b8\u30c8\u30ea\u30c7\u30a3\u30ec\u30af\u30c8\u30ea\uff3d\n\n\n\u30ea\u30dd\u30b8\u30c8\u30ea\u30c7\u30a3\u30ec\u30af\u30c8\u30ea\u306b\u79fb\u52d5\u3059\u308b\n$ cd \uff3b\u30ea\u30dd\u30b8\u30c8\u30ea\u30c7\u30a3\u30ec\u30af\u30c8\u30ea\u540d\uff3d\n\n\n\u30ea\u30dd\u30b8\u30c8\u30ea\u30c7\u30a3\u30ec\u30af\u30c8\u30ea\u3092git\u7ba1\u7406\u30c7\u30a3\u30ec\u30af\u30c8\u30ea\u306b\u8a2d\u5b9a\u3059\u308b\n$ git init\n\n\ngit init\u6210\u529f\u30e1\u30c3\u30bb\u30fc\u30b8\u304c\u8868\u793a\u3055\u308c\u308b\nInitialized empty Git repository in \uff3b\u30ed\u30fc\u30ab\u30eb.git\u30d1\u30b9\uff3d\n\n\n\u30ea\u30e2\u30fc\u30c8\u30ea\u30dd\u30b8\u30c8\u30ea\u3092\u8ffd\u52a0\u3059\u308b\n$ git remote add origin \uff3b\u30ea\u30dd\u30b8\u30c8\u30ea\u30d1\u30b9\uff3d\n\n\n\u30d5\u30a1\u30a4\u30eb\u3092\u8ffd\u52a0\u3059\u308b\n\n\u8ffd\u52a0\u3057\u305f\u30d5\u30a1\u30a4\u30eb\u3092commit\u5019\u88dc\u306b\u52a0\u3048\u308b\n$ git add *\n\n\n\u8ffd\u52a0\u30fb\u5909\u66f4\u3057\u305f\u30d5\u30a1\u30a4\u30eb\u3092commit\u30e1\u30c3\u30bb\u30fc\u30b8\u4ed8\u304d\u3067commit\u3059\u308b\n$ git commit -m \"\uff3bcommit\u30e1\u30c3\u30bb\u30fc\u30b8\uff3d\"\n\n\n\u30ea\u30e2\u30fc\u30c8\u300cmaster\u300d\u30d6\u30e9\u30f3\u30c1\u306bpush\u3059\u308b\n$ git push origin master\n\n\n\u53d6\u308a\u6d88\u3059\u30b3\u30de\u30f3\u30c9\n\nadd\u3092\u53d6\u308a\u6d88\u3059\n\n\u76f4\u8fd1\u306e1\u4ef6\u306eadd\u3092\u53d6\u308a\u6d88\u3059\n$ git reset HEAD\n\n\n\u76f4\u8fd1\u306e1\u4ef6\u306ecommit\u30fbpush\u3092\u53d6\u308a\u6d88\u3059\n\u203b\u5171\u540c\u958b\u767a\u30d6\u30e9\u30f3\u30c1\u3067\u306f\u539f\u5247\u3068\u3057\u3066\u5229\u7528\u3057\u306a\u3044\u3053\u3068\n\n\u76f4\u8fd1\u306ecommit\u306e\u5909\u66f4\u70b9\u3092\u78ba\u8a8d\u3059\u308b\n$ git diff HEAD~1\n\n\n\u5dee\u5206\u3092\u78ba\u8a8d\u3057\u53d6\u308a\u6d88\u3057\u3066\u554f\u984c\u306a\u3044\u3053\u3068\u3092\u78ba\u8a8d\u3059\u308b\ndiff --git a\uff3b\u5909\u66f4\u3055\u308c\u305f\u30d5\u30a1\u30a4\u30eb\uff3d b\uff3b\u5909\u66f4\u3055\u308c\u305f\u30d5\u30a1\u30a4\u30eb\uff3d\nindex 0f8c565..9a1e747 100755\n--- a\uff3b\u5909\u66f4\u3055\u308c\u305f\u30d5\u30a1\u30a4\u30eb\uff3d\n+++ b\uff3b\u5909\u66f4\u3055\u308c\u305f\u30d5\u30a1\u30a4\u30eb\uff3d\n@@ -2,7 +2,7 @@\n-    \uff3b\u5909\u66f4\u524d\u306e\u30b3\u30fc\u30c9\uff3d\n+    \uff3b\u5909\u66f4\u5f8c\u306e\u30b3\u30fc\u30c9\uff3d\n\n\n\u76f4\u8fd1\u306ecommit\u3092\u53d6\u308a\u6d88\u3059\n$ git reset --soft HEAD^\n\n\n\u53d6\u308a\u6d88\u3057\u305f\u72b6\u614b\u306e\u307e\u307eforce push\u3059\u308b\n$ git push origin feature/\uff3bfeature\u30d6\u30e9\u30f3\u30c1\u540d\uff3d -f\n\n\npush\u30e1\u30c3\u30bb\u30fc\u30b8\u3067push\u6210\u529f\u3092\u78ba\u8a8d\u3059\u308b\nTotal 0 (delta 0), reused 0 (delta 0)\nTo \uff3b\u30ea\u30dd\u30b8\u30c8\u30ea\u30d1\u30b9\uff3d\n + 8559c29...8647645 feature/\uff3bfeature\u30d6\u30e9\u30f3\u30c1\u540d\uff3d -> feature/\uff3bfeature\u30d6\u30e9\u30f3\u30c1\u540d\uff3d (forced update)\n\n\n\u53d6\u308a\u6d88\u3057\u304c\u6210\u529f\u3057\u305f\u304b\u3069\u3046\u304b\u30ed\u30fc\u30ab\u30eb\u30ab\u30ec\u30f3\u30c8\u30d6\u30e9\u30f3\u30c1\u306e\u72b6\u614b\u3092\u78ba\u8a8d\u3059\u308b\n$ git status\n\n\ncommit\u524d\u306e\u72b6\u614b\u306b\u623b\u3063\u3066\u3044\u308b\u3053\u3068\u304c\u78ba\u8a8d\u3067\u304d\u308b\nOn branch feature/git_command\nChanges to be committed:\n  (use \"git reset HEAD <file>...\" to unstage)\n\n    modified:   \uff3b\u5909\u66f4\u3057\u305f\u30d5\u30a1\u30a4\u30eb\uff0f\u30c7\u30a3\u30ec\u30af\u30c8\u30ea\uff3d\n\n\n\u76f4\u8fd1\u306e\u8907\u6570\u4ef6\u306ecommit\u30fbpush\u3092\u53d6\u308a\u6d88\u3059\n\u203b\u5171\u540c\u958b\u767a\u30d6\u30e9\u30f3\u30c1\u3067\u306f\u539f\u5247\u3068\u3057\u3066\u5229\u7528\u3057\u306a\u3044\u3053\u3068\n\ncommit\u5c65\u6b74\u3092\u78ba\u8a8d\u3059\u308b\n$ git log\n\n\ncommit\u5c65\u6b74\u3092\u78ba\u8a8d\u3059\u308b\ncommit a34e43548f821f24f213535e9ab300af991a6704\nAuthor: \uff3bAuthor ID\uff3d\nDate:   Thu Sep 10 15:48:30 2015 +0900\n\n    \uff3bcommit\u30e1\u30c3\u30bb\u30fc\u30b8\uff3d\n\ncommit 864764514e0ffd09bbd85e0734d9aa17dc509f9d\nAuthor: \uff3bAuthor ID\uff3d\nDate:   Thu Sep 10 15:15:01 2015 +0900\n\n    \uff3bcommit\u30e1\u30c3\u30bb\u30fc\u30b8\uff3d\n\ncommit 6da92864059a8287888f2abbe6740544927eb2ac\nAuthor: \uff3bAuthor ID\uff3d\nDate:   Thu Sep 10 11:39:21 2015 +0900\n\n    \uff3bcommit\u30e1\u30c3\u30bb\u30fc\u30b8\uff3d\n\u30fb\n\u30fb\n\u30fb\n\n\n\u76f4\u8fd1\u306e3\u4ef6\u5206\u3092\u53d6\u308a\u6d88\u3057\uff084\u4ef6\u524d\u306e\u72b6\u614b\u306b\u306a\u308b\uff09\u305f\u5834\u5408\u306e\u5f71\u97ff\u7bc4\u56f2\u3092\u78ba\u8a8d\u3059\u308b\n$ git diff HEAD~3\n\n\n\u76f4\u8fd13\u4ef6\u306ecommit\u3092\u53d6\u308a\u6d88\u3059\uff084\u4ef6\u524d\u306e\u72b6\u614b\u306b\u306a\u308b\uff09\n$ git reset --soft HEAD~3\n\n\n\u53d6\u308a\u6d88\u3057\u305f\u72b6\u614b\u306e\u307e\u307eforce push\u3059\u308b\n$ git push origin feature/\uff3bfeature\u30d6\u30e9\u30f3\u30c1\u540d\uff3d -f\n\n\n\u53d6\u308a\u6d88\u3057\u304c\u6210\u529f\u3057\u305f\u304b\u3069\u3046\u304b\u30ed\u30fc\u30ab\u30eb\u30ab\u30ec\u30f3\u30c8\u30d6\u30e9\u30f3\u30c1\u306e\u72b6\u614b\u3092\u78ba\u8a8d\u3059\u308b\n$ git status\n\n\n\u3053\u306e\u72b6\u614b\u3067commit\u30fbpush\u3059\u308b\u3068\u30013\u4ef6\u5b58\u5728\u3057\u3066\u3044\u305fcommit\u30921\u4ef6\u306b\u307e\u3068\u3081\u308b\u3053\u3068\u304c\u3067\u304d\u308b\n$ git commit -m \"\uff3bcommit\u30e1\u30c3\u30bb\u30fc\u30b8\uff3d\"\n$ git push origin feature/\uff3bfeature\u30d6\u30e9\u30f3\u30c1\u540d\uff3d\n\n\n\u53d6\u308a\u8fbc\u3080\u30b3\u30de\u30f3\u30c9\n\n\u4ed6\u306e\u30d6\u30e9\u30f3\u30c1\u306e\u30d0\u30fc\u30b8\u30e7\u30f3\u3092\u53d6\u308a\u8fbc\u3080\n\n\u300cdevelop\u300d\u30d6\u30e9\u30f3\u30c1\u3092pull --rebase\u3059\u308b\n$ git pull --rebase origin develop\n\n\u3000\n\n\n# \u958b\u767a\u624b\u9806\u306b\u6cbf\u3063\u3066\u89e3\u8aac\u3059\u308bgit\u30b3\u30de\u30f3\u30c9\u64cd\u4f5c\n\n\n## \u901a\u5e38\u306e\u958b\u767a\u624b\u9806\n\n#### \u30ed\u30fc\u30ab\u30eb\u306e\u4f5c\u696d\u30c7\u30a3\u30ec\u30af\u30c8\u30ea\u306b\u79fb\u52d5\u3059\u308b\n\n    $ cd \uff3b\u4f5c\u696d\u30c7\u30a3\u30ec\u30af\u30c8\u30ea\u30d1\u30b9\uff3d\n\n#### \u30ea\u30e2\u30fc\u30c8\u30ea\u30dd\u30b8\u30c8\u30ea\u3092\u30ed\u30fc\u30ab\u30eb\u306b\u30af\u30ed\u30fc\u30f3\u3059\u308b\n\n    $ git clone \uff3b\u30ea\u30dd\u30b8\u30c8\u30ea\u30d1\u30b9\uff3d\n\n#### \u30c7\u30a3\u30ec\u30af\u30c8\u30ea\u5185\u306e\u72b6\u614b\u3092\u8abf\u3079\u308b\n\n    $ ls\n\n#### \u30ed\u30fc\u30ab\u30eb\u306b\u30ea\u30dd\u30b8\u30c8\u30ea\u30c7\u30a3\u30ec\u30af\u30c8\u30ea\u304c\u4f5c\u3089\u308c\u3066\u3044\u308b\u3053\u3068\u304c\u78ba\u8a8d\u3067\u304d\u308b\n\n    \uff3b\u30ea\u30dd\u30b8\u30c8\u30ea\u30c7\u30a3\u30ec\u30af\u30c8\u30ea\uff3d\n\n#### \u30ea\u30dd\u30b8\u30c8\u30ea\u30c7\u30a3\u30ec\u30af\u30c8\u30ea\u306b\u79fb\u52d5\u3059\u308b\n\n    $ cd \uff3b\u30ea\u30dd\u30b8\u30c8\u30ea\u30c7\u30a3\u30ec\u30af\u30c8\u30ea\u540d\uff3d\n\n#### \u5168\u30d6\u30e9\u30f3\u30c1\u3092\u4e00\u89a7\u8868\u793a\u3057\u3066\u78ba\u8a8d\u3059\u308b\n\n    $ git branch -a\n\n#### \u300cdevelop\u300d\u304c\u30ed\u30fc\u30ab\u30eb\u30ab\u30ec\u30f3\u30c8\u30d6\u30e9\u30f3\u30c1\u306b\u306a\u3063\u3066\u3044\u308b\u3053\u3068\u3092\u78ba\u8a8d\u3059\u308b\n\n    * develop\n      master\n      remotes/origin/develop\n      remotes/origin/master\n\n#### \u4e0a\u8a18\u306e\u3088\u3046\u306b\u306a\u3063\u3066\u3044\u306a\u3044\u5834\u5408\u300cdevelop\u300d\u3092\u30ed\u30fc\u30ab\u30eb\u30ab\u30ec\u30f3\u30c8\u30d6\u30e9\u30f3\u30c1\u306b\u3059\u308b\n\n    $ git checkout develop\n\n#### \u30ed\u30fc\u30ab\u30eb\u30ab\u30ec\u30f3\u30c8\u30d6\u30e9\u30f3\u30c1\u300cdevelop\u300d\u304b\u3089\u958b\u767a\u30d6\u30e9\u30f3\u30c1\u300cfeature/\uff3bfeature\u30d6\u30e9\u30f3\u30c1\u540d\uff3d\u300d\u3092\u4f5c\u6210\u3059\u308b\n\n    $ git checkout -b feature/\uff3bfeature\u30d6\u30e9\u30f3\u30c1\u540d\uff3d\n\n#### \u30d6\u30e9\u30f3\u30c1\u304c\u4f5c\u6210\u3055\u308c\u305f\u30e1\u30c3\u30bb\u30fc\u30b8\u3092\u78ba\u8a8d\u3059\u308b\n\n    Switched to a new branch 'feature/\uff3bfeature\u30d6\u30e9\u30f3\u30c1\u540d\uff3d'\n\n#### \u518d\u5ea6\u30d6\u30e9\u30f3\u30c1\u3092\u4e00\u89a7\u8868\u793a\u3057\u3066\u78ba\u8a8d\u3059\u308b\n\n    $ git branch -a\n\n#### \u958b\u767a\u30d6\u30e9\u30f3\u30c1\u300cfeature/\uff3bfeature\u30d6\u30e9\u30f3\u30c1\u540d\uff3d\u300d\u304c\u30ab\u30ec\u30f3\u30c8\u306b\u306a\u3063\u3066\u3044\u308b\u3053\u3068\u304c\u78ba\u8a8d\u3067\u304d\u308b\n\n      develop\n    * feature/\uff3bfeature\u30d6\u30e9\u30f3\u30c1\u540d\uff3d\n      master\n      remotes/origin/develop\n      remotes/origin/master\n\n#### \u958b\u767a\u3059\u308b\n\n\u2193\n\n#### \u958b\u767a\u30d6\u30e9\u30f3\u30c1\u306e\u5dee\u5206\u3092\u78ba\u8a8d\u3059\u308b\n\n    $ git status\n\n#### \u5909\u66f4\u3057\u305f\u90e8\u5206\u3068\u8ffd\u52a0\u3057\u305f\u30d5\u30a1\u30a4\u30eb\u304c\u904e\u4e0d\u8db3\u306a\u304f\u8868\u793a\u3055\u308c\u308b\u3053\u3068\u3092\u78ba\u8a8d\u3059\u308b\n\n    On branch feature/\uff3bfeature\u30d6\u30e9\u30f3\u30c1\u540d\uff3d\n    Changes not staged for commit:\n      (use \"git add <file>...\" to update what will be committed)\n      (use \"git checkout -- <file>...\" to discard changes in working directory)\n    \n    \tmodified:   \uff3b\u5909\u66f4\u3057\u305f\u30d5\u30a1\u30a4\u30eb\uff0f\u30c7\u30a3\u30ec\u30af\u30c8\u30ea\uff3d\n    \n    Untracked files:\n      (use \"git add <file>...\" to include in what will be committed)\n    \n    \t\uff3b\u8ffd\u52a0\u3057\u305f\u30d5\u30a1\u30a4\u30eb\uff0f\u30c7\u30a3\u30ec\u30af\u30c8\u30ea\uff3d\n\n#### \u8ffd\u52a0\u30fb\u5909\u66f4\u3057\u305f\u30d5\u30a1\u30a4\u30eb\u3092commit\u5019\u88dc\u306b\u52a0\u3048\u308b\n\n    $ git add *\n\n#### \u307e\u305f\u306f\u8ffd\u52a0\u30fb\u5909\u66f4\u3057\u305f\u30d5\u30a1\u30a4\u30eb\u306e\u4e00\u90e8\u3092commit\u5019\u88dc\u306b\u52a0\u3048\u308b\n\n    $ git add \uff3b\u5019\u88dc\u306b\u52a0\u3048\u305f\u3044\u30d5\u30a1\u30a4\u30eb\uff0f\u30c7\u30a3\u30ec\u30af\u30c8\u30ea\uff3d\n\n#### \u958b\u767a\u30d6\u30e9\u30f3\u30c1\u306e\u72b6\u614b\u3092\u518d\u5ea6\u78ba\u8a8d\u3059\u308b\n\n    $ git status\n\n#### add\u51e6\u7406\u3057\u305f\u8ffd\u52a0\u30fb\u5909\u66f4\u30d5\u30a1\u30a4\u30eb\u304ccommit\u30ea\u30b9\u30c8\u306b\u3066\u78ba\u8a8d\u3067\u304d\u308b\n\n    On branch feature/\uff3bfeature\u30d6\u30e9\u30f3\u30c1\u540d\uff3d\n    Changes to be committed:\n      (use \"git reset HEAD <file>...\" to unstage)\n    \n    \tmodified:   \uff3b\u8ffd\u52a0\u3057\u305f\u30d5\u30a1\u30a4\u30eb\uff3d\n    \tmodified:   \uff3b\u8ffd\u52a0\u3057\u305f\u30d5\u30a1\u30a4\u30eb\uff3d\n    \tmodified:   \uff3b\u8ffd\u52a0\u3057\u305f\u30d5\u30a1\u30a4\u30eb\uff3d\n    \tnew file:   \uff3b\u5909\u66f4\u3057\u305f\u30d5\u30a1\u30a4\u30eb\uff3d\n    \tnew file:   \uff3b\u5909\u66f4\u3057\u305f\u30d5\u30a1\u30a4\u30eb\uff3d\n\n#### \u8ffd\u52a0\u30fb\u5909\u66f4\u3057\u305f\u30d5\u30a1\u30a4\u30eb\u3092commit\u30e1\u30c3\u30bb\u30fc\u30b8\u4ed8\u304d\u3067commit\u3059\u308b\n\n    $ git commit -m \"\uff3bcommit\u30e1\u30c3\u30bb\u30fc\u30b8\uff3d\"\n\n#### \u30ea\u30e2\u30fc\u30c8\u300cfeature/\uff3bfeature\u30d6\u30e9\u30f3\u30c1\u540d\uff3d\u300d\u30d6\u30e9\u30f3\u30c1\u306bpush\u3059\u308b\n\n    $ git push origin feature/\uff3bfeature\u30d6\u30e9\u30f3\u30c1\u540d\uff3d\n\n#### push\u3055\u308c\u305f\u30e1\u30c3\u30bb\u30fc\u30b8\u3092\u78ba\u8a8d\u3059\u308b\n\n    Total 0 (delta 0), reused 0 (delta 0)\n    To \uff3b\u30ea\u30dd\u30b8\u30c8\u30ea\u30d1\u30b9\uff3d\n     * [new branch]      feature/\uff3bfeature\u30d6\u30e9\u30f3\u30c1\u540d\uff3d -> feature/\uff3bfeature\u30d6\u30e9\u30f3\u30c1\u540d\uff3d\n\n#### \u30ed\u30fc\u30ab\u30eb\u30d6\u30e9\u30f3\u30c1\u3092\u524a\u9664\u3059\u308b\n\n    $ git branch -d feature/\uff3bfeature\u30d6\u30e9\u30f3\u30c1\u540d\uff3d\n\n\n\n\n## \u30ed\u30fc\u30ab\u30eb\u304b\u3089\u30ea\u30dd\u30b8\u30c8\u30ea\u3092\u7acb\u3061\u4e0a\u3052\u308b\n\n\u203b \u30cd\u30c3\u30c8\u30ef\u30fc\u30af\u8a2d\u5b9a\u3084\u30a2\u30ab\u30a6\u30f3\u30c8\u306e\u6a29\u9650\u306b\u3088\u308a\u5b9f\u884c\u3067\u304d\u306a\u3044\u3053\u3068\u304c\u3042\u308b\n\n#### \u30ed\u30fc\u30ab\u30eb\u306e\u4f5c\u696d\u30c7\u30a3\u30ec\u30af\u30c8\u30ea\u306b\u79fb\u52d5\u3059\u308b\n\n    $ cd /\uff3b\u4f5c\u696d\u30c7\u30a3\u30ec\u30af\u30c8\u30ea\uff3d\n\n#### \u30ea\u30dd\u30b8\u30c8\u30ea\u30c7\u30a3\u30ec\u30af\u30c8\u30ea\u3092\u4f5c\u6210\u3059\u308b\n\n    $ mkdir \uff3b\u30ea\u30dd\u30b8\u30c8\u30ea\u30c7\u30a3\u30ec\u30af\u30c8\u30ea\u540d\uff3d\n\n#### \u30c7\u30a3\u30ec\u30af\u30c8\u30ea\u5185\u306e\u72b6\u614b\u3092\u8abf\u3079\u308b\n\n    $ ls\n\n#### \u30ed\u30fc\u30ab\u30eb\u306b\u30ea\u30dd\u30b8\u30c8\u30ea\u30c7\u30a3\u30ec\u30af\u30c8\u30ea\u304c\u4f5c\u3089\u308c\u3066\u3044\u308b\u3053\u3068\u304c\u78ba\u8a8d\u3067\u304d\u308b\n\n    \uff3b\u30ea\u30dd\u30b8\u30c8\u30ea\u30c7\u30a3\u30ec\u30af\u30c8\u30ea\uff3d\n\n#### \u30ea\u30dd\u30b8\u30c8\u30ea\u30c7\u30a3\u30ec\u30af\u30c8\u30ea\u306b\u79fb\u52d5\u3059\u308b\n\n    $ cd \uff3b\u30ea\u30dd\u30b8\u30c8\u30ea\u30c7\u30a3\u30ec\u30af\u30c8\u30ea\u540d\uff3d\n\n#### \u30ea\u30dd\u30b8\u30c8\u30ea\u30c7\u30a3\u30ec\u30af\u30c8\u30ea\u3092git\u7ba1\u7406\u30c7\u30a3\u30ec\u30af\u30c8\u30ea\u306b\u8a2d\u5b9a\u3059\u308b\n\n    $ git init\n\n#### git init\u6210\u529f\u30e1\u30c3\u30bb\u30fc\u30b8\u304c\u8868\u793a\u3055\u308c\u308b\n\n    Initialized empty Git repository in \uff3b\u30ed\u30fc\u30ab\u30eb.git\u30d1\u30b9\uff3d\n\n#### \u30ea\u30e2\u30fc\u30c8\u30ea\u30dd\u30b8\u30c8\u30ea\u3092\u8ffd\u52a0\u3059\u308b\n\n    $ git remote add origin \uff3b\u30ea\u30dd\u30b8\u30c8\u30ea\u30d1\u30b9\uff3d\n\n#### \u30d5\u30a1\u30a4\u30eb\u3092\u8ffd\u52a0\u3059\u308b\n\n#### \u8ffd\u52a0\u3057\u305f\u30d5\u30a1\u30a4\u30eb\u3092commit\u5019\u88dc\u306b\u52a0\u3048\u308b\n\n    $ git add *\n\n#### \u8ffd\u52a0\u30fb\u5909\u66f4\u3057\u305f\u30d5\u30a1\u30a4\u30eb\u3092commit\u30e1\u30c3\u30bb\u30fc\u30b8\u4ed8\u304d\u3067commit\u3059\u308b\n\n    $ git commit -m \"\uff3bcommit\u30e1\u30c3\u30bb\u30fc\u30b8\uff3d\"\n\n#### \u30ea\u30e2\u30fc\u30c8\u300cmaster\u300d\u30d6\u30e9\u30f3\u30c1\u306bpush\u3059\u308b\n\n    $ git push origin master\n\n\n\n\n\n# \u53d6\u308a\u6d88\u3059\u30b3\u30de\u30f3\u30c9\n\n## add\u3092\u53d6\u308a\u6d88\u3059\n\n#### \u76f4\u8fd1\u306e1\u4ef6\u306eadd\u3092\u53d6\u308a\u6d88\u3059\n\n    $ git reset HEAD\n\n\n\n\n## \u76f4\u8fd1\u306e1\u4ef6\u306ecommit\u30fbpush\u3092\u53d6\u308a\u6d88\u3059\n\n\u203b\u5171\u540c\u958b\u767a\u30d6\u30e9\u30f3\u30c1\u3067\u306f\u539f\u5247\u3068\u3057\u3066\u5229\u7528\u3057\u306a\u3044\u3053\u3068\n\n#### \u76f4\u8fd1\u306ecommit\u306e\u5909\u66f4\u70b9\u3092\u78ba\u8a8d\u3059\u308b\n\n    $ git diff HEAD~1\n\n#### \u5dee\u5206\u3092\u78ba\u8a8d\u3057\u53d6\u308a\u6d88\u3057\u3066\u554f\u984c\u306a\u3044\u3053\u3068\u3092\u78ba\u8a8d\u3059\u308b\n\n    diff --git a\uff3b\u5909\u66f4\u3055\u308c\u305f\u30d5\u30a1\u30a4\u30eb\uff3d b\uff3b\u5909\u66f4\u3055\u308c\u305f\u30d5\u30a1\u30a4\u30eb\uff3d\n    index 0f8c565..9a1e747 100755\n    --- a\uff3b\u5909\u66f4\u3055\u308c\u305f\u30d5\u30a1\u30a4\u30eb\uff3d\n    +++ b\uff3b\u5909\u66f4\u3055\u308c\u305f\u30d5\u30a1\u30a4\u30eb\uff3d\n    @@ -2,7 +2,7 @@\n    -    \uff3b\u5909\u66f4\u524d\u306e\u30b3\u30fc\u30c9\uff3d\n    +    \uff3b\u5909\u66f4\u5f8c\u306e\u30b3\u30fc\u30c9\uff3d\n\n#### \u76f4\u8fd1\u306ecommit\u3092\u53d6\u308a\u6d88\u3059\n\n    $ git reset --soft HEAD^\n\n#### \u53d6\u308a\u6d88\u3057\u305f\u72b6\u614b\u306e\u307e\u307eforce push\u3059\u308b\n\n    $ git push origin feature/\uff3bfeature\u30d6\u30e9\u30f3\u30c1\u540d\uff3d -f\n\n#### push\u30e1\u30c3\u30bb\u30fc\u30b8\u3067push\u6210\u529f\u3092\u78ba\u8a8d\u3059\u308b\n\n    Total 0 (delta 0), reused 0 (delta 0)\n    To \uff3b\u30ea\u30dd\u30b8\u30c8\u30ea\u30d1\u30b9\uff3d\n     + 8559c29...8647645 feature/\uff3bfeature\u30d6\u30e9\u30f3\u30c1\u540d\uff3d -> feature/\uff3bfeature\u30d6\u30e9\u30f3\u30c1\u540d\uff3d (forced update)\n\n#### \u53d6\u308a\u6d88\u3057\u304c\u6210\u529f\u3057\u305f\u304b\u3069\u3046\u304b\u30ed\u30fc\u30ab\u30eb\u30ab\u30ec\u30f3\u30c8\u30d6\u30e9\u30f3\u30c1\u306e\u72b6\u614b\u3092\u78ba\u8a8d\u3059\u308b\n\n    $ git status\n\n#### commit\u524d\u306e\u72b6\u614b\u306b\u623b\u3063\u3066\u3044\u308b\u3053\u3068\u304c\u78ba\u8a8d\u3067\u304d\u308b\n\n    On branch feature/git_command\n    Changes to be committed:\n      (use \"git reset HEAD <file>...\" to unstage)\n    \n    \tmodified:   \uff3b\u5909\u66f4\u3057\u305f\u30d5\u30a1\u30a4\u30eb\uff0f\u30c7\u30a3\u30ec\u30af\u30c8\u30ea\uff3d\n\n\n\n\n## \u76f4\u8fd1\u306e\u8907\u6570\u4ef6\u306ecommit\u30fbpush\u3092\u53d6\u308a\u6d88\u3059\n\n\u203b\u5171\u540c\u958b\u767a\u30d6\u30e9\u30f3\u30c1\u3067\u306f\u539f\u5247\u3068\u3057\u3066\u5229\u7528\u3057\u306a\u3044\u3053\u3068\n\n#### commit\u5c65\u6b74\u3092\u78ba\u8a8d\u3059\u308b\n\n    $ git log\n\n#### commit\u5c65\u6b74\u3092\u78ba\u8a8d\u3059\u308b\n\n    commit a34e43548f821f24f213535e9ab300af991a6704\n    Author: \uff3bAuthor ID\uff3d\n    Date:   Thu Sep 10 15:48:30 2015 +0900\n    \n        \uff3bcommit\u30e1\u30c3\u30bb\u30fc\u30b8\uff3d\n    \n    commit 864764514e0ffd09bbd85e0734d9aa17dc509f9d\n    Author: \uff3bAuthor ID\uff3d\n    Date:   Thu Sep 10 15:15:01 2015 +0900\n    \n        \uff3bcommit\u30e1\u30c3\u30bb\u30fc\u30b8\uff3d\n    \n    commit 6da92864059a8287888f2abbe6740544927eb2ac\n    Author: \uff3bAuthor ID\uff3d\n    Date:   Thu Sep 10 11:39:21 2015 +0900\n    \n        \uff3bcommit\u30e1\u30c3\u30bb\u30fc\u30b8\uff3d\n    \u30fb\n    \u30fb\n    \u30fb\n\n#### \u76f4\u8fd1\u306e3\u4ef6\u5206\u3092\u53d6\u308a\u6d88\u3057\uff084\u4ef6\u524d\u306e\u72b6\u614b\u306b\u306a\u308b\uff09\u305f\u5834\u5408\u306e\u5f71\u97ff\u7bc4\u56f2\u3092\u78ba\u8a8d\u3059\u308b\n\n    $ git diff HEAD~3\n\n#### \u76f4\u8fd13\u4ef6\u306ecommit\u3092\u53d6\u308a\u6d88\u3059\uff084\u4ef6\u524d\u306e\u72b6\u614b\u306b\u306a\u308b\uff09\n\n    $ git reset --soft HEAD~3\n\n#### \u53d6\u308a\u6d88\u3057\u305f\u72b6\u614b\u306e\u307e\u307eforce push\u3059\u308b\n\n    $ git push origin feature/\uff3bfeature\u30d6\u30e9\u30f3\u30c1\u540d\uff3d -f\n\n#### \u53d6\u308a\u6d88\u3057\u304c\u6210\u529f\u3057\u305f\u304b\u3069\u3046\u304b\u30ed\u30fc\u30ab\u30eb\u30ab\u30ec\u30f3\u30c8\u30d6\u30e9\u30f3\u30c1\u306e\u72b6\u614b\u3092\u78ba\u8a8d\u3059\u308b\n\n    $ git status\n\n#### \u3053\u306e\u72b6\u614b\u3067commit\u30fbpush\u3059\u308b\u3068\u30013\u4ef6\u5b58\u5728\u3057\u3066\u3044\u305fcommit\u30921\u4ef6\u306b\u307e\u3068\u3081\u308b\u3053\u3068\u304c\u3067\u304d\u308b\n\n    $ git commit -m \"\uff3bcommit\u30e1\u30c3\u30bb\u30fc\u30b8\uff3d\"\n    $ git push origin feature/\uff3bfeature\u30d6\u30e9\u30f3\u30c1\u540d\uff3d\n\n\n\n\n\n# \u53d6\u308a\u8fbc\u3080\u30b3\u30de\u30f3\u30c9\n\n## \u4ed6\u306e\u30d6\u30e9\u30f3\u30c1\u306e\u30d0\u30fc\u30b8\u30e7\u30f3\u3092\u53d6\u308a\u8fbc\u3080\n\n#### \u300cdevelop\u300d\u30d6\u30e9\u30f3\u30c1\u3092pull --rebase\u3059\u308b\n\n    $ git pull --rebase origin develop\n\n\n\n\n\n\u3000\n\n", "tags": ["\u30b3\u30de\u30f3\u30c9", "Git", "GitHub", "GitLab"]}