{"context": " More than 1 year has passed since last update.\n\n\u30ea\u30e2\u30fc\u30c8\u304b\u3089\u30d6\u30e9\u30f3\u30c1\u3092\u3068\u3063\u3066\u304f\u308b \uff08pull\u3057\u305f\u3044\u3063\u3066\u601d\u3063\u305f\u6642\uff09\nhttp://stackoverflow.com/questions/1709177/git-pull-certain-branch-from-github\npull\u3058\u3083\u306a\u304f\u3066fetch\u4f7f\u3063\u3066\u304b\u3089merge\u3057\u3088\u3046\u306d\u3002\n% git fetch origin <REMOTE_BRANCH_NAME>\n\n% git checkout -b <LOCAL_BRANCH_NAME>\n\n% git merge FETCH_HEAD\n\n\n\u73fe\u30d0\u30fc\u30b8\u30e7\u30f3\u3092\u30ea\u30ea\u30fc\u30b9\u3057\u305f\u6bb5\u968e\u3067\u30d0\u30fc\u30b8\u30e7\u30f3\u306etag\u3092\u5207\u308b\n\u304a\u3082\u3080\u308d\u306b\u3001\u30ed\u30fc\u30ab\u30eb\u306b\u3042\u308btag\u4e00\u89a7\u3092\u53d6\u5f97\u3002\n$ git tag \n\n\u30ea\u30e2\u30fc\u30c8\u304b\u3089\u6700\u65b0\u306etag\u3092\u3068\u3063\u3066\u304f\u308b\u3002\n$ git pull --tags \n\n\u73fe\u30d0\u30fc\u30b8\u30e7\u30f3\u306etag\u3064\u3051\u3066\u3084\u308b\n$ git tag -a <VERSION_NUM> \n\n\u30e1\u30c3\u30bb\u30fc\u30b8\u3092\u8a18\u5165\u3057\u3066\u3001\u30ea\u30e2\u30fc\u30c8\u306b\u30d7\u30c3\u30b7\u30e5\u3059\u308b\u3002\n$ git push --tags\n\n\n\u4ee5\u524d\u306e\u30d0\u30fc\u30b8\u30e7\u30f3\u306etag\u304b\u3089\u30d6\u30e9\u30f3\u30c1\u3092\u5207\u308b\n\u304a\u3082\u3080\u308d\u306b\u3001tag\u3092\u6307\u5b9a\u3057\u3066checkout\n$ git checkout <VERSION_NUM> \n\n\u30d6\u30e9\u30f3\u30c1\u306b\u5c5e\u3055\u306a\u304f\u306a\u308b\u306e\u3067\u3001\u305d\u3053\u304b\u3089\u65b0\u305f\u306b\u30d6\u30e9\u30f3\u30c1\u3092\u5207\u308b\n$ git checkout -b <BRANCH_NAME>\n\n\ntag\u3092\u9593\u9055\u3048\u3066\u3064\u3051\u3066\u3057\u307e\u3063\u305f\u5834\u5408\u306etag\u306e\u5207\u308a\u76f4\u3057\u65b9\n\u30ed\u30fc\u30ab\u30eb\u306etag\u3092\u524a\u9664\n$ git tag -d <WRONG_VERSION_NUM>\n\n\u30ea\u30e2\u30fc\u30c8\u306etag\u3092\u7a7a\u306etag\uff08\u5b58\u5728\u3057\u306a\u3044tag\uff09\u3067\u4e0a\u66f8\u304d\u3059\u308b\u3088\u3046\u306b\u524a\u9664\u3002\n$ git push origin :refs/tags/<WRONG_VERSION_NUM>\n\n\u6b63\u3057\u3044\u30d0\u30fc\u30b8\u30e7\u30f3\u306etag\u3064\u3051\u3066\u3084\u308b\n$ git tag -a <CORRECT_VERSION_NUM> \n\n\u30e1\u30c3\u30bb\u30fc\u30b8\u3092\u8a18\u5165\u3057\u3066\u3001\u30ea\u30e2\u30fc\u30c8\u306b\u30d7\u30c3\u30b7\u30e5\u3059\u308b\u3002\n$ git push --tags\n\n\n\u30d0\u30fc\u30b8\u30e7\u30f3\u30a2\u30c3\u30d7\u5f8c\u306e\u30bf\u30b0\u306e\u66f4\u65b0\u3067[rejected]\n\u8ffd\u52a0\u3057\u305f\u30bf\u30b0\u3092\u66f4\u65b0\u3057\u3088\u3046\u3068\u3057\u305f\u3089\n$ git push --tags\n\n\u6012\u3089\u308c\u305f\u3002\nerror: failed to push some refs to <REMOTE_REPO_NAME>\nhint: Updates were rejected because a pushed branch tip is behind its remote\nhint: counterpart. Check out this branch and merge the remote changes\nhint: (e.g. 'git pull') before pushing again.\nhint: See the 'Note about fast-forwards' in 'git push --help' for details.\n\n\u4e00\u65e6\u3001\u30ea\u30e2\u30fc\u30c8\u304b\u3089\u30bf\u30b0\u3092\u3068\u3063\u3066\u304d\u3066\u3001\n$ git pull --tags\n\n\u3082\u3046\u4e00\u5ea6push\u3092\u3053\u3053\u308d\u307f\u308b\n$ git push --tags\nEverything up-to-date\n\n\u3046\u307e\u304f\u3044\u3063\u305f\u307f\u305f\u3044\u3002\ngit pull --tags \u3059\u308b\u3068\u304d\u306b\u4e0b\u8a18\u306e\u30e1\u30c3\u30bb\u30fc\u30b8\u304c\u51fa\u305f\u3002\nFetching tags only, you probably meant:\n  git fetch --tags\n\nfetch\u3060\u3051\u3067\u3082\u3044\u3044\u306e\u304b\u3082\u3002\n\nmerge\u3092\u9014\u4e2d\u3067\u3084\u3081\u308b\n$ git merge --abort\n\ngit status\n\nmerge\u9014\u4e2d\u306e\u30d5\u30a1\u30a4\u30eb\u304c\u6b8b\u3063\u3066\u3044\u305f\u3089\u3001\ngit clean -f\n\n\nsubmodule\u306e\u5909\u66f4\u306a\u3069\u3092\u7834\u68c4\u3059\u308b\n\u3044\u3058\u3063\u305f\u899a\u3048\u304c\u306a\u3044\u3051\u3069\u30ed\u30fc\u30ab\u30eb\u3067\u5909\u66f4\u3055\u305b\u3066\u3057\u307e\u3063\u305f\u307f\u305f\u3044\u3002\n$ git status\n# On branch develop\n# Changes not staged for commit:\n#   (use \"git add <file>...\" to update what will be committed)\n#   (use \"git checkout -- <file>...\" to discard changes in working directory)\n#   (commit or discard the untracked or modified content in submodules)\n#\n#   modified:   app/Submodules/<SUBMODULE_DIR> (modified content)\n#\nno changes added to commit (use \"git add\" and/or \"git commit -a\")\n\n\u666e\u901a\u306b\u3001\n$ git checkout app/Submodules/<SUBMODULE_DIR> \n\n\u3068\u3057\u3066\u3082\u3046\u307e\u304f\u7834\u68c4\u3055\u308c\u306a\u304b\u3063\u305f\u306e\u3067\u3001\n$ cd app/Submodules/<SUBMODULE_DIR>\n\n\u4e00\u65e6\u30c7\u30a3\u30ec\u30af\u30c8\u30ea\u307e\u3067\u79fb\u52d5\u3057\u3066\u304b\u3089\n\u3053\u306e\u30c7\u30a3\u30ec\u30af\u30c8\u30ea\u4ee5\u4e0b\u3092checkout\u3059\u308b\u3002\n$ git checkout .\n\n\u3053\u308c\u3067\u78ba\u8a8d\u3057\u3066\u307f\u308b\u3068\u3001\n$ git status\n# Not currently on any branch.\nnothing to commit (working directory clean)\n\n\u3059\u3063\u304d\u308a\u3002\n\n## \u30ea\u30e2\u30fc\u30c8\u304b\u3089\u30d6\u30e9\u30f3\u30c1\u3092\u3068\u3063\u3066\u304f\u308b \uff08pull\u3057\u305f\u3044\u3063\u3066\u601d\u3063\u305f\u6642\uff09\nhttp://stackoverflow.com/questions/1709177/git-pull-certain-branch-from-github\n\npull\u3058\u3083\u306a\u304f\u3066fetch\u4f7f\u3063\u3066\u304b\u3089merge\u3057\u3088\u3046\u306d\u3002\n\n```\n% git fetch origin <REMOTE_BRANCH_NAME>\n```\n\n```\n% git checkout -b <LOCAL_BRANCH_NAME>\n```\n```\n% git merge FETCH_HEAD\n```\n\n\n## \u73fe\u30d0\u30fc\u30b8\u30e7\u30f3\u3092\u30ea\u30ea\u30fc\u30b9\u3057\u305f\u6bb5\u968e\u3067\u30d0\u30fc\u30b8\u30e7\u30f3\u306etag\u3092\u5207\u308b\n\u304a\u3082\u3080\u308d\u306b\u3001\u30ed\u30fc\u30ab\u30eb\u306b\u3042\u308btag\u4e00\u89a7\u3092\u53d6\u5f97\u3002\n\n```\n$ git tag \n```\n\n\u30ea\u30e2\u30fc\u30c8\u304b\u3089\u6700\u65b0\u306etag\u3092\u3068\u3063\u3066\u304f\u308b\u3002\n\n```\n$ git pull --tags \n```\n\n\u73fe\u30d0\u30fc\u30b8\u30e7\u30f3\u306etag\u3064\u3051\u3066\u3084\u308b\n\n```\n$ git tag -a <VERSION_NUM> \n```\n\n\u30e1\u30c3\u30bb\u30fc\u30b8\u3092\u8a18\u5165\u3057\u3066\u3001\u30ea\u30e2\u30fc\u30c8\u306b\u30d7\u30c3\u30b7\u30e5\u3059\u308b\u3002\n\n```\n$ git push --tags\n```\n\n\n\n## \u4ee5\u524d\u306e\u30d0\u30fc\u30b8\u30e7\u30f3\u306etag\u304b\u3089\u30d6\u30e9\u30f3\u30c1\u3092\u5207\u308b\n\u304a\u3082\u3080\u308d\u306b\u3001tag\u3092\u6307\u5b9a\u3057\u3066checkout\n\n```\n$ git checkout <VERSION_NUM> \n```\n\n\u30d6\u30e9\u30f3\u30c1\u306b\u5c5e\u3055\u306a\u304f\u306a\u308b\u306e\u3067\u3001\u305d\u3053\u304b\u3089\u65b0\u305f\u306b\u30d6\u30e9\u30f3\u30c1\u3092\u5207\u308b\n\n```\n$ git checkout -b <BRANCH_NAME>\n```\n\n## tag\u3092\u9593\u9055\u3048\u3066\u3064\u3051\u3066\u3057\u307e\u3063\u305f\u5834\u5408\u306etag\u306e\u5207\u308a\u76f4\u3057\u65b9\n\n\u30ed\u30fc\u30ab\u30eb\u306etag\u3092\u524a\u9664\n\n```\n$ git tag -d <WRONG_VERSION_NUM>\n```\n\n\u30ea\u30e2\u30fc\u30c8\u306etag\u3092\u7a7a\u306etag\uff08\u5b58\u5728\u3057\u306a\u3044tag\uff09\u3067\u4e0a\u66f8\u304d\u3059\u308b\u3088\u3046\u306b\u524a\u9664\u3002\n\n```\n$ git push origin :refs/tags/<WRONG_VERSION_NUM>\n```\n\n\u6b63\u3057\u3044\u30d0\u30fc\u30b8\u30e7\u30f3\u306etag\u3064\u3051\u3066\u3084\u308b\n\n```\n$ git tag -a <CORRECT_VERSION_NUM> \n```\n\n\u30e1\u30c3\u30bb\u30fc\u30b8\u3092\u8a18\u5165\u3057\u3066\u3001\u30ea\u30e2\u30fc\u30c8\u306b\u30d7\u30c3\u30b7\u30e5\u3059\u308b\u3002\n\n```\n$ git push --tags\n```\n\n## \u30d0\u30fc\u30b8\u30e7\u30f3\u30a2\u30c3\u30d7\u5f8c\u306e\u30bf\u30b0\u306e\u66f4\u65b0\u3067[rejected]\n\u8ffd\u52a0\u3057\u305f\u30bf\u30b0\u3092\u66f4\u65b0\u3057\u3088\u3046\u3068\u3057\u305f\u3089\n\n```\n$ git push --tags\n```\n\n\u6012\u3089\u308c\u305f\u3002\n\n```\nerror: failed to push some refs to <REMOTE_REPO_NAME>\nhint: Updates were rejected because a pushed branch tip is behind its remote\nhint: counterpart. Check out this branch and merge the remote changes\nhint: (e.g. 'git pull') before pushing again.\nhint: See the 'Note about fast-forwards' in 'git push --help' for details.\n```\n\n\u4e00\u65e6\u3001\u30ea\u30e2\u30fc\u30c8\u304b\u3089\u30bf\u30b0\u3092\u3068\u3063\u3066\u304d\u3066\u3001\n\n```\n$ git pull --tags\n```\n\u3082\u3046\u4e00\u5ea6push\u3092\u3053\u3053\u308d\u307f\u308b\n\n```\n$ git push --tags\nEverything up-to-date\n```\n\u3046\u307e\u304f\u3044\u3063\u305f\u307f\u305f\u3044\u3002\n\ngit pull --tags \u3059\u308b\u3068\u304d\u306b\u4e0b\u8a18\u306e\u30e1\u30c3\u30bb\u30fc\u30b8\u304c\u51fa\u305f\u3002\n\n```\nFetching tags only, you probably meant:\n  git fetch --tags\n```\nfetch\u3060\u3051\u3067\u3082\u3044\u3044\u306e\u304b\u3082\u3002\n\n## merge\u3092\u9014\u4e2d\u3067\u3084\u3081\u308b\n\n```\n$ git merge --abort\n```\n\n```\ngit status\n```\n\nmerge\u9014\u4e2d\u306e\u30d5\u30a1\u30a4\u30eb\u304c\u6b8b\u3063\u3066\u3044\u305f\u3089\u3001\n\n```\ngit clean -f\n```\n\n## submodule\u306e\u5909\u66f4\u306a\u3069\u3092\u7834\u68c4\u3059\u308b\n\u3044\u3058\u3063\u305f\u899a\u3048\u304c\u306a\u3044\u3051\u3069\u30ed\u30fc\u30ab\u30eb\u3067\u5909\u66f4\u3055\u305b\u3066\u3057\u307e\u3063\u305f\u307f\u305f\u3044\u3002\n\n```\n$ git status\n# On branch develop\n# Changes not staged for commit:\n#   (use \"git add <file>...\" to update what will be committed)\n#   (use \"git checkout -- <file>...\" to discard changes in working directory)\n#   (commit or discard the untracked or modified content in submodules)\n#\n#\tmodified:   app/Submodules/<SUBMODULE_DIR> (modified content)\n#\nno changes added to commit (use \"git add\" and/or \"git commit -a\")\n```\n\u666e\u901a\u306b\u3001\n\n```\n$ git checkout app/Submodules/<SUBMODULE_DIR> \n```\n\u3068\u3057\u3066\u3082\u3046\u307e\u304f\u7834\u68c4\u3055\u308c\u306a\u304b\u3063\u305f\u306e\u3067\u3001\n\n```\n$ cd app/Submodules/<SUBMODULE_DIR>\n```\n\u4e00\u65e6\u30c7\u30a3\u30ec\u30af\u30c8\u30ea\u307e\u3067\u79fb\u52d5\u3057\u3066\u304b\u3089\n\u3053\u306e\u30c7\u30a3\u30ec\u30af\u30c8\u30ea\u4ee5\u4e0b\u3092checkout\u3059\u308b\u3002\n\n```\n$ git checkout .\n```\n\u3053\u308c\u3067\u78ba\u8a8d\u3057\u3066\u307f\u308b\u3068\u3001\n\n```\n$ git status\n# Not currently on any branch.\nnothing to commit (working directory clean)\n```\n\u3059\u3063\u304d\u308a\u3002\n\n\n\n\n", "tags": ["Git", "memo", "document"]}