{"context": "\n\n\u305b\u3063\u304b\u304f\u306eGitlab8\u7cfb\n\u524d\u56deGitlab\u30928\u7cfb\u307e\u3067\u30a2\u30c3\u30d7\u30b0\u30ec\u30fc\u30c9\u3057\u305f\u306e\u3067\u4ee5\u524d\u306b\u306f\u306a\u304b\u3063\u305f\u6a5f\u80fd\u3067lfs\u304c8.2\u304b\u3089\u4f7f\u7528\u3067\u304d\u308b\u3089\u3057\u3044\u3002\u3053\u308c\u306f\u30d0\u30a4\u30ca\u30ea\u30d5\u30a1\u30a4\u30eb\u304c\u5225\u306b\u7ba1\u7406\u3055\u308c\u30ea\u30dd\u30b8\u30c8\u30ea\u304c\u91cd\u304f\u306a\u3089\u306a\u3044\u3068\u3044\u3046\u3082\u306e\u3089\u3057\u3044\u3002\n\n\u30a4\u30f3\u30b9\u30c8\u30fc\u30eb\n\u307e\u305a\u306f\u30af\u30e9\u30a4\u30a2\u30f3\u30c8\u5074\u306blfs\u3092\u30a4\u30f3\u30b9\u30c8\u30fc\u30eb\n\u81ea\u5206\u306f\u5927\u62b5\u30af\u30e9\u30a4\u30a2\u30f3\u30c8\u5074\u306fMac\u306a\u306e\u3067brew\u3067\u30a4\u30f3\u30b9\u30c8\u30fc\u30eb\n$ brew update\n$ brew install git-lfs\n\n\n\u30a8\u30e9\u30fc\ngit \u7ba1\u7406\u306e\u30d5\u30a9\u30eb\u30c0\u306b\u79fb\u3063\u3066\u65e9\u901f\u30d0\u30a4\u30ca\u30ea\u30d5\u30a1\u30a4\u30eb\u3092\u4f5c\u3063\u3066push\u3057\u3066\u307f\u308b\u3002\n$ git lfs install\n$ git lfs track \"*.zip\"\n$ zip -9 README.zip README.md\n$ git add .\n$ git commit -m \"lfs\u30c1\u30a7\u30c3\u30af\"\n$ git push\nmaster 69456f9] lfs\u30c1\u30a7\u30c3\u30af\n 2 files changed, 4 insertions(+)\n create mode 100644 .gitattributes\n create mode 100644 README.zip\n$ git push\nGit LFS: (0 of 1 files) 0 B / 182 B                                                                                                                                                                                             \nbatch request: exit status 1\nerror: failed to push some refs to 'git@host:taka/test.git'\n\n\u3042\u308c\uff1f\u4f55\u6545\u304b\u30a8\u30e9\u30fcorz\n\nlfs.url\u304c\u5fc5\u8981\uff01\uff1f\n\u30b0\u30b0\u308b\u3068\u3001lfs.url\u3092\u8a2d\u5b9a\u3057\u306a\u3044\u3068\u3044\u3051\u306a\u3044\uff01\uff1f\n$ git config --add lfs.url \"http://host/taka/test.git/info/lfs\"\n\n$ git push\nUsername for 'http://host': <user>\nPassword for 'http://user@host':<password> \nGit LFS: (1 of 1 files) 182 B / 182 B                                                                                                                                                                                           \nCounting objects: 4, done.\nDelta compression using up to 8 threads.\nCompressing objects: 100% (3/3), done.\nWriting objects: 100% (4/4), 503 bytes | 0 bytes/s, done.\nTotal 4 (delta 0), reused 0 (delta 0)\nTo git@host:taka/test.git\n   7c9ab00..69456f9  master -> master\n\n\u4eca\u5ea6\u306f\u4e0a\u624b\u304f\u884c\u3063\u305f\u3002\n\nssh\u3067\u843d\u3068\u3057\u3066\u307f\u308b\n\u30ed\u30fc\u30ab\u30eb\u306b\u518d\u5ea6\u53d6\u308a\u76f4\u3057\u3066\u307f\u308b\n$ git clone git@host:taka/test.git\nCloning into 'test'...\nremote: Counting objects: 73, done.\nremote: Compressing objects: 100% (52/52), done.\nremote: Total 73 (delta 20), reused 63 (delta 17)\nReceiving objects: 100% (73/73), 6.79 KiB | 0 bytes/s, done.\nResolving deltas: 100% (20/20), done.\nChecking connectivity... done.\nDownloading README.zip (182 B)\nError downloading object: README.zip (7c29c490df3c8da5df78a6259fadb52402be02e38976b6c813e80cc346b00b2a)\n\nErrors logged to /Users/taka/test/.git/lfs/objects/logs/20160903T092512.275224922.log\nUse `git lfs logs last` to view the log.\nerror: external filter git-lfs smudge -- %f failed 2\nerror: external filter git-lfs smudge -- %f failed\nfatal: README.zip: smudge filter lfs failed\nwarning: Clone succeeded, but checkout failed.\nYou can inspect what was checked out with 'git status'\nand retry the checkout with 'git checkout -f HEAD'\n\n\n\u3069\u3046\u306a\u3063\u3066\u3044\u308b\u304b\u898b\u3066\u307f\u308b\n\u3061\u3087\u3046\u9762\u5012\u306a\u4e8b\u306b\u306a\u3063\u3066\u3044\u308bwww\n$ git status\nOn branch master\nYour branch is up-to-date with 'origin/master'.\nChanges to be committed:\n  (use \"git reset HEAD <file>...\" to unstage)\n\n    deleted:    .gitattributes\n    deleted:    README.md\n    deleted:    README.zip\n\nUntracked files:\n  (use \"git add <file>...\" to include in what will be committed)\n\n    .gitattributes\n    README.md\n\n\n\u30ea\u30bb\u30c3\u30c8\nreset \u3057\u3066\n$ git reset .\nUnstaged changes after reset:\nD   README.zip\n$ git status\nOn branch master\nYour branch is up-to-date with 'origin/master'.\nChanges not staged for commit:\n  (use \"git add/rm <file>...\" to update what will be committed)\n  (use \"git checkout -- <file>...\" to discard changes in working directory)\n\n    deleted:    README.zip\n\n\n\u5143\u306b\u623b\u305d\u3046\u3068\u8a66\u307f\u308b\n\u30d0\u30a4\u30ca\u30ea\u306e\u30d5\u30a1\u30a4\u30eb\u3060\u3051\u306a\u3044\u72b6\u614b\u306b\u306a\u3063\u3066\u3044\u308b\u306e\u3067\u5143\u306b\u623b\u305d\u3046\u3068\u8a66\u307f\u308b\u304c\u3001clone\u306e\u6642\u3068\u540c\u3058\u30a8\u30e9\u30fc\n$ git checkout .\nDownloading README.zip (182 B)\nError downloading object: README.zip (7c29c490df3c8da5df78a6259fadb52402be02e38976b6c813e80cc346b00b2a)\n\nErrors logged to /Users/taka/test/.git/lfs/objects/logs/20160903T092914.49014792.log\nUse `git lfs logs last` to view the log.\nerror: external filter git-lfs smudge -- %f failed 2\nerror: external filter git-lfs smudge -- %f failed\nfatal: README.zip: smudge filter lfs failed\n\n\n\u307e\u305f\u8a2d\u5b9a\n$ git config --add lfs.url \"http://host/taka/test.git/info/lfs\"\n\n$ git co .\nDownloading README.zip (182 B)\n\n\u623b\u3063\u305f\uff01\uff01\uff57\n\u3046\u30fc\u3093\u03c3(\u2014\u2019\u2018\u2014\uff1b)\n\nhttp\u3067\u843d\u3068\u3057\u3066\u307f\u308b\n$ git clone http://host/taka/test.git\nCloning into 'test'...\nremote: Counting objects: 73, done.\nremote: Compressing objects: 100% (52/52), done.\nremote: Total 73 (delta 20), reused 63 (delta 17)\nUnpacking objects: 100% (73/73), done.\nChecking connectivity... done.\nDownloading README.zip (182 B)\n\n\u3078\u3063\uff01\uff1f\u3059\u3093\u306a\u308aclone\u3067\u304d\u305f\uff57\nlfs.url \u306f\u8981\u3089\u306a\u3044\u306e\uff01\uff1f\uff57\nhttp \u3082\u3057\u304f\u306fssh+lfs.url\u306a\u306e\u306d\u3002\u3002\u3002\n\u3053\u308c\u3063\u3066lfs\u304chttp\u3057\u304b\u5bfe\u5fdc\u3057\u3066\u3044\u306a\u3044\u304b\u3089\uff1f\n\n\u305d\u3057\u305f\u3089\n\u305d\u3057\u305f\u3089\u6700\u521d\u304b\u3089http\u3067clone\u3059\u308c\u3070\u9762\u5012\u306a\u4e8b\u306f\u306a\u3044\uff01\uff1f\n$ git clone http://host/taka/lfs-test.git\nCloning into 'lfs-test'...\nwarning: You appear to have cloned an empty repository.\nChecking connectivity... done.\n$ cd lfs-test/\n$ git lfs install\nUpdated pre-push hook.\nGit LFS initialized.\n$ git lfs track \"*.zip\"\nTracking *.zip\n$ cp ../test/README.zip .\n$ git add .\n$ git commit -m \"\u30d0\u30a4\u30ca\u30ea\u30d5\u30a1\u30a4\u30eb\"\n[master (root-commit) df2dde7] \u30d0\u30a4\u30ca\u30ea\u30d5\u30a1\u30a4\u30eb\n 2 files changed, 4 insertions(+)\n create mode 100644 .gitattributes\n create mode 100644 README.zip\n$ git push\nGit LFS: (1 of 1 files) 182 B / 182 B                                                                                                                                                                                           \nCounting objects: 4, done.\nDelta compression using up to 8 threads.\nCompressing objects: 100% (3/3), done.\nWriting objects: 100% (4/4), 424 bytes | 0 bytes/s, done.\nTotal 4 (delta 0), reused 0 (delta 0)\nTo http://host/taka/lfs-test.git\n * [new branch]      master -> master\n\n\u306a\u3093\u304b\u5fae\u5999\u306b\u6271\u3044\u3065\u3089\u3044\u90e8\u5206\u304c\u3042\u308a\u307e\u3059\u306d\u3002\nssh \u306b\u5bfe\u5fdc\u3057\u3066\u304f\u308c\u308b\u304b\u3001\u81ea\u52d5\u3067lfs.url\u3092\u8ffd\u52a0\u3057\u3066\u304f\u308c\u308c\u3070\u3044\u3044\u306e\u306b\uff65\uff65\uff65\uff65\uff65(\uffe3\u3002\uffe3 )\uff8e\uff9e\uff7f...\n\n\u53c2\u8003\u30b5\u30a4\u30c8\n\nGitLab 8.2.1\u3067GitLFS\u3092\u4f7f\u3063\u3066\u307f\u308b\n\n# \u305b\u3063\u304b\u304f\u306eGitlab8\u7cfb\n[\u524d\u56de](http://qiita.com/takara@github/items/06577c49b7e1d3f68102)Gitlab\u30928\u7cfb\u307e\u3067\u30a2\u30c3\u30d7\u30b0\u30ec\u30fc\u30c9\u3057\u305f\u306e\u3067\u4ee5\u524d\u306b\u306f\u306a\u304b\u3063\u305f\u6a5f\u80fd\u3067[lfs](https://git-lfs.github.com/)\u304c8.2\u304b\u3089\u4f7f\u7528\u3067\u304d\u308b\u3089\u3057\u3044\u3002\u3053\u308c\u306f\u30d0\u30a4\u30ca\u30ea\u30d5\u30a1\u30a4\u30eb\u304c\u5225\u306b\u7ba1\u7406\u3055\u308c\u30ea\u30dd\u30b8\u30c8\u30ea\u304c\u91cd\u304f\u306a\u3089\u306a\u3044\u3068\u3044\u3046\u3082\u306e\u3089\u3057\u3044\u3002\n\n# \u30a4\u30f3\u30b9\u30c8\u30fc\u30eb\n\u307e\u305a\u306f\u30af\u30e9\u30a4\u30a2\u30f3\u30c8\u5074\u306blfs\u3092\u30a4\u30f3\u30b9\u30c8\u30fc\u30eb\n\u81ea\u5206\u306f\u5927\u62b5\u30af\u30e9\u30a4\u30a2\u30f3\u30c8\u5074\u306f```Mac```\u306a\u306e\u3067```brew```\u3067\u30a4\u30f3\u30b9\u30c8\u30fc\u30eb\n\n```text:\n$ brew update\n$ brew install git-lfs\n```\n\n# \u30a8\u30e9\u30fc\n```git``` \u7ba1\u7406\u306e\u30d5\u30a9\u30eb\u30c0\u306b\u79fb\u3063\u3066\u65e9\u901f\u30d0\u30a4\u30ca\u30ea\u30d5\u30a1\u30a4\u30eb\u3092\u4f5c\u3063\u3066```push```\u3057\u3066\u307f\u308b\u3002\n\n\n```text:\n$ git lfs install\n$ git lfs track \"*.zip\"\n$ zip -9 README.zip README.md\n$ git add .\n$ git commit -m \"lfs\u30c1\u30a7\u30c3\u30af\"\n$ git push\nmaster 69456f9] lfs\u30c1\u30a7\u30c3\u30af\n 2 files changed, 4 insertions(+)\n create mode 100644 .gitattributes\n create mode 100644 README.zip\n$ git push\nGit LFS: (0 of 1 files) 0 B / 182 B                                                                                                                                                                                             \nbatch request: exit status 1\nerror: failed to push some refs to 'git@host:taka/test.git'\n```\n\n\u3042\u308c\uff1f\u4f55\u6545\u304b\u30a8\u30e9\u30fcorz\n\n# lfs.url\u304c\u5fc5\u8981\uff01\uff1f\n\n\u30b0\u30b0\u308b\u3068\u3001```lfs.url```\u3092\u8a2d\u5b9a\u3057\u306a\u3044\u3068\u3044\u3051\u306a\u3044\uff01\uff1f\n\n```text:\n$ git config --add lfs.url \"http://host/taka/test.git/info/lfs\"\n\n$ git push\nUsername for 'http://host': <user>\nPassword for 'http://user@host':<password> \nGit LFS: (1 of 1 files) 182 B / 182 B                                                                                                                                                                                           \nCounting objects: 4, done.\nDelta compression using up to 8 threads.\nCompressing objects: 100% (3/3), done.\nWriting objects: 100% (4/4), 503 bytes | 0 bytes/s, done.\nTotal 4 (delta 0), reused 0 (delta 0)\nTo git@host:taka/test.git\n   7c9ab00..69456f9  master -> master\n```\n\n\u4eca\u5ea6\u306f\u4e0a\u624b\u304f\u884c\u3063\u305f\u3002\n\n# ssh\u3067\u843d\u3068\u3057\u3066\u307f\u308b\n\u30ed\u30fc\u30ab\u30eb\u306b\u518d\u5ea6\u53d6\u308a\u76f4\u3057\u3066\u307f\u308b\n\n```text:\n$ git clone git@host:taka/test.git\nCloning into 'test'...\nremote: Counting objects: 73, done.\nremote: Compressing objects: 100% (52/52), done.\nremote: Total 73 (delta 20), reused 63 (delta 17)\nReceiving objects: 100% (73/73), 6.79 KiB | 0 bytes/s, done.\nResolving deltas: 100% (20/20), done.\nChecking connectivity... done.\nDownloading README.zip (182 B)\nError downloading object: README.zip (7c29c490df3c8da5df78a6259fadb52402be02e38976b6c813e80cc346b00b2a)\n\nErrors logged to /Users/taka/test/.git/lfs/objects/logs/20160903T092512.275224922.log\nUse `git lfs logs last` to view the log.\nerror: external filter git-lfs smudge -- %f failed 2\nerror: external filter git-lfs smudge -- %f failed\nfatal: README.zip: smudge filter lfs failed\nwarning: Clone succeeded, but checkout failed.\nYou can inspect what was checked out with 'git status'\nand retry the checkout with 'git checkout -f HEAD'\n```\n\n## \u3069\u3046\u306a\u3063\u3066\u3044\u308b\u304b\u898b\u3066\u307f\u308b\n\n\u3061\u3087\u3046\u9762\u5012\u306a\u4e8b\u306b\u306a\u3063\u3066\u3044\u308bwww\n\n```text:\n$ git status\nOn branch master\nYour branch is up-to-date with 'origin/master'.\nChanges to be committed:\n  (use \"git reset HEAD <file>...\" to unstage)\n\n\tdeleted:    .gitattributes\n\tdeleted:    README.md\n\tdeleted:    README.zip\n\nUntracked files:\n  (use \"git add <file>...\" to include in what will be committed)\n\n\t.gitattributes\n\tREADME.md\n```\n\n## \u30ea\u30bb\u30c3\u30c8\n\n```reset``` \u3057\u3066\n\n```\n$ git reset .\nUnstaged changes after reset:\nD\tREADME.zip\n$ git status\nOn branch master\nYour branch is up-to-date with 'origin/master'.\nChanges not staged for commit:\n  (use \"git add/rm <file>...\" to update what will be committed)\n  (use \"git checkout -- <file>...\" to discard changes in working directory)\n\n\tdeleted:    README.zip\n```\n\n## \u5143\u306b\u623b\u305d\u3046\u3068\u8a66\u307f\u308b\n\n\u30d0\u30a4\u30ca\u30ea\u306e\u30d5\u30a1\u30a4\u30eb\u3060\u3051\u306a\u3044\u72b6\u614b\u306b\u306a\u3063\u3066\u3044\u308b\u306e\u3067\u5143\u306b\u623b\u305d\u3046\u3068\u8a66\u307f\u308b\u304c\u3001```clone```\u306e\u6642\u3068\u540c\u3058\u30a8\u30e9\u30fc\n\n```text:\n$ git checkout .\nDownloading README.zip (182 B)\nError downloading object: README.zip (7c29c490df3c8da5df78a6259fadb52402be02e38976b6c813e80cc346b00b2a)\n\nErrors logged to /Users/taka/test/.git/lfs/objects/logs/20160903T092914.49014792.log\nUse `git lfs logs last` to view the log.\nerror: external filter git-lfs smudge -- %f failed 2\nerror: external filter git-lfs smudge -- %f failed\nfatal: README.zip: smudge filter lfs failed\n```\n\n## \u307e\u305f\u8a2d\u5b9a\n\n```text:\n$ git config --add lfs.url \"http://host/taka/test.git/info/lfs\"\n\n$ git co .\nDownloading README.zip (182 B)\n```\n\n\u623b\u3063\u305f\uff01\uff01\uff57\n\u3046\u30fc\u3093\u03c3(\u2014\u2019\u2018\u2014\uff1b)\n\n# http\u3067\u843d\u3068\u3057\u3066\u307f\u308b\n\n```text:\n$ git clone http://host/taka/test.git\nCloning into 'test'...\nremote: Counting objects: 73, done.\nremote: Compressing objects: 100% (52/52), done.\nremote: Total 73 (delta 20), reused 63 (delta 17)\nUnpacking objects: 100% (73/73), done.\nChecking connectivity... done.\nDownloading README.zip (182 B)\n```\n\n\u3078\u3063\uff01\uff1f\u3059\u3093\u306a\u308a```clone```\u3067\u304d\u305f\uff57\n```lfs.url``` \u306f\u8981\u3089\u306a\u3044\u306e\uff01\uff1f\uff57\n\n```http``` \u3082\u3057\u304f\u306f```ssh+lfs.url```\u306a\u306e\u306d\u3002\u3002\u3002\n\u3053\u308c\u3063\u3066```lfs```\u304c```http```\u3057\u304b\u5bfe\u5fdc\u3057\u3066\u3044\u306a\u3044\u304b\u3089\uff1f\n\n# \u305d\u3057\u305f\u3089\n\u305d\u3057\u305f\u3089\u6700\u521d\u304b\u3089```http```\u3067```clone```\u3059\u308c\u3070\u9762\u5012\u306a\u4e8b\u306f\u306a\u3044\uff01\uff1f\n\n```text:\n$ git clone http://host/taka/lfs-test.git\nCloning into 'lfs-test'...\nwarning: You appear to have cloned an empty repository.\nChecking connectivity... done.\n$ cd lfs-test/\n$ git lfs install\nUpdated pre-push hook.\nGit LFS initialized.\n$ git lfs track \"*.zip\"\nTracking *.zip\n$ cp ../test/README.zip .\n$ git add .\n$ git commit -m \"\u30d0\u30a4\u30ca\u30ea\u30d5\u30a1\u30a4\u30eb\"\n[master (root-commit) df2dde7] \u30d0\u30a4\u30ca\u30ea\u30d5\u30a1\u30a4\u30eb\n 2 files changed, 4 insertions(+)\n create mode 100644 .gitattributes\n create mode 100644 README.zip\n$ git push\nGit LFS: (1 of 1 files) 182 B / 182 B                                                                                                                                                                                           \nCounting objects: 4, done.\nDelta compression using up to 8 threads.\nCompressing objects: 100% (3/3), done.\nWriting objects: 100% (4/4), 424 bytes | 0 bytes/s, done.\nTotal 4 (delta 0), reused 0 (delta 0)\nTo http://host/taka/lfs-test.git\n * [new branch]      master -> master\n```\n\n\u306a\u3093\u304b\u5fae\u5999\u306b\u6271\u3044\u3065\u3089\u3044\u90e8\u5206\u304c\u3042\u308a\u307e\u3059\u306d\u3002\n```ssh``` \u306b\u5bfe\u5fdc\u3057\u3066\u304f\u308c\u308b\u304b\u3001\u81ea\u52d5\u3067```lfs.url```\u3092\u8ffd\u52a0\u3057\u3066\u304f\u308c\u308c\u3070\u3044\u3044\u306e\u306b\uff65\uff65\uff65\uff65\uff65(\uffe3\u3002\uffe3 )\uff8e\uff9e\uff7f...\n\n# \u53c2\u8003\u30b5\u30a4\u30c8\n- [GitLab 8.2.1\u3067GitLFS\u3092\u4f7f\u3063\u3066\u307f\u308b](http://cimadai.hateblo.jp/entry/gitlab_gitlfs)\n", "tags": ["Git", "GitLab"]}