{"context": " More than 1 year has passed since last update.\n\n\u30c0\u30a6\u30f3\u30ed\u30fc\u30c9\n\u4efb\u610f\u306eUbuntu\u3092\u30c0\u30a6\u30f3\u30ed\u30fc\u30c9\u3059\u308b\u3002\n\u5b8c\u4e86\u3057\u305f\u3089\u3001\n`\ncd ~/Downloads/\n\n\u4ee5\u4e0b\u306e\u30d5\u30a1\u30a4\u30eb\u304c\u30c0\u30a6\u30f3\u30ed\u30fc\u30c9\u3055\u308c\u3066\u3044\u308b\u306f\u305a\u3002\nubuntu-ja-14.04-desktop-amd64.iso\n\nUSB\u306e\u30c9\u30e9\u30a4\u30d6\u3092\u8abf\u3079\u308b\ndiskutil list\n\n/dev/disk0 (internal, physical):\n   #:                       TYPE NAME                    SIZE       IDENTIFIER\n   0:      GUID_partition_scheme                        *256.1 GB   disk0\n   1:                        EFI EFI                     209.7 MB   disk0s1\n   2:          Apple_CoreStorage main                    155.2 GB   disk0s2\n   3:                 Apple_Boot Recovery HD             650.0 MB   disk0s3\n   4:       Microsoft Basic Data BOOTCAMP                100.0 GB   disk0s4\n/dev/disk1 (internal, virtual):\n   #:                       TYPE NAME                    SIZE       IDENTIFIER\n   0:                  Apple_HFS main                   +154.9 GB   disk1\n                                 Logical Volume on disk0s2\n                                 9E3A267C-F4DA-4AA9-96C2-C4469D927A51\n                                 Unlocked Encrypted\n/dev/disk2 (external, physical):\n   #:                       TYPE NAME                    SIZE       IDENTIFIER\n   0:      GUID_partition_scheme                        *15.8 GB    disk2\n   1:                        EFI EFI                     209.7 MB   disk2s1\n   2:       Microsoft Basic Data SONY16GBB               15.6 GB    disk2s2\n\n\u4eca\u56de\u306f\u3001USB\u304c/dev/disk2\u306b\u63a5\u7d9a\u3055\u308c\u3066\u3044\u308b\u3002\n\n\u30a4\u30e1\u30fc\u30b8\u30d5\u30a1\u30a4\u30eb\u306b\u5909\u63db\u3059\u308b\nhdiutil convert -format UDRW -o target.img ubuntu-ja-14.04-desktop-amd64.iso\n\nMaster Boot Record\uff08MBR\uff1a0\uff09 \u3092\u8aad\u307f\u8fbc\u307f\u4e2d...\nUbuntu 14.04 ja amd64           \uff08Apple_ISO\uff1a1\uff09 \u3092\u8aad\u307f\u8fbc\u307f\u4e2d...\n\uff08Type EF\uff1a2\uff09 \u3092\u8aad\u307f\u8fbc\u307f\u4e2d...\nUbuntu 14.04 ja amd64           \uff08Apple_ISO\uff1a3\uff09 \u3092\u8aad\u307f\u8fbc\u307f\u4e2d...\n...............................................................................\n\u7d4c\u904e\u6642\u9593\uff1a 7.849s\n\u901f\u5ea6\uff1a140.7M \u30d0\u30a4\u30c8\uff0f\u79d2\n\u7bc0\u7d04\u7387\uff1a0.0%\ncreated: /Users/home/Downloads/target.img.dmg\n\n\u4ee5\u4e0b\u306e\u30d5\u30a1\u30a4\u30eb\u304c\u3067\u304d\u308b\u3002\n\ntarget.mg.dmg\n\n\n\u66f8\u304d\u8fbc\u3080(\u66f8\u304d\u8fbc\u307f\u30c9\u30e9\u30a4\u30d6\u306b\u6ce8\u610f\u3057\u3066\u304f\u3060\u3055\u3044\u3002)\ndiskutil unmountDisk /dev/disk2\n\nUnmount of all volumes on disk2 was successful\n\nsudo dd if=target.img.dmg of=/dev/rdisk2 bs=1m\n\n1104+1 records in\n1104+1 records out\n1158348800 bytes transferred in 103.275414 secs (11216114 bytes/sec)\n\n\u30a4\u30b8\u30a7\u30af\u30c8\ndiskutil eject /dev/disk2\n\nDisk /dev/disk2 ejected\n\u518d\u8d77\u52d5\u3057\u3066ALT\u30ad\u30fc\u3092\u62bc\u3057\u306a\u304c\u3089Mac\u3092\u8d77\u52d5\n##\u30c0\u30a6\u30f3\u30ed\u30fc\u30c9\n\u4efb\u610f\u306eUbuntu\u3092\u30c0\u30a6\u30f3\u30ed\u30fc\u30c9\u3059\u308b\u3002\n\u5b8c\u4e86\u3057\u305f\u3089\u3001\n```\ncd ~/Downloads/\n``\n\u4ee5\u4e0b\u306e\u30d5\u30a1\u30a4\u30eb\u304c\u30c0\u30a6\u30f3\u30ed\u30fc\u30c9\u3055\u308c\u3066\u3044\u308b\u306f\u305a\u3002\nubuntu-ja-14.04-desktop-amd64.iso\n\n##USB\u306e\u30c9\u30e9\u30a4\u30d6\u3092\u8abf\u3079\u308b\n```\ndiskutil list\n```\n```\n/dev/disk0 (internal, physical):\n   #:                       TYPE NAME                    SIZE       IDENTIFIER\n   0:      GUID_partition_scheme                        *256.1 GB   disk0\n   1:                        EFI EFI                     209.7 MB   disk0s1\n   2:          Apple_CoreStorage main                    155.2 GB   disk0s2\n   3:                 Apple_Boot Recovery HD             650.0 MB   disk0s3\n   4:       Microsoft Basic Data BOOTCAMP                100.0 GB   disk0s4\n/dev/disk1 (internal, virtual):\n   #:                       TYPE NAME                    SIZE       IDENTIFIER\n   0:                  Apple_HFS main                   +154.9 GB   disk1\n                                 Logical Volume on disk0s2\n                                 9E3A267C-F4DA-4AA9-96C2-C4469D927A51\n                                 Unlocked Encrypted\n/dev/disk2 (external, physical):\n   #:                       TYPE NAME                    SIZE       IDENTIFIER\n   0:      GUID_partition_scheme                        *15.8 GB    disk2\n   1:                        EFI EFI                     209.7 MB   disk2s1\n   2:       Microsoft Basic Data SONY16GBB               15.6 GB    disk2s2\n```\n\n\u4eca\u56de\u306f\u3001USB\u304c/dev/disk2\u306b\u63a5\u7d9a\u3055\u308c\u3066\u3044\u308b\u3002\n\n##\u30a4\u30e1\u30fc\u30b8\u30d5\u30a1\u30a4\u30eb\u306b\u5909\u63db\u3059\u308b\n```\nhdiutil convert -format UDRW -o target.img ubuntu-ja-14.04-desktop-amd64.iso\n\nMaster Boot Record\uff08MBR\uff1a0\uff09 \u3092\u8aad\u307f\u8fbc\u307f\u4e2d...\nUbuntu 14.04 ja amd64           \uff08Apple_ISO\uff1a1\uff09 \u3092\u8aad\u307f\u8fbc\u307f\u4e2d...\n\uff08Type EF\uff1a2\uff09 \u3092\u8aad\u307f\u8fbc\u307f\u4e2d...\nUbuntu 14.04 ja amd64           \uff08Apple_ISO\uff1a3\uff09 \u3092\u8aad\u307f\u8fbc\u307f\u4e2d...\n...............................................................................\n\u7d4c\u904e\u6642\u9593\uff1a 7.849s\n\u901f\u5ea6\uff1a140.7M \u30d0\u30a4\u30c8\uff0f\u79d2\n\u7bc0\u7d04\u7387\uff1a0.0%\ncreated: /Users/home/Downloads/target.img.dmg\n```\n\u4ee5\u4e0b\u306e\u30d5\u30a1\u30a4\u30eb\u304c\u3067\u304d\u308b\u3002\n```\ntarget.mg.dmg\n```\n##\u66f8\u304d\u8fbc\u3080(\u66f8\u304d\u8fbc\u307f\u30c9\u30e9\u30a4\u30d6\u306b\u6ce8\u610f\u3057\u3066\u304f\u3060\u3055\u3044\u3002)\n```\ndiskutil unmountDisk /dev/disk2\n```\nUnmount of all volumes on disk2 was successful\n```\nsudo dd if=target.img.dmg of=/dev/rdisk2 bs=1m\n```\n1104+1 records in\n1104+1 records out\n1158348800 bytes transferred in 103.275414 secs (11216114 bytes/sec)\n\n## \u30a4\u30b8\u30a7\u30af\u30c8\n```\ndiskutil eject /dev/disk2\n```\nDisk /dev/disk2 ejected\n\n\u518d\u8d77\u52d5\u3057\u3066ALT\u30ad\u30fc\u3092\u62bc\u3057\u306a\u304c\u3089Mac\u3092\u8d77\u52d5\n", "tags": ["fabo"]}