{"context": "git\u306e\u6d41\u308c\u3092\u52c9\u5f37\u3057\u305f\u306e\u3067\u4e00\u9023\u306e\u6d41\u308c\u3092\u66f8\u304d\u7559\u3081\u307e\u3059(\u307e\u305f\u5099\u5fd8\u9332)\u3002\n\n\npush\u306e\u3084\u308a\u65b9(\u30ed\u30fc\u30ab\u30eb\u2192\u30ea\u30e2\u30fc\u30c8)\n\n1. git init\n\u597d\u304d\u306a\u30c7\u30a3\u30ec\u30af\u30c8\u30ea\u3092Git\u7ba1\u7406\u4e0b\u306b\u7f6e\u304f\u3002\u307e\u305a\u3053\u3053\u304b\u3089\u3002\n$ mkdir <dir> \u3000\u3000#\u2190\u30c7\u30a3\u30ec\u30af\u30c8\u30ea\u306e\u540d\u524d\n$ cd <dir> \u3000\u3000\u3000\u3000#init\u3059\u308b\u524d\u306b\u79fb\u52d5\n$ git init \u3000\u3000\u3000\u3000#.git\u304c\u3067\u304d\u308b(\u96a0\u3057\u3066\u3042\u308b\u306e\u3067\u78ba\u8a8d\u6642\u306f -al\u5fc5\u9808)\n\n\n2. git add \n\u3055\u3063\u304d\u4f5c\u3063\u305f\u30c7\u30a3\u30ec\u30af\u30c8\u30ea\u306bGit\u306bpush(\u5f8c\u8ff0)\u3057\u305f\u3044\u30d5\u30a1\u30a4\u30eb\u3092\u5165\u308c\u305f\u5f8c\u306b\u3001\u307e\u305aindex\u306e\u30b9\u30c6\u30fc\u30b8\u306b\u6e21\u3057\u3066\u3042\u3052\u306a\u304d\u3083\u306a\u306e\u3067add\u3057\u3066\u3042\u3052\u308b\u3002\n$ git add <file>\n\n\u3061\u306a\u307f\u306b\u3001\u306e\u3068\u3053\u308d\u306e\u30d1\u30e9\u30e1\u30fc\u30bf\u306b\u300c.\u300d\u3092\u6e21\u3059\u3068\u5168\u30d5\u30a1\u30a4\u30eb\u6307\u5b9a\u306b\u306a\u308b\u306e\u3067\u4e00\u500b\u4e00\u500b\u66f8\u304b\u306a\u304f\u3066\u6e08\u3080\u3002\u975e\u5e38\u306b\u697d\u3002\n\n3. git commit -m \"<\u30b3\u30e1\u30f3\u30c8>\"\npush\u3059\u308b\u305f\u3081\u306e\u6700\u7d42\u6e96\u5099\u3068\u3057\u3066commit\u3067\u78ba\u5b9a\u3057\u3066\u3084\u308b\u3068\u6e96\u5099\u306f\u5b8c\u4e86\u3002\n$ git commit -m \"first commit\" #\u30b3\u30e1\u30f3\u30c8\u306b\u306f\u5099\u8003\u66f8\u3044\u305f\u308a\u3059\u308b\n\n\n4. git remote add\n\u30ea\u30e2\u30fc\u30c8\u30ea\u30dd\u30b8\u30c8\u30ea\u306b\u30ed\u30fc\u30ab\u30eb\u3067\u4f5c\u6210\u3057\u305f\u30c7\u30a3\u30ec\u30af\u30c8\u30ea\u3068\u304b\u30d5\u30a1\u30a4\u30eb\u3092\u5171\u6709\u3057\u305f\u3044\u3068\u304d\u306f\u3001\u307e\u305a\u30ea\u30e2\u30fc\u30c8\u306b\u7d10\u4ed8\u3051\u3092\u884c\u308f\u306a\u3051\u308c\u3070\u306a\u3089\u306a\u3044\u3002\n$ git remote add <name> <url>\n\nname \u306b\u306f\u7d10\u4ed8\u3051\u305f\u3044\u30ea\u30e2\u30fc\u30c8\u306e\u540d\u524d\nurl \u306b\u306f\u305d\u306e\u30ea\u30e2\u30fc\u30c8URL\n\n5. git push\n\u3084\u3063\u3068\u3053\u3053\u3067push\u3067\u304d\u308b\u3002\n$ git push -u <repository> <refspec>\n\nrepository \u306b\u306f\u3055\u3063\u304d\u7d10\u4ed8\u3051\u305f\u30ea\u30e2\u30fc\u30c8\u306e\u540d\u524d(\u3061\u306a\u307f\u306b\u3053\u3053\u306forigin\u3063\u3066\u5165\u308c\u3066\u3082\u540c\u3058\u3002\u3068\u3044\u3046\u304borigin\u306e\u65b9\u304c\u3088\u304f\u4f7f\u3046\u3089\u3057\u3044)\nrefspec \u306b\u306f\u30ed\u30fc\u30ab\u30eb\u304b\u3089push\u3057\u305f\u3044branch\u3092\u6307\u5b9a\u3059\u308b(master\u3082branch\u306a\u306e\u3067master\u3068\u66f8\u3044\u3066\u3082\u3082\u3061\u308d\u3093\u826f\u3057)\n\u3053\u3053\u307e\u3067\u3067\u30ea\u30e2\u30fc\u30c8\u306b\u30ed\u30fc\u30ab\u30eb\u304b\u3089push\u3057\u305f\u30c7\u30a3\u30ec\u30af\u30c8\u30ea\u304c\u3042\u308b...\u306f\u305a\n\npull\u306e\u3084\u308a\u65b9(\u30ea\u30e2\u30fc\u30c8\u2192\u30ed\u30fc\u30ab\u30eb)\n\u5171\u540c\u3067\u958b\u767a\u3059\u308b\u6642\u3001\u8077\u5834\u306e\u4ed6\u306e\u30a8\u30f3\u30b8\u30cb\u30a2\u306e\u4eba\u3082push\u3057\u3066\u30de\u30fc\u30b8\u3059\u308b\u3068\u30ed\u30fc\u30ab\u30eb\u306emaster\u3068\u30ea\u30e2\u30fc\u30c8\u306emaster\u306b\u5dee\u5206(\u9055\u3046\u3068\u3053\u308d)\u304c\u751f\u3058\u308b\u3002\u3053\u306e\u6642pull\u3067\u30a2\u30c3\u30d7\u30c7\u30fc\u30c8\u3059\u308b\u5fc5\u8981\u304c\u51fa\u3066\u304f\u308b\u3002\n\ngit pull\n$ git pull <repository> <refspec>\n\nrepository \u306b\u306f\u30ea\u30e2\u30fc\u30c8\nrefspec\u3000\u306b\u306f\u66f4\u65b0\u3057\u305f\u3044\u30ed\u30fc\u30ab\u30eb\u306emaster\n\u307e\u305f\u3001\u3053\u306e\u4f5c\u696d\u3092\u3059\u308b\u524d\u306b\u30ed\u30fc\u30ab\u30eb\u306ebranch\u3092master\u306b\u5207\u308a\u66ff\u3048\u3066\u304a\u304b\u306a\u3044\u3068\u66f4\u65b0\u3055\u308c\u306a\u3044\u3057\u3001\u30b3\u30de\u30f3\u30c9\u306erefspec\u306bbranch\u5165\u308c\u3061\u3083\u3046\u3068\u3001master\u304c\u53e4\u304f\u3066branch\u304c\u6700\u65b0\u306b\u306a\u3063\u3066\u3057\u307e\u3044\u30ab\u30aa\u30b9\u306b\u306a\u308b\u3002\u306a\u306e\u3067\u3001\n$ git checkout master\nSwitched to branch 'master'\n$git pull origin master\n\n\u307f\u305f\u3044\u306b\u3059\u308b\u3068\u826f\u3044\u3002\n\u3053\u308c\u3067\u30ed\u30fc\u30ab\u30eb\u306emaster\u3082\u6700\u65b0\u306b\u306a\u308b\u3002\n\n\u4fbf\u5229\u306a\u30b3\u30de\u30f3\u30c9\n\u3042\u308b\u3068\u4fbf\u5229\u306a\u30b3\u30de\u30f3\u30c9\u3002(\u3068\u3044\u3046\u304b\u7d76\u5bfe\u4f7f\u3046\u6c17\u304c\u3059\u308b)\n\ngit status\n\u30ed\u30fc\u30ab\u30eb\u3067Git\u7ba1\u7406\u4e0b\u306e\u30c7\u30a3\u30ec\u30af\u30c8\u30ea\u306e\u30b9\u30c6\u30fc\u30b8\u78ba\u8a8d\u304c\u3067\u304d\u308b\u3002\n\u304b\u306a\u308a\u4fbf\u5229\u3067\u3001\u81ea\u5206\u304cadd\u3057\u305f\u304b\u3068\u304bcommit\u3057\u305f\u304b\u3082\u78ba\u8a8d\u51fa\u6765\u308b\u304b\u3089\u6f0f\u308c\u306a\u304f\u4f5c\u696d\u9032\u3081\u3089\u308c\u308b\u3002\u6b21\u3059\u308b\u3079\u304d\u4f5c\u696d\u3068\u304b\u3082\u6559\u3048\u3066\u304f\u308c\u308b\u306e\u3067\u50d5\u307f\u305f\u3044\u306a\u521d\u5fc3\u8005\u306b\u3082\u512a\u3057\u3044\u3064\u304f\u308a\u306b\u306a\u3063\u3066\u3044\u308b\u3002\n$ git status\nOn branch master\nnothing to commit\n\n\u4f8b\u3048\u3070\u3001commit\u76f4\u5f8c\u3060\u3068\u3053\u3046\u306a\u308b\u3002nothing to commit\u3068\u51fa\u3066\u308b\u306e\u3067\u3001\u3082\u3046commit\u304c\u3067\u304d\u3066\u3044\u308b\u3053\u3068\u304c\u308f\u304b\u308b\u3002\n\ngit branch\n\u4eca\u307e\u3067\u30ed\u30fc\u30ab\u30eb\u30ea\u30dd\u30b8\u30c8\u30ea\u3067\u4f5c\u3063\u305f\u30d6\u30e9\u30f3\u30c1\u3068\u305d\u306e\u4e2d\u3067\u4eca\u81ea\u5206\u304c\u3069\u3053\u3067\u4f5c\u696d\u3057\u3066\u3044\u308b\u304b(\u30ab\u30ec\u30f3\u30c8\u30d6\u30e9\u30f3\u30c1)\u306e\u78ba\u8a8d\u304c\u3067\u304d\u308b\u3002\u30b3\u30de\u30f3\u30c9\u30e9\u30a4\u30f3\u306epwd\u3068\u304bls\u307f\u305f\u3044\u306a\u30b3\u30de\u30f3\u30c9\u3002\n$ git branch\n master\n*branch1 #\u30ab\u30ec\u30f3\u30c8\u30d6\u30e9\u30f3\u30c1\u306b\u306f\u3053\u3093\u306a\u611f\u3058\u3067\u8a18\u53f7\u304c\u3064\u304f\u3002\n branch2\n\n\ngit checkout\n\u30d6\u30e9\u30f3\u30c1\u306e\u5207\u308a\u66ff\u3048\u304c\u3067\u304d\u308b\u3002cd\u307f\u305f\u3044\u306a\u611f\u899a\u3067\u4f7f\u3046\u3002\n$ git branch\n master\n*branch1 \n branch2\n$ git checkout master\nSwitched to branch 'master'\n$ git branch\n*master\n branch1 \n branch2\n\n\n\u5b8c\u5168\u306b\u81ea\u5206\u5c02\u7528\u306e\u5099\u5fd8\u9332\u306b\u306a\u3063\u3066\u3057\u307e\u3044\u307e\u3057\u305f...\n\u3082\u3063\u3068\u3053\u3046\u3057\u305f\u307b\u3046\u304c\u3044\u3044\u3068\u304b\u8a02\u6b63\u3057\u305f\u307b\u3046\u304c\u3044\u3044\u3068\u3053\u308d\u306a\u3069\u3042\u308a\u307e\u3057\u305f\u3089\u3001\u3054\u6307\u6458\u3044\u305f\u3060\u3051\u308b\u3068\u5b09\u3057\u3044\u3067\u3059\u3002\u3088\u308d\u3057\u304f\u304a\u9858\u3044\u3057\u307e\u3059\uff01\n\ngit\u306e\u6d41\u308c\u3092\u52c9\u5f37\u3057\u305f\u306e\u3067\u4e00\u9023\u306e\u6d41\u308c\u3092\u66f8\u304d\u7559\u3081\u307e\u3059(\u307e\u305f\u5099\u5fd8\u9332)\u3002\n\n\n***\n\n# push\u306e\u3084\u308a\u65b9(\u30ed\u30fc\u30ab\u30eb\u2192\u30ea\u30e2\u30fc\u30c8)\n\n##1. git init\n\u597d\u304d\u306a\u30c7\u30a3\u30ec\u30af\u30c8\u30ea\u3092Git\u7ba1\u7406\u4e0b\u306b\u7f6e\u304f\u3002\u307e\u305a\u3053\u3053\u304b\u3089\u3002\n\n\n```\n$ mkdir <dir> \u3000\u3000#\u2190\u30c7\u30a3\u30ec\u30af\u30c8\u30ea\u306e\u540d\u524d\n$ cd <dir> \u3000\u3000\u3000\u3000#init\u3059\u308b\u524d\u306b\u79fb\u52d5\n$ git init \u3000\u3000\u3000\u3000#.git\u304c\u3067\u304d\u308b(\u96a0\u3057\u3066\u3042\u308b\u306e\u3067\u78ba\u8a8d\u6642\u306f -al\u5fc5\u9808)\n```\n\n##2. git add <file>\n\u3055\u3063\u304d\u4f5c\u3063\u305f\u30c7\u30a3\u30ec\u30af\u30c8\u30ea\u306bGit\u306bpush(\u5f8c\u8ff0)\u3057\u305f\u3044\u30d5\u30a1\u30a4\u30eb\u3092\u5165\u308c\u305f\u5f8c\u306b\u3001\u307e\u305aindex\u306e\u30b9\u30c6\u30fc\u30b8\u306b\u6e21\u3057\u3066\u3042\u3052\u306a\u304d\u3083\u306a\u306e\u3067add\u3057\u3066\u3042\u3052\u308b\u3002\n\n```\n$ git add <file>\n```\n\u3061\u306a\u307f\u306b\u3001<file>\u306e\u3068\u3053\u308d\u306e\u30d1\u30e9\u30e1\u30fc\u30bf\u306b\u300c.\u300d\u3092\u6e21\u3059\u3068\u5168\u30d5\u30a1\u30a4\u30eb\u6307\u5b9a\u306b\u306a\u308b\u306e\u3067\u4e00\u500b\u4e00\u500b\u66f8\u304b\u306a\u304f\u3066\u6e08\u3080\u3002\u975e\u5e38\u306b\u697d\u3002\n\n##3. git commit -m \"<\u30b3\u30e1\u30f3\u30c8>\"\npush\u3059\u308b\u305f\u3081\u306e\u6700\u7d42\u6e96\u5099\u3068\u3057\u3066commit\u3067\u78ba\u5b9a\u3057\u3066\u3084\u308b\u3068\u6e96\u5099\u306f\u5b8c\u4e86\u3002\n\n```\n$ git commit -m \"first commit\" #\u30b3\u30e1\u30f3\u30c8\u306b\u306f\u5099\u8003\u66f8\u3044\u305f\u308a\u3059\u308b\n```\n\n##4. git remote add \n\u30ea\u30e2\u30fc\u30c8\u30ea\u30dd\u30b8\u30c8\u30ea\u306b\u30ed\u30fc\u30ab\u30eb\u3067\u4f5c\u6210\u3057\u305f\u30c7\u30a3\u30ec\u30af\u30c8\u30ea\u3068\u304b\u30d5\u30a1\u30a4\u30eb\u3092\u5171\u6709\u3057\u305f\u3044\u3068\u304d\u306f\u3001\u307e\u305a\u30ea\u30e2\u30fc\u30c8\u306b\u7d10\u4ed8\u3051\u3092\u884c\u308f\u306a\u3051\u308c\u3070\u306a\u3089\u306a\u3044\u3002\n\n```\n$ git remote add <name> <url>\n```\nname \u306b\u306f\u7d10\u4ed8\u3051\u305f\u3044\u30ea\u30e2\u30fc\u30c8\u306e\u540d\u524d\n\nurl \u306b\u306f\u305d\u306e\u30ea\u30e2\u30fc\u30c8URL\n\n##5. git push \n\u3084\u3063\u3068\u3053\u3053\u3067push\u3067\u304d\u308b\u3002\n\n```\n$ git push -u <repository> <refspec>\n``` \nrepository \u306b\u306f\u3055\u3063\u304d\u7d10\u4ed8\u3051\u305f\u30ea\u30e2\u30fc\u30c8\u306e\u540d\u524d(\u3061\u306a\u307f\u306b\u3053\u3053\u306forigin\u3063\u3066\u5165\u308c\u3066\u3082\u540c\u3058\u3002\u3068\u3044\u3046\u304borigin\u306e\u65b9\u304c\u3088\u304f\u4f7f\u3046\u3089\u3057\u3044)\n\nrefspec \u306b\u306f\u30ed\u30fc\u30ab\u30eb\u304b\u3089push\u3057\u305f\u3044branch\u3092\u6307\u5b9a\u3059\u308b(master\u3082branch\u306a\u306e\u3067master\u3068\u66f8\u3044\u3066\u3082\u3082\u3061\u308d\u3093\u826f\u3057)\n\n\u3053\u3053\u307e\u3067\u3067\u30ea\u30e2\u30fc\u30c8\u306b\u30ed\u30fc\u30ab\u30eb\u304b\u3089push\u3057\u305f\u30c7\u30a3\u30ec\u30af\u30c8\u30ea\u304c\u3042\u308b...\u306f\u305a\n\n# pull\u306e\u3084\u308a\u65b9(\u30ea\u30e2\u30fc\u30c8\u2192\u30ed\u30fc\u30ab\u30eb)\n\u5171\u540c\u3067\u958b\u767a\u3059\u308b\u6642\u3001\u8077\u5834\u306e\u4ed6\u306e\u30a8\u30f3\u30b8\u30cb\u30a2\u306e\u4eba\u3082push\u3057\u3066\u30de\u30fc\u30b8\u3059\u308b\u3068\u30ed\u30fc\u30ab\u30eb\u306emaster\u3068\u30ea\u30e2\u30fc\u30c8\u306emaster\u306b\u5dee\u5206(\u9055\u3046\u3068\u3053\u308d)\u304c\u751f\u3058\u308b\u3002\u3053\u306e\u6642pull\u3067\u30a2\u30c3\u30d7\u30c7\u30fc\u30c8\u3059\u308b\u5fc5\u8981\u304c\u51fa\u3066\u304f\u308b\u3002\n\n## git pull\n\n```\n$ git pull <repository> <refspec>\n```\n\nrepository \u306b\u306f\u30ea\u30e2\u30fc\u30c8\nrefspec\u3000\u306b\u306f\u66f4\u65b0\u3057\u305f\u3044\u30ed\u30fc\u30ab\u30eb\u306emaster\n\n\u307e\u305f\u3001\u3053\u306e\u4f5c\u696d\u3092\u3059\u308b\u524d\u306b\u30ed\u30fc\u30ab\u30eb\u306ebranch\u3092master\u306b\u5207\u308a\u66ff\u3048\u3066\u304a\u304b\u306a\u3044\u3068\u66f4\u65b0\u3055\u308c\u306a\u3044\u3057\u3001\u30b3\u30de\u30f3\u30c9\u306erefspec\u306bbranch\u5165\u308c\u3061\u3083\u3046\u3068\u3001master\u304c\u53e4\u304f\u3066branch\u304c\u6700\u65b0\u306b\u306a\u3063\u3066\u3057\u307e\u3044\u30ab\u30aa\u30b9\u306b\u306a\u308b\u3002\u306a\u306e\u3067\u3001\n\n```\n$ git checkout master\nSwitched to branch 'master'\n$git pull origin master\n```\n\u307f\u305f\u3044\u306b\u3059\u308b\u3068\u826f\u3044\u3002\n\u3053\u308c\u3067\u30ed\u30fc\u30ab\u30eb\u306emaster\u3082\u6700\u65b0\u306b\u306a\u308b\u3002\n\n# \u4fbf\u5229\u306a\u30b3\u30de\u30f3\u30c9\n\u3042\u308b\u3068\u4fbf\u5229\u306a\u30b3\u30de\u30f3\u30c9\u3002(\u3068\u3044\u3046\u304b\u7d76\u5bfe\u4f7f\u3046\u6c17\u304c\u3059\u308b)\n\n## git status\n\u30ed\u30fc\u30ab\u30eb\u3067Git\u7ba1\u7406\u4e0b\u306e\u30c7\u30a3\u30ec\u30af\u30c8\u30ea\u306e\u30b9\u30c6\u30fc\u30b8\u78ba\u8a8d\u304c\u3067\u304d\u308b\u3002\n\u304b\u306a\u308a\u4fbf\u5229\u3067\u3001\u81ea\u5206\u304cadd\u3057\u305f\u304b\u3068\u304bcommit\u3057\u305f\u304b\u3082\u78ba\u8a8d\u51fa\u6765\u308b\u304b\u3089\u6f0f\u308c\u306a\u304f\u4f5c\u696d\u9032\u3081\u3089\u308c\u308b\u3002\u6b21\u3059\u308b\u3079\u304d\u4f5c\u696d\u3068\u304b\u3082\u6559\u3048\u3066\u304f\u308c\u308b\u306e\u3067\u50d5\u307f\u305f\u3044\u306a\u521d\u5fc3\u8005\u306b\u3082\u512a\u3057\u3044\u3064\u304f\u308a\u306b\u306a\u3063\u3066\u3044\u308b\u3002\n\n```\n$ git status\nOn branch master\nnothing to commit\n```\n\n\u4f8b\u3048\u3070\u3001commit\u76f4\u5f8c\u3060\u3068\u3053\u3046\u306a\u308b\u3002nothing to commit\u3068\u51fa\u3066\u308b\u306e\u3067\u3001\u3082\u3046commit\u304c\u3067\u304d\u3066\u3044\u308b\u3053\u3068\u304c\u308f\u304b\u308b\u3002\n\n## git branch\n\u4eca\u307e\u3067\u30ed\u30fc\u30ab\u30eb\u30ea\u30dd\u30b8\u30c8\u30ea\u3067\u4f5c\u3063\u305f\u30d6\u30e9\u30f3\u30c1\u3068\u305d\u306e\u4e2d\u3067\u4eca\u81ea\u5206\u304c\u3069\u3053\u3067\u4f5c\u696d\u3057\u3066\u3044\u308b\u304b(\u30ab\u30ec\u30f3\u30c8\u30d6\u30e9\u30f3\u30c1)\u306e\u78ba\u8a8d\u304c\u3067\u304d\u308b\u3002\u30b3\u30de\u30f3\u30c9\u30e9\u30a4\u30f3\u306epwd\u3068\u304bls\u307f\u305f\u3044\u306a\u30b3\u30de\u30f3\u30c9\u3002\n\n```\n$ git branch\n master\n*branch1 #\u30ab\u30ec\u30f3\u30c8\u30d6\u30e9\u30f3\u30c1\u306b\u306f\u3053\u3093\u306a\u611f\u3058\u3067\u8a18\u53f7\u304c\u3064\u304f\u3002\n branch2\n```\n\n## git checkout \n\u30d6\u30e9\u30f3\u30c1\u306e\u5207\u308a\u66ff\u3048\u304c\u3067\u304d\u308b\u3002cd\u307f\u305f\u3044\u306a\u611f\u899a\u3067\u4f7f\u3046\u3002\n\n```\n$ git branch\n master\n*branch1 \n branch2\n$ git checkout master\nSwitched to branch 'master'\n$ git branch\n*master\n branch1 \n branch2\n```\n\n***\n\n\u5b8c\u5168\u306b\u81ea\u5206\u5c02\u7528\u306e\u5099\u5fd8\u9332\u306b\u306a\u3063\u3066\u3057\u307e\u3044\u307e\u3057\u305f...\n\n\u3082\u3063\u3068\u3053\u3046\u3057\u305f\u307b\u3046\u304c\u3044\u3044\u3068\u304b\u8a02\u6b63\u3057\u305f\u307b\u3046\u304c\u3044\u3044\u3068\u3053\u308d\u306a\u3069\u3042\u308a\u307e\u3057\u305f\u3089\u3001\u3054\u6307\u6458\u3044\u305f\u3060\u3051\u308b\u3068\u5b09\u3057\u3044\u3067\u3059\u3002\u3088\u308d\u3057\u304f\u304a\u9858\u3044\u3057\u307e\u3059\uff01\n\n", "tags": ["Git", "\u30b3\u30de\u30f3\u30c9\u30e9\u30a4\u30f3"]}