{"context": " More than 1 year has passed since last update.[root@DockerHost user]# fdisk -l\nWARNING: fdisk GPT support is currently new, and therefore in an experimental phase. Use at your own discretion.\n\nDisk /dev/xvda: 8589 MB, 8589934592 bytes, 16777216 sectors\nUnits = sectors of 1 * 512 = 512 bytes\nSector size (logical/physical): 512 bytes / 512 bytes\nI/O size (minimum/optimal): 512 bytes / 512 bytes\nDisk label type: gpt\n\n\n#         Start          End    Size  Type            Name\n 1         4096     16777182      8G  Linux filesyste Linux\n128         2048         4095      1M  BIOS boot parti BIOS Boot Partition\n\nDisk /dev/xvdf: 214.7 GB, 214748364800 bytes, 419430400 sectors\nUnits = sectors of 1 * 512 = 512 bytes\nSector size (logical/physical): 512 bytes / 512 bytes\nI/O size (minimum/optimal): 512 bytes / 512 bytes\nDisk label type: dos\nDisk identifier: 0xb60804db\n\n    Device Boot      Start         End      Blocks   Id  System\n/dev/xvdf1            2048   419430399   209714176   8e  Linux LVM\n[root@DockerHost user]# \n[root@DockerHost user]#\n[root@DockerHost user]# pvcreate /dev/xvdf1\n  Physical volume \"/dev/xvdf1\" successfully created\n[root@DockerHost user]# pvs\n  PV         VG   Fmt  Attr PSize   PFree\n  /dev/sdf1       lvm2 a--  200.00g 200.00g\n[root@DockerHost user]# vgcreate docker /dev/sdf1\n  Volume group \"docker\" successfully created\n[root@DockerHost user]# \n[root@DockerHost user]# \n[root@DockerHost user]# vgdisplay\n  --- Volume group ---\n  VG Name               docker  \n  System ID\n  Format                lvm2\n  Metadata Areas        1\n  Metadata Sequence No  1\n  VG Access             read/write\n  VG Status             resizable\n  MAX LV                0\n  Cur LV                0\n  Open LV               0\n  Max PV                0\n  Cur PV                1\n  Act PV                1\n  VG Size               200.00 GiB\n  PE Size               4.00 MiB\n  Total PE              51199   \n  Alloc PE / Size       0 / 0   \n  Free  PE / Size       51199 / 200.00 GiB\n  VG UUID               rHTaXe-rYi2-TTDU-CM3S-LiYp-LId2-wcfl7x\n\n[root@DockerHost user]# echo 4 * 51199 | bc\n204796\n[root@DockerHost user]# lvcreate -L 204796M -n lv01 /dev/docker\n  Logical volume \"lv01\" created \n[root@DockerHost user]# lvscan\n  ACTIVE            '/dev/docker/lv01' [200.00 GiB] inherit\n[root@DockerHost user]#\n[root@DockerHost user]# mkfs.ext4 /dev/docker/lv01\nmke2fs 1.42.9 (28-Dec-2013)\nFilesystem label=\nOS type: Linux\nBlock size=4096 (log=2)\nFragment size=4096 (log=2)\nStride=0 blocks, Stripe width=0 blocks\n13107200 inodes, 52427776 blocks\n2621388 blocks (5.00%) reserved for the super user\nFirst data block=0\nMaximum filesystem blocks=2199912448\n1600 block groups\n32768 blocks per group, 32768 fragments per group\n8192 inodes per group\nSuperblock backups stored on blocks:\n        32768, 98304, 163840, 229376, 294912, 819200, 884736, 1605632, 2654208,\n        4096000, 7962624, 11239424, 20480000, 23887872\n\nAllocating group tables: done   \nWriting inode tables: done\nCreating journal (32768 blocks): done\nWriting superblocks and filesystem accounting information: done\n\n[root@DockerHost user]# \n[root@DockerHost user]# mkdir /var/lib/docker\n[root@DockerHost user]# mount /dev/docker/lv01 /var/lib/docker\n[root@DockerHost user]# tail -1 /etc/fstab \n/dev/docker/lv01 /var/lib/docker ext4 defaults 0 0\n[root@DockerHost user]# \n\n\n\n\n```\n[root@DockerHost user]# fdisk -l\nWARNING: fdisk GPT support is currently new, and therefore in an experimental phase. Use at your own discretion.\n\nDisk /dev/xvda: 8589 MB, 8589934592 bytes, 16777216 sectors\nUnits = sectors of 1 * 512 = 512 bytes\nSector size (logical/physical): 512 bytes / 512 bytes\nI/O size (minimum/optimal): 512 bytes / 512 bytes\nDisk label type: gpt\n\n\n#         Start          End    Size  Type            Name\n 1         4096     16777182      8G  Linux filesyste Linux\n128         2048         4095      1M  BIOS boot parti BIOS Boot Partition\n\nDisk /dev/xvdf: 214.7 GB, 214748364800 bytes, 419430400 sectors\nUnits = sectors of 1 * 512 = 512 bytes\nSector size (logical/physical): 512 bytes / 512 bytes\nI/O size (minimum/optimal): 512 bytes / 512 bytes\nDisk label type: dos\nDisk identifier: 0xb60804db\n\n    Device Boot      Start         End      Blocks   Id  System\n/dev/xvdf1            2048   419430399   209714176   8e  Linux LVM\n[root@DockerHost user]# \n[root@DockerHost user]#\n[root@DockerHost user]# pvcreate /dev/xvdf1\n  Physical volume \"/dev/xvdf1\" successfully created\n[root@DockerHost user]# pvs\n  PV         VG   Fmt  Attr PSize   PFree\n  /dev/sdf1       lvm2 a--  200.00g 200.00g\n[root@DockerHost user]# vgcreate docker /dev/sdf1\n  Volume group \"docker\" successfully created\n[root@DockerHost user]# \n[root@DockerHost user]# \n[root@DockerHost user]# vgdisplay\n  --- Volume group ---\n  VG Name               docker  \n  System ID\n  Format                lvm2\n  Metadata Areas        1\n  Metadata Sequence No  1\n  VG Access             read/write\n  VG Status             resizable\n  MAX LV                0\n  Cur LV                0\n  Open LV               0\n  Max PV                0\n  Cur PV                1\n  Act PV                1\n  VG Size               200.00 GiB\n  PE Size               4.00 MiB\n  Total PE              51199   \n  Alloc PE / Size       0 / 0   \n  Free  PE / Size       51199 / 200.00 GiB\n  VG UUID               rHTaXe-rYi2-TTDU-CM3S-LiYp-LId2-wcfl7x\n\n[root@DockerHost user]# echo 4 * 51199 | bc\n204796\n[root@DockerHost user]# lvcreate -L 204796M -n lv01 /dev/docker\n  Logical volume \"lv01\" created \n[root@DockerHost user]# lvscan\n  ACTIVE            '/dev/docker/lv01' [200.00 GiB] inherit\n[root@DockerHost user]#\n[root@DockerHost user]# mkfs.ext4 /dev/docker/lv01\nmke2fs 1.42.9 (28-Dec-2013)\nFilesystem label=\nOS type: Linux\nBlock size=4096 (log=2)\nFragment size=4096 (log=2)\nStride=0 blocks, Stripe width=0 blocks\n13107200 inodes, 52427776 blocks\n2621388 blocks (5.00%) reserved for the super user\nFirst data block=0\nMaximum filesystem blocks=2199912448\n1600 block groups\n32768 blocks per group, 32768 fragments per group\n8192 inodes per group\nSuperblock backups stored on blocks:\n        32768, 98304, 163840, 229376, 294912, 819200, 884736, 1605632, 2654208,\n        4096000, 7962624, 11239424, 20480000, 23887872\n\nAllocating group tables: done   \nWriting inode tables: done\nCreating journal (32768 blocks): done\nWriting superblocks and filesystem accounting information: done\n\n[root@DockerHost user]# \n[root@DockerHost user]# mkdir /var/lib/docker\n[root@DockerHost user]# mount /dev/docker/lv01 /var/lib/docker\n[root@DockerHost user]# tail -1 /etc/fstab \n/dev/docker/lv01 /var/lib/docker ext4 defaults 0 0\n[root@DockerHost user]# \n\n", "tags": ["lvm", "docker"]}