{"tags": ["Git", "snippets"], "context": "\n\u76f4\u8fd1\u306ecommit\u3092\u53d6\u308a\u6d88\u3059(\u30d5\u30a1\u30a4\u30eb\u306e\u5909\u66f4\u5185\u5bb9\u306f\u6d88\u3048\u306a\u3044)\ngit reset --soft HEAD^\n\n\n\n\u6628\u65e5\u306e\u30b3\u30df\u30c3\u30c8\u3092\u898b\u305f\u3044\ngit log --since=\"1 days ago\"\n\n\n\n\u5909\u66f4\u3055\u308c\u305f\u30d5\u30a1\u30a4\u30eb\u540d\u3060\u3051\u3092\u8868\u793a\u3057\u3066\u307b\u3057\u3044\ngit log --name-status\ngit log --name-status --since=\"1 days ago\"\n\n\n\n\u30ea\u30e2\u30fc\u30c8\u306e\u5185\u5bb9\u306b\u30ed\u30fc\u30ab\u30eb\u3092\u5f37\u5236\u7684\u306b\u4e00\u81f4\u3055\u305b\u305f\u3044\ngit checkout \u30d6\u30e9\u30f3\u30c1\u540d\ngit fetch origin\ngit reset --hard origin/\u30d6\u30e9\u30f3\u30c1\u540d\n\n\nbash\u306e\u30d7\u30ed\u30f3\u30d7\u30c8\u3092\u5909\u66f4\n\n~/.bash_profile\nparse_git_branch() {\n     git branch 2> /dev/null | sed -e '/^[^*]/d' -e 's/* \\(.*\\)/ (\\1)/'\n}\nexport PS1='[\\u@\\h \\W\\[\\033[33m\\]$(parse_git_branch)\\[\\033[00m\\]]\\$ '\n\n\n\u305f\u3060\u3057\u3001sudo -s\u3057\u305f\u5f8c\u3001parse_git_branch()\u304c\u7121\u3044\u3068\u8a00\u308f\u308c\u308b\u306e\u3067\u6ce8\u610f\u3002\n\ngit log \u306b \u65e5\u4ed8\u3068 author \u3082\u8868\u793a\u3059\u308b\n\n~/.gitconfig\n[alias]\ng = log --graph --date=short --format=\\\"%C(yellow)%h%C(reset) %C(magenta)[%ad] %s %C(cyan)@%an%C(reset)\\\"\n\n\ngit g\n\n\n\u3053\u306e\u30ea\u30dd\u30b8\u30c8\u30ea\u3060\u3051\u306f\u5225\u306e\u30a2\u30ab\u30a6\u30f3\u30c8\u3067\u30b3\u30df\u30c3\u30c8\u3057\u305f\u3044\n\n\u30ea\u30dd\u30b8\u30c8\u30ea\u306b\u79fb\u52d5\u3057\u3066\u4ee5\u4e0b\u5b9f\u65bd\n\ngit config user.name user1\ngit config user.email user1@office-address.com\n# \u8a2d\u5b9a\u78ba\u8a8d\ngit config -l\n\n\n\u30d1\u30fc\u30df\u30c3\u30b7\u30e7\u30f3\u306e\u5909\u66f4\u3092\u7121\u8996\u3059\u308b\n\nGit \u3067\u30d5\u30a1\u30a4\u30eb\u30d1\u30fc\u30df\u30c3\u30b7\u30e7\u30f3\u306e\u5909\u66f4\uff08chmod\uff09\u3092\u7121\u8996\u3059\u308b - git config... \u00ab \u3092\u3076\u308d\u3050\n\ngit config core.filemode false\n\n\n\u30d6\u30e9\u30f3\u30c1\u4f5c\u6210\u3057\u30b3\u30df\u30c3\u30c8\u3001\u30de\u30fc\u30b8\u306e\u6d41\u308c\n\nbranch\u4f5c\u6210\u3057\u79fb\u308b\ngit checkout -b docker-compose\n(\u7de8\u96c6)\ngit commit\n\n\n\n\u76f4\u524d\u306e\u30b3\u30df\u30c3\u30c8\u306e\u53d6\u308a\u6d88\u3057(\u5909\u66f4\u5185\u5bb9\u306f\u4fdd\u6301\ngit reset --soft HEAD^\n\n\n\nmaster\u306b\u30de\u30fc\u30b8(--no-ff\u3092\u3064\u3051\u305f\u307b\u3046\u304c\u30c4\u30ea\u30fc\u304c\u898b\u3084\u3059\u3044)\ngit checkout master\ngit merge --no-ff feature-create-api\n\n\n\n\u30d6\u30e9\u30f3\u30c1\u3092push\u3059\u308b\u5834\u5408\ngit push origin docker-compose\n\n\n\n\u30de\u30fc\u30b8\u6e08\u307f\u30d6\u30e9\u30f3\u30c1\u3092\u6d88\u3059\u5834\u5408\ngit branch -d docker-compose\n\n\n\n\n\u5168\u30d6\u30e9\u30f3\u30c1\u3092push\ngit push --all\ngit push --tags\n\n\n.git/config\n[remote \"origin\"]\n        url = http://user1@mygitserver.com/user1/proj1.git\n\n\n\ngit stash: \u5909\u66f4\u3092\u4e00\u6642\u7684\u306b\u9000\u907f\n$ git status\nOn branch master\nYour branch is up-to-date with 'origin/master'.\nChanges not staged for commit:\n  (use \"git add <file>...\" to update what will be committed)\n  (use \"git checkout -- <file>...\" to discard changes in working directory)\n\n    modified:   index.html\n\nUntracked files:\n  (use \"git add <file>...\" to include in what will be committed)\n\n    a\n\nno changes added to commit (use \"git add\" and/or \"git commit -a\")\n$ git status | diff\ndiff: missing operand after `diff'\ndiff: Try `diff --help' for more information.\n$ git diff\n$ git diff\ndiff --git a/index.html b/index.html\nindex d0686a7..1be90bc 100644\n--- a/index.html\n+++ b/index.html\n@@ -3,4 +3,5 @@\n <li><a href=\"index_docker.html\">docker</a>\n <li><a href=\"index_keepsrv.html\">keepsrv</a>\n <li><a href=\"index_keepsrv_5min.html\">keepsrv 5min</a>\n+<li><a href=\"meishi.html\">meishi</a>\n <li><a href=\"index_lifehack.html\">lifehack</a>\n$ git stash save\nSaved working directory and index state WIP on master: 135763a \u8ffd\u8a18\nHEAD is now at 135763a \u8ffd\u8a18\n$ git status\nOn branch master\nYour branch is up-to-date with 'origin/master'.\nUntracked files:\n  (use \"git add <file>...\" to include in what will be committed)\n\n    a\n\nnothing added to commit but untracked files present (use \"git add\" to track)\n$ git stash save\nNo local changes to save\n$ git stash list\nstash@{0}: WIP on master: 135763a \u8ffd\u8a18\n$ git stash list -p\nstash@{0}: WIP on master: 135763a \u8ffd\u8a18\n\ndiff --git a/index.html b/index.html\nindex d0686a7..1be90bc 100644\n--- a/index.html\n+++ b/index.html\n@@ -3,4 +3,5 @@\n <li><a href=\"index_docker.html\">docker</a>\n <li><a href=\"index_keepsrv.html\">keepsrv</a>\n <li><a href=\"index_keepsrv_5min.html\">keepsrv 5min</a>\n+<li><a href=\"meishi.html\">meishi</a>\n <li><a href=\"index_lifehack.html\">lifehack</a>\n$ git stash show stash@{0}\n index.html | 1 +\n 1 file changed, 1 insertion(+)\n$ git add a\n$ git status\nOn branch master\nYour branch is up-to-date with 'origin/master'.\nChanges to be committed:\n  (use \"git reset HEAD <file>...\" to unstage)\n\n    new file:   a\n\n$ git stash\nSaved working directory and index state WIP on master: 135763a \u8ffd\u8a18\nHEAD is now at 135763a \u8ffd\u8a18\n$ git stash save\nNo local changes to save\n$ rm a\nrm: a: No such file or directory\n$ git status\nOn branch master\nYour branch is up-to-date with 'origin/master'.\nnothing to commit, working directory clean\n$ tig\n$ git stash list\nstash@{0}: WIP on master: 135763a \u8ffd\u8a18\nstash@{1}: WIP on master: 135763a \u8ffd\u8a18\n$ git stash show stash@{1}\n index.html | 1 +\n 1 file changed, 1 insertion(+)\n$ git stash show stash@{0}\n a | 1 +\n 1 file changed, 1 insertion(+)\n$ git stash drop stash@{0}\nDropped stash@{0} (d242b2ac3a2dd320461525c7a729a5fe93b82ad0)\n$ git stash pop\nOn branch master\nYour branch is up-to-date with 'origin/master'.\nChanges not staged for commit:\n  (use \"git add <file>...\" to update what will be committed)\n  (use \"git checkout -- <file>...\" to discard changes in working directory)\n\n    modified:   index.html\n\nno changes added to commit (use \"git add\" and/or \"git commit -a\")\nDropped refs/stash@{0} (d53c44813188ec209824e054e4142c29d1261c1e)\n$ git status\nOn branch master\nYour branch is up-to-date with 'origin/master'.\nChanges not staged for commit:\n  (use \"git add <file>...\" to update what will be committed)\n  (use \"git checkout -- <file>...\" to discard changes in working directory)\n\n    modified:   index.html\n\nno changes added to commit (use \"git add\" and/or \"git commit -a\")\n\n\ngit\u3067\u30ea\u30d3\u30b8\u30e7\u30f3\u3092\u884c\u3063\u305f\u308a\u6765\u305f\u308a\n\ngit\u3067\u30ea\u30d3\u30b8\u30e7\u30f3\u3092\u884c\u3063\u305f\u308a\u6765\u305f\u308a - \u304a\u3082\u3057\u308dWEB\u30b5\u30fc\u30d3\u30b9\u958b\u767a\u65e5\u8a18\n\n\n\u4f8b\u3048\u3070git\u3092\u4f7f\u3063\u3066\u4e00\u3064\u524d\u306e\u30d0\u30fc\u30b8\u30e7\u30f3\u306b\u623b\u3057\u3066\u3001\u3057\u3070\u3089\u304f\u3057\u3066\u5143\u306e\u30d0\u30fc\u30b8\u30e7\u30f3\u306b\u623b\u3057\u305f\u3044\u6642\u306f\ngit log\u3067HEAD\u306e\u30cf\u30c3\u30b7\u30e5\u5024\u3092\u63a7\u3048\u3066\u304a\u304f\ngit checkout HEAD^\u3067\u4e00\u3064\u524d\u306e\u30d0\u30fc\u30b8\u30e7\u30f3\u306b\u623b\u3059\ngit checkout xxxxxxxx(\u63a7\u3048\u3066\u304a\u3044\u305f\u30cf\u30c3\u30b7\u30e5\u5024)\u3067\u5143\u306b\u623b\u3059\n\n\n\u7279\u5b9a\u306e\u30b3\u30df\u30c3\u30c8\u72b6\u614b\u306b\u623b\u3059\ngit checkout \u30cf\u30c3\u30b7\u30e5\u5024\n\u3082\u3057\u304f\u306f\ngit checkout \u30cf\u30c3\u30b7\u30e5\u5024 \u30d5\u30a1\u30a4\u30eb\u540d\n\n\n\nHEAD\u306b\u623b\u3059\ngit checkout master\n\u3082\u3057\u304f\u306f\ngit checkout master \u30d5\u30a1\u30a4\u30eb\u540d\n\n\n\ngit\u3092zsh\u3067\u4f7f\u3046\u969b\u306e\u6ce8\u610f\n\nzsh\u3067git log HEAD^\u304c\u52b9\u304b\u306a\u3044\u5834\u5408\n\n\ngit log HEAD~\u3092\u4f7f\u3046\u3002\n\n\n\n\nGitHub\u306bpush\u3059\u308b\u6642\u3001\u30e6\u30fc\u30b6\u540d\u3001\u30d1\u30b9\u30ef\u30fc\u30c9\u306e\u5165\u529b\u3092\u6c42\u3081\u3089\u308c\u308b\u4ef6\u5bfe\u7b56\n\n./.git/config\n- url = https://github.com/tukiyo/dotinstall.git\n+ url = git@github.com:tukiyo/dotinstall.git\n\n\n\n\nSSH \u306e\u30ea\u30f3\u30af\u3092\u30af\u30ea\u30c3\u30af\u3057\u3066\u304b\u3089clone\u3059\u308c\u3070\u3088\u3044\u3002\n\n\nhook\u306e\u30e1\u30e2\n\n.git/hooks/pre-commit\n#!/bin/sh\nmake\n\n\n\n.git/hooks/post-commit\n#!/bin/sh\ngit push\n\n\n\n\u57fa\u672c\u64cd\u4f5c\n\ngit pull\n\n\nremote\u30ea\u30dd\u30b8\u30c8\u30ea\u304b\u3089pull\u3059\u308b\n\n\n\n\ncommit\u95a2\u9023\n\ngit commit --amend\n\n\n\u76f4\u8fd1\u306ecommit\u3092\u3084\u308a\u76f4\u3059 (\u30b3\u30df\u30c3\u30c8\u3057\u5fd8\u308c\u305f\u3082\u306e\u3092\u8ffd\u52a0\u3059\u308b\u306e\u306b\u4fbf\u5229)\n\n\n\n\nbranch\u64cd\u4f5c\n\n\ngit branch\n\nbranch\u4e00\u89a7\u3092\u8868\u793a\n\n\n\ngit branch lesson/sandbox\n\nbranch\u3092\u4f5c\u6210\n\n\n\ngit checkout lesson/sandbox\n\nlesson/sandbox \u30d6\u30e9\u30f3\u30c1\u306b\u79fb\u52d5\n\n\n\ngit checkout master\n\nmaster \u30d6\u30e9\u30f3\u30c1\u306b\u79fb\u52d5\n\n\ngit cherry-pick \n\n\n\u305d\u306e\u4ed6\n\n\ngit log --oneline --decorate --graph\n\n1\u30b3\u30df\u30c3\u30c81\u884c\u3067\u8868\u793a\n\n\n\ngit reset --hard HEAD~\n\n\u76f4\u524d\u306e\u30b3\u30df\u30c3\u30c8\u3092\u5909\u66f4\u5185\u5bb9\u3082\u542b\u3081\u3066\u524a\u9664\n\n\n\n\n\u6587\u5b57\u5316\u3051\u5bfe\u7b56\n\n~/.gitconfig\n[core]\n    pager = nkf -w | less\n\n\n\n\u30d6\u30e9\u30f3\u30c1\n\n\u30ea\u30e2\u30fc\u30c8\u306b\u30d6\u30e9\u30f3\u30c1\u8ffd\u52a0\ngit push origin \u30d6\u30e9\u30f3\u30c1\u540d\u3067\u4f5c\u6210\u3067\u304d\u308b\u3002\ngit branch devel\ngit checkout devel\ngit add -A\ngit commit -m \"tes1\"\n\ngit push origin devel\n\n\n\u30d6\u30e9\u30f3\u30c1\u3092\u6307\u5b9a\u3057\u3066clone\ngit clone -b \u30d6\u30e9\u30f3\u30c1\u540d https://github.com/tukiyo/setup_centos7.git\n\n\n\u30ea\u30e2\u30fc\u30c8\u306e\u30d6\u30e9\u30f3\u30c1\u4e00\u89a7\ngit branch --remotes\n\n\n\n\u30d6\u30e9\u30f3\u30c1\u9593\u306e\u5dee\u5206\u8868\u793a\ngit diff master \u5148\u30d6\u30e9\u30f3\u30c1\u540d\ngit diff master \u5148\u30d6\u30e9\u30f3\u30c1\u540d main.yml\ngit diff master \u5143\u30d6\u30e9\u30f3\u30c1\u540d \u5148\u30d6\u30e9\u30f3\u30c1\u540d main.yml\n\n\n```bash:\u76f4\u8fd1\u306ecommit\u3092\u53d6\u308a\u6d88\u3059(\u30d5\u30a1\u30a4\u30eb\u306e\u5909\u66f4\u5185\u5bb9\u306f\u6d88\u3048\u306a\u3044)\ngit reset --soft HEAD^\n```\n\n```bash:\u6628\u65e5\u306e\u30b3\u30df\u30c3\u30c8\u3092\u898b\u305f\u3044\ngit log --since=\"1 days ago\"\n```\n\n```bash:\u5909\u66f4\u3055\u308c\u305f\u30d5\u30a1\u30a4\u30eb\u540d\u3060\u3051\u3092\u8868\u793a\u3057\u3066\u307b\u3057\u3044\ngit log --name-status\ngit log --name-status --since=\"1 days ago\"\n```\n\n## \u30ea\u30e2\u30fc\u30c8\u306e\u5185\u5bb9\u306b\u30ed\u30fc\u30ab\u30eb\u3092\u5f37\u5236\u7684\u306b\u4e00\u81f4\u3055\u305b\u305f\u3044\n\n```rb:\ngit checkout \u30d6\u30e9\u30f3\u30c1\u540d\ngit fetch origin\ngit reset --hard origin/\u30d6\u30e9\u30f3\u30c1\u540d\n```\n\n## bash\u306e\u30d7\u30ed\u30f3\u30d7\u30c8\u3092\u5909\u66f4\n\n```bash:~/.bash_profile\nparse_git_branch() {\n     git branch 2> /dev/null | sed -e '/^[^*]/d' -e 's/* \\(.*\\)/ (\\1)/'\n}\nexport PS1='[\\u@\\h \\W\\[\\033[33m\\]$(parse_git_branch)\\[\\033[00m\\]]\\$ '\n```\n\n\u305f\u3060\u3057\u3001`sudo -s`\u3057\u305f\u5f8c\u3001`parse_git_branch()`\u304c\u7121\u3044\u3068\u8a00\u308f\u308c\u308b\u306e\u3067\u6ce8\u610f\u3002\n\n## git log \u306b \u65e5\u4ed8\u3068 author \u3082\u8868\u793a\u3059\u308b\n\n```bash:~/.gitconfig\n[alias]\ng = log --graph --date=short --format=\\\"%C(yellow)%h%C(reset) %C(magenta)[%ad] %s %C(cyan)@%an%C(reset)\\\"\n```\n\n```bash:\ngit g\n```\n\n## \u3053\u306e\u30ea\u30dd\u30b8\u30c8\u30ea\u3060\u3051\u306f\u5225\u306e\u30a2\u30ab\u30a6\u30f3\u30c8\u3067\u30b3\u30df\u30c3\u30c8\u3057\u305f\u3044\n\n* \u30ea\u30dd\u30b8\u30c8\u30ea\u306b\u79fb\u52d5\u3057\u3066\u4ee5\u4e0b\u5b9f\u65bd\n\n```bash:\ngit config user.name user1\ngit config user.email user1@office-address.com\n# \u8a2d\u5b9a\u78ba\u8a8d\ngit config -l\n```\n\n## \u30d1\u30fc\u30df\u30c3\u30b7\u30e7\u30f3\u306e\u5909\u66f4\u3092\u7121\u8996\u3059\u308b\n\n* [Git \u3067\u30d5\u30a1\u30a4\u30eb\u30d1\u30fc\u30df\u30c3\u30b7\u30e7\u30f3\u306e\u5909\u66f4\uff08chmod\uff09\u3092\u7121\u8996\u3059\u308b - git config... \u00ab \u3092\u3076\u308d\u3050](http://tetsuwo.tumblr.com/post/36066698390/git-chmod-git-config)\n\n```\ngit config core.filemode false\n```\n\n\n## \u30d6\u30e9\u30f3\u30c1\u4f5c\u6210\u3057\u30b3\u30df\u30c3\u30c8\u3001\u30de\u30fc\u30b8\u306e\u6d41\u308c\n\n```bash:branch\u4f5c\u6210\u3057\u79fb\u308b\ngit checkout -b docker-compose\n(\u7de8\u96c6)\ngit commit\n```\n\n```bash:\u76f4\u524d\u306e\u30b3\u30df\u30c3\u30c8\u306e\u53d6\u308a\u6d88\u3057(\u5909\u66f4\u5185\u5bb9\u306f\u4fdd\u6301\ngit reset --soft HEAD^\n```\n\n```bash:master\u306b\u30de\u30fc\u30b8(--no-ff\u3092\u3064\u3051\u305f\u307b\u3046\u304c\u30c4\u30ea\u30fc\u304c\u898b\u3084\u3059\u3044)\ngit checkout master\ngit merge --no-ff feature-create-api\n```\n\n```bash:\u30d6\u30e9\u30f3\u30c1\u3092push\u3059\u308b\u5834\u5408\ngit push origin docker-compose\n```\n\n```bash:\u30de\u30fc\u30b8\u6e08\u307f\u30d6\u30e9\u30f3\u30c1\u3092\u6d88\u3059\u5834\u5408\ngit branch -d docker-compose\n```\n\n----\n\n## \u5168\u30d6\u30e9\u30f3\u30c1\u3092push\n\n```bash:\ngit push --all\ngit push --tags\n```\n\n```bash:.git/config\n[remote \"origin\"]\n        url = http://user1@mygitserver.com/user1/proj1.git\n```\n\n## git stash: \u5909\u66f4\u3092\u4e00\u6642\u7684\u306b\u9000\u907f\n\n```bash:\n$ git status\nOn branch master\nYour branch is up-to-date with 'origin/master'.\nChanges not staged for commit:\n  (use \"git add <file>...\" to update what will be committed)\n  (use \"git checkout -- <file>...\" to discard changes in working directory)\n\n\tmodified:   index.html\n\nUntracked files:\n  (use \"git add <file>...\" to include in what will be committed)\n\n\ta\n\nno changes added to commit (use \"git add\" and/or \"git commit -a\")\n$ git status | diff\ndiff: missing operand after `diff'\ndiff: Try `diff --help' for more information.\n$ git diff\n$ git diff\ndiff --git a/index.html b/index.html\nindex d0686a7..1be90bc 100644\n--- a/index.html\n+++ b/index.html\n@@ -3,4 +3,5 @@\n <li><a href=\"index_docker.html\">docker</a>\n <li><a href=\"index_keepsrv.html\">keepsrv</a>\n <li><a href=\"index_keepsrv_5min.html\">keepsrv 5min</a>\n+<li><a href=\"meishi.html\">meishi</a>\n <li><a href=\"index_lifehack.html\">lifehack</a>\n$ git stash save\nSaved working directory and index state WIP on master: 135763a \u8ffd\u8a18\nHEAD is now at 135763a \u8ffd\u8a18\n$ git status\nOn branch master\nYour branch is up-to-date with 'origin/master'.\nUntracked files:\n  (use \"git add <file>...\" to include in what will be committed)\n\n\ta\n\nnothing added to commit but untracked files present (use \"git add\" to track)\n$ git stash save\nNo local changes to save\n$ git stash list\nstash@{0}: WIP on master: 135763a \u8ffd\u8a18\n$ git stash list -p\nstash@{0}: WIP on master: 135763a \u8ffd\u8a18\n\ndiff --git a/index.html b/index.html\nindex d0686a7..1be90bc 100644\n--- a/index.html\n+++ b/index.html\n@@ -3,4 +3,5 @@\n <li><a href=\"index_docker.html\">docker</a>\n <li><a href=\"index_keepsrv.html\">keepsrv</a>\n <li><a href=\"index_keepsrv_5min.html\">keepsrv 5min</a>\n+<li><a href=\"meishi.html\">meishi</a>\n <li><a href=\"index_lifehack.html\">lifehack</a>\n$ git stash show stash@{0}\n index.html | 1 +\n 1 file changed, 1 insertion(+)\n$ git add a\n$ git status\nOn branch master\nYour branch is up-to-date with 'origin/master'.\nChanges to be committed:\n  (use \"git reset HEAD <file>...\" to unstage)\n\n\tnew file:   a\n\n$ git stash\nSaved working directory and index state WIP on master: 135763a \u8ffd\u8a18\nHEAD is now at 135763a \u8ffd\u8a18\n$ git stash save\nNo local changes to save\n$ rm a\nrm: a: No such file or directory\n$ git status\nOn branch master\nYour branch is up-to-date with 'origin/master'.\nnothing to commit, working directory clean\n$ tig\n$ git stash list\nstash@{0}: WIP on master: 135763a \u8ffd\u8a18\nstash@{1}: WIP on master: 135763a \u8ffd\u8a18\n$ git stash show stash@{1}\n index.html | 1 +\n 1 file changed, 1 insertion(+)\n$ git stash show stash@{0}\n a | 1 +\n 1 file changed, 1 insertion(+)\n$ git stash drop stash@{0}\nDropped stash@{0} (d242b2ac3a2dd320461525c7a729a5fe93b82ad0)\n$ git stash pop\nOn branch master\nYour branch is up-to-date with 'origin/master'.\nChanges not staged for commit:\n  (use \"git add <file>...\" to update what will be committed)\n  (use \"git checkout -- <file>...\" to discard changes in working directory)\n\n\tmodified:   index.html\n\nno changes added to commit (use \"git add\" and/or \"git commit -a\")\nDropped refs/stash@{0} (d53c44813188ec209824e054e4142c29d1261c1e)\n$ git status\nOn branch master\nYour branch is up-to-date with 'origin/master'.\nChanges not staged for commit:\n  (use \"git add <file>...\" to update what will be committed)\n  (use \"git checkout -- <file>...\" to discard changes in working directory)\n\n\tmodified:   index.html\n\nno changes added to commit (use \"git add\" and/or \"git commit -a\")\n```\n\n## git\u3067\u30ea\u30d3\u30b8\u30e7\u30f3\u3092\u884c\u3063\u305f\u308a\u6765\u305f\u308a\n\n* [git\u3067\u30ea\u30d3\u30b8\u30e7\u30f3\u3092\u884c\u3063\u305f\u308a\u6765\u305f\u308a - \u304a\u3082\u3057\u308dWEB\u30b5\u30fc\u30d3\u30b9\u958b\u767a\u65e5\u8a18](http://d.hatena.ne.jp/willnet/20090904/1252081372)\n\n> \u4f8b\u3048\u3070git\u3092\u4f7f\u3063\u3066\u4e00\u3064\u524d\u306e\u30d0\u30fc\u30b8\u30e7\u30f3\u306b\u623b\u3057\u3066\u3001\u3057\u3070\u3089\u304f\u3057\u3066\u5143\u306e\u30d0\u30fc\u30b8\u30e7\u30f3\u306b\u623b\u3057\u305f\u3044\u6642\u306f\n> git log\u3067HEAD\u306e\u30cf\u30c3\u30b7\u30e5\u5024\u3092\u63a7\u3048\u3066\u304a\u304f\n> git checkout HEAD^\u3067\u4e00\u3064\u524d\u306e\u30d0\u30fc\u30b8\u30e7\u30f3\u306b\u623b\u3059\n> git checkout xxxxxxxx(\u63a7\u3048\u3066\u304a\u3044\u305f\u30cf\u30c3\u30b7\u30e5\u5024)\u3067\u5143\u306b\u623b\u3059\n\n```bash:\u7279\u5b9a\u306e\u30b3\u30df\u30c3\u30c8\u72b6\u614b\u306b\u623b\u3059\ngit checkout \u30cf\u30c3\u30b7\u30e5\u5024\n\u3082\u3057\u304f\u306f\ngit checkout \u30cf\u30c3\u30b7\u30e5\u5024 \u30d5\u30a1\u30a4\u30eb\u540d\n```\n\n```bash:HEAD\u306b\u623b\u3059\ngit checkout master\n\u3082\u3057\u304f\u306f\ngit checkout master \u30d5\u30a1\u30a4\u30eb\u540d\n```\n\n## git\u3092zsh\u3067\u4f7f\u3046\u969b\u306e\u6ce8\u610f\n\n* zsh\u3067git log HEAD^\u304c\u52b9\u304b\u306a\u3044\u5834\u5408\n  * git log HEAD~\u3092\u4f7f\u3046\u3002\n\n## GitHub\u306bpush\u3059\u308b\u6642\u3001\u30e6\u30fc\u30b6\u540d\u3001\u30d1\u30b9\u30ef\u30fc\u30c9\u306e\u5165\u529b\u3092\u6c42\u3081\u3089\u308c\u308b\u4ef6\u5bfe\u7b56\n\n```diff:./.git/config\n- url = https://github.com/tukiyo/dotinstall.git\n+ url = git@github.com:tukiyo/dotinstall.git\n```\n\n![Screenshot from 2015-07-30 06:08:52.png](https://qiita-image-store.s3.amazonaws.com/0/25728/a7c10aa7-f8da-1c42-505f-f98b53f3351e.png)\n\n* SSH \u306e\u30ea\u30f3\u30af\u3092\u30af\u30ea\u30c3\u30af\u3057\u3066\u304b\u3089clone\u3059\u308c\u3070\u3088\u3044\u3002\n\n\n## hook\u306e\u30e1\u30e2\n\n```bash:.git/hooks/pre-commit\n#!/bin/sh\nmake\n```\n\n```bash:.git/hooks/post-commit\n#!/bin/sh\ngit push\n```\n\n## \u57fa\u672c\u64cd\u4f5c\n\n* git pull\n  * remote\u30ea\u30dd\u30b8\u30c8\u30ea\u304b\u3089pull\u3059\u308b\n\n\n## commit\u95a2\u9023\n\n* git commit --amend\n  * \u76f4\u8fd1\u306ecommit\u3092\u3084\u308a\u76f4\u3059 (\u30b3\u30df\u30c3\u30c8\u3057\u5fd8\u308c\u305f\u3082\u306e\u3092\u8ffd\u52a0\u3059\u308b\u306e\u306b\u4fbf\u5229)\n\n## branch\u64cd\u4f5c\n\n* git branch\n  * branch\u4e00\u89a7\u3092\u8868\u793a\n\n* git branch lesson/sandbox\n  * branch\u3092\u4f5c\u6210\n\n* git checkout lesson/sandbox\n  * lesson/sandbox \u30d6\u30e9\u30f3\u30c1\u306b\u79fb\u52d5\n\n* git checkout master\n  * master \u30d6\u30e9\u30f3\u30c1\u306b\u79fb\u52d5\n\n* git cherry-pick <COMMITID>\n\n## \u305d\u306e\u4ed6\n\n* git log --oneline --decorate --graph\n  * 1\u30b3\u30df\u30c3\u30c81\u884c\u3067\u8868\u793a\n\n* git reset --hard HEAD~\n  * \u76f4\u524d\u306e\u30b3\u30df\u30c3\u30c8\u3092\u5909\u66f4\u5185\u5bb9\u3082\u542b\u3081\u3066\u524a\u9664\n\n\n## \u6587\u5b57\u5316\u3051\u5bfe\u7b56\n\n```bash:~/.gitconfig\n[core]\n\tpager = nkf -w | less\n```\n\n# \u30d6\u30e9\u30f3\u30c1\n\n## \u30ea\u30e2\u30fc\u30c8\u306b\u30d6\u30e9\u30f3\u30c1\u8ffd\u52a0\n\n`git push origin \u30d6\u30e9\u30f3\u30c1\u540d`\u3067\u4f5c\u6210\u3067\u304d\u308b\u3002\n\n```bash:\ngit branch devel\ngit checkout devel\ngit add -A\ngit commit -m \"tes1\"\n\ngit push origin devel\n```\n\n## \u30d6\u30e9\u30f3\u30c1\u3092\u6307\u5b9a\u3057\u3066clone\n\n```bash:\ngit clone -b \u30d6\u30e9\u30f3\u30c1\u540d https://github.com/tukiyo/setup_centos7.git\n```\n\n```bash:\u30ea\u30e2\u30fc\u30c8\u306e\u30d6\u30e9\u30f3\u30c1\u4e00\u89a7\ngit branch --remotes\n```\n\n```bash:\u30d6\u30e9\u30f3\u30c1\u9593\u306e\u5dee\u5206\u8868\u793a\ngit diff master \u5148\u30d6\u30e9\u30f3\u30c1\u540d\ngit diff master \u5148\u30d6\u30e9\u30f3\u30c1\u540d main.yml\ngit diff master \u5143\u30d6\u30e9\u30f3\u30c1\u540d \u5148\u30d6\u30e9\u30f3\u30c1\u540d main.yml\n```\n"}