{"context": " More than 1 year has passed since last update.\u524d\u56de\u306e\u7d9a\u304d\u3067\u3059\u3002\n\n\u30c7\u30a3\u30ec\u30af\u30c8\u30ea\u69cb\u9020\n\u524d\u56de\u4f5c\u3063\u305f\u30d7\u30ed\u30b8\u30a7\u30af\u30c8\u3092\u898b\u3066\u307f\u308b\u3068\u3001\u30c7\u30a3\u30ec\u30af\u30c8\u30ea\u69cb\u9020\u306f\u3053\u3093\u306a\u611f\u3058\u306b\u306a\u3063\u3066\u3044\u307e\u3059\u3002\n\nproject\n\n\nmanage.py\nproject\n\n\n__init__.py\nsettings.py\nurls.py\nwsgi.py\n\n\n\n\n\n\n\u3068\u308a\u3042\u3048\u305a initial commit \u3059\u308b\n.gitignore\u306f\u4ee5\u4e0b\u306e\u3088\u3046\u306b\u3057\u305f\ndb.sqlite3\nmanage.py\n*.pyc\n\ninitial commit \u3059\u308b\u3002\n$ git status\n.gitignore\nproject/\n\n$ git add .\n\n$ git status\nOn branch master\n\nInitial commit\n\nChanges to be committed:\n  (use \"git rm --cached <file>...\" to unstage)\n\n    new file:   .gitignore\n    new file:   project/__init__.py\n    new file:   project/settings.py\n    new file:   project/urls.py\n    new file:   project/wsgi.py\n\nUntracked files:\n  (use \"git add <file>...\" to include in what will be committed)\n\n    project/__init__.pyc\n    project/settings.pyc\n    project/urls.pyc\n    project/wsgi.pyc\n\n$ git commit -m \"initial commit\"\n\n__init__.py \u3068\u304b\u3069\u3053\u307e\u3067commit\u3057\u3066\u3044\u3044\u304b\u5206\u304b\u3063\u3066\u306a\u3044\u3051\u3069\u3001\u3068\u308a\u3042\u3048\u305a\u5168\u90e8\u30b3\u30df\u30c3\u30c8\u3057\u305f\u3002\u9069\u5207\u3058\u3083\u306a\u3044\u3068\u5206\u304b\u3063\u305f\u3089\u4fee\u6b63\u3057\u307e\u3059\u3002\uff08\u6b63\u76f4settings.pyc\u306f\u30b3\u30df\u30c3\u30c8\u3057\u3061\u3083\u30c0\u30e1\u3060\u3063\u305f\u304b\u3082\uff09\n\nsetting.py\u3092\u898b\u3066\u307f\u308b\n\n\u30c7\u30fc\u30bf\u30d9\u30fc\u30b9\u306e\u8a2d\u5b9a\n\u524d\u56de\u5b9f\u884c\u3057\u305f\u30b3\u30de\u30f3\u30c9\u306f\n$ python manage.py migrate\n$ python manage.py runserver\n\n\u3067\u3057\u305f\u3002migrate\u306e\u30bf\u30a4\u30df\u30f3\u30b0\u304brunsever\u306e\u30bf\u30a4\u30df\u30f3\u30b0\u304b\u3067\u3001\u5404py\u30d5\u30a1\u30a4\u30eb\u306b\u5bfe\u3057\u3066pyc\u30d5\u30a1\u30a4\u30eb\u304c\u3067\u304d\u308b\u3088\u3046\u3067\u3059\u3002\n\u3055\u3089\u306b\u3001migrate\u6642\u306b\u3001sqlite\u30d5\u30a1\u30a4\u30eb\u306f\u4f5c\u6210\u3055\u308c\u307e\u3059\u3002setting.py \u3092\u898b\u3066\u307f\u308b\u3068\u3001\nDATABASES = {\n    'default': {\n        'ENGINE': 'django.db.backends.sqlite3',\n        'NAME': os.path.join(BASE_DIR, 'db.sqlite3'),\n    }\n}\n\n\u3068\u3044\u3046\u7b87\u6240\u304c\u3042\u308a\u3001\u3053\u306e\u3078\u3093\u3092\u5143\u306b\u30c7\u30fc\u30bf\u30d9\u30fc\u30b9\u306e\u30de\u30a4\u30b0\u30ec\u30fc\u30b7\u30e7\u30f3\u304c\u884c\u308f\u308c\u308b\u3088\u3046\u3067\u3059\u3002\n\u3068\u308a\u3042\u3048\u305a\u4eca\u306f\u98db\u3070\u3057\u307e\u3059\u3002\n\n\u30bf\u30a4\u30e0\u30be\u30fc\u30f3\u306e\u8a2d\u5b9a\n\u30bf\u30a4\u30e0\u30be\u30fc\u30f3\u306e\u8a2d\u5b9a\u304c\u3001\u30c7\u30d5\u30a9\u30eb\u30c8\u3067\u306f\nLANGUAGE_CODE = 'en-us'\n\nTIME_ZONE = 'UTC'\n\n\u3068\u306a\u3063\u3066\u3044\u308b\u306e\u3067\u4ee5\u4e0b\u306e\u3088\u3046\u306b\u5909\u66f4\u3057\u307e\u3057\u305f\u3002\nLANGUAGE_CODE = 'ja'\n\nTIME_ZONE = 'Asia/Tokyo'\n\n\u3053\u306e\u72b6\u614b\u3067runserver\u3057\u3066 localhost:8000 \u3092\u898b\u3066\u307f\u308b\u3068\u3001\u300c\u3046\u307e\u304f\u3044\u3063\u305f\uff01\u300d\u3068\u65e5\u672c\u8a9e\u306e\u30da\u30fc\u30b8\u306b\u5909\u308f\u308a\u307e\u3059\u3002\n\n\u7ba1\u7406\u30da\u30fc\u30b8\n\u30b5\u30fc\u30d0\u30fc\u3092\u52d5\u304b\u3057\u305f\u72b6\u614b\u3067 localhost:8000/admin \u306b\u30a2\u30af\u30bb\u30b9\u3059\u308b\u3068\u7ba1\u7406\u30da\u30fc\u30b8\u306b\u30a2\u30af\u30bb\u30b9\u3067\u304d\u307e\u3059\u304c\u3001\u4eca\u306e\u3068\u3053\u308d\u7279\u306b\u4f7f\u308f\u306a\u3044\u306e\u3067\u3001\u73fe\u6642\u70b9\u3067\u306f\u5272\u611b\u3057\u307e\u3059\u3002\n\n[\u524d\u56de](http://qiita.com/yoshikyoto/items/6feb70340941efeb3f29)\u306e\u7d9a\u304d\u3067\u3059\u3002\n\n# \u30c7\u30a3\u30ec\u30af\u30c8\u30ea\u69cb\u9020\n\n\u524d\u56de\u4f5c\u3063\u305f\u30d7\u30ed\u30b8\u30a7\u30af\u30c8\u3092\u898b\u3066\u307f\u308b\u3068\u3001\u30c7\u30a3\u30ec\u30af\u30c8\u30ea\u69cb\u9020\u306f\u3053\u3093\u306a\u611f\u3058\u306b\u306a\u3063\u3066\u3044\u307e\u3059\u3002\n\n* project\n\t* manage.py\n\t* project\n\t\t* \\_\\_init\\_\\_.py\n\t\t* settings.py\n\t\t* urls.py\n\t\t* wsgi.py\n\n\n## \u3068\u308a\u3042\u3048\u305a initial commit \u3059\u308b\n\n.gitignore\u306f\u4ee5\u4e0b\u306e\u3088\u3046\u306b\u3057\u305f\n\n```\ndb.sqlite3\nmanage.py\n*.pyc\n```\n\ninitial commit \u3059\u308b\u3002\n\n```shell\n$ git status\n.gitignore\nproject/\n\n$ git add .\n\n$ git status\nOn branch master\n\nInitial commit\n\nChanges to be committed:\n  (use \"git rm --cached <file>...\" to unstage)\n\n\tnew file:   .gitignore\n\tnew file:   project/__init__.py\n\tnew file:   project/settings.py\n\tnew file:   project/urls.py\n\tnew file:   project/wsgi.py\n\t\nUntracked files:\n  (use \"git add <file>...\" to include in what will be committed)\n\n\tproject/__init__.pyc\n\tproject/settings.pyc\n\tproject/urls.pyc\n\tproject/wsgi.pyc\n\n$ git commit -m \"initial commit\"\n```\n\n`__init__.py` \u3068\u304b\u3069\u3053\u307e\u3067commit\u3057\u3066\u3044\u3044\u304b\u5206\u304b\u3063\u3066\u306a\u3044\u3051\u3069\u3001\u3068\u308a\u3042\u3048\u305a\u5168\u90e8\u30b3\u30df\u30c3\u30c8\u3057\u305f\u3002\u9069\u5207\u3058\u3083\u306a\u3044\u3068\u5206\u304b\u3063\u305f\u3089\u4fee\u6b63\u3057\u307e\u3059\u3002\uff08\u6b63\u76f4settings.pyc\u306f\u30b3\u30df\u30c3\u30c8\u3057\u3061\u3083\u30c0\u30e1\u3060\u3063\u305f\u304b\u3082\uff09\n\n# setting.py\u3092\u898b\u3066\u307f\u308b\n\n## \u30c7\u30fc\u30bf\u30d9\u30fc\u30b9\u306e\u8a2d\u5b9a\n\n\u524d\u56de\u5b9f\u884c\u3057\u305f\u30b3\u30de\u30f3\u30c9\u306f\n\n```shell\n$ python manage.py migrate\n$ python manage.py runserver\n```\n\n\u3067\u3057\u305f\u3002migrate\u306e\u30bf\u30a4\u30df\u30f3\u30b0\u304brunsever\u306e\u30bf\u30a4\u30df\u30f3\u30b0\u304b\u3067\u3001\u5404py\u30d5\u30a1\u30a4\u30eb\u306b\u5bfe\u3057\u3066pyc\u30d5\u30a1\u30a4\u30eb\u304c\u3067\u304d\u308b\u3088\u3046\u3067\u3059\u3002\n\u3055\u3089\u306b\u3001migrate\u6642\u306b\u3001sqlite\u30d5\u30a1\u30a4\u30eb\u306f\u4f5c\u6210\u3055\u308c\u307e\u3059\u3002`setting.py` \u3092\u898b\u3066\u307f\u308b\u3068\u3001\n\n```python\nDATABASES = {\n    'default': {\n        'ENGINE': 'django.db.backends.sqlite3',\n        'NAME': os.path.join(BASE_DIR, 'db.sqlite3'),\n    }\n}\n```\n\n\u3068\u3044\u3046\u7b87\u6240\u304c\u3042\u308a\u3001\u3053\u306e\u3078\u3093\u3092\u5143\u306b\u30c7\u30fc\u30bf\u30d9\u30fc\u30b9\u306e\u30de\u30a4\u30b0\u30ec\u30fc\u30b7\u30e7\u30f3\u304c\u884c\u308f\u308c\u308b\u3088\u3046\u3067\u3059\u3002\n\u3068\u308a\u3042\u3048\u305a\u4eca\u306f\u98db\u3070\u3057\u307e\u3059\u3002\n\n## \u30bf\u30a4\u30e0\u30be\u30fc\u30f3\u306e\u8a2d\u5b9a\n\n\u30bf\u30a4\u30e0\u30be\u30fc\u30f3\u306e\u8a2d\u5b9a\u304c\u3001\u30c7\u30d5\u30a9\u30eb\u30c8\u3067\u306f\n\n```python\nLANGUAGE_CODE = 'en-us'\n\nTIME_ZONE = 'UTC'\n```\n\n\u3068\u306a\u3063\u3066\u3044\u308b\u306e\u3067\u4ee5\u4e0b\u306e\u3088\u3046\u306b\u5909\u66f4\u3057\u307e\u3057\u305f\u3002\n\n```python\nLANGUAGE_CODE = 'ja'\n\nTIME_ZONE = 'Asia/Tokyo'\n```\n\n\u3053\u306e\u72b6\u614b\u3067runserver\u3057\u3066 localhost:8000 \u3092\u898b\u3066\u307f\u308b\u3068\u3001\u300c\u3046\u307e\u304f\u3044\u3063\u305f\uff01\u300d\u3068\u65e5\u672c\u8a9e\u306e\u30da\u30fc\u30b8\u306b\u5909\u308f\u308a\u307e\u3059\u3002\n\n\n## \u7ba1\u7406\u30da\u30fc\u30b8\n\n\u30b5\u30fc\u30d0\u30fc\u3092\u52d5\u304b\u3057\u305f\u72b6\u614b\u3067 `localhost:8000/admin` \u306b\u30a2\u30af\u30bb\u30b9\u3059\u308b\u3068\u7ba1\u7406\u30da\u30fc\u30b8\u306b\u30a2\u30af\u30bb\u30b9\u3067\u304d\u307e\u3059\u304c\u3001\u4eca\u306e\u3068\u3053\u308d\u7279\u306b\u4f7f\u308f\u306a\u3044\u306e\u3067\u3001\u73fe\u6642\u70b9\u3067\u306f\u5272\u611b\u3057\u307e\u3059\u3002\n", "tags": ["Python", "Django"]}