{"context": "Bitbucket\u306fGitHub\u3068\u7570\u306a\u308a\u3001\u975e\u516c\u958b\u3092\u524d\u63d0\u3068\u3057\u305f\u30ea\u30dd\u30b8\u30c8\u30ea\u7ba1\u7406\u304c\u7121\u6599\u3067\u304d\u307e\u3059\u3002\u305d\u306e\u305f\u3081\u3001\u500b\u4eba\u3067\u4f5c\u3063\u305f\u30d7\u30ed\u30b0\u30e9\u30e0\u3084\u3001\u77e5\u4eba\u304b\u3089\u8acb\u3051\u8ca0\u3063\u3066\u3044\u308b\u4ed5\u4e8b\u306e\u30d7\u30ed\u30b0\u30e9\u30e0\u306a\u3069\u3092\u7ba1\u7406\u3059\u308b\u306e\u306f\u3053\u3061\u3089\u3092\u4f7f\u3063\u3066\u3044\u307e\u3059\u3002\n\u4eca\u56de\u306f\u57fa\u672c\u7de8\u3068\u3057\u3066Bitbucket\u4e0a\u306e\u30ea\u30e2\u30fc\u30c8\u30ea\u30dd\u30b8\u30c8\u30ea\u306bpush\u3059\u308b\u3068\u3053\u308d\u307e\u3067\u8a18\u8f09\u3057\u307e\u3059\u3002\n\u306a\u304aBitbucket\u306fAtlassian\u304c\u63d0\u4f9b\u3057\u3066\u3044\u3066\u3001JIRA\u306a\u3069\u306e\u30d7\u30ed\u30b8\u30a7\u30af\u30c8\u7ba1\u7406\u30b5\u30fc\u30d3\u30b9\u3082\u63d0\u4f9b\u3057\u3066\u3044\u307e\u3059\u3002\n\n\u524d\u63d0\n\n\u30ed\u30fc\u30ab\u30eb\u30ea\u30dd\u30b8\u30c8\u30ea\u30b5\u30fc\u30d0:CentOS 6.5\nBitbucket\u30e6\u30fc\u30b6\uff1atest\n\u30ea\u30e2\u30fc\u30c8\u30ea\u30dd\u30b8\u30c8\u30ea:testrepo\n\u30ed\u30fc\u30ab\u30eb\u30ea\u30dd\u30b8\u30c8\u30ea\u30d1\u30b9:/opt/app/testrepo\n\u63a5\u7d9a\u30d7\u30ed\u30c8\u30b3\u30eb:SSH\ngit\u306f\u30a4\u30f3\u30b9\u30c8\u30fc\u30eb\u6e08\n\n\u203bgit\u306e\u30a4\u30f3\u30b9\u30c8\u30fc\u30eb\u65b9\u6cd5\u306f\u3053\u3061\u3089\u304c\u53c2\u8003\u306b\u306a\u308a\u307e\u3059\n\nSSH\u9375\u306e\u767b\u9332\nBitbucket\u3068\u306e\u63a5\u7d9a\u306b\u306fSSH\u30d7\u30ed\u30c8\u30b3\u30eb\u3092\u7528\u3044\u307e\u3059\u304c\u3001\u516c\u958b\u9375\u3092Bitbucket\u306e\u30e6\u30fc\u30b6\u3068\u7d10\u3065\u3051\u308b\u5fc5\u8981\u304c\u3042\u308a\u307e\u3059\u3002\n\n\u516c\u958b\u9375\u306e\u4f5c\u6210\n$ cd ~/.ssh\n##Bitbucket\u7528\u306e\u30c7\u30a3\u30ec\u30af\u30c8\u30ea\u4f5c\u6210(test@hoge.com\u306f\u81ea\u8eab\u306e\u30e1\u30fc\u30eb\u30a2\u30c9\u30ec\u30b9\u306b\u8aad\u307f\u66ff\u3048)\n$ mkdir bitbucket\n$ cd bitbucket\n$ ssh-keygen -t rsa -C test@hoge.com\nGenerating public/private rsa key pair.\nEnter file in which to save the key (/home/\u30e6\u30fc\u30b6\u540d/.ssh/id_rsa): /home/\u30e6\u30fc\u30b6\u540d/.ssh/bitbucket/id_rsa#[\u5148\u307b\u3069\u4f5c\u6210\u3057\u305f\u30c7\u30a3\u30ec\u30af\u30c8\u30ea\u30d1\u30b9\u306b\u5909\u66f4]\nEnter passphrase (empty for no passphrase):#[enter\u3092\u62bc\u3059] \nEnter same passphrase again: #[enter\u3092\u62bc\u3059]\n\u30fb\n\u30fb\n\u30fb\n\nBitbucket\u306eHP\u306b\u3082\u4f5c\u6210\u65b9\u6cd5\u306e\u8a18\u8f09\u304c\u3042\u308a\u307e\u3059\u3002\n\n\u516c\u958b\u9375\u3092Bitbucket\u306b\u767b\u9332\n\u5148\u307b\u3069\u4f5c\u6210\u3057\u305f\u516c\u958b\u9375\u3092Bitbucket\u306b\u767b\u9332\u3057\u307e\u3059\u3002\n\u307e\u305a\u306f\u30ed\u30b0\u30a4\u30f3\u5f8c\u3001\u753b\u9762\u53f3\u4e0a\u306e\u30a2\u30a4\u30b3\u30f3\u306b\u30de\u30a6\u30b9\u30aa\u30fc\u30d0\u30fc\u3057\u3001\u30a2\u30ab\u30a6\u30f3\u30c8\u306e\u7ba1\u7406\u3092\u9078\u629e\u3002\n\n\u6b21\u306b\u3001\u5de6\u30ab\u30e9\u30e0\u304b\u3089SSH\u30ad\u30fc\u3092\u9078\u629e\u3057\u3001\u753b\u9762\u53f3\u306e\u9375\u3092\u8ffd\u52a0\u30dc\u30bf\u30f3\u3092\u30af\u30ea\u30c3\u30af\u3002\n\n\u4e0b\u8a18\u306e\u3088\u3046\u306apopup\u753b\u9762\u304c\u8868\u793a\u3055\u308c\u308b\u306e\u3067\u3001\u597d\u304d\u306aLabel\u540d\u3068\u5148\u307b\u3069\u4f5c\u3063\u305f\u516c\u958b\u9375\u306e\u4e2d\u8eab\u3092Key\u306b\u8cbc\u308a\u4ed8\u3051\u307e\u3059\u3002\n\u203b\u9375\u306e\u4f5c\u6210\u5834\u6240\u3092\u5909\u66f4\u3057\u3066\u3044\u308b\u306e\u3067\u3001\n$ cat ~/.ssh/bitbucket/id_rsa.pub | pbcopy\n\u3092\u5b9f\u884c\u3057\u305f\u5f8c\u306b\u3001\u305d\u306e\u307e\u307e\u8cbc\u308a\u4ed8\u3051\u3092\u3059\u308c\u3070OK\u3067\u3059\u3002\n\n\n\u30b5\u30fc\u30d0\u5074\u306e\u8a2d\u5b9a\nconfig\u30d5\u30a1\u30a4\u30eb\u3092\u4f5c\u308a\u3001bitbucket\u3078\u306e\u63a5\u7d9a\u306f\u81ea\u52d5\u7684\u306bbitbucket\u914d\u4e0b\u306e\u9375\u304c\u4f7f\u308f\u308c\u308b\u3088\u3046\u306b\u3057\u307e\u3059\u3002\n$ cd ~/.ssh\n$ touch config\n$ chmod 700 config\n$ vi config\n\nconfig\u3092\u4ee5\u4e0b\u306e\u901a\u308a\u8a2d\u5b9a\u3057\u307e\u3059\u3002\nHost bitbucket.org\n  HostName bitbucket.org\n  IdentityFile ~/.ssh/bitbucket/id_rsa\n  User git\n  Port 22\n  TCPKeepAlive yes\n  IdentitiesOnly yes\n\n\u5165\u529b\u304c\u7d42\u308f\u3063\u305f\u3089:wq\u3067\u4fdd\u5b58\u3057\u3066\u7d42\u4e86\u3002\n\u3061\u306a\u307f\u306b\u5404\u9805\u76ee\u306e\u8a2d\u5b9a\u306f\u4ee5\u4e0b\u306e\u901a\u308a\u3067\u3059\u3002\n\n\n\n\u8a2d\u5b9a\u5024 \n\u8aac\u660e\n\n\n\n\nHost\n\u30db\u30b9\u30c8\u540d\n\n\nHostName\n\u30db\u30b9\u30c8\u306e\u30a2\u30c9\u30ec\u30b9 or IP\n\n\nIdentityFile\n\u79d8\u5bc6\u9375\u306e\u30d1\u30b9\n\n\nUser\n\u30ed\u30b0\u30a4\u30f3\u30e6\u30fc\u30b6\n\n\nPort\n\u30dd\u30fc\u30c8\n\n\nTCPKeepAlive\n \u6301\u7d9a\u7684\u63a5\u7d9a\n\n\nIdentitiesOnly\n\u30d8\u30eb\u30b9\u30c1\u30a7\u30c3\u30af\n\n\n\n\n\u63a5\u7d9a\u306e\u30c6\u30b9\u30c8\n\u30b5\u30fc\u30d0\u5074\u304b\u3089\u63a5\u7d9a\u306e\u30c6\u30b9\u30c8\u3092\u884c\u3044\u307e\u3059\u3002\n$ ssh -T bitbucket.org\nlogged in as yyamanaka.\n\nYou can use git or hg to connect to Bitbucket. Shell access is disabled.\n\n\u30a8\u30e9\u30fc\u304c\u8868\u793a\u3055\u308c\u306a\u3051\u308c\u3070OK\u3002\n\n\u30ed\u30fc\u30ab\u30eb\u30ea\u30dd\u30b8\u30c8\u30ea\u306e\u4f5c\u6210\nCentOS\u4e0a\u306b\u30ed\u30fc\u30ab\u30eb\u30ea\u30dd\u30b8\u30c8\u30ea\u3092\u4f5c\u6210\u3057\u307e\u3059\u3002\n##\u30ed\u30fc\u30ab\u30eb\u30ea\u30dd\u30b8\u30c8\u30ea\u306e\u30c7\u30a3\u30ec\u30af\u30c8\u30ea\u3092\u4f5c\u6210\n$ mkdir /opt/app/testrepo\n$ cd /opt/app/testrepo\n\n##git\u521d\u671f\u5316\n$ git init\n\n##\u30ea\u30e2\u30fc\u30c8\u30ea\u30dd\u30b8\u30c8\u30ea\u3092\u30b3\u30d4\u30fc\n$ git remote add origin git@bitbucket.org:test/testrepo.git\n##\u7d10\u4ed8\u304d\u3092\u78ba\u8a8d\n$ git remote -v\n\n\u3053\u308c\u3067/opt/app/testrepo\u304c\u30ea\u30e2\u30fc\u30c8\u30ea\u30dd\u30b8\u30c8\u30ea\u3068\u7d10\u4ed8\u304d\u307e\u3057\u305f\u3002\n\u5b9f\u969b\u306b\u30d5\u30a1\u30a4\u30eb\u3092push\u3057\u3066\u307f\u307e\u3059\u3002\n# \u30b5\u30f3\u30d7\u30eb\u30d5\u30a1\u30a4\u30eb\u306e\u4f5c\u6210\n$ echo \"This is sample file.\" > test.txt\n$ git status\n# On branch master\n#\n# Initial commit\n#\n# Changes to be committed:\n#   (use \"git rm --cached <file>...\" to unstage)\n#\n#   new file:   test.txt\n#\n$ git add test.txt\n$ git commit -m \"First Commit\"\n$ git push \n\n\u3053\u308c\u3067Bitbucket\u4e0a\u306e\u30ea\u30e2\u30fc\u30c8\u30ea\u30dd\u30b8\u30c8\u30ea\u306btest.txt\u304c\u53cd\u6620\u3055\u308c\u307e\u3059\u3002\n\n\u53c2\u8003\u30ea\u30f3\u30af\nBitbucket:\n\u3000https://www.atlassian.com/ja/software/bitbucket/overview\nBitbucket Document:\n\u3000https://confluence.atlassian.com/display/BITBUCKET/Bitbucket+Documentation+Home\n\u30b5\u30eb\u3067\u3082\u308f\u304b\u308bGit\u5165\u9580:\n\u3000http://www.backlog.jp/git-guide/\nGit\u516c\u5f0f\u30c9\u30ad\u30e5\u30e1\u30f3\u30c8\uff08\u30ea\u30e2\u30fc\u30c8\u30d6\u30e9\u30f3\u30c1\uff09: \nhttp://git-scm.com/book/ja/v1/Git-%E3%81%AE%E3%83%96%E3%83%A9%E3%83%B3%E3%83%81%E6%A9%9F%E8%83%BD-%E3%83%AA%E3%83%A2%E3%83%BC%E3%83%88%E3%83%96%E3%83%A9%E3%83%B3%E3%83%81\n\u3000\n\u4ee5\u4e0a\u3067\u3059\u3002\n\nBitbucket\u306fGitHub\u3068\u7570\u306a\u308a\u3001\u975e\u516c\u958b\u3092\u524d\u63d0\u3068\u3057\u305f\u30ea\u30dd\u30b8\u30c8\u30ea\u7ba1\u7406\u304c\u7121\u6599\u3067\u304d\u307e\u3059\u3002\u305d\u306e\u305f\u3081\u3001\u500b\u4eba\u3067\u4f5c\u3063\u305f\u30d7\u30ed\u30b0\u30e9\u30e0\u3084\u3001\u77e5\u4eba\u304b\u3089\u8acb\u3051\u8ca0\u3063\u3066\u3044\u308b\u4ed5\u4e8b\u306e\u30d7\u30ed\u30b0\u30e9\u30e0\u306a\u3069\u3092\u7ba1\u7406\u3059\u308b\u306e\u306f\u3053\u3061\u3089\u3092\u4f7f\u3063\u3066\u3044\u307e\u3059\u3002\n\n\u4eca\u56de\u306f\u57fa\u672c\u7de8\u3068\u3057\u3066Bitbucket\u4e0a\u306e\u30ea\u30e2\u30fc\u30c8\u30ea\u30dd\u30b8\u30c8\u30ea\u306bpush\u3059\u308b\u3068\u3053\u308d\u307e\u3067\u8a18\u8f09\u3057\u307e\u3059\u3002\n\n\u306a\u304aBitbucket\u306f[Atlassian](https://www.atlassian.com/ja)\u304c\u63d0\u4f9b\u3057\u3066\u3044\u3066\u3001[JIRA](https://www.atlassian.com/ja/software/jira)\u306a\u3069\u306e\u30d7\u30ed\u30b8\u30a7\u30af\u30c8\u7ba1\u7406\u30b5\u30fc\u30d3\u30b9\u3082\u63d0\u4f9b\u3057\u3066\u3044\u307e\u3059\u3002\n\n#\u524d\u63d0\n* \u30ed\u30fc\u30ab\u30eb\u30ea\u30dd\u30b8\u30c8\u30ea\u30b5\u30fc\u30d0:CentOS 6.5\n* Bitbucket\u30e6\u30fc\u30b6\uff1atest\n* \u30ea\u30e2\u30fc\u30c8\u30ea\u30dd\u30b8\u30c8\u30ea:testrepo\n* \u30ed\u30fc\u30ab\u30eb\u30ea\u30dd\u30b8\u30c8\u30ea\u30d1\u30b9:/opt/app/testrepo\n* \u63a5\u7d9a\u30d7\u30ed\u30c8\u30b3\u30eb:SSH\n* git\u306f\u30a4\u30f3\u30b9\u30c8\u30fc\u30eb\u6e08\n\n  \u203bgit\u306e\u30a4\u30f3\u30b9\u30c8\u30fc\u30eb\u65b9\u6cd5\u306f[\u3053\u3061\u3089](http://git-scm.com/book/ja/v1/\u4f7f\u3044\u59cb\u3081\u308b-Git\u306e\u30a4\u30f3\u30b9\u30c8\u30fc\u30eb)\u304c\u53c2\u8003\u306b\u306a\u308a\u307e\u3059\n\n##SSH\u9375\u306e\u767b\u9332\nBitbucket\u3068\u306e\u63a5\u7d9a\u306b\u306fSSH\u30d7\u30ed\u30c8\u30b3\u30eb\u3092\u7528\u3044\u307e\u3059\u304c\u3001\u516c\u958b\u9375\u3092Bitbucket\u306e\u30e6\u30fc\u30b6\u3068\u7d10\u3065\u3051\u308b\u5fc5\u8981\u304c\u3042\u308a\u307e\u3059\u3002\n\n###\u516c\u958b\u9375\u306e\u4f5c\u6210\n```Bash\n$ cd ~/.ssh\n##Bitbucket\u7528\u306e\u30c7\u30a3\u30ec\u30af\u30c8\u30ea\u4f5c\u6210(test@hoge.com\u306f\u81ea\u8eab\u306e\u30e1\u30fc\u30eb\u30a2\u30c9\u30ec\u30b9\u306b\u8aad\u307f\u66ff\u3048)\n$ mkdir bitbucket\n$ cd bitbucket\n$ ssh-keygen -t rsa -C test@hoge.com\nGenerating public/private rsa key pair.\nEnter file in which to save the key (/home/\u30e6\u30fc\u30b6\u540d/.ssh/id_rsa): /home/\u30e6\u30fc\u30b6\u540d/.ssh/bitbucket/id_rsa#[\u5148\u307b\u3069\u4f5c\u6210\u3057\u305f\u30c7\u30a3\u30ec\u30af\u30c8\u30ea\u30d1\u30b9\u306b\u5909\u66f4]\nEnter passphrase (empty for no passphrase):#[enter\u3092\u62bc\u3059] \nEnter same passphrase again: #[enter\u3092\u62bc\u3059]\n\u30fb\n\u30fb\n\u30fb\n```\n[Bitbucket\u306eHP](https://confluence.atlassian.com/display/BITBUCKET/How+to+install+a+public+key+on+your+Bitbucket+account;jsessionid=9701B0F35C65FA47E4DF6E2A241DF885.node1)\u306b\u3082\u4f5c\u6210\u65b9\u6cd5\u306e\u8a18\u8f09\u304c\u3042\u308a\u307e\u3059\u3002\n\n###\b\u516c\u958b\u9375\u3092Bitbucket\u306b\u767b\u9332\n\u5148\u307b\u3069\u4f5c\u6210\u3057\u305f\u516c\u958b\u9375\u3092Bitbucket\u306b\u767b\u9332\u3057\u307e\u3059\u3002\n\u307e\u305a\u306f\u30ed\u30b0\u30a4\u30f3\u5f8c\u3001\u753b\u9762\u53f3\u4e0a\u306e\u30a2\u30a4\u30b3\u30f3\u306b\u30de\u30a6\u30b9\u30aa\u30fc\u30d0\u30fc\u3057\u3001\u30a2\u30ab\u30a6\u30f3\u30c8\u306e\u7ba1\u7406\u3092\u9078\u629e\u3002\n\n![\u30b9\u30af\u30ea\u30fc\u30f3\u30b7\u30e7\u30c3\u30c8 2015-05-10 8.56.50.png](https://qiita-image-store.s3.amazonaws.com/0/21630/92fe6589-0f36-54a3-bdbd-95d3cd37cc93.png \"\u30b9\u30af\u30ea\u30fc\u30f3\u30b7\u30e7\u30c3\u30c8 2015-05-10 8.56.50.png\")\n\n\u6b21\u306b\u3001\u5de6\u30ab\u30e9\u30e0\u304b\u3089SSH\u30ad\u30fc\u3092\u9078\u629e\u3057\u3001\u753b\u9762\u53f3\u306e\u9375\u3092\u8ffd\u52a0\u30dc\u30bf\u30f3\u3092\u30af\u30ea\u30c3\u30af\u3002\n\n![\u30b9\u30af\u30ea\u30fc\u30f3\u30b7\u30e7\u30c3\u30c8 2015-05-10 8.58.37.png](https://qiita-image-store.s3.amazonaws.com/0/21630/16808311-5647-078b-457b-cc86fd3bbe01.png \"\u30b9\u30af\u30ea\u30fc\u30f3\u30b7\u30e7\u30c3\u30c8 2015-05-10 8.58.37.png\")\n\n\u4e0b\u8a18\u306e\u3088\u3046\u306apopup\u753b\u9762\u304c\u8868\u793a\u3055\u308c\u308b\u306e\u3067\u3001\u597d\u304d\u306aLabel\u540d\u3068\u5148\u307b\u3069\u4f5c\u3063\u305f\u516c\u958b\u9375\u306e\u4e2d\u8eab\u3092Key\u306b\u8cbc\u308a\u4ed8\u3051\u307e\u3059\u3002\n\u203b\u9375\u306e\u4f5c\u6210\u5834\u6240\u3092\u5909\u66f4\u3057\u3066\u3044\u308b\u306e\u3067\u3001\n```$ cat ~/.ssh/bitbucket/id_rsa.pub | pbcopy```\n\u3092\u5b9f\u884c\u3057\u305f\u5f8c\u306b\u3001\u305d\u306e\u307e\u307e\u8cbc\u308a\u4ed8\u3051\u3092\u3059\u308c\u3070OK\u3067\u3059\u3002\n\n![\u30b9\u30af\u30ea\u30fc\u30f3\u30b7\u30e7\u30c3\u30c8 2015-05-10 8.56.02.png](https://qiita-image-store.s3.amazonaws.com/0/21630/ea83eeae-19b0-d6c3-c39a-bdd9ba88a7a3.png \"\u30b9\u30af\u30ea\u30fc\u30f3\u30b7\u30e7\u30c3\u30c8 2015-05-10 8.56.02.png\")\n\n###\u30b5\u30fc\u30d0\u5074\u306e\u8a2d\u5b9a\nconfig\u30d5\u30a1\u30a4\u30eb\u3092\u4f5c\u308a\u3001bitbucket\u3078\u306e\u63a5\u7d9a\u306f\u81ea\u52d5\u7684\u306bbitbucket\u914d\u4e0b\u306e\u9375\u304c\u4f7f\u308f\u308c\u308b\u3088\u3046\u306b\u3057\u307e\u3059\u3002\n\n```Bash\n$ cd ~/.ssh\n$ touch config\n$ chmod 700 config\n$ vi config\n```\n\nconfig\u3092\u4ee5\u4e0b\u306e\u901a\u308a\u8a2d\u5b9a\u3057\u307e\u3059\u3002\n\n```\nHost bitbucket.org\n  HostName bitbucket.org\n  IdentityFile ~/.ssh/bitbucket/id_rsa\n  User git\n  Port 22\n  TCPKeepAlive yes\n  IdentitiesOnly yes\n```\n\n\u5165\u529b\u304c\u7d42\u308f\u3063\u305f\u3089```:wq```\u3067\u4fdd\u5b58\u3057\u3066\u7d42\u4e86\u3002\n\u3061\u306a\u307f\u306b\u5404\u9805\u76ee\u306e\u8a2d\u5b9a\u306f\u4ee5\u4e0b\u306e\u901a\u308a\u3067\u3059\u3002\n\n| \u8a2d\u5b9a\u5024 \b         | \u8aac\u660e        |\n|:---------------|:------------|\n| Host           |     \u30db\u30b9\u30c8\u540d |\n| HostName       | \u30db\u30b9\u30c8\u306e\u30a2\u30c9\u30ec\u30b9 or IP |\n| IdentityFile   |  \u79d8\u5bc6\u9375\u306e\u30d1\u30b9 |\n| User           | \u30ed\u30b0\u30a4\u30f3\u30e6\u30fc\u30b6 |\n| Port           |       \u30dd\u30fc\u30c8 |\n| TCPKeepAlive   |   \b \u6301\u7d9a\u7684\u63a5\u7d9a |\n| IdentitiesOnly | \u30d8\u30eb\u30b9\u30c1\u30a7\u30c3\u30af|\n\n###\u63a5\u7d9a\u306e\u30c6\u30b9\u30c8\n\u30b5\u30fc\u30d0\u5074\u304b\u3089\u63a5\u7d9a\u306e\u30c6\u30b9\u30c8\u3092\u884c\u3044\u307e\u3059\u3002\n\n```Bash\n$ ssh -T bitbucket.org\nlogged in as yyamanaka.\n\nYou can use git or hg to connect to Bitbucket. Shell access is disabled.\n```\n\n\u30a8\u30e9\u30fc\u304c\u8868\u793a\u3055\u308c\u306a\u3051\u308c\u3070OK\u3002\n\n##\u30ed\u30fc\u30ab\u30eb\u30ea\u30dd\u30b8\u30c8\u30ea\u306e\u4f5c\u6210\nCentOS\u4e0a\u306b\u30ed\u30fc\u30ab\u30eb\u30ea\u30dd\u30b8\u30c8\u30ea\u3092\u4f5c\u6210\u3057\u307e\u3059\u3002\n\n```Bash\n##\u30ed\u30fc\u30ab\u30eb\u30ea\u30dd\u30b8\u30c8\u30ea\u306e\u30c7\u30a3\u30ec\u30af\u30c8\u30ea\u3092\u4f5c\u6210\n$ mkdir /opt/app/testrepo\n$ cd /opt/app/testrepo\n\n##git\u521d\u671f\u5316\n$ git init\n\n##\u30ea\u30e2\u30fc\u30c8\u30ea\u30dd\u30b8\u30c8\u30ea\u3092\u30b3\u30d4\u30fc\n$ git remote add origin git@bitbucket.org:test/testrepo.git\n##\u7d10\u4ed8\u304d\u3092\u78ba\u8a8d\n\b$ git remote -v\n```\n\n\u3053\u308c\u3067/opt/app/testrepo\u304c\u30ea\u30e2\u30fc\u30c8\u30ea\u30dd\u30b8\u30c8\u30ea\u3068\u7d10\u4ed8\u304d\u307e\u3057\u305f\u3002\n\u5b9f\u969b\u306b\u30d5\u30a1\u30a4\u30eb\u3092push\u3057\u3066\u307f\u307e\u3059\u3002\n\n```Bash\n# \u30b5\u30f3\u30d7\u30eb\u30d5\u30a1\u30a4\u30eb\u306e\u4f5c\u6210\n$ echo \"This is sample file.\" > test.txt\n$ git status\n# On branch master\n#\n# Initial commit\n#\n# Changes to be committed:\n#   (use \"git rm --cached <file>...\" to unstage)\n#\n#\tnew file:   test.txt\n#\n$ git add test.txt\n$ git commit -m \"First Commit\"\n$ git push \n```\n\u3053\u308c\u3067Bitbucket\u4e0a\u306e\u30ea\u30e2\u30fc\u30c8\u30ea\u30dd\u30b8\u30c8\u30ea\u306btest.txt\u304c\u53cd\u6620\u3055\u308c\u307e\u3059\u3002\n\n##\u53c2\u8003\u30ea\u30f3\u30af\nBitbucket:\n\u3000https://www.atlassian.com/ja/software/bitbucket/overview\nBitbucket Document:\n\u3000https://confluence.atlassian.com/display/BITBUCKET/Bitbucket+Documentation+Home\n\u30b5\u30eb\u3067\u3082\u308f\u304b\u308bGit\u5165\u9580:\n\u3000http://www.backlog.jp/git-guide/\nGit\u516c\u5f0f\u30c9\u30ad\u30e5\u30e1\u30f3\u30c8\uff08\u30ea\u30e2\u30fc\u30c8\u30d6\u30e9\u30f3\u30c1\uff09: \n  http://git-scm.com/book/ja/v1/Git-%E3%81%AE%E3%83%96%E3%83%A9%E3%83%B3%E3%83%81%E6%A9%9F%E8%83%BD-%E3%83%AA%E3%83%A2%E3%83%BC%E3%83%88%E3%83%96%E3%83%A9%E3%83%B3%E3%83%81\n\u3000\n\u4ee5\u4e0a\u3067\u3059\u3002\n", "tags": ["bitbucket"]}